******************************************************************************
                  TI ARM Linker PC v20.2.5                     
******************************************************************************
>> Linked Fri Feb 25 09:31:01 2022

OUTPUT FILE NAME:   <DroneProject.out>
ENTRY POINT SYMBOL: "_c_int00_noargs"  address: 00006ce5


MEMORY CONFIGURATION

         name            origin    length      used     unused   attr    fill
----------------------  --------  ---------  --------  --------  ----  --------
  FLASH                 00000000   00040000  000076ba  00038946  R  X
  SRAM                  20000000   00008000  00002acf  00005531  RW X


SEGMENT ALLOCATION MAP

run origin  load origin   length   init length attrs members
----------  ----------- ---------- ----------- ----- -------
00000000    00000000    000076c0   000076c0    r-x
  00000000    00000000    0000026c   0000026c    r-- .intvecs
  0000026c    0000026c    00006fca   00006fca    r-x .text
  00007238    00007238    00000414   00000414    r-- .const
  00007650    00007650    00000070   00000070    r-- .cinit
20000000    20000000    00002ad5   00000000    rw-
  20000000    20000000    0000026c   00000000    rw- .vtable
  20000270    20000270    00001000   00000000    rw- .stack
  20001270    20001270    00001000   00000000    rw- .sysmem
  20002270    20002270    00000806   00000000    rw- .bss
  20002a78    20002a78    0000005d   00000000    rw- .data


SECTION ALLOCATION MAP

 output                                  attributes/
section   page    origin      length       input sections
--------  ----  ----------  ----------   ----------------
.intvecs   0    00000000    0000026c     
                  00000000    0000026c     startup_ccs.obj (.intvecs)

.text      0    0000026c    00006fca     
                  0000026c    00000a4e     rtsv7M4_T_le_v4SPD16_eabi.lib : _printfi.c.obj (.text:__TI_printfi)
                  00000cba    00000002     startup_ccs.obj (.text:FaultISR)
                  00000cbc    000009d0     rtsv7M4_T_le_v4SPD16_eabi.lib : e_pow.c.obj (.text:pow)
                  0000168c    000009cc     PWM.obj (.text:Motor_ManMixer)
                  00002058    000008cf     main.obj (.text:main)
                  00002927    00000001     --HOLE-- [fill = 0]
                  00002928    00000354     main.obj (.text:UARTvprintf)
                  00002c7c    000002a8     OrangeRX.obj (.text:OrangeRX_Init)
                  00002f24    0000029a     BMP388.obj (.text:BMP388_compensate_pressure)
                  000031be    00000002     startup_ccs.obj (.text:IntDefaultHandler)
                  000031c0    00000270     rtsv7M4_T_le_v4SPD16_eabi.lib : _printfi.c.obj (.text:_pconv_a)
                  00003430    00000214     PWM.obj (.text:Motor_setDuty)
                  00003644    000001f8     OrangeRX.obj (.text:OrangeRX_extractData)
                  0000383c    000001d4     BMP388.obj (.text:BMP388_showData)
                  00003a10    000001d0     rtsv7M4_T_le_v4SPD16_eabi.lib : _printfi.c.obj (.text:_pconv_g)
                  00003be0    000001b6                                   : fd_add_t2.asm.obj (.text)
                  00003d96    00000002     startup_ccs.obj (.text:NmiSR)
                  00003d98    00000188     main.obj (.text:UARTStdioIntHandler)
                  00003f20    00000174     PWM.obj (.text:PWM_Init)
                  00004094    0000016c     driverlib.lib : gpio.obj (.text:GPIOPadConfigSet)
                  00004200    00000158     rtsv7M4_T_le_v4SPD16_eabi.lib : e_sqrt.c.obj (.text:sqrt)
                  00004358    00000143     i2c.obj (.text:I2C_AddressBruteForcer)
                  0000449b    00000001     --HOLE-- [fill = 0]
                  0000449c    0000013c     rtsv7M4_T_le_v4SPD16_eabi.lib : _printfi.c.obj (.text:_pconv_e)
                  000045d8    00000138     main.obj (.text:UARTStdioConfig)
                  00004710    00000136     rtsv7M4_T_le_v4SPD16_eabi.lib : fd_div_t2.asm.obj (.text)
                  00004846    00000002                                   : div0.asm.obj (.text)
                  00004848    00000128     OrangeRX.obj (.text:OrangeRX_showActData)
                  00004970    00000124     rtsv7M4_T_le_v4SPD16_eabi.lib : _printfi.c.obj (.text:fcvt)
                  00004a94    00000118     driverlib.lib : sysctl.obj (.text:SysCtlClockGet)
                  00004bac    00000114     main.obj (.text:UARTwrite)
                  00004cc0    00000110     rtsv7M4_T_le_v4SPD16_eabi.lib : s_scalbn.c.obj (.text:scalbn)
                  00004dd0    0000010c     BMP388.obj (.text:BMP388_get_sensor_data)
                  00004edc    00000100     i2c.obj (.text:I2C_writeSingleReg)
                  00004fdc    000000fc     rtsv7M4_T_le_v4SPD16_eabi.lib : fd_mul_t2.asm.obj (.text)
                  000050d8    000000f8                                   : s_floor.c.obj (.text:floor)
                  000051d0    000000f4     driverlib.lib : sysctl.obj (.text:SysCtlClockSet)
                  000052c4    000000f0     buzzer.obj (.text:BUZZ_SM)
                  000053b4    000000e4     OrangeRX.obj (.text:OrangeRX_receivedChannelReorganizer)
                  00005498    000000c6     BMX160.obj (.text:BMX160_setMagnConf)
                  0000555e    00000002     --HOLE-- [fill = 0]
                  00005560    000000c4     rtsv7M4_T_le_v4SPD16_eabi.lib : s_round.c.obj (.text:round)
                  00005624    000000bc                                   : s_trunc.c.obj (.text:trunc)
                  000056e0    000000b1                                   : _printfi.c.obj (.text:_ltostr)
                  00005791    00000003     --HOLE-- [fill = 0]
                  00005794    000000ad     BMP388.obj (.text:BMP388_compensate_data)
                  00005841    00000001     --HOLE-- [fill = 0]
                  00005842    0000009c     rtsv7M4_T_le_v4SPD16_eabi.lib : memcpy_t2.asm.obj (.text)
                  000058de    00000096                                   : ull_div_t2.asm.obj (.text)
                  00005974    00000094     BMX160.obj (.text:BMX160_softReset)
                  00005a08    00000094     main.obj (.text:UARTPrimeTransmit)
                  00005a9c    00000088     BMP388.obj (.text:BMP388_get_regs)
                  00005b24    00000086     rtsv7M4_T_le_v4SPD16_eabi.lib : fd_cmp_t2.asm.obj (.text:__aeabi_cdcmple)
                  00005baa    00000086                                   : fd_cmp_t2.asm.obj (.text:__aeabi_cdrcmple)
                  00005c30    00000084     i2c.obj (.text:PCF8574A_Read)
                  00005cb4    00000080     uart.obj (.text:UART0_STDIO_Init)
                  00005d34    0000007c     BMP388.obj (.text:BMP388_readAltitude)
                  00005db0    0000007a     rtsv7M4_T_le_v4SPD16_eabi.lib : memset_t2.asm.obj (.text)
                  00005e2a    00000002     --HOLE-- [fill = 0]
                  00005e2c    00000078     BMP388.obj (.text:BMP388_readCalibratedAltitude)
                  00005ea4    00000070     BMP388.obj (.text:BMP388_readSeaLevel)
                  00005f14    0000006e     BMP388.obj (.text:BMP388_compensate_temperature)
                  00005f82    0000006e     rtsv7M4_T_le_v4SPD16_eabi.lib : _printfi.c.obj (.text:_mcpy)
                  00005ff0    0000006e                                   : fd_tos_t2.asm.obj (.text)
                  0000605e    0000006c     BMP388.obj (.text:BMP388_parse_sensor_data)
                  000060ca    00000002     --HOLE-- [fill = 0]
                  000060cc    0000006c     i2c.obj (.text:I2C_ReadByte)
                  00006138    00000068     driverlib.lib : interrupt.obj (.text:IntEnable)
                  000061a0    00000068     rtsv7M4_T_le_v4SPD16_eabi.lib : copy_decompress_lzss.c.obj (.text:decompress:lzss:__TI_decompress_lzss)
                  00006208    00000066     BMP388.obj (.text:BMP388_readTemperature)
                  0000626e    00000002     --HOLE-- [fill = 0]
                  00006270    00000064     rtsv7M4_T_le_v4SPD16_eabi.lib : s_frexp.c.obj (.text:frexp)
                  000062d4    00000063     BMP388.obj (.text:BMP388_readPressure)
                  00006337    00000001     --HOLE-- [fill = 0]
                  00006338    00000063     BMX160.obj (.text:BMX160_writeBmxReg)
                  0000639b    00000001     --HOLE-- [fill = 0]
                  0000639c    00000061     main.obj (.text:__error__)
                  000063fd    00000003     --HOLE-- [fill = 0]
                  00006400    00000060     i2c.obj (.text:PCF8574A_Write)
                  00006460    00000060     driverlib.lib : timer.obj (.text:TimerConfigure)
                  000064c0    00000056     rtsv7M4_T_le_v4SPD16_eabi.lib : _printfi.c.obj (.text:_pconv_f)
                  00006516    00000054                                   : _ltoa.c.obj (.text:__TI_ltoa)
                  0000656a    00000052     BMX160.obj (.text:BMX160_defaultParamSettg)
                  000065bc    00000052     rtsv7M4_T_le_v4SPD16_eabi.lib : _printfi.c.obj (.text:_ecpy)
                  0000660e    00000002     --HOLE-- [fill = 0]
                  00006610    0000004c     driverlib.lib : gpio.obj (.text:GPIOPinConfigure)
                  0000665c    0000004c     onBoardSwitch.obj (.text:SWITCH_Init)
                  000066a8    0000004c     SysTick.obj (.text:SYSTICK_Delay)
                  000066f4    0000004c     main.obj (.text:UARTFlushTx)
                  00006740    0000004c     driverlib.lib : timer.obj (.text:_TimerIntNumberGet)
                  0000678c    0000004c     rtsv7M4_T_le_v4SPD16_eabi.lib : atoi.c.obj (.text:atoi)
                  000067d8    00000048                                   : fd_toi_t2.asm.obj (.text)
                  00006820    00000044                                   : autoinit.c.obj (.text:__TI_auto_init_nobinit_nopinit:__TI_auto_init_nobinit_nopinit)
                  00006864    00000042     BMX160.obj (.text:BMX160_wakeUp)
                  000068a6    00000002     --HOLE-- [fill = 0]
                  000068a8    00000040     driverlib.lib : uart.obj (.text:_UARTIntNumberGet)
                  000068e8    00000040     rtsv7M4_T_le_v4SPD16_eabi.lib : u_divt2.asm.obj (.text)
                  00006928    00000040                                   : sprintf.c.obj (.text:sprintf)
                  00006968    0000003e                                   : _printfi.c.obj (.text:_fcpy)
                  000069a6    00000002     --HOLE-- [fill = 0]
                  000069a8    0000003c     buzzer.obj (.text:BUZZ_BUZZER)
                  000069e4    0000003c     main.obj (.text:IsBufferFull)
                  00006a20    0000003c     main.obj (.text:UARTgetc)
                  00006a5c    00000038     driverlib.lib : sysctl.obj (.text:SysCtlPeripheralReady)
                  00006a94    00000038     SysFlag.obj (.text:SysFlag_Check)
                  00006acc    00000038     main.obj (.text:SystemInitialize)
                  00006b04    00000038     uart.obj (.text:UART0_STDIO_IntHandler)
                  00006b3c    00000038     rtsv7M4_T_le_v4SPD16_eabi.lib : fs_tod_t2.asm.obj (.text)
                  00006b74    00000036     BMX160.obj (.text:BMX160_softResetWorker)
                  00006baa    00000002     --HOLE-- [fill = 0]
                  00006bac    00000034     driverlib.lib : interrupt.obj (.text:IntRegister)
                  00006be0    00000034     led.obj (.text:LED_LEDInit)
                  00006c14    00000034     driverlib.lib : sysctl.obj (.text:SysCtlPeripheralEnable)
                  00006c48    00000034     SysFlag.obj (.text:SysFlag_Clear)
                  00006c7c    00000034     SysFlag.obj (.text:SysFlag_Set)
                  00006cb0    00000034     main.obj (.text:UARTFlushRx)
                  00006ce4    00000034     rtsv7M4_T_le_v4SPD16_eabi.lib : boot_cortex_m.c.obj (.text:_c_int00_noargs:_c_int00_noargs)
                  00006d18    0000002e                                   : i_tofd_t2.asm.obj (.text)
                  00006d46    00000002     --HOLE-- [fill = 0]
                  00006d48    0000002c     buzzer.obj (.text:BUZZ_BUZZ)
                  00006d74    0000002c     driverlib.lib : gpio.obj (.text:GPIODirModeSet)
                  00006da0    0000002c     main.obj (.text:IsBufferEmpty)
                  00006dcc    0000002c     main.obj (.text:UARTEchoSet)
                  00006df8    00000024     onBoardSwitch.obj (.text:SWITCH_SW1_Pressed)
                  00006e1c    00000024     onBoardSwitch.obj (.text:SWITCH_SW2_Pressed)
                  00006e40    00000024     main.obj (.text:UARTprintf)
                  00006e64    00000022     driverlib.lib : pwm.obj (.text:PWMGenConfigure)
                  00006e86    00000002     --HOLE-- [fill = 0]
                  00006e88    00000020     OrangeRX.obj (.text:OrangeRX_IntHandler)
                  00006ea8    00000020     SysTick.obj (.text:SysTick_Init)
                  00006ec8    00000020     rtsv7M4_T_le_v4SPD16_eabi.lib : u_tofd_t2.asm.obj (.text)
                  00006ee8    0000001e     driverlib.lib : pwm.obj (.text:PWMPulseWidthGet)
                  00006f06    0000001e                   : pwm.obj (.text:PWMPulseWidthSet)
                  00006f24    0000001c                   : systick.obj (.text:SysTickIntRegister)
                  00006f40    0000001c     rtsv7M4_T_le_v4SPD16_eabi.lib : memccpy.c.obj (.text:memccpy)
                  00006f5c    0000001a     driverlib.lib : gpio.obj (.text:GPIOPinTypeGPIOOutput)
                  00006f76    0000001a     rtsv7M4_T_le_v4SPD16_eabi.lib : s_copysign.c.obj (.text:copysign)
                  00006f90    00000018     driverlib.lib : sysctl.obj (.text:SysCtlPWMClockGet)
                  00006fa8    00000018                   : timer.obj (.text:TimerIntRegister)
                  00006fc0    00000018                   : uart.obj (.text:UARTIntRegister)
                  00006fd8    00000018     rtsv7M4_T_le_v4SPD16_eabi.lib : sprintf.c.obj (.text:_outs)
                  00006ff0    00000016     driverlib.lib : gpio.obj (.text:GPIOPinTypePWM)
                  00007006    00000016                   : gpio.obj (.text:GPIOPinTypeTimer)
                  0000701c    00000016                   : gpio.obj (.text:GPIOPinTypeUART)
                  00007032    00000016                   : i2c.obj (.text:I2CMasterErr)
                  00007048    00000016                   : timer.obj (.text:TimerControlEvent)
                  0000705e    00000016     rtsv7M4_T_le_v4SPD16_eabi.lib : strchr.c.obj (.text:strchr)
                  00007074    00000014     driverlib.lib : sysctl.obj (.text:SysCtlPWMClockSet)
                  00007088    00000014                   : sysctl.obj (.text:SysCtlResetCauseClear)
                  0000709c    00000014                   : systick.obj (.text:SysTickEnable)
                  000070b0    00000014                   : systick.obj (.text:SysTickIntEnable)
                  000070c4    00000014     rtsv7M4_T_le_v4SPD16_eabi.lib : strlen.c.obj (.text:strlen)
                  000070d8    00000012     driverlib.lib : pwm.obj (.text:PWMGenPeriodGet)
                  000070ea    00000012                   : pwm.obj (.text:PWMOutputState)
                  000070fc    00000012                   : timer.obj (.text:TimerLoadSet)
                  0000710e    00000012                   : timer.obj (.text:TimerMatchSet)
                  00007120    00000012     rtsv7M4_T_le_v4SPD16_eabi.lib : wcslen.c.obj (.text:wcslen)
                  00007132    00000010     driverlib.lib : pwm.obj (.text:PWMGenPeriodSet)
                  00007142    00000002     --HOLE-- [fill = 0]
                  00007144    00000010     sysclk.obj (.text:SysClk_Init)
                  00007154    00000010     driverlib.lib : systick.obj (.text:SysTickPeriodSet)
                  00007164    0000000e                   : timer.obj (.text:TimerEnable)
                  00007172    0000000e     rtsv7M4_T_le_v4SPD16_eabi.lib : copy_decompress_none.c.obj (.text:decompress:none:__TI_decompress_none)
                  00007180    0000000c     driverlib.lib : pwm.obj (.text:PWMGenEnable)
                  0000718c    0000000c                   : sysctl.obj (.text:SysCtlResetCauseGet)
                  00007198    0000000c     SysFlag.obj (.text:SysFlag_Init)
                  000071a4    0000000c     rtsv7M4_T_le_v4SPD16_eabi.lib : copy_zero_init.c.obj (.text:decompress:ZI:__TI_zero_init)
                  000071b0    0000000a     SysTick.obj (.text:SysTick_IntHandler)
                  000071ba    0000000a     driverlib.lib : timer.obj (.text:TimerValueGet)
                  000071c4    0000000a                   : uart.obj (.text:UARTIntStatus)
                  000071ce    0000000a     rtsv7M4_T_le_v4SPD16_eabi.lib : sprintf.c.obj (.text:_outc)
                  000071d8    00000008     driverlib.lib : i2c.obj (.text:I2CMasterBusy)
                  000071e0    00000008                   : i2c.obj (.text:I2CMasterSlaveAddrSet)
                  000071e8    00000008                   : timer.obj (.text:TimerIntEnable)
                  000071f0    00000008                   : uart.obj (.text:UARTIntEnable)
                  000071f8    00000008     rtsv7M4_T_le_v4SPD16_eabi.lib : errno.c.obj (.text:__aeabi_errno_addr)
                  00007200    00000006     driverlib.lib : gpio.obj (.text:GPIOPinRead)
                  00007206    00000006                   : gpio.obj (.text:GPIOPinWrite)
                  0000720c    00000006     startup_ccs.obj (.text:ResetISR)
                  00007212    00000006     driverlib.lib : sysctl.obj (.text:SysCtlDelay)
                  00007218    00000006                   : uart.obj (.text:UARTClockSourceSet)
                  0000721e    00000004                   : i2c.obj (.text:I2CMasterControl)
                  00007222    00000004                   : i2c.obj (.text:I2CMasterDataGet)
                  00007226    00000004                   : i2c.obj (.text:I2CMasterDataPut)
                  0000722a    00000004                   : timer.obj (.text:TimerIntClear)
                  0000722e    00000004     rtsv7M4_T_le_v4SPD16_eabi.lib : pre_init.c.obj (.text:_system_pre_init)
                  00007232    00000004                                   : exit.c.obj (.text:abort:abort)

.const     0    00007238    00000414     
                  00007238    00000101     rtsv7M4_T_le_v4SPD16_eabi.lib : ctype.c.obj (.const:.string:_ctypes_)
                  00007339    00000003     --HOLE-- [fill = 0]
                  0000733c    00000090     driverlib.lib : gpio.obj (.const:g_pui32GPIOBaseAddrs)
                  000073cc    0000006c                   : sysctl.obj (.const:g_pui32Xtals)
                  00007438    00000060                   : timer.obj (.const:g_ppui32TimerIntMap)
                  00007498    0000004c     PWM.obj (.const:.string)
                  000074e4    00000040     driverlib.lib : timer.obj (.const:g_ppui32TimerIntMapSnowflake)
                  00007524    00000040                   : uart.obj (.const:g_ppui32UARTIntMap)
                  00007564    00000040                   : uart.obj (.const:g_ppui32UARTIntMapSnowflake)
                  000075a4    00000004     main.obj (.const)
                  000075a8    00000030     rtsv7M4_T_le_v4SPD16_eabi.lib : e_pow.c.obj (.const:$O1$$)
                  000075d8    00000020     PWM.obj (.const:subtract_Motor)
                  000075f8    00000014     driverlib.lib : interrupt.obj (.const:g_pui32EnRegs)
                  0000760c    00000012     main.obj (.const:.string)
                  0000761e    00000002     --HOLE-- [fill = 0]
                  00007620    0000000c     main.obj (.const:g_ui32UARTBase)
                  0000762c    0000000c     main.obj (.const:g_ui32UARTInt)
                  00007638    0000000c     main.obj (.const:g_ui32UARTPeriph)
                  00007644    00000008     BMP388.obj (.const:$P$T0$1)

.cinit     0    00007650    00000070     
                  00007650    00000036     (.cinit..data.load) [load image, compression = lzss]
                  00007686    00000002     --HOLE-- [fill = 0]
                  00007688    0000000c     (__TI_handler_table)
                  00007694    00000004     --HOLE-- [fill = 0]
                  00007698    00000008     (.cinit..bss.load) [load image, compression = zero_init]
                  000076a0    00000008     (.cinit..vtable.load) [load image, compression = zero_init]
                  000076a8    00000018     (__TI_cinit_table)

.init_array 
*          0    00000000    00000000     UNINITIALIZED

.vtable    0    20000000    0000026c     UNINITIALIZED
                  20000000    0000026c     driverlib.lib : interrupt.obj (.vtable)

.stack     0    20000270    00001000     UNINITIALIZED
                  20000270    00000004     rtsv7M4_T_le_v4SPD16_eabi.lib : boot_cortex_m.c.obj (.stack)
                  20000274    00000ffc     --HOLE--

.sysmem    0    20001270    00001000     UNINITIALIZED
                  20001270    00000010     rtsv7M4_T_le_v4SPD16_eabi.lib : memory.c.obj (.sysmem)
                  20001280    00000ff0     --HOLE--

.bss       0    20002270    00000806     UNINITIALIZED
                  20002270    00000400     main.obj (.bss:g_pcUARTTxBuffer)
                  20002670    00000190     (.common:rx_data)
                  20002800    000000d0     (.common:dev)
                  200028d0    000000b0     (.common:mixer)
                  20002980    00000080     main.obj (.bss:g_pcUARTRxBuffer)
                  20002a00    00000038     (.common:rx_text)
                  20002a38    00000020     (.common:dutyOf)
                  20002a58    00000008     main.obj (.bss)
                  20002a60    00000004     buzzer.obj (.bss)
                  20002a64    00000004     (.common:Obmx160)
                  20002a68    00000004     (.common:g_uiSysFlags)
                  20002a6c    00000004     (.common:resetCause)
                  20002a70    00000002     (.common:buzDuration)
                  20002a72    00000002     (.common:count)
                  20002a74    00000002     (.common:pauseTime)

.data      0    20002a78    0000005d     UNINITIALIZED
                  20002a78    0000002c     main.obj (.data)
                  20002aa4    00000020     PWM.obj (.data:motion_string)
                  20002ac4    00000008     PWM.obj (.data:selected_Motion)
                  20002acc    00000004     rtsv7M4_T_le_v4SPD16_eabi.lib : errno.c.obj (.data)
                  20002ad0    00000003     buzzer.obj (.data)
                  20002ad3    00000001     OrangeRX.obj (.data)
                  20002ad4    00000001     PWM.obj (.data)

__llvm_prf_cnts 
*          0    20000000    00000000     UNINITIALIZED

.binit     0    00000000    00000000     

MODULE SUMMARY

       Module                       code    ro data   rw data
       ------                       ----    -------   -------
    .\
       main.obj                     4760    58        1208   
       startup_ccs.obj              12      620       0      
    +--+----------------------------+-------+---------+---------+
       Total:                       4772    678       1208   
                                                             
    .\local_Include\
       i2c.obj                      915     0         0      
       uart.obj                     184     0         0      
       SysFlag.obj                  172     0         4      
       onBoardSwitch.obj            148     0         0      
       SysTick.obj                  118     0         0      
       led.obj                      52      0         0      
       sysclk.obj                   16      0         0      
    +--+----------------------------+-------+---------+---------+
       Total:                       1605    0         4      
                                                             
    .\local_Include\BMP388\
       BMP388.obj                   2486    8         208    
    +--+----------------------------+-------+---------+---------+
       Total:                       2486    8         208    
                                                             
    .\local_Include\BMX160\
       BMX160.obj                   647     0         4      
    +--+----------------------------+-------+---------+---------+
       Total:                       647     0         4      
                                                             
    .\local_Include\BUZZER\
       buzzer.obj                   344     0         13     
    +--+----------------------------+-------+---------+---------+
       Total:                       344     0         13     
                                                             
    .\local_Include\OrangeRX\
       OrangeRX.obj                 1740    0         457    
    +--+----------------------------+-------+---------+---------+
       Total:                       1740    0         457    
                                                             
    .\local_Include\PWM\
       PWM.obj                      3412    108       249    
    +--+----------------------------+-------+---------+---------+
       Total:                       3412    108       249    
                                                             
    C:/ti/TivaWare_C_Series-2.2.0.295/driverlib/ccs/Debug/driverlib.lib
       sysctl.obj                   714     108       0      
       interrupt.obj                156     20        620    
       gpio.obj                     588     144       0      
       timer.obj                    290     160       0      
       uart.obj                     112     128       0      
       pwm.obj                      158     0         0      
       systick.obj                  84      0         0      
       i2c.obj                      50      0         0      
    +--+----------------------------+-------+---------+---------+
       Total:                       2152    560       620    
                                                             
    C:\ti\ccs1040\ccs\tools\compiler\ti-cgt-arm_20.2.5.LTS\lib\rtsv7M4_T_le_v4SPD16_eabi.lib
       _printfi.c.obj               4851    0         0      
       e_pow.c.obj                  2512    48        0      
       fd_add_t2.asm.obj            438     0         0      
       e_sqrt.c.obj                 344     0         0      
       fd_div_t2.asm.obj            310     0         0      
       s_scalbn.c.obj               272     0         0      
       fd_cmp_t2.asm.obj            268     0         0      
       ctype.c.obj                  0       257       0      
       fd_mul_t2.asm.obj            252     0         0      
       s_floor.c.obj                248     0         0      
       s_round.c.obj                196     0         0      
       s_trunc.c.obj                188     0         0      
       memcpy_t2.asm.obj            156     0         0      
       ull_div_t2.asm.obj           150     0         0      
       memset_t2.asm.obj            122     0         0      
       fd_tos_t2.asm.obj            110     0         0      
       copy_decompress_lzss.c.obj   104     0         0      
       s_frexp.c.obj                100     0         0      
       sprintf.c.obj                98      0         0      
       _ltoa.c.obj                  84      0         0      
       atoi.c.obj                   76      0         0      
       fd_toi_t2.asm.obj            72      0         0      
       autoinit.c.obj               68      0         0      
       u_divt2.asm.obj              64      0         0      
       fs_tod_t2.asm.obj            56      0         0      
       boot_cortex_m.c.obj          52      0         0      
       i_tofd_t2.asm.obj            46      0         0      
       u_tofd_t2.asm.obj            32      0         0      
       memccpy.c.obj                28      0         0      
       s_copysign.c.obj             26      0         0      
       strchr.c.obj                 22      0         0      
       strlen.c.obj                 20      0         0      
       wcslen.c.obj                 18      0         0      
       copy_decompress_none.c.obj   14      0         0      
       copy_zero_init.c.obj         12      0         0      
       errno.c.obj                  8       0         4      
       exit.c.obj                   4       0         0      
       pre_init.c.obj               4       0         0      
       div0.asm.obj                 2       0         0      
    +--+----------------------------+-------+---------+---------+
       Total:                       11427   305       4      
                                                             
       Heap:                        0       0         4096   
       Stack:                       0       0         4096   
       Linker Generated:            0       106       0      
    +--+----------------------------+-------+---------+---------+
       Grand Total:                 28585   1765      10959  


LINKER GENERATED COPY TABLES

__TI_cinit_table @ 000076a8 records: 3, size/record: 8, table size: 24
	.data: load addr=00007650, load size=00000036 bytes, run addr=20002a78, run size=0000005d bytes, compression=lzss
	.bss: load addr=00007698, load size=00000008 bytes, run addr=20002270, run size=00000806 bytes, compression=zero_init
	.vtable: load addr=000076a0, load size=00000008 bytes, run addr=20000000, run size=0000026c bytes, compression=zero_init


LINKER GENERATED HANDLER TABLE

__TI_handler_table @ 00007688 records: 3, size/record: 4, table size: 12
	index: 0, handler: __TI_zero_init
	index: 1, handler: __TI_decompress_lzss
	index: 2, handler: __TI_decompress_none


GLOBAL SYMBOLS: SORTED ALPHABETICALLY BY Name 

address   name                               
-------   ----                               
00005795  BMP388_compensate_data             
00002f25  BMP388_compensate_pressure         
00005f15  BMP388_compensate_temperature      
00005a9d  BMP388_get_regs                    
00004dd1  BMP388_get_sensor_data             
0000605f  BMP388_parse_sensor_data           
00005d35  BMP388_readAltitude                
00005e2d  BMP388_readCalibratedAltitude      
000062d5  BMP388_readPressure                
00005ea5  BMP388_readSeaLevel                
00006209  BMP388_readTemperature             
0000383d  BMP388_showData                    
0000656b  BMX160_defaultParamSettg           
00005499  BMX160_setMagnConf                 
00005975  BMX160_softReset                   
00006b75  BMX160_softResetWorker             
00006865  BMX160_wakeUp                      
00006339  BMX160_writeBmxReg                 
00006d49  BUZZ_BUZZ                          
000069a9  BUZZ_BUZZER                        
000052c5  BUZZ_SM                            
00007233  C$$EXIT                            
00006d75  GPIODirModeSet                     
00004095  GPIOPadConfigSet                   
00006611  GPIOPinConfigure                   
00007201  GPIOPinRead                        
00006f5d  GPIOPinTypeGPIOOutput              
00006ff1  GPIOPinTypePWM                     
00007007  GPIOPinTypeTimer                   
0000701d  GPIOPinTypeUART                    
00007207  GPIOPinWrite                       
000071d9  I2CMasterBusy                      
0000721f  I2CMasterControl                   
00007223  I2CMasterDataGet                   
00007227  I2CMasterDataPut                   
00007033  I2CMasterErr                       
000071e1  I2CMasterSlaveAddrSet              
00004359  I2C_AddressBruteForcer             
000060cd  I2C_ReadByte                       
00004edd  I2C_writeSingleReg                 
00006139  IntEnable                          
00006bad  IntRegister                        
00006be1  LED_LEDInit                        
0000168d  Motor_ManMixer                     
00003431  Motor_setDuty                      
20002a64  Obmx160                            
00002c7d  OrangeRX_Init                      
00006e89  OrangeRX_IntHandler                
00003645  OrangeRX_extractData               
000053b5  OrangeRX_receivedChannelReorganizer
00004849  OrangeRX_showActData               
00005c31  PCF8574A_Read                      
00006401  PCF8574A_Write                     
00006e65  PWMGenConfigure                    
00007181  PWMGenEnable                       
000070d9  PWMGenPeriodGet                    
00007133  PWMGenPeriodSet                    
000070eb  PWMOutputState                     
00006ee9  PWMPulseWidthGet                   
00006f07  PWMPulseWidthSet                   
00003f21  PWM_Init                           
0000720d  ResetISR                           
0000665d  SWITCH_Init                        
00006df9  SWITCH_SW1_Pressed                 
00006e1d  SWITCH_SW2_Pressed                 
000066a9  SYSTICK_Delay                      
00007145  SysClk_Init                        
00004a95  SysCtlClockGet                     
000051d1  SysCtlClockSet                     
00007213  SysCtlDelay                        
00006f91  SysCtlPWMClockGet                  
00007075  SysCtlPWMClockSet                  
00006c15  SysCtlPeripheralEnable             
00006a5d  SysCtlPeripheralReady              
00007089  SysCtlResetCauseClear              
0000718d  SysCtlResetCauseGet                
00006a95  SysFlag_Check                      
00006c49  SysFlag_Clear                      
00007199  SysFlag_Init                       
00006c7d  SysFlag_Set                        
0000709d  SysTickEnable                      
000070b1  SysTickIntEnable                   
00006f25  SysTickIntRegister                 
00007155  SysTickPeriodSet                   
00006ea9  SysTick_Init                       
000071b1  SysTick_IntHandler                 
00006acd  SystemInitialize                   
00006461  TimerConfigure                     
00007049  TimerControlEvent                  
00007165  TimerEnable                        
0000722b  TimerIntClear                      
000071e9  TimerIntEnable                     
00006fa9  TimerIntRegister                   
000070fd  TimerLoadSet                       
0000710f  TimerMatchSet                      
000071bb  TimerValueGet                      
00005cb5  UART0_STDIO_Init                   
00006b05  UART0_STDIO_IntHandler             
00007219  UARTClockSourceSet                 
00006dcd  UARTEchoSet                        
00006cb1  UARTFlushRx                        
000066f5  UARTFlushTx                        
000071f1  UARTIntEnable                      
00006fc1  UARTIntRegister                    
000071c5  UARTIntStatus                      
000045d9  UARTStdioConfig                    
00003d99  UARTStdioIntHandler                
00006a21  UARTgetc                           
00006e41  UARTprintf                         
00002929  UARTvprintf                        
00004bad  UARTwrite                          
20001270  __STACK_END                        
00001000  __STACK_SIZE                       
20000470  __STACK_TOP                        
00001000  __SYSMEM_SIZE                      
000076a8  __TI_CINIT_Base                    
000076c0  __TI_CINIT_Limit                   
00007688  __TI_Handler_Table_Base            
00007694  __TI_Handler_Table_Limit           
00006821  __TI_auto_init_nobinit_nopinit     
000061a1  __TI_decompress_lzss               
00007173  __TI_decompress_none               
00006517  __TI_ltoa                          
ffffffff  __TI_pprof_out_hndl                
0000026d  __TI_printfi                       
ffffffff  __TI_prof_data_size                
ffffffff  __TI_prof_data_start               
00000000  __TI_static_base__                 
000071a5  __TI_zero_init                     
00005b25  __aeabi_cdcmpeq                    
00005b25  __aeabi_cdcmple                    
00005bab  __aeabi_cdrcmple                   
00005ff1  __aeabi_d2f                        
000067d9  __aeabi_d2iz                       
00003beb  __aeabi_dadd                       
00004711  __aeabi_ddiv                       
00004fdd  __aeabi_dmul                       
00003be1  __aeabi_dsub                       
000071f9  __aeabi_errno_addr                 
00006b3d  __aeabi_f2d                        
00006d19  __aeabi_i2d                        
00004847  __aeabi_idiv0                      
00004847  __aeabi_ldiv0                      
00005db1  __aeabi_memclr                     
00005db1  __aeabi_memclr4                    
00005db1  __aeabi_memclr8                    
00005843  __aeabi_memcpy                     
00005843  __aeabi_memcpy4                    
00005843  __aeabi_memcpy8                    
00005db3  __aeabi_memset                     
00005db3  __aeabi_memset4                    
00005db3  __aeabi_memset8                    
00006ec9  __aeabi_ui2d                       
000068e9  __aeabi_uidiv                      
000068e9  __aeabi_uidivmod                   
000058df  __aeabi_uldivmod                   
ffffffff  __binit__                          
ffffffff  __c_args__                         
0000639d  __error__                          
UNDEFED   __mpu_init                         
20000270  __stack                            
20000000  __start___llvm_prf_cnts            
20000000  __stop___llvm_prf_cnts             
00006ce5  _c_int00_noargs                    
00007238  _ctypes_                           
20001270  _sys_memory                        
UNDEFED   _system_post_cinit                 
0000722f  _system_pre_init                   
00007233  abort                              
0000678d  atoi                               
ffffffff  binit                              
20002a70  buzDuration                        
00006f77  copysign                           
00006f77  copysignl                          
20002a72  count                              
20002800  dev                                
20002a38  dutyOf                             
20002acc  errno                              
000050d9  floor                              
000050d9  floorl                             
20002ad3  frameGapChNo                       
00006271  frexp                              
00006271  frexpl                             
20000000  g_pfnRAMVectors                    
00000000  g_pfnVectors                       
20002a68  g_uiSysFlags                       
00004cc1  ldexp                              
00004cc1  ldexpl                             
00002059  main                               
00006f41  memccpy                            
00005843  memcpy                             
00005db9  memset                             
200028d0  mixer                              
20002aa4  motion_string                      
20002ad4  motorSelect                        
20002a74  pauseTime                          
00000cbd  pow                                
00000cbd  powl                               
20002a6c  resetCause                         
00005561  round                              
00005561  roundl                             
20002670  rx_data                            
20002a00  rx_text                            
00004cc1  scalbn                             
00004cc1  scalbnl                            
20002ac4  selected_Motion                    
00006929  sprintf                            
00004201  sqrt                               
00004201  sqrtl                              
0000705f  strchr                             
000070c5  strlen                             
000075d8  subtract_Motor                     
00005625  trunc                              
00005625  truncl                             
00007121  wcslen                             


GLOBAL SYMBOLS: SORTED BY Symbol Address 

address   name                               
-------   ----                               
00000000  __TI_static_base__                 
00000000  g_pfnVectors                       
0000026d  __TI_printfi                       
00000cbd  pow                                
00000cbd  powl                               
00001000  __STACK_SIZE                       
00001000  __SYSMEM_SIZE                      
0000168d  Motor_ManMixer                     
00002059  main                               
00002929  UARTvprintf                        
00002c7d  OrangeRX_Init                      
00002f25  BMP388_compensate_pressure         
00003431  Motor_setDuty                      
00003645  OrangeRX_extractData               
0000383d  BMP388_showData                    
00003be1  __aeabi_dsub                       
00003beb  __aeabi_dadd                       
00003d99  UARTStdioIntHandler                
00003f21  PWM_Init                           
00004095  GPIOPadConfigSet                   
00004201  sqrt                               
00004201  sqrtl                              
00004359  I2C_AddressBruteForcer             
000045d9  UARTStdioConfig                    
00004711  __aeabi_ddiv                       
00004847  __aeabi_idiv0                      
00004847  __aeabi_ldiv0                      
00004849  OrangeRX_showActData               
00004a95  SysCtlClockGet                     
00004bad  UARTwrite                          
00004cc1  ldexp                              
00004cc1  ldexpl                             
00004cc1  scalbn                             
00004cc1  scalbnl                            
00004dd1  BMP388_get_sensor_data             
00004edd  I2C_writeSingleReg                 
00004fdd  __aeabi_dmul                       
000050d9  floor                              
000050d9  floorl                             
000051d1  SysCtlClockSet                     
000052c5  BUZZ_SM                            
000053b5  OrangeRX_receivedChannelReorganizer
00005499  BMX160_setMagnConf                 
00005561  round                              
00005561  roundl                             
00005625  trunc                              
00005625  truncl                             
00005795  BMP388_compensate_data             
00005843  __aeabi_memcpy                     
00005843  __aeabi_memcpy4                    
00005843  __aeabi_memcpy8                    
00005843  memcpy                             
000058df  __aeabi_uldivmod                   
00005975  BMX160_softReset                   
00005a9d  BMP388_get_regs                    
00005b25  __aeabi_cdcmpeq                    
00005b25  __aeabi_cdcmple                    
00005bab  __aeabi_cdrcmple                   
00005c31  PCF8574A_Read                      
00005cb5  UART0_STDIO_Init                   
00005d35  BMP388_readAltitude                
00005db1  __aeabi_memclr                     
00005db1  __aeabi_memclr4                    
00005db1  __aeabi_memclr8                    
00005db3  __aeabi_memset                     
00005db3  __aeabi_memset4                    
00005db3  __aeabi_memset8                    
00005db9  memset                             
00005e2d  BMP388_readCalibratedAltitude      
00005ea5  BMP388_readSeaLevel                
00005f15  BMP388_compensate_temperature      
00005ff1  __aeabi_d2f                        
0000605f  BMP388_parse_sensor_data           
000060cd  I2C_ReadByte                       
00006139  IntEnable                          
000061a1  __TI_decompress_lzss               
00006209  BMP388_readTemperature             
00006271  frexp                              
00006271  frexpl                             
000062d5  BMP388_readPressure                
00006339  BMX160_writeBmxReg                 
0000639d  __error__                          
00006401  PCF8574A_Write                     
00006461  TimerConfigure                     
00006517  __TI_ltoa                          
0000656b  BMX160_defaultParamSettg           
00006611  GPIOPinConfigure                   
0000665d  SWITCH_Init                        
000066a9  SYSTICK_Delay                      
000066f5  UARTFlushTx                        
0000678d  atoi                               
000067d9  __aeabi_d2iz                       
00006821  __TI_auto_init_nobinit_nopinit     
00006865  BMX160_wakeUp                      
000068e9  __aeabi_uidiv                      
000068e9  __aeabi_uidivmod                   
00006929  sprintf                            
000069a9  BUZZ_BUZZER                        
00006a21  UARTgetc                           
00006a5d  SysCtlPeripheralReady              
00006a95  SysFlag_Check                      
00006acd  SystemInitialize                   
00006b05  UART0_STDIO_IntHandler             
00006b3d  __aeabi_f2d                        
00006b75  BMX160_softResetWorker             
00006bad  IntRegister                        
00006be1  LED_LEDInit                        
00006c15  SysCtlPeripheralEnable             
00006c49  SysFlag_Clear                      
00006c7d  SysFlag_Set                        
00006cb1  UARTFlushRx                        
00006ce5  _c_int00_noargs                    
00006d19  __aeabi_i2d                        
00006d49  BUZZ_BUZZ                          
00006d75  GPIODirModeSet                     
00006dcd  UARTEchoSet                        
00006df9  SWITCH_SW1_Pressed                 
00006e1d  SWITCH_SW2_Pressed                 
00006e41  UARTprintf                         
00006e65  PWMGenConfigure                    
00006e89  OrangeRX_IntHandler                
00006ea9  SysTick_Init                       
00006ec9  __aeabi_ui2d                       
00006ee9  PWMPulseWidthGet                   
00006f07  PWMPulseWidthSet                   
00006f25  SysTickIntRegister                 
00006f41  memccpy                            
00006f5d  GPIOPinTypeGPIOOutput              
00006f77  copysign                           
00006f77  copysignl                          
00006f91  SysCtlPWMClockGet                  
00006fa9  TimerIntRegister                   
00006fc1  UARTIntRegister                    
00006ff1  GPIOPinTypePWM                     
00007007  GPIOPinTypeTimer                   
0000701d  GPIOPinTypeUART                    
00007033  I2CMasterErr                       
00007049  TimerControlEvent                  
0000705f  strchr                             
00007075  SysCtlPWMClockSet                  
00007089  SysCtlResetCauseClear              
0000709d  SysTickEnable                      
000070b1  SysTickIntEnable                   
000070c5  strlen                             
000070d9  PWMGenPeriodGet                    
000070eb  PWMOutputState                     
000070fd  TimerLoadSet                       
0000710f  TimerMatchSet                      
00007121  wcslen                             
00007133  PWMGenPeriodSet                    
00007145  SysClk_Init                        
00007155  SysTickPeriodSet                   
00007165  TimerEnable                        
00007173  __TI_decompress_none               
00007181  PWMGenEnable                       
0000718d  SysCtlResetCauseGet                
00007199  SysFlag_Init                       
000071a5  __TI_zero_init                     
000071b1  SysTick_IntHandler                 
000071bb  TimerValueGet                      
000071c5  UARTIntStatus                      
000071d9  I2CMasterBusy                      
000071e1  I2CMasterSlaveAddrSet              
000071e9  TimerIntEnable                     
000071f1  UARTIntEnable                      
000071f9  __aeabi_errno_addr                 
00007201  GPIOPinRead                        
00007207  GPIOPinWrite                       
0000720d  ResetISR                           
00007213  SysCtlDelay                        
00007219  UARTClockSourceSet                 
0000721f  I2CMasterControl                   
00007223  I2CMasterDataGet                   
00007227  I2CMasterDataPut                   
0000722b  TimerIntClear                      
0000722f  _system_pre_init                   
00007233  C$$EXIT                            
00007233  abort                              
00007238  _ctypes_                           
000075d8  subtract_Motor                     
00007688  __TI_Handler_Table_Base            
00007694  __TI_Handler_Table_Limit           
000076a8  __TI_CINIT_Base                    
000076c0  __TI_CINIT_Limit                   
20000000  __start___llvm_prf_cnts            
20000000  __stop___llvm_prf_cnts             
20000000  g_pfnRAMVectors                    
20000270  __stack                            
20000470  __STACK_TOP                        
20001270  __STACK_END                        
20001270  _sys_memory                        
20002670  rx_data                            
20002800  dev                                
200028d0  mixer                              
20002a00  rx_text                            
20002a38  dutyOf                             
20002a64  Obmx160                            
20002a68  g_uiSysFlags                       
20002a6c  resetCause                         
20002a70  buzDuration                        
20002a72  count                              
20002a74  pauseTime                          
20002aa4  motion_string                      
20002ac4  selected_Motion                    
20002acc  errno                              
20002ad3  frameGapChNo                       
20002ad4  motorSelect                        
ffffffff  __TI_pprof_out_hndl                
ffffffff  __TI_prof_data_size                
ffffffff  __TI_prof_data_start               
ffffffff  __binit__                          
ffffffff  __c_args__                         
ffffffff  binit                              
UNDEFED   __mpu_init                         
UNDEFED   _system_post_cinit                 

[215 symbols]
