******************************************************************************
                  TI ARM Linker PC v20.2.5                     
******************************************************************************
>> Linked Sat Feb  5 18:37:17 2022

OUTPUT FILE NAME:   <DroneProject.out>
ENTRY POINT SYMBOL: "_c_int00_noargs"  address: 0000420d


MEMORY CONFIGURATION

         name            origin    length      used     unused   attr    fill
----------------------  --------  ---------  --------  --------  ----  --------
  FLASH                 00000000   00040000  0000495c  0003b6a4  R  X
  SRAM                  20000000   00008000  00002748  000058b8  RW X


SEGMENT ALLOCATION MAP

run origin  load origin   length   init length attrs members
----------  ----------- ---------- ----------- ----- -------
00000000    00000000    00004960   00004960    r-x
  00000000    00000000    0000026c   0000026c    r-- .intvecs
  0000026c    0000026c    000043c0   000043c0    r-x .text
  0000462c    0000462c    000002d0   000002d0    r-- .const
  00004900    00004900    00000060   00000060    r-- .cinit
20000000    20000000    0000274c   00000000    rw-
  20000000    20000000    0000026c   00000000    rw- .vtable
  20000270    20000270    00001000   00000000    rw- .stack
  20001270    20001270    00001000   00000000    rw- .sysmem
  20002270    20002270    000004a0   00000000    rw- .bss
  20002710    20002710    0000003c   00000000    rw- .data


SECTION ALLOCATION MAP

 output                                  attributes/
section   page    origin      length       input sections
--------  ----  ----------  ----------   ----------------
.intvecs   0    00000000    0000026c     
                  00000000    0000026c     startup_ccs.obj (.intvecs)

.text      0    0000026c    000043c0     
                  0000026c    00000a4e     rtsv7M4_T_le_v4SPD16_eabi.lib : _printfi.c.obj (.text:__TI_printfi)
                  00000cba    00000002     startup_ccs.obj (.text:FaultISR)
                  00000cbc    00000354     main.obj (.text:UARTvprintf)
                  00001010    0000031c     main.obj (.text:main)
                  0000132c    00000270     rtsv7M4_T_le_v4SPD16_eabi.lib : _printfi.c.obj (.text:_pconv_a)
                  0000159c    00000230     BMX160.obj (.text:BMX160_getAllData)
                  000017cc    000001e4     BMX160.obj (.text:BMX160_showData)
                  000019b0    000001d0     rtsv7M4_T_le_v4SPD16_eabi.lib : _printfi.c.obj (.text:_pconv_g)
                  00001b80    000001b6                                   : fd_add_t2.asm.obj (.text)
                  00001d36    00000002     startup_ccs.obj (.text:IntDefaultHandler)
                  00001d38    00000188     main.obj (.text:UARTStdioIntHandler)
                  00001ec0    0000016c     driverlib.lib : gpio.obj (.text:GPIOPadConfigSet)
                  0000202c    0000013c     rtsv7M4_T_le_v4SPD16_eabi.lib : _printfi.c.obj (.text:_pconv_e)
                  00002168    00000138     main.obj (.text:UARTStdioConfig)
                  000022a0    00000136     rtsv7M4_T_le_v4SPD16_eabi.lib : fd_div_t2.asm.obj (.text)
                  000023d6    00000002     startup_ccs.obj (.text:NmiSR)
                  000023d8    0000012b     i2c.obj (.text:I2C_AddressBruteForcer)
                  00002503    00000001     --HOLE-- [fill = 0]
                  00002504    00000124     rtsv7M4_T_le_v4SPD16_eabi.lib : _printfi.c.obj (.text:fcvt)
                  00002628    00000118     driverlib.lib : sysctl.obj (.text:SysCtlClockGet)
                  00002740    00000114     main.obj (.text:UARTwrite)
                  00002854    00000110     rtsv7M4_T_le_v4SPD16_eabi.lib : s_scalbn.c.obj (.text:scalbn)
                  00002964    00000100     i2c.obj (.text:I2C_writeSingleReg)
                  00002a64    00000100     rtsv7M4_T_le_v4SPD16_eabi.lib : memory.c.obj (.text:aligned_alloc)
                  00002b64    000000fc     BMX160.obj (.text:BMX160_Init)
                  00002c60    000000fc     rtsv7M4_T_le_v4SPD16_eabi.lib : fd_mul_t2.asm.obj (.text)
                  00002d5c    000000f4     driverlib.lib : sysctl.obj (.text:SysCtlClockSet)
                  00002e50    000000c6     BMX160.obj (.text:BMX160_setMagnConf)
                  00002f16    00000002     rtsv7M4_T_le_v4SPD16_eabi.lib : _lock.c.obj (.text:_nop)
                  00002f18    000000be     BMX160.obj (.text:BMX160_begin)
                  00002fd6    00000002     rtsv7M4_T_le_v4SPD16_eabi.lib : div0.asm.obj (.text)
                  00002fd8    000000b1                                   : _printfi.c.obj (.text:_ltostr)
                  00003089    00000001     --HOLE-- [fill = 0]
                  0000308a    0000009c                                   : memcpy_t2.asm.obj (.text)
                  00003126    00000096                                   : ull_div_t2.asm.obj (.text)
                  000031bc    00000094     BMX160.obj (.text:BMX160_softReset)
                  00003250    00000094     main.obj (.text:UARTPrimeTransmit)
                  000032e4    00000086     rtsv7M4_T_le_v4SPD16_eabi.lib : fd_cmp_t2.asm.obj (.text:__aeabi_cdcmple)
                  0000336a    00000086                                   : fd_cmp_t2.asm.obj (.text:__aeabi_cdrcmple)
                  000033f0    00000084     i2c.obj (.text:PCF8574A_Read)
                  00003474    00000080     uart.obj (.text:UART0_STDIO_Init)
                  000034f4    0000007a     rtsv7M4_T_le_v4SPD16_eabi.lib : memset_t2.asm.obj (.text)
                  0000356e    00000002     --HOLE-- [fill = 0]
                  00003570    00000078     i2c.obj (.text:I2C0_Init)
                  000035e8    00000070     rtsv7M4_T_le_v4SPD16_eabi.lib : memory.c.obj (.text:split)
                  00003658    0000006e                                   : _printfi.c.obj (.text:_mcpy)
                  000036c6    00000002     --HOLE-- [fill = 0]
                  000036c8    0000006c     i2c.obj (.text:I2C_ReadByte)
                  00003734    00000068     driverlib.lib : interrupt.obj (.text:IntEnable)
                  0000379c    00000068     rtsv7M4_T_le_v4SPD16_eabi.lib : copy_decompress_lzss.c.obj (.text:decompress:lzss:__TI_decompress_lzss)
                  00003804    00000064                                   : s_frexp.c.obj (.text:frexp)
                  00003868    00000063     BMX160.obj (.text:BMX160_writeBmxReg)
                  000038cb    00000001     --HOLE-- [fill = 0]
                  000038cc    00000061     main.obj (.text:__error__)
                  0000392d    00000003     --HOLE-- [fill = 0]
                  00003930    00000060     i2c.obj (.text:PCF8574A_Write)
                  00003990    00000056     i2c.obj (.text:I2C_readReg)
                  000039e6    00000056     rtsv7M4_T_le_v4SPD16_eabi.lib : _printfi.c.obj (.text:_pconv_f)
                  00003a3c    00000054                                   : _ltoa.c.obj (.text:__TI_ltoa)
                  00003a90    00000052     BMX160.obj (.text:BMX160_defaultParamSettg)
                  00003ae2    00000052     rtsv7M4_T_le_v4SPD16_eabi.lib : _printfi.c.obj (.text:_ecpy)
                  00003b34    0000004c     driverlib.lib : gpio.obj (.text:GPIOPinConfigure)
                  00003b80    0000004c                   : i2c.obj (.text:I2CMasterInitExpClk)
                  00003bcc    0000004c     onBoardSwitch.obj (.text:SWITCH_Init)
                  00003c18    0000004c     SysTick.obj (.text:SYSTICK_Delay)
                  00003c64    0000004c     main.obj (.text:UARTFlushTx)
                  00003cb0    0000004c     rtsv7M4_T_le_v4SPD16_eabi.lib : atoi.c.obj (.text:atoi)
                  00003cfc    00000048                                   : fd_toi_t2.asm.obj (.text)
                  00003d44    00000044                                   : autoinit.c.obj (.text:__TI_auto_init_nobinit_nopinit:__TI_auto_init_nobinit_nopinit)
                  00003d88    00000042     BMX160.obj (.text:BMX160_wakeUp)
                  00003dca    00000002     --HOLE-- [fill = 0]
                  00003dcc    00000040     driverlib.lib : uart.obj (.text:_UARTIntNumberGet)
                  00003e0c    00000040     rtsv7M4_T_le_v4SPD16_eabi.lib : u_divt2.asm.obj (.text)
                  00003e4c    00000040                                   : sprintf.c.obj (.text:sprintf)
                  00003e8c    0000003e     i2c.obj (.text:PCF8574A_Init)
                  00003eca    0000003e     rtsv7M4_T_le_v4SPD16_eabi.lib : _printfi.c.obj (.text:_fcpy)
                  00003f08    0000003c     main.obj (.text:IsBufferFull)
                  00003f44    0000003c     main.obj (.text:SystemInitialize)
                  00003f80    0000003c     main.obj (.text:UARTgetc)
                  00003fbc    00000038     driverlib.lib : sysctl.obj (.text:SysCtlPeripheralReady)
                  00003ff4    00000038     SysFlag.obj (.text:SysFlag_Check)
                  0000402c    00000038     uart.obj (.text:UART0_STDIO_IntHandler)
                  00004064    00000038     rtsv7M4_T_le_v4SPD16_eabi.lib : fs_tod_t2.asm.obj (.text)
                  0000409c    00000036     BMX160.obj (.text:BMX160_softResetWorker)
                  000040d2    00000002     --HOLE-- [fill = 0]
                  000040d4    00000034     driverlib.lib : interrupt.obj (.text:IntRegister)
                  00004108    00000034     led.obj (.text:LED_LEDInit)
                  0000413c    00000034     driverlib.lib : sysctl.obj (.text:SysCtlPeripheralEnable)
                  00004170    00000034     SysFlag.obj (.text:SysFlag_Clear)
                  000041a4    00000034     SysFlag.obj (.text:SysFlag_Set)
                  000041d8    00000034     main.obj (.text:UARTFlushRx)
                  0000420c    00000034     rtsv7M4_T_le_v4SPD16_eabi.lib : boot_cortex_m.c.obj (.text:_c_int00_noargs:_c_int00_noargs)
                  00004240    0000002e                                   : i_tofd_t2.asm.obj (.text)
                  0000426e    0000002c     driverlib.lib : gpio.obj (.text:GPIODirModeSet)
                  0000429a    0000002c     main.obj (.text:IsBufferEmpty)
                  000042c6    00000002     --HOLE-- [fill = 0]
                  000042c8    0000002c     main.obj (.text:UARTEchoSet)
                  000042f4    00000028     rtsv7M4_T_le_v4SPD16_eabi.lib : memory.c.obj (.text:free_list_insert)
                  0000431c    00000026     BMX160.obj (.text:BMX160_readReg)
                  00004342    00000026     BMX160.obj (.text:BMX160_scan)
                  00004368    00000024     onBoardSwitch.obj (.text:SWITCH_SW2_Pressed)
                  0000438c    00000024     main.obj (.text:UARTprintf)
                  000043b0    00000020     SysTick.obj (.text:SysTick_Init)
                  000043d0    0000001c     driverlib.lib : systick.obj (.text:SysTickIntRegister)
                  000043ec    0000001c     rtsv7M4_T_le_v4SPD16_eabi.lib : memory.c.obj (.text:free_list_remove)
                  00004408    0000001c                                   : memccpy.c.obj (.text:memccpy)
                  00004424    0000001a     driverlib.lib : gpio.obj (.text:GPIOPinTypeGPIOOutput)
                  0000443e    0000001a     rtsv7M4_T_le_v4SPD16_eabi.lib : s_copysign.c.obj (.text:copysign)
                  00004458    00000018     driverlib.lib : uart.obj (.text:UARTIntRegister)
                  00004470    00000018     rtsv7M4_T_le_v4SPD16_eabi.lib : sprintf.c.obj (.text:_outs)
                  00004488    00000016     driverlib.lib : gpio.obj (.text:GPIOPinTypeI2C)
                  0000449e    00000016                   : gpio.obj (.text:GPIOPinTypeI2CSCL)
                  000044b4    00000016                   : gpio.obj (.text:GPIOPinTypeUART)
                  000044ca    00000016                   : i2c.obj (.text:I2CMasterErr)
                  000044e0    00000016     rtsv7M4_T_le_v4SPD16_eabi.lib : strchr.c.obj (.text:strchr)
                  000044f6    00000002     --HOLE-- [fill = 0]
                  000044f8    00000014     driverlib.lib : sysctl.obj (.text:SysCtlResetCauseClear)
                  0000450c    00000014                   : systick.obj (.text:SysTickEnable)
                  00004520    00000014                   : systick.obj (.text:SysTickIntEnable)
                  00004534    00000014     rtsv7M4_T_le_v4SPD16_eabi.lib : strlen.c.obj (.text:strlen)
                  00004548    00000012                                   : wcslen.c.obj (.text:wcslen)
                  0000455a    00000002     --HOLE-- [fill = 0]
                  0000455c    00000010     sysclk.obj (.text:SysClk_Init)
                  0000456c    00000010     driverlib.lib : systick.obj (.text:SysTickPeriodSet)
                  0000457c    0000000e     rtsv7M4_T_le_v4SPD16_eabi.lib : copy_decompress_none.c.obj (.text:decompress:none:__TI_decompress_none)
                  0000458a    00000002     --HOLE-- [fill = 0]
                  0000458c    0000000c     driverlib.lib : sysctl.obj (.text:SysCtlResetCauseGet)
                  00004598    0000000c     SysFlag.obj (.text:SysFlag_Init)
                  000045a4    0000000c     rtsv7M4_T_le_v4SPD16_eabi.lib : copy_zero_init.c.obj (.text:decompress:ZI:__TI_zero_init)
                  000045b0    0000000a     driverlib.lib : i2c.obj (.text:I2CMasterEnable)
                  000045ba    0000000a     SysTick.obj (.text:SysTick_IntHandler)
                  000045c4    0000000a     driverlib.lib : uart.obj (.text:UARTIntStatus)
                  000045ce    0000000a     rtsv7M4_T_le_v4SPD16_eabi.lib : sprintf.c.obj (.text:_outc)
                  000045d8    00000008     driverlib.lib : i2c.obj (.text:I2CMasterBusy)
                  000045e0    00000008                   : i2c.obj (.text:I2CMasterSlaveAddrSet)
                  000045e8    00000008                   : uart.obj (.text:UARTIntEnable)
                  000045f0    00000008     rtsv7M4_T_le_v4SPD16_eabi.lib : errno.c.obj (.text:__aeabi_errno_addr)
                  000045f8    00000008                                   : memory.c.obj (.text:malloc)
                  00004600    00000006     driverlib.lib : gpio.obj (.text:GPIOPinRead)
                  00004606    00000006     startup_ccs.obj (.text:ResetISR)
                  0000460c    00000006     driverlib.lib : sysctl.obj (.text:SysCtlDelay)
                  00004612    00000006                   : uart.obj (.text:UARTClockSourceSet)
                  00004618    00000004                   : i2c.obj (.text:I2CMasterControl)
                  0000461c    00000004                   : i2c.obj (.text:I2CMasterDataGet)
                  00004620    00000004                   : i2c.obj (.text:I2CMasterDataPut)
                  00004624    00000004     rtsv7M4_T_le_v4SPD16_eabi.lib : pre_init.c.obj (.text:_system_pre_init)
                  00004628    00000004                                   : exit.c.obj (.text:abort:abort)

.const     0    0000462c    000002d0     
                  0000462c    00000101     rtsv7M4_T_le_v4SPD16_eabi.lib : ctype.c.obj (.const:.string:_ctypes_)
                  0000472d    00000003     --HOLE-- [fill = 0]
                  00004730    00000090     driverlib.lib : gpio.obj (.const:g_pui32GPIOBaseAddrs)
                  000047c0    0000006c                   : sysctl.obj (.const:g_pui32Xtals)
                  0000482c    00000040                   : uart.obj (.const:g_ppui32UARTIntMap)
                  0000486c    00000040                   : uart.obj (.const:g_ppui32UARTIntMapSnowflake)
                  000048ac    00000014                   : interrupt.obj (.const:g_pui32EnRegs)
                  000048c0    00000012     main.obj (.const:.string)
                  000048d2    00000002     --HOLE-- [fill = 0]
                  000048d4    0000000c     main.obj (.const:g_ui32UARTBase)
                  000048e0    0000000c     main.obj (.const:g_ui32UARTInt)
                  000048ec    0000000c     main.obj (.const:g_ui32UARTPeriph)
                  000048f8    00000004     main.obj (.const)

.cinit     0    00004900    00000060     
                  00004900    00000025     (.cinit..data.load) [load image, compression = lzss]
                  00004925    00000003     --HOLE-- [fill = 0]
                  00004928    0000000c     (__TI_handler_table)
                  00004934    00000004     --HOLE-- [fill = 0]
                  00004938    00000008     (.cinit..bss.load) [load image, compression = zero_init]
                  00004940    00000008     (.cinit..vtable.load) [load image, compression = zero_init]
                  00004948    00000018     (__TI_cinit_table)

.init_array 
*          0    00000000    00000000     UNINITIALIZED

.vtable    0    20000000    0000026c     UNINITIALIZED
                  20000000    0000026c     driverlib.lib : interrupt.obj (.vtable)

.stack     0    20000270    00001000     UNINITIALIZED
                  20000270    00000004     rtsv7M4_T_le_v4SPD16_eabi.lib : boot_cortex_m.c.obj (.stack)
                  20000274    00000ffc     --HOLE--

.sysmem    0    20001270    00001000     UNINITIALIZED
                  20001270    00000010     rtsv7M4_T_le_v4SPD16_eabi.lib : memory.c.obj (.sysmem)
                  20001280    00000ff0     --HOLE--

.bss       0    20002270    000004a0     UNINITIALIZED
                  20002270    00000400     main.obj (.bss:g_pcUARTTxBuffer)
                  20002670    00000080     main.obj (.bss:g_pcUARTRxBuffer)
                  200026f0    00000008     main.obj (.bss)
                  200026f8    00000004     (.common:Oaccel)
                  200026fc    00000004     (.common:Obmx160)
                  20002700    00000004     (.common:Ogyro)
                  20002704    00000004     (.common:Omagn)
                  20002708    00000004     (.common:g_uiSysFlags)
                  2000270c    00000004     (.common:resetCause)

.data      0    20002710    0000003c     UNINITIALIZED
                  20002710    00000020     main.obj (.data)
                  20002730    00000008     rtsv7M4_T_le_v4SPD16_eabi.lib : _lock.c.obj (.data:$O1$$)
                  20002738    00000008                                   : memory.c.obj (.data:$O1$$)
                  20002740    00000008     BMX160.obj (.data)
                  20002748    00000004     rtsv7M4_T_le_v4SPD16_eabi.lib : errno.c.obj (.data)

__llvm_prf_cnts 
*          0    20000000    00000000     UNINITIALIZED

.binit     0    00000000    00000000     

MODULE SUMMARY

       Module                       code    ro data   rw data
       ------                       ----    -------   -------
    .\
       main.obj                     3305    58        1196   
       startup_ccs.obj              12      620       0      
    +--+----------------------------+-------+---------+---------+
       Total:                       3317    678       1196   
                                                             
    .\local_Include\
       i2c.obj                      1159    0         0      
       uart.obj                     184     0         0      
       SysFlag.obj                  172     0         4      
       SysTick.obj                  118     0         0      
       onBoardSwitch.obj            112     0         0      
       led.obj                      52      0         0      
       sysclk.obj                   16      0         0      
    +--+----------------------------+-------+---------+---------+
       Total:                       1813    0         4      
                                                             
    .\local_Include\BMX160\
       BMX160.obj                   2209    0         24     
    +--+----------------------------+-------+---------+---------+
       Total:                       2209    0         24     
                                                             
    C:/ti/TivaWare_C_Series-2.2.0.295/driverlib/ccs/Debug/driverlib.lib
       interrupt.obj                156     20        620    
       sysctl.obj                   670     108       0      
       gpio.obj                     582     144       0      
       uart.obj                     112     128       0      
       i2c.obj                      136     0         0      
       systick.obj                  84      0         0      
    +--+----------------------------+-------+---------+---------+
       Total:                       1740    400       620    
                                                             
    C:\ti\ccs1040\ccs\tools\compiler\ti-cgt-arm_20.2.5.LTS\lib\rtsv7M4_T_le_v4SPD16_eabi.lib
       _printfi.c.obj               4851    0         0      
       memory.c.obj                 444     0         8      
       fd_add_t2.asm.obj            438     0         0      
       fd_div_t2.asm.obj            310     0         0      
       s_scalbn.c.obj               272     0         0      
       fd_cmp_t2.asm.obj            268     0         0      
       ctype.c.obj                  0       257       0      
       fd_mul_t2.asm.obj            252     0         0      
       memcpy_t2.asm.obj            156     0         0      
       ull_div_t2.asm.obj           150     0         0      
       memset_t2.asm.obj            122     0         0      
       copy_decompress_lzss.c.obj   104     0         0      
       s_frexp.c.obj                100     0         0      
       sprintf.c.obj                98      0         0      
       _ltoa.c.obj                  84      0         0      
       atoi.c.obj                   76      0         0      
       fd_toi_t2.asm.obj            72      0         0      
       autoinit.c.obj               68      0         0      
       u_divt2.asm.obj              64      0         0      
       fs_tod_t2.asm.obj            56      0         0      
       boot_cortex_m.c.obj          52      0         0      
       i_tofd_t2.asm.obj            46      0         0      
       memccpy.c.obj                28      0         0      
       s_copysign.c.obj             26      0         0      
       strchr.c.obj                 22      0         0      
       strlen.c.obj                 20      0         0      
       wcslen.c.obj                 18      0         0      
       copy_decompress_none.c.obj   14      0         0      
       copy_zero_init.c.obj         12      0         0      
       errno.c.obj                  8       0         4      
       _lock.c.obj                  2       0         8      
       exit.c.obj                   4       0         0      
       pre_init.c.obj               4       0         0      
       div0.asm.obj                 2       0         0      
    +--+----------------------------+-------+---------+---------+
       Total:                       8243    257       20     
                                                             
       Heap:                        0       0         4096   
       Stack:                       0       0         4096   
       Linker Generated:            0       89        0      
    +--+----------------------------+-------+---------+---------+
       Grand Total:                 17322   1424      10056  


LINKER GENERATED COPY TABLES

__TI_cinit_table @ 00004948 records: 3, size/record: 8, table size: 24
	.data: load addr=00004900, load size=00000025 bytes, run addr=20002710, run size=0000003c bytes, compression=lzss
	.bss: load addr=00004938, load size=00000008 bytes, run addr=20002270, run size=000004a0 bytes, compression=zero_init
	.vtable: load addr=00004940, load size=00000008 bytes, run addr=20000000, run size=0000026c bytes, compression=zero_init


LINKER GENERATED HANDLER TABLE

__TI_handler_table @ 00004928 records: 3, size/record: 4, table size: 12
	index: 0, handler: __TI_zero_init
	index: 1, handler: __TI_decompress_lzss
	index: 2, handler: __TI_decompress_none


GLOBAL SYMBOLS: SORTED ALPHABETICALLY BY Name 

address   name                          
-------   ----                          
00002b65  BMX160_Init                   
00002f19  BMX160_begin                  
00003a91  BMX160_defaultParamSettg      
0000159d  BMX160_getAllData             
0000431d  BMX160_readReg                
00004343  BMX160_scan                   
00002e51  BMX160_setMagnConf            
000017cd  BMX160_showData               
000031bd  BMX160_softReset              
0000409d  BMX160_softResetWorker        
00003d89  BMX160_wakeUp                 
00003869  BMX160_writeBmxReg            
00004629  C$$EXIT                       
0000426f  GPIODirModeSet                
00001ec1  GPIOPadConfigSet              
00003b35  GPIOPinConfigure              
00004601  GPIOPinRead                   
00004425  GPIOPinTypeGPIOOutput         
00004489  GPIOPinTypeI2C                
0000449f  GPIOPinTypeI2CSCL             
000044b5  GPIOPinTypeUART               
00003571  I2C0_Init                     
000045d9  I2CMasterBusy                 
00004619  I2CMasterControl              
0000461d  I2CMasterDataGet              
00004621  I2CMasterDataPut              
000045b1  I2CMasterEnable               
000044cb  I2CMasterErr                  
00003b81  I2CMasterInitExpClk           
000045e1  I2CMasterSlaveAddrSet         
000023d9  I2C_AddressBruteForcer        
000036c9  I2C_ReadByte                  
00003991  I2C_readReg                   
00002965  I2C_writeSingleReg            
00003735  IntEnable                     
000040d5  IntRegister                   
00004109  LED_LEDInit                   
200026f8  Oaccel                        
200026fc  Obmx160                       
20002700  Ogyro                         
20002704  Omagn                         
00003e8d  PCF8574A_Init                 
000033f1  PCF8574A_Read                 
00003931  PCF8574A_Write                
00004607  ResetISR                      
00003bcd  SWITCH_Init                   
00004369  SWITCH_SW2_Pressed            
00003c19  SYSTICK_Delay                 
0000455d  SysClk_Init                   
00002629  SysCtlClockGet                
00002d5d  SysCtlClockSet                
0000460d  SysCtlDelay                   
0000413d  SysCtlPeripheralEnable        
00003fbd  SysCtlPeripheralReady         
000044f9  SysCtlResetCauseClear         
0000458d  SysCtlResetCauseGet           
00003ff5  SysFlag_Check                 
00004171  SysFlag_Clear                 
00004599  SysFlag_Init                  
000041a5  SysFlag_Set                   
0000450d  SysTickEnable                 
00004521  SysTickIntEnable              
000043d1  SysTickIntRegister            
0000456d  SysTickPeriodSet              
000043b1  SysTick_Init                  
000045bb  SysTick_IntHandler            
00003f45  SystemInitialize              
00003475  UART0_STDIO_Init              
0000402d  UART0_STDIO_IntHandler        
00004613  UARTClockSourceSet            
000042c9  UARTEchoSet                   
000041d9  UARTFlushRx                   
00003c65  UARTFlushTx                   
000045e9  UARTIntEnable                 
00004459  UARTIntRegister               
000045c5  UARTIntStatus                 
00002169  UARTStdioConfig               
00001d39  UARTStdioIntHandler           
00003f81  UARTgetc                      
0000438d  UARTprintf                    
00000cbd  UARTvprintf                   
00002741  UARTwrite                     
20001270  __STACK_END                   
00001000  __STACK_SIZE                  
20000470  __STACK_TOP                   
00001000  __SYSMEM_SIZE                 
00004948  __TI_CINIT_Base               
00004960  __TI_CINIT_Limit              
00004928  __TI_Handler_Table_Base       
00004934  __TI_Handler_Table_Limit      
00003d45  __TI_auto_init_nobinit_nopinit
0000379d  __TI_decompress_lzss          
0000457d  __TI_decompress_none          
00003a3d  __TI_ltoa                     
ffffffff  __TI_pprof_out_hndl           
0000026d  __TI_printfi                  
ffffffff  __TI_prof_data_size           
ffffffff  __TI_prof_data_start          
00000000  __TI_static_base__            
000045a5  __TI_zero_init                
000032e5  __aeabi_cdcmpeq               
000032e5  __aeabi_cdcmple               
0000336b  __aeabi_cdrcmple              
00003cfd  __aeabi_d2iz                  
00001b8b  __aeabi_dadd                  
000022a1  __aeabi_ddiv                  
00002c61  __aeabi_dmul                  
00001b81  __aeabi_dsub                  
000045f1  __aeabi_errno_addr            
00004065  __aeabi_f2d                   
00004241  __aeabi_i2d                   
00002fd7  __aeabi_idiv0                 
00002fd7  __aeabi_ldiv0                 
000034f5  __aeabi_memclr                
000034f5  __aeabi_memclr4               
000034f5  __aeabi_memclr8               
0000308b  __aeabi_memcpy                
0000308b  __aeabi_memcpy4               
0000308b  __aeabi_memcpy8               
000034f7  __aeabi_memset                
000034f7  __aeabi_memset4               
000034f7  __aeabi_memset8               
00003e0d  __aeabi_uidiv                 
00003e0d  __aeabi_uidivmod              
00003127  __aeabi_uldivmod              
ffffffff  __binit__                     
ffffffff  __c_args__                    
000038cd  __error__                     
UNDEFED   __mpu_init                    
20000270  __stack                       
20000000  __start___llvm_prf_cnts       
20000000  __stop___llvm_prf_cnts        
0000420d  _c_int00_noargs               
0000462c  _ctypes_                      
20002730  _lock                         
00002f17  _nop                          
20001270  _sys_memory                   
UNDEFED   _system_post_cinit            
00004625  _system_pre_init              
20002734  _unlock                       
00004629  abort                         
20002740  accelRange                    
00002a65  aligned_alloc                 
00003cb1  atoi                          
ffffffff  binit                         
0000443f  copysign                      
0000443f  copysignl                     
20002748  errno                         
00003805  frexp                         
00003805  frexpl                        
20000000  g_pfnRAMVectors               
00000000  g_pfnVectors                  
20002708  g_uiSysFlags                  
20002744  gyroRange                     
00002855  ldexp                         
00002855  ldexpl                        
00001011  main                          
000045f9  malloc                        
00002a65  memalign                      
00004409  memccpy                       
0000308b  memcpy                        
000034fd  memset                        
2000270c  resetCause                    
00002855  scalbn                        
00002855  scalbnl                       
00003e4d  sprintf                       
000044e1  strchr                        
00004535  strlen                        
00004549  wcslen                        


GLOBAL SYMBOLS: SORTED BY Symbol Address 

address   name                          
-------   ----                          
00000000  __TI_static_base__            
00000000  g_pfnVectors                  
0000026d  __TI_printfi                  
00000cbd  UARTvprintf                   
00001000  __STACK_SIZE                  
00001000  __SYSMEM_SIZE                 
00001011  main                          
0000159d  BMX160_getAllData             
000017cd  BMX160_showData               
00001b81  __aeabi_dsub                  
00001b8b  __aeabi_dadd                  
00001d39  UARTStdioIntHandler           
00001ec1  GPIOPadConfigSet              
00002169  UARTStdioConfig               
000022a1  __aeabi_ddiv                  
000023d9  I2C_AddressBruteForcer        
00002629  SysCtlClockGet                
00002741  UARTwrite                     
00002855  ldexp                         
00002855  ldexpl                        
00002855  scalbn                        
00002855  scalbnl                       
00002965  I2C_writeSingleReg            
00002a65  aligned_alloc                 
00002a65  memalign                      
00002b65  BMX160_Init                   
00002c61  __aeabi_dmul                  
00002d5d  SysCtlClockSet                
00002e51  BMX160_setMagnConf            
00002f17  _nop                          
00002f19  BMX160_begin                  
00002fd7  __aeabi_idiv0                 
00002fd7  __aeabi_ldiv0                 
0000308b  __aeabi_memcpy                
0000308b  __aeabi_memcpy4               
0000308b  __aeabi_memcpy8               
0000308b  memcpy                        
00003127  __aeabi_uldivmod              
000031bd  BMX160_softReset              
000032e5  __aeabi_cdcmpeq               
000032e5  __aeabi_cdcmple               
0000336b  __aeabi_cdrcmple              
000033f1  PCF8574A_Read                 
00003475  UART0_STDIO_Init              
000034f5  __aeabi_memclr                
000034f5  __aeabi_memclr4               
000034f5  __aeabi_memclr8               
000034f7  __aeabi_memset                
000034f7  __aeabi_memset4               
000034f7  __aeabi_memset8               
000034fd  memset                        
00003571  I2C0_Init                     
000036c9  I2C_ReadByte                  
00003735  IntEnable                     
0000379d  __TI_decompress_lzss          
00003805  frexp                         
00003805  frexpl                        
00003869  BMX160_writeBmxReg            
000038cd  __error__                     
00003931  PCF8574A_Write                
00003991  I2C_readReg                   
00003a3d  __TI_ltoa                     
00003a91  BMX160_defaultParamSettg      
00003b35  GPIOPinConfigure              
00003b81  I2CMasterInitExpClk           
00003bcd  SWITCH_Init                   
00003c19  SYSTICK_Delay                 
00003c65  UARTFlushTx                   
00003cb1  atoi                          
00003cfd  __aeabi_d2iz                  
00003d45  __TI_auto_init_nobinit_nopinit
00003d89  BMX160_wakeUp                 
00003e0d  __aeabi_uidiv                 
00003e0d  __aeabi_uidivmod              
00003e4d  sprintf                       
00003e8d  PCF8574A_Init                 
00003f45  SystemInitialize              
00003f81  UARTgetc                      
00003fbd  SysCtlPeripheralReady         
00003ff5  SysFlag_Check                 
0000402d  UART0_STDIO_IntHandler        
00004065  __aeabi_f2d                   
0000409d  BMX160_softResetWorker        
000040d5  IntRegister                   
00004109  LED_LEDInit                   
0000413d  SysCtlPeripheralEnable        
00004171  SysFlag_Clear                 
000041a5  SysFlag_Set                   
000041d9  UARTFlushRx                   
0000420d  _c_int00_noargs               
00004241  __aeabi_i2d                   
0000426f  GPIODirModeSet                
000042c9  UARTEchoSet                   
0000431d  BMX160_readReg                
00004343  BMX160_scan                   
00004369  SWITCH_SW2_Pressed            
0000438d  UARTprintf                    
000043b1  SysTick_Init                  
000043d1  SysTickIntRegister            
00004409  memccpy                       
00004425  GPIOPinTypeGPIOOutput         
0000443f  copysign                      
0000443f  copysignl                     
00004459  UARTIntRegister               
00004489  GPIOPinTypeI2C                
0000449f  GPIOPinTypeI2CSCL             
000044b5  GPIOPinTypeUART               
000044cb  I2CMasterErr                  
000044e1  strchr                        
000044f9  SysCtlResetCauseClear         
0000450d  SysTickEnable                 
00004521  SysTickIntEnable              
00004535  strlen                        
00004549  wcslen                        
0000455d  SysClk_Init                   
0000456d  SysTickPeriodSet              
0000457d  __TI_decompress_none          
0000458d  SysCtlResetCauseGet           
00004599  SysFlag_Init                  
000045a5  __TI_zero_init                
000045b1  I2CMasterEnable               
000045bb  SysTick_IntHandler            
000045c5  UARTIntStatus                 
000045d9  I2CMasterBusy                 
000045e1  I2CMasterSlaveAddrSet         
000045e9  UARTIntEnable                 
000045f1  __aeabi_errno_addr            
000045f9  malloc                        
00004601  GPIOPinRead                   
00004607  ResetISR                      
0000460d  SysCtlDelay                   
00004613  UARTClockSourceSet            
00004619  I2CMasterControl              
0000461d  I2CMasterDataGet              
00004621  I2CMasterDataPut              
00004625  _system_pre_init              
00004629  C$$EXIT                       
00004629  abort                         
0000462c  _ctypes_                      
00004928  __TI_Handler_Table_Base       
00004934  __TI_Handler_Table_Limit      
00004948  __TI_CINIT_Base               
00004960  __TI_CINIT_Limit              
20000000  __start___llvm_prf_cnts       
20000000  __stop___llvm_prf_cnts        
20000000  g_pfnRAMVectors               
20000270  __stack                       
20000470  __STACK_TOP                   
20001270  __STACK_END                   
20001270  _sys_memory                   
200026f8  Oaccel                        
200026fc  Obmx160                       
20002700  Ogyro                         
20002704  Omagn                         
20002708  g_uiSysFlags                  
2000270c  resetCause                    
20002730  _lock                         
20002734  _unlock                       
20002740  accelRange                    
20002744  gyroRange                     
20002748  errno                         
ffffffff  __TI_pprof_out_hndl           
ffffffff  __TI_prof_data_size           
ffffffff  __TI_prof_data_start          
ffffffff  __binit__                     
ffffffff  __c_args__                    
ffffffff  binit                         
UNDEFED   __mpu_init                    
UNDEFED   _system_post_cinit            

[169 symbols]
