******************************************************************************
                  TI ARM Linker PC v20.2.5                     
******************************************************************************
>> Linked Mon Feb 14 08:41:06 2022

OUTPUT FILE NAME:   <DroneProject.out>
ENTRY POINT SYMBOL: "_c_int00_noargs"  address: 000058d9


MEMORY CONFIGURATION

         name            origin    length      used     unused   attr    fill
----------------------  --------  ---------  --------  --------  ----  --------
  FLASH                 00000000   00040000  0000613a  00039ec6  R  X
  SRAM                  20000000   00008000  000029ca  00005636  RW X


SEGMENT ALLOCATION MAP

run origin  load origin   length   init length attrs members
----------  ----------- ---------- ----------- ----- -------
00000000    00000000    00006140   00006140    r-x
  00000000    00000000    0000026c   0000026c    r-- .intvecs
  0000026c    0000026c    00005ade   00005ade    r-x .text
  00005d50    00005d50    000003a8   000003a8    r-- .const
  000060f8    000060f8    00000048   00000048    r-- .cinit
20000000    20000000    000029d0   00000000    rw-
  20000000    20000000    0000026c   00000000    rw- .vtable
  20000270    20000270    00001000   00000000    rw- .stack
  20001270    20001270    00001000   00000000    rw- .sysmem
  20002270    20002270    0000072e   00000000    rw- .bss
  200029a0    200029a0    00000030   00000000    rw- .data


SECTION ALLOCATION MAP

 output                                  attributes/
section   page    origin      length       input sections
--------  ----  ----------  ----------   ----------------
.intvecs   0    00000000    0000026c     
                  00000000    0000026c     startup_ccs.obj (.intvecs)

.text      0    0000026c    00005ade     
                  0000026c    00000a4e     rtsv7M4_T_le_v4SPD16_eabi.lib : _printfi.c.obj (.text:__TI_printfi)
                  00000cba    00000002     startup_ccs.obj (.text:FaultISR)
                  00000cbc    000009d0     rtsv7M4_T_le_v4SPD16_eabi.lib : e_pow.c.obj (.text:pow)
                  0000168c    000005ac     main.obj (.text:main)
                  00001c38    00000354     main.obj (.text:UARTvprintf)
                  00001f8c    000002a8     OrangeRX.obj (.text:OrangeRX_Init)
                  00002234    0000029a     BMP388.obj (.text:BMP388_compensate_pressure)
                  000024ce    00000002     startup_ccs.obj (.text:IntDefaultHandler)
                  000024d0    00000270     rtsv7M4_T_le_v4SPD16_eabi.lib : _printfi.c.obj (.text:_pconv_a)
                  00002740    000001d4     BMP388.obj (.text:BMP388_showData)
                  00002914    000001d0     rtsv7M4_T_le_v4SPD16_eabi.lib : _printfi.c.obj (.text:_pconv_g)
                  00002ae4    000001b6                                   : fd_add_t2.asm.obj (.text)
                  00002c9a    00000002     startup_ccs.obj (.text:NmiSR)
                  00002c9c    00000188     main.obj (.text:UARTStdioIntHandler)
                  00002e24    0000016c     driverlib.lib : gpio.obj (.text:GPIOPadConfigSet)
                  00002f90    00000158     rtsv7M4_T_le_v4SPD16_eabi.lib : e_sqrt.c.obj (.text:sqrt)
                  000030e8    00000143     i2c.obj (.text:I2C_AddressBruteForcer)
                  0000322b    00000001     --HOLE-- [fill = 0]
                  0000322c    0000013c     rtsv7M4_T_le_v4SPD16_eabi.lib : _printfi.c.obj (.text:_pconv_e)
                  00003368    00000138     main.obj (.text:UARTStdioConfig)
                  000034a0    00000136     rtsv7M4_T_le_v4SPD16_eabi.lib : fd_div_t2.asm.obj (.text)
                  000035d6    00000002                                   : div0.asm.obj (.text)
                  000035d8    00000124                                   : _printfi.c.obj (.text:fcvt)
                  000036fc    00000118     driverlib.lib : sysctl.obj (.text:SysCtlClockGet)
                  00003814    00000114     OrangeRX.obj (.text:OrangeRX_showActData)
                  00003928    00000114     main.obj (.text:UARTwrite)
                  00003a3c    00000110     rtsv7M4_T_le_v4SPD16_eabi.lib : s_scalbn.c.obj (.text:scalbn)
                  00003b4c    0000010c     BMP388.obj (.text:BMP388_get_sensor_data)
                  00003c58    00000100     i2c.obj (.text:I2C_writeSingleReg)
                  00003d58    000000fc     rtsv7M4_T_le_v4SPD16_eabi.lib : fd_mul_t2.asm.obj (.text)
                  00003e54    000000f4     OrangeRX.obj (.text:OrangeRX_extractData)
                  00003f48    000000f4     driverlib.lib : sysctl.obj (.text:SysCtlClockSet)
                  0000403c    000000f0     buzzer.obj (.text:BUZZ_SM)
                  0000412c    000000e4     OrangeRX.obj (.text:OrangeRX_receivedChannelReorganizer)
                  00004210    000000c6     BMX160.obj (.text:BMX160_setMagnConf)
                  000042d6    00000002     --HOLE-- [fill = 0]
                  000042d8    000000b1     rtsv7M4_T_le_v4SPD16_eabi.lib : _printfi.c.obj (.text:_ltostr)
                  00004389    00000003     --HOLE-- [fill = 0]
                  0000438c    000000ad     BMP388.obj (.text:BMP388_compensate_data)
                  00004439    00000001     --HOLE-- [fill = 0]
                  0000443a    0000009c     rtsv7M4_T_le_v4SPD16_eabi.lib : memcpy_t2.asm.obj (.text)
                  000044d6    00000096                                   : ull_div_t2.asm.obj (.text)
                  0000456c    00000094     BMX160.obj (.text:BMX160_softReset)
                  00004600    00000094     main.obj (.text:UARTPrimeTransmit)
                  00004694    00000088     BMP388.obj (.text:BMP388_get_regs)
                  0000471c    00000086     rtsv7M4_T_le_v4SPD16_eabi.lib : fd_cmp_t2.asm.obj (.text:__aeabi_cdcmple)
                  000047a2    00000086                                   : fd_cmp_t2.asm.obj (.text:__aeabi_cdrcmple)
                  00004828    00000084     i2c.obj (.text:PCF8574A_Read)
                  000048ac    00000080     uart.obj (.text:UART0_STDIO_Init)
                  0000492c    0000007c     BMP388.obj (.text:BMP388_readAltitude)
                  000049a8    0000007a     rtsv7M4_T_le_v4SPD16_eabi.lib : memset_t2.asm.obj (.text)
                  00004a22    00000002     --HOLE-- [fill = 0]
                  00004a24    00000078     BMP388.obj (.text:BMP388_readCalibratedAltitude)
                  00004a9c    00000070     BMP388.obj (.text:BMP388_readSeaLevel)
                  00004b0c    0000006e     BMP388.obj (.text:BMP388_compensate_temperature)
                  00004b7a    0000006e     rtsv7M4_T_le_v4SPD16_eabi.lib : _printfi.c.obj (.text:_mcpy)
                  00004be8    0000006e                                   : fd_tos_t2.asm.obj (.text)
                  00004c56    0000006c     BMP388.obj (.text:BMP388_parse_sensor_data)
                  00004cc2    00000002     --HOLE-- [fill = 0]
                  00004cc4    0000006c     i2c.obj (.text:I2C_ReadByte)
                  00004d30    00000068     driverlib.lib : interrupt.obj (.text:IntEnable)
                  00004d98    00000068     rtsv7M4_T_le_v4SPD16_eabi.lib : copy_decompress_lzss.c.obj (.text:decompress:lzss:__TI_decompress_lzss)
                  00004e00    00000066     BMP388.obj (.text:BMP388_readTemperature)
                  00004e66    00000002     --HOLE-- [fill = 0]
                  00004e68    00000064     rtsv7M4_T_le_v4SPD16_eabi.lib : s_frexp.c.obj (.text:frexp)
                  00004ecc    00000063     BMP388.obj (.text:BMP388_readPressure)
                  00004f2f    00000001     --HOLE-- [fill = 0]
                  00004f30    00000063     BMX160.obj (.text:BMX160_writeBmxReg)
                  00004f93    00000001     --HOLE-- [fill = 0]
                  00004f94    00000061     main.obj (.text:__error__)
                  00004ff5    00000003     --HOLE-- [fill = 0]
                  00004ff8    00000060     i2c.obj (.text:PCF8574A_Write)
                  00005058    00000060     driverlib.lib : timer.obj (.text:TimerConfigure)
                  000050b8    00000056     rtsv7M4_T_le_v4SPD16_eabi.lib : _printfi.c.obj (.text:_pconv_f)
                  0000510e    00000054                                   : _ltoa.c.obj (.text:__TI_ltoa)
                  00005162    00000052     BMX160.obj (.text:BMX160_defaultParamSettg)
                  000051b4    00000052     rtsv7M4_T_le_v4SPD16_eabi.lib : _printfi.c.obj (.text:_ecpy)
                  00005206    00000002     --HOLE-- [fill = 0]
                  00005208    0000004c     driverlib.lib : gpio.obj (.text:GPIOPinConfigure)
                  00005254    0000004c     onBoardSwitch.obj (.text:SWITCH_Init)
                  000052a0    0000004c     SysTick.obj (.text:SYSTICK_Delay)
                  000052ec    0000004c     main.obj (.text:UARTFlushTx)
                  00005338    0000004c     driverlib.lib : timer.obj (.text:_TimerIntNumberGet)
                  00005384    0000004c     rtsv7M4_T_le_v4SPD16_eabi.lib : atoi.c.obj (.text:atoi)
                  000053d0    00000048                                   : fd_toi_t2.asm.obj (.text)
                  00005418    00000044                                   : autoinit.c.obj (.text:__TI_auto_init_nobinit_nopinit:__TI_auto_init_nobinit_nopinit)
                  0000545c    00000042     BMX160.obj (.text:BMX160_wakeUp)
                  0000549e    00000002     --HOLE-- [fill = 0]
                  000054a0    00000040     driverlib.lib : uart.obj (.text:_UARTIntNumberGet)
                  000054e0    00000040     rtsv7M4_T_le_v4SPD16_eabi.lib : u_divt2.asm.obj (.text)
                  00005520    00000040                                   : sprintf.c.obj (.text:sprintf)
                  00005560    0000003e                                   : _printfi.c.obj (.text:_fcpy)
                  0000559e    00000002     --HOLE-- [fill = 0]
                  000055a0    0000003c     buzzer.obj (.text:BUZZ_BUZZER)
                  000055dc    0000003c     main.obj (.text:IsBufferFull)
                  00005618    0000003c     main.obj (.text:UARTgetc)
                  00005654    00000038     driverlib.lib : sysctl.obj (.text:SysCtlPeripheralReady)
                  0000568c    00000038     SysFlag.obj (.text:SysFlag_Check)
                  000056c4    00000038     uart.obj (.text:UART0_STDIO_IntHandler)
                  000056fc    00000038     rtsv7M4_T_le_v4SPD16_eabi.lib : fs_tod_t2.asm.obj (.text)
                  00005734    00000036     BMX160.obj (.text:BMX160_softResetWorker)
                  0000576a    00000002     --HOLE-- [fill = 0]
                  0000576c    00000034     driverlib.lib : interrupt.obj (.text:IntRegister)
                  000057a0    00000034     led.obj (.text:LED_LEDInit)
                  000057d4    00000034     driverlib.lib : sysctl.obj (.text:SysCtlPeripheralEnable)
                  00005808    00000034     SysFlag.obj (.text:SysFlag_Clear)
                  0000583c    00000034     SysFlag.obj (.text:SysFlag_Set)
                  00005870    00000034     main.obj (.text:SystemInitialize)
                  000058a4    00000034     main.obj (.text:UARTFlushRx)
                  000058d8    00000034     rtsv7M4_T_le_v4SPD16_eabi.lib : boot_cortex_m.c.obj (.text:_c_int00_noargs:_c_int00_noargs)
                  0000590c    0000002e                                   : i_tofd_t2.asm.obj (.text)
                  0000593a    00000002     --HOLE-- [fill = 0]
                  0000593c    0000002c     buzzer.obj (.text:BUZZ_BUZZ)
                  00005968    0000002c     driverlib.lib : gpio.obj (.text:GPIODirModeSet)
                  00005994    0000002c     main.obj (.text:IsBufferEmpty)
                  000059c0    0000002c     main.obj (.text:UARTEchoSet)
                  000059ec    00000024     onBoardSwitch.obj (.text:SWITCH_SW1_Pressed)
                  00005a10    00000024     onBoardSwitch.obj (.text:SWITCH_SW2_Pressed)
                  00005a34    00000024     main.obj (.text:UARTprintf)
                  00005a58    00000020     OrangeRX.obj (.text:OrangeRX_IntHandler)
                  00005a78    00000020     SysTick.obj (.text:SysTick_Init)
                  00005a98    00000020     rtsv7M4_T_le_v4SPD16_eabi.lib : u_tofd_t2.asm.obj (.text)
                  00005ab8    0000001c     driverlib.lib : systick.obj (.text:SysTickIntRegister)
                  00005ad4    0000001c     rtsv7M4_T_le_v4SPD16_eabi.lib : memccpy.c.obj (.text:memccpy)
                  00005af0    0000001a     driverlib.lib : gpio.obj (.text:GPIOPinTypeGPIOOutput)
                  00005b0a    0000001a     rtsv7M4_T_le_v4SPD16_eabi.lib : s_copysign.c.obj (.text:copysign)
                  00005b24    00000018     driverlib.lib : timer.obj (.text:TimerIntRegister)
                  00005b3c    00000018                   : uart.obj (.text:UARTIntRegister)
                  00005b54    00000018     rtsv7M4_T_le_v4SPD16_eabi.lib : sprintf.c.obj (.text:_outs)
                  00005b6c    00000016     driverlib.lib : gpio.obj (.text:GPIOPinTypeTimer)
                  00005b82    00000016                   : gpio.obj (.text:GPIOPinTypeUART)
                  00005b98    00000016                   : i2c.obj (.text:I2CMasterErr)
                  00005bae    00000016                   : timer.obj (.text:TimerControlEvent)
                  00005bc4    00000016     rtsv7M4_T_le_v4SPD16_eabi.lib : strchr.c.obj (.text:strchr)
                  00005bda    00000002     --HOLE-- [fill = 0]
                  00005bdc    00000014     driverlib.lib : sysctl.obj (.text:SysCtlResetCauseClear)
                  00005bf0    00000014                   : systick.obj (.text:SysTickEnable)
                  00005c04    00000014                   : systick.obj (.text:SysTickIntEnable)
                  00005c18    00000014     rtsv7M4_T_le_v4SPD16_eabi.lib : strlen.c.obj (.text:strlen)
                  00005c2c    00000012     driverlib.lib : timer.obj (.text:TimerLoadSet)
                  00005c3e    00000012                   : timer.obj (.text:TimerMatchSet)
                  00005c50    00000012     rtsv7M4_T_le_v4SPD16_eabi.lib : wcslen.c.obj (.text:wcslen)
                  00005c62    00000002     --HOLE-- [fill = 0]
                  00005c64    00000010     sysclk.obj (.text:SysClk_Init)
                  00005c74    00000010     driverlib.lib : systick.obj (.text:SysTickPeriodSet)
                  00005c84    0000000e                   : timer.obj (.text:TimerEnable)
                  00005c92    0000000e     rtsv7M4_T_le_v4SPD16_eabi.lib : copy_decompress_none.c.obj (.text:decompress:none:__TI_decompress_none)
                  00005ca0    0000000c     driverlib.lib : sysctl.obj (.text:SysCtlResetCauseGet)
                  00005cac    0000000c     SysFlag.obj (.text:SysFlag_Init)
                  00005cb8    0000000c     rtsv7M4_T_le_v4SPD16_eabi.lib : copy_zero_init.c.obj (.text:decompress:ZI:__TI_zero_init)
                  00005cc4    0000000a     SysTick.obj (.text:SysTick_IntHandler)
                  00005cce    0000000a     driverlib.lib : timer.obj (.text:TimerValueGet)
                  00005cd8    0000000a                   : uart.obj (.text:UARTIntStatus)
                  00005ce2    0000000a     rtsv7M4_T_le_v4SPD16_eabi.lib : sprintf.c.obj (.text:_outc)
                  00005cec    00000008     driverlib.lib : i2c.obj (.text:I2CMasterBusy)
                  00005cf4    00000008                   : i2c.obj (.text:I2CMasterSlaveAddrSet)
                  00005cfc    00000008                   : timer.obj (.text:TimerIntEnable)
                  00005d04    00000008                   : uart.obj (.text:UARTIntEnable)
                  00005d0c    00000008     rtsv7M4_T_le_v4SPD16_eabi.lib : errno.c.obj (.text:__aeabi_errno_addr)
                  00005d14    00000006     driverlib.lib : gpio.obj (.text:GPIOPinRead)
                  00005d1a    00000006                   : gpio.obj (.text:GPIOPinWrite)
                  00005d20    00000006     startup_ccs.obj (.text:ResetISR)
                  00005d26    00000006     driverlib.lib : sysctl.obj (.text:SysCtlDelay)
                  00005d2c    00000006                   : uart.obj (.text:UARTClockSourceSet)
                  00005d32    00000004                   : i2c.obj (.text:I2CMasterControl)
                  00005d36    00000004                   : i2c.obj (.text:I2CMasterDataGet)
                  00005d3a    00000004                   : i2c.obj (.text:I2CMasterDataPut)
                  00005d3e    00000004                   : timer.obj (.text:TimerIntClear)
                  00005d42    00000004     rtsv7M4_T_le_v4SPD16_eabi.lib : pre_init.c.obj (.text:_system_pre_init)
                  00005d46    00000004                                   : exit.c.obj (.text:abort:abort)

.const     0    00005d50    000003a8     
                  00005d50    00000101     rtsv7M4_T_le_v4SPD16_eabi.lib : ctype.c.obj (.const:.string:_ctypes_)
                  00005e51    00000003     --HOLE-- [fill = 0]
                  00005e54    00000090     driverlib.lib : gpio.obj (.const:g_pui32GPIOBaseAddrs)
                  00005ee4    0000006c                   : sysctl.obj (.const:g_pui32Xtals)
                  00005f50    00000060                   : timer.obj (.const:g_ppui32TimerIntMap)
                  00005fb0    00000040                   : timer.obj (.const:g_ppui32TimerIntMapSnowflake)
                  00005ff0    00000040                   : uart.obj (.const:g_ppui32UARTIntMap)
                  00006030    00000040                   : uart.obj (.const:g_ppui32UARTIntMapSnowflake)
                  00006070    00000030     rtsv7M4_T_le_v4SPD16_eabi.lib : e_pow.c.obj (.const:$O1$$)
                  000060a0    00000014     driverlib.lib : interrupt.obj (.const:g_pui32EnRegs)
                  000060b4    00000012     main.obj (.const:.string)
                  000060c6    00000002     --HOLE-- [fill = 0]
                  000060c8    0000000c     main.obj (.const:g_ui32UARTBase)
                  000060d4    0000000c     main.obj (.const:g_ui32UARTInt)
                  000060e0    0000000c     main.obj (.const:g_ui32UARTPeriph)
                  000060ec    00000008     BMP388.obj (.const:$P$T0$1)
                  000060f4    00000004     main.obj (.const)

.cinit     0    000060f8    00000048     
                  000060f8    00000010     (.cinit..data.load) [load image, compression = lzss]
                  00006108    0000000c     (__TI_handler_table)
                  00006114    00000004     --HOLE-- [fill = 0]
                  00006118    00000008     (.cinit..bss.load) [load image, compression = zero_init]
                  00006120    00000008     (.cinit..vtable.load) [load image, compression = zero_init]
                  00006128    00000018     (__TI_cinit_table)

.init_array 
*          0    00000000    00000000     UNINITIALIZED

.vtable    0    20000000    0000026c     UNINITIALIZED
                  20000000    0000026c     driverlib.lib : interrupt.obj (.vtable)

.stack     0    20000270    00001000     UNINITIALIZED
                  20000270    00000004     rtsv7M4_T_le_v4SPD16_eabi.lib : boot_cortex_m.c.obj (.stack)
                  20000274    00000ffc     --HOLE--

.sysmem    0    20001270    00001000     UNINITIALIZED
                  20001270    00000010     rtsv7M4_T_le_v4SPD16_eabi.lib : memory.c.obj (.sysmem)
                  20001280    00000ff0     --HOLE--

.bss       0    20002270    0000072e     UNINITIALIZED
                  20002270    00000400     main.obj (.bss:g_pcUARTTxBuffer)
                  20002670    00000188     (.common:rx_data)
                  200027f8    000000d0     (.common:dev)
                  200028c8    00000080     main.obj (.bss:g_pcUARTRxBuffer)
                  20002948    00000038     (.common:rx_text)
                  20002980    00000008     main.obj (.bss)
                  20002988    00000004     buzzer.obj (.bss)
                  2000298c    00000004     (.common:Obmx160)
                  20002990    00000004     (.common:g_uiSysFlags)
                  20002994    00000004     (.common:resetCause)
                  20002998    00000002     (.common:buzDuration)
                  2000299a    00000002     (.common:count)
                  2000299c    00000002     (.common:pauseTime)

.data      0    200029a0    00000030     UNINITIALIZED
                  200029a0    00000028     main.obj (.data)
                  200029c8    00000004     rtsv7M4_T_le_v4SPD16_eabi.lib : errno.c.obj (.data)
                  200029cc    00000003     buzzer.obj (.data)
                  200029cf    00000001     OrangeRX.obj (.data)

__llvm_prf_cnts 
*          0    20000000    00000000     UNINITIALIZED

.binit     0    00000000    00000000     

MODULE SUMMARY

       Module                       code    ro data   rw data
       ------                       ----    -------   -------
    .\
       main.obj                     3953    58        1204   
       startup_ccs.obj              12      620       0      
    +--+----------------------------+-------+---------+---------+
       Total:                       3965    678       1204   
                                                             
    .\local_Include\
       i2c.obj                      915     0         0      
       uart.obj                     184     0         0      
       SysFlag.obj                  172     0         4      
       onBoardSwitch.obj            148     0         0      
       SysTick.obj                  118     0         0      
       led.obj                      52      0         0      
       sysclk.obj                   16      0         0      
    +--+----------------------------+-------+---------+---------+
       Total:                       1605    0         4      
                                                             
    .\local_Include\BMP388\
       BMP388.obj                   2486    8         208    
    +--+----------------------------+-------+---------+---------+
       Total:                       2486    8         208    
                                                             
    .\local_Include\BMX160\
       BMX160.obj                   647     0         4      
    +--+----------------------------+-------+---------+---------+
       Total:                       647     0         4      
                                                             
    .\local_Include\BUZZER\
       buzzer.obj                   344     0         13     
    +--+----------------------------+-------+---------+---------+
       Total:                       344     0         13     
                                                             
    .\local_Include\OrangeRX\
       OrangeRX.obj                 1460    0         449    
    +--+----------------------------+-------+---------+---------+
       Total:                       1460    0         449    
                                                             
    C:/ti/TivaWare_C_Series-2.2.0.295/driverlib/ccs/Debug/driverlib.lib
       interrupt.obj                156     20        620    
       sysctl.obj                   670     108       0      
       gpio.obj                     566     144       0      
       timer.obj                    290     160       0      
       uart.obj                     112     128       0      
       systick.obj                  84      0         0      
       i2c.obj                      50      0         0      
    +--+----------------------------+-------+---------+---------+
       Total:                       1928    560       620    
                                                             
    C:\ti\ccs1040\ccs\tools\compiler\ti-cgt-arm_20.2.5.LTS\lib\rtsv7M4_T_le_v4SPD16_eabi.lib
       _printfi.c.obj               4851    0         0      
       e_pow.c.obj                  2512    48        0      
       fd_add_t2.asm.obj            438     0         0      
       e_sqrt.c.obj                 344     0         0      
       fd_div_t2.asm.obj            310     0         0      
       s_scalbn.c.obj               272     0         0      
       fd_cmp_t2.asm.obj            268     0         0      
       ctype.c.obj                  0       257       0      
       fd_mul_t2.asm.obj            252     0         0      
       memcpy_t2.asm.obj            156     0         0      
       ull_div_t2.asm.obj           150     0         0      
       memset_t2.asm.obj            122     0         0      
       fd_tos_t2.asm.obj            110     0         0      
       copy_decompress_lzss.c.obj   104     0         0      
       s_frexp.c.obj                100     0         0      
       sprintf.c.obj                98      0         0      
       _ltoa.c.obj                  84      0         0      
       atoi.c.obj                   76      0         0      
       fd_toi_t2.asm.obj            72      0         0      
       autoinit.c.obj               68      0         0      
       u_divt2.asm.obj              64      0         0      
       fs_tod_t2.asm.obj            56      0         0      
       boot_cortex_m.c.obj          52      0         0      
       i_tofd_t2.asm.obj            46      0         0      
       u_tofd_t2.asm.obj            32      0         0      
       memccpy.c.obj                28      0         0      
       s_copysign.c.obj             26      0         0      
       strchr.c.obj                 22      0         0      
       strlen.c.obj                 20      0         0      
       wcslen.c.obj                 18      0         0      
       copy_decompress_none.c.obj   14      0         0      
       copy_zero_init.c.obj         12      0         0      
       errno.c.obj                  8       0         4      
       exit.c.obj                   4       0         0      
       pre_init.c.obj               4       0         0      
       div0.asm.obj                 2       0         0      
    +--+----------------------------+-------+---------+---------+
       Total:                       10795   305       4      
                                                             
       Heap:                        0       0         4096   
       Stack:                       0       0         4096   
       Linker Generated:            0       68        0      
    +--+----------------------------+-------+---------+---------+
       Grand Total:                 23230   1619      10698  


LINKER GENERATED COPY TABLES

__TI_cinit_table @ 00006128 records: 3, size/record: 8, table size: 24
	.data: load addr=000060f8, load size=00000010 bytes, run addr=200029a0, run size=00000030 bytes, compression=lzss
	.bss: load addr=00006118, load size=00000008 bytes, run addr=20002270, run size=0000072e bytes, compression=zero_init
	.vtable: load addr=00006120, load size=00000008 bytes, run addr=20000000, run size=0000026c bytes, compression=zero_init


LINKER GENERATED HANDLER TABLE

__TI_handler_table @ 00006108 records: 3, size/record: 4, table size: 12
	index: 0, handler: __TI_zero_init
	index: 1, handler: __TI_decompress_lzss
	index: 2, handler: __TI_decompress_none


GLOBAL SYMBOLS: SORTED ALPHABETICALLY BY Name 

address   name                               
-------   ----                               
0000438d  BMP388_compensate_data             
00002235  BMP388_compensate_pressure         
00004b0d  BMP388_compensate_temperature      
00004695  BMP388_get_regs                    
00003b4d  BMP388_get_sensor_data             
00004c57  BMP388_parse_sensor_data           
0000492d  BMP388_readAltitude                
00004a25  BMP388_readCalibratedAltitude      
00004ecd  BMP388_readPressure                
00004a9d  BMP388_readSeaLevel                
00004e01  BMP388_readTemperature             
00002741  BMP388_showData                    
00005163  BMX160_defaultParamSettg           
00004211  BMX160_setMagnConf                 
0000456d  BMX160_softReset                   
00005735  BMX160_softResetWorker             
0000545d  BMX160_wakeUp                      
00004f31  BMX160_writeBmxReg                 
0000593d  BUZZ_BUZZ                          
000055a1  BUZZ_BUZZER                        
0000403d  BUZZ_SM                            
00005d47  C$$EXIT                            
00005969  GPIODirModeSet                     
00002e25  GPIOPadConfigSet                   
00005209  GPIOPinConfigure                   
00005d15  GPIOPinRead                        
00005af1  GPIOPinTypeGPIOOutput              
00005b6d  GPIOPinTypeTimer                   
00005b83  GPIOPinTypeUART                    
00005d1b  GPIOPinWrite                       
00005ced  I2CMasterBusy                      
00005d33  I2CMasterControl                   
00005d37  I2CMasterDataGet                   
00005d3b  I2CMasterDataPut                   
00005b99  I2CMasterErr                       
00005cf5  I2CMasterSlaveAddrSet              
000030e9  I2C_AddressBruteForcer             
00004cc5  I2C_ReadByte                       
00003c59  I2C_writeSingleReg                 
00004d31  IntEnable                          
0000576d  IntRegister                        
000057a1  LED_LEDInit                        
2000298c  Obmx160                            
00001f8d  OrangeRX_Init                      
00005a59  OrangeRX_IntHandler                
00003e55  OrangeRX_extractData               
0000412d  OrangeRX_receivedChannelReorganizer
00003815  OrangeRX_showActData               
00004829  PCF8574A_Read                      
00004ff9  PCF8574A_Write                     
00005d21  ResetISR                           
00005255  SWITCH_Init                        
000059ed  SWITCH_SW1_Pressed                 
00005a11  SWITCH_SW2_Pressed                 
000052a1  SYSTICK_Delay                      
00005c65  SysClk_Init                        
000036fd  SysCtlClockGet                     
00003f49  SysCtlClockSet                     
00005d27  SysCtlDelay                        
000057d5  SysCtlPeripheralEnable             
00005655  SysCtlPeripheralReady              
00005bdd  SysCtlResetCauseClear              
00005ca1  SysCtlResetCauseGet                
0000568d  SysFlag_Check                      
00005809  SysFlag_Clear                      
00005cad  SysFlag_Init                       
0000583d  SysFlag_Set                        
00005bf1  SysTickEnable                      
00005c05  SysTickIntEnable                   
00005ab9  SysTickIntRegister                 
00005c75  SysTickPeriodSet                   
00005a79  SysTick_Init                       
00005cc5  SysTick_IntHandler                 
00005871  SystemInitialize                   
00005059  TimerConfigure                     
00005baf  TimerControlEvent                  
00005c85  TimerEnable                        
00005d3f  TimerIntClear                      
00005cfd  TimerIntEnable                     
00005b25  TimerIntRegister                   
00005c2d  TimerLoadSet                       
00005c3f  TimerMatchSet                      
00005ccf  TimerValueGet                      
000048ad  UART0_STDIO_Init                   
000056c5  UART0_STDIO_IntHandler             
00005d2d  UARTClockSourceSet                 
000059c1  UARTEchoSet                        
000058a5  UARTFlushRx                        
000052ed  UARTFlushTx                        
00005d05  UARTIntEnable                      
00005b3d  UARTIntRegister                    
00005cd9  UARTIntStatus                      
00003369  UARTStdioConfig                    
00002c9d  UARTStdioIntHandler                
00005619  UARTgetc                           
00005a35  UARTprintf                         
00001c39  UARTvprintf                        
00003929  UARTwrite                          
20001270  __STACK_END                        
00001000  __STACK_SIZE                       
20000470  __STACK_TOP                        
00001000  __SYSMEM_SIZE                      
00006128  __TI_CINIT_Base                    
00006140  __TI_CINIT_Limit                   
00006108  __TI_Handler_Table_Base            
00006114  __TI_Handler_Table_Limit           
00005419  __TI_auto_init_nobinit_nopinit     
00004d99  __TI_decompress_lzss               
00005c93  __TI_decompress_none               
0000510f  __TI_ltoa                          
ffffffff  __TI_pprof_out_hndl                
0000026d  __TI_printfi                       
ffffffff  __TI_prof_data_size                
ffffffff  __TI_prof_data_start               
00000000  __TI_static_base__                 
00005cb9  __TI_zero_init                     
0000471d  __aeabi_cdcmpeq                    
0000471d  __aeabi_cdcmple                    
000047a3  __aeabi_cdrcmple                   
00004be9  __aeabi_d2f                        
000053d1  __aeabi_d2iz                       
00002aef  __aeabi_dadd                       
000034a1  __aeabi_ddiv                       
00003d59  __aeabi_dmul                       
00002ae5  __aeabi_dsub                       
00005d0d  __aeabi_errno_addr                 
000056fd  __aeabi_f2d                        
0000590d  __aeabi_i2d                        
000035d7  __aeabi_idiv0                      
000035d7  __aeabi_ldiv0                      
000049a9  __aeabi_memclr                     
000049a9  __aeabi_memclr4                    
000049a9  __aeabi_memclr8                    
0000443b  __aeabi_memcpy                     
0000443b  __aeabi_memcpy4                    
0000443b  __aeabi_memcpy8                    
000049ab  __aeabi_memset                     
000049ab  __aeabi_memset4                    
000049ab  __aeabi_memset8                    
00005a99  __aeabi_ui2d                       
000054e1  __aeabi_uidiv                      
000054e1  __aeabi_uidivmod                   
000044d7  __aeabi_uldivmod                   
ffffffff  __binit__                          
ffffffff  __c_args__                         
00004f95  __error__                          
UNDEFED   __mpu_init                         
20000270  __stack                            
20000000  __start___llvm_prf_cnts            
20000000  __stop___llvm_prf_cnts             
000058d9  _c_int00_noargs                    
00005d50  _ctypes_                           
20001270  _sys_memory                        
UNDEFED   _system_post_cinit                 
00005d43  _system_pre_init                   
00005d47  abort                              
00005385  atoi                               
ffffffff  binit                              
20002998  buzDuration                        
00005b0b  copysign                           
00005b0b  copysignl                          
2000299a  count                              
200027f8  dev                                
200029c8  errno                              
200029cf  frameGapChNo                       
00004e69  frexp                              
00004e69  frexpl                             
20000000  g_pfnRAMVectors                    
00000000  g_pfnVectors                       
20002990  g_uiSysFlags                       
00003a3d  ldexp                              
00003a3d  ldexpl                             
0000168d  main                               
00005ad5  memccpy                            
0000443b  memcpy                             
000049b1  memset                             
2000299c  pauseTime                          
00000cbd  pow                                
00000cbd  powl                               
20002994  resetCause                         
20002670  rx_data                            
20002948  rx_text                            
00003a3d  scalbn                             
00003a3d  scalbnl                            
00005521  sprintf                            
00002f91  sqrt                               
00002f91  sqrtl                              
00005bc5  strchr                             
00005c19  strlen                             
00005c51  wcslen                             


GLOBAL SYMBOLS: SORTED BY Symbol Address 

address   name                               
-------   ----                               
00000000  __TI_static_base__                 
00000000  g_pfnVectors                       
0000026d  __TI_printfi                       
00000cbd  pow                                
00000cbd  powl                               
00001000  __STACK_SIZE                       
00001000  __SYSMEM_SIZE                      
0000168d  main                               
00001c39  UARTvprintf                        
00001f8d  OrangeRX_Init                      
00002235  BMP388_compensate_pressure         
00002741  BMP388_showData                    
00002ae5  __aeabi_dsub                       
00002aef  __aeabi_dadd                       
00002c9d  UARTStdioIntHandler                
00002e25  GPIOPadConfigSet                   
00002f91  sqrt                               
00002f91  sqrtl                              
000030e9  I2C_AddressBruteForcer             
00003369  UARTStdioConfig                    
000034a1  __aeabi_ddiv                       
000035d7  __aeabi_idiv0                      
000035d7  __aeabi_ldiv0                      
000036fd  SysCtlClockGet                     
00003815  OrangeRX_showActData               
00003929  UARTwrite                          
00003a3d  ldexp                              
00003a3d  ldexpl                             
00003a3d  scalbn                             
00003a3d  scalbnl                            
00003b4d  BMP388_get_sensor_data             
00003c59  I2C_writeSingleReg                 
00003d59  __aeabi_dmul                       
00003e55  OrangeRX_extractData               
00003f49  SysCtlClockSet                     
0000403d  BUZZ_SM                            
0000412d  OrangeRX_receivedChannelReorganizer
00004211  BMX160_setMagnConf                 
0000438d  BMP388_compensate_data             
0000443b  __aeabi_memcpy                     
0000443b  __aeabi_memcpy4                    
0000443b  __aeabi_memcpy8                    
0000443b  memcpy                             
000044d7  __aeabi_uldivmod                   
0000456d  BMX160_softReset                   
00004695  BMP388_get_regs                    
0000471d  __aeabi_cdcmpeq                    
0000471d  __aeabi_cdcmple                    
000047a3  __aeabi_cdrcmple                   
00004829  PCF8574A_Read                      
000048ad  UART0_STDIO_Init                   
0000492d  BMP388_readAltitude                
000049a9  __aeabi_memclr                     
000049a9  __aeabi_memclr4                    
000049a9  __aeabi_memclr8                    
000049ab  __aeabi_memset                     
000049ab  __aeabi_memset4                    
000049ab  __aeabi_memset8                    
000049b1  memset                             
00004a25  BMP388_readCalibratedAltitude      
00004a9d  BMP388_readSeaLevel                
00004b0d  BMP388_compensate_temperature      
00004be9  __aeabi_d2f                        
00004c57  BMP388_parse_sensor_data           
00004cc5  I2C_ReadByte                       
00004d31  IntEnable                          
00004d99  __TI_decompress_lzss               
00004e01  BMP388_readTemperature             
00004e69  frexp                              
00004e69  frexpl                             
00004ecd  BMP388_readPressure                
00004f31  BMX160_writeBmxReg                 
00004f95  __error__                          
00004ff9  PCF8574A_Write                     
00005059  TimerConfigure                     
0000510f  __TI_ltoa                          
00005163  BMX160_defaultParamSettg           
00005209  GPIOPinConfigure                   
00005255  SWITCH_Init                        
000052a1  SYSTICK_Delay                      
000052ed  UARTFlushTx                        
00005385  atoi                               
000053d1  __aeabi_d2iz                       
00005419  __TI_auto_init_nobinit_nopinit     
0000545d  BMX160_wakeUp                      
000054e1  __aeabi_uidiv                      
000054e1  __aeabi_uidivmod                   
00005521  sprintf                            
000055a1  BUZZ_BUZZER                        
00005619  UARTgetc                           
00005655  SysCtlPeripheralReady              
0000568d  SysFlag_Check                      
000056c5  UART0_STDIO_IntHandler             
000056fd  __aeabi_f2d                        
00005735  BMX160_softResetWorker             
0000576d  IntRegister                        
000057a1  LED_LEDInit                        
000057d5  SysCtlPeripheralEnable             
00005809  SysFlag_Clear                      
0000583d  SysFlag_Set                        
00005871  SystemInitialize                   
000058a5  UARTFlushRx                        
000058d9  _c_int00_noargs                    
0000590d  __aeabi_i2d                        
0000593d  BUZZ_BUZZ                          
00005969  GPIODirModeSet                     
000059c1  UARTEchoSet                        
000059ed  SWITCH_SW1_Pressed                 
00005a11  SWITCH_SW2_Pressed                 
00005a35  UARTprintf                         
00005a59  OrangeRX_IntHandler                
00005a79  SysTick_Init                       
00005a99  __aeabi_ui2d                       
00005ab9  SysTickIntRegister                 
00005ad5  memccpy                            
00005af1  GPIOPinTypeGPIOOutput              
00005b0b  copysign                           
00005b0b  copysignl                          
00005b25  TimerIntRegister                   
00005b3d  UARTIntRegister                    
00005b6d  GPIOPinTypeTimer                   
00005b83  GPIOPinTypeUART                    
00005b99  I2CMasterErr                       
00005baf  TimerControlEvent                  
00005bc5  strchr                             
00005bdd  SysCtlResetCauseClear              
00005bf1  SysTickEnable                      
00005c05  SysTickIntEnable                   
00005c19  strlen                             
00005c2d  TimerLoadSet                       
00005c3f  TimerMatchSet                      
00005c51  wcslen                             
00005c65  SysClk_Init                        
00005c75  SysTickPeriodSet                   
00005c85  TimerEnable                        
00005c93  __TI_decompress_none               
00005ca1  SysCtlResetCauseGet                
00005cad  SysFlag_Init                       
00005cb9  __TI_zero_init                     
00005cc5  SysTick_IntHandler                 
00005ccf  TimerValueGet                      
00005cd9  UARTIntStatus                      
00005ced  I2CMasterBusy                      
00005cf5  I2CMasterSlaveAddrSet              
00005cfd  TimerIntEnable                     
00005d05  UARTIntEnable                      
00005d0d  __aeabi_errno_addr                 
00005d15  GPIOPinRead                        
00005d1b  GPIOPinWrite                       
00005d21  ResetISR                           
00005d27  SysCtlDelay                        
00005d2d  UARTClockSourceSet                 
00005d33  I2CMasterControl                   
00005d37  I2CMasterDataGet                   
00005d3b  I2CMasterDataPut                   
00005d3f  TimerIntClear                      
00005d43  _system_pre_init                   
00005d47  C$$EXIT                            
00005d47  abort                              
00005d50  _ctypes_                           
00006108  __TI_Handler_Table_Base            
00006114  __TI_Handler_Table_Limit           
00006128  __TI_CINIT_Base                    
00006140  __TI_CINIT_Limit                   
20000000  __start___llvm_prf_cnts            
20000000  __stop___llvm_prf_cnts             
20000000  g_pfnRAMVectors                    
20000270  __stack                            
20000470  __STACK_TOP                        
20001270  __STACK_END                        
20001270  _sys_memory                        
20002670  rx_data                            
200027f8  dev                                
20002948  rx_text                            
2000298c  Obmx160                            
20002990  g_uiSysFlags                       
20002994  resetCause                         
20002998  buzDuration                        
2000299a  count                              
2000299c  pauseTime                          
200029c8  errno                              
200029cf  frameGapChNo                       
ffffffff  __TI_pprof_out_hndl                
ffffffff  __TI_prof_data_size                
ffffffff  __TI_prof_data_start               
ffffffff  __binit__                          
ffffffff  __c_args__                         
ffffffff  binit                              
UNDEFED   __mpu_init                         
UNDEFED   _system_post_cinit                 

[190 symbols]
