******************************************************************************
                  TI ARM Linker PC v20.2.5                     
******************************************************************************
>> Linked Thu Feb 24 09:22:26 2022

OUTPUT FILE NAME:   <DroneProject.out>
ENTRY POINT SYMBOL: "_c_int00_noargs"  address: 00006311


MEMORY CONFIGURATION

         name            origin    length      used     unused   attr    fill
----------------------  --------  ---------  --------  --------  ----  --------
  FLASH                 00000000   00040000  00006c5a  000393a6  R  X
  SRAM                  20000000   00008000  000029e7  00005619  RW X


SEGMENT ALLOCATION MAP

run origin  load origin   length   init length attrs members
----------  ----------- ---------- ----------- ----- -------
00000000    00000000    00006c60   00006c60    r-x
  00000000    00000000    0000026c   0000026c    r-- .intvecs
  0000026c    0000026c    000065f6   000065f6    r-x .text
  00006868    00006868    000003a8   000003a8    r-- .const
  00006c10    00006c10    00000050   00000050    r-- .cinit
20000000    20000000    000029ed   00000000    rw-
  20000000    20000000    0000026c   00000000    rw- .vtable
  20000270    20000270    00001000   00000000    rw- .stack
  20001270    20001270    00001000   00000000    rw- .sysmem
  20002270    20002270    00000746   00000000    rw- .bss
  200029b8    200029b8    00000035   00000000    rw- .data


SECTION ALLOCATION MAP

 output                                  attributes/
section   page    origin      length       input sections
--------  ----  ----------  ----------   ----------------
.intvecs   0    00000000    0000026c     
                  00000000    0000026c     startup_ccs.obj (.intvecs)

.text      0    0000026c    000065f6     
                  0000026c    00000a4e     rtsv7M4_T_le_v4SPD16_eabi.lib : _printfi.c.obj (.text:__TI_printfi)
                  00000cba    00000002     startup_ccs.obj (.text:FaultISR)
                  00000cbc    000009d0     rtsv7M4_T_le_v4SPD16_eabi.lib : e_pow.c.obj (.text:pow)
                  0000168c    000008c7     main.obj (.text:main)
                  00001f53    00000001     --HOLE-- [fill = 0]
                  00001f54    00000354     main.obj (.text:UARTvprintf)
                  000022a8    000002a8     OrangeRX.obj (.text:OrangeRX_Init)
                  00002550    0000029a     BMP388.obj (.text:BMP388_compensate_pressure)
                  000027ea    00000002     startup_ccs.obj (.text:IntDefaultHandler)
                  000027ec    00000270     rtsv7M4_T_le_v4SPD16_eabi.lib : _printfi.c.obj (.text:_pconv_a)
                  00002a5c    00000214     PWM.obj (.text:Motor_setDuty)
                  00002c70    000001f8     OrangeRX.obj (.text:OrangeRX_extractData)
                  00002e68    000001d4     BMP388.obj (.text:BMP388_showData)
                  0000303c    000001d0     rtsv7M4_T_le_v4SPD16_eabi.lib : _printfi.c.obj (.text:_pconv_g)
                  0000320c    000001b6                                   : fd_add_t2.asm.obj (.text)
                  000033c2    00000002     startup_ccs.obj (.text:NmiSR)
                  000033c4    00000188     main.obj (.text:UARTStdioIntHandler)
                  0000354c    00000174     PWM.obj (.text:PWM_Init)
                  000036c0    0000016c     driverlib.lib : gpio.obj (.text:GPIOPadConfigSet)
                  0000382c    00000158     rtsv7M4_T_le_v4SPD16_eabi.lib : e_sqrt.c.obj (.text:sqrt)
                  00003984    00000143     i2c.obj (.text:I2C_AddressBruteForcer)
                  00003ac7    00000001     --HOLE-- [fill = 0]
                  00003ac8    0000013c     rtsv7M4_T_le_v4SPD16_eabi.lib : _printfi.c.obj (.text:_pconv_e)
                  00003c04    00000138     main.obj (.text:UARTStdioConfig)
                  00003d3c    00000136     rtsv7M4_T_le_v4SPD16_eabi.lib : fd_div_t2.asm.obj (.text)
                  00003e72    00000002                                   : div0.asm.obj (.text)
                  00003e74    00000128     OrangeRX.obj (.text:OrangeRX_showActData)
                  00003f9c    00000124     rtsv7M4_T_le_v4SPD16_eabi.lib : _printfi.c.obj (.text:fcvt)
                  000040c0    00000118     driverlib.lib : sysctl.obj (.text:SysCtlClockGet)
                  000041d8    00000114     main.obj (.text:UARTwrite)
                  000042ec    00000110     rtsv7M4_T_le_v4SPD16_eabi.lib : s_scalbn.c.obj (.text:scalbn)
                  000043fc    0000010c     BMP388.obj (.text:BMP388_get_sensor_data)
                  00004508    00000100     i2c.obj (.text:I2C_writeSingleReg)
                  00004608    000000fc     rtsv7M4_T_le_v4SPD16_eabi.lib : fd_mul_t2.asm.obj (.text)
                  00004704    000000f8                                   : s_floor.c.obj (.text:floor)
                  000047fc    000000f4     driverlib.lib : sysctl.obj (.text:SysCtlClockSet)
                  000048f0    000000f0     buzzer.obj (.text:BUZZ_SM)
                  000049e0    000000e4     OrangeRX.obj (.text:OrangeRX_receivedChannelReorganizer)
                  00004ac4    000000c6     BMX160.obj (.text:BMX160_setMagnConf)
                  00004b8a    00000002     --HOLE-- [fill = 0]
                  00004b8c    000000c4     rtsv7M4_T_le_v4SPD16_eabi.lib : s_round.c.obj (.text:round)
                  00004c50    000000bc                                   : s_trunc.c.obj (.text:trunc)
                  00004d0c    000000b1                                   : _printfi.c.obj (.text:_ltostr)
                  00004dbd    00000003     --HOLE-- [fill = 0]
                  00004dc0    000000ad     BMP388.obj (.text:BMP388_compensate_data)
                  00004e6d    00000001     --HOLE-- [fill = 0]
                  00004e6e    0000009c     rtsv7M4_T_le_v4SPD16_eabi.lib : memcpy_t2.asm.obj (.text)
                  00004f0a    00000096                                   : ull_div_t2.asm.obj (.text)
                  00004fa0    00000094     BMX160.obj (.text:BMX160_softReset)
                  00005034    00000094     main.obj (.text:UARTPrimeTransmit)
                  000050c8    00000088     BMP388.obj (.text:BMP388_get_regs)
                  00005150    00000086     rtsv7M4_T_le_v4SPD16_eabi.lib : fd_cmp_t2.asm.obj (.text:__aeabi_cdcmple)
                  000051d6    00000086                                   : fd_cmp_t2.asm.obj (.text:__aeabi_cdrcmple)
                  0000525c    00000084     i2c.obj (.text:PCF8574A_Read)
                  000052e0    00000080     uart.obj (.text:UART0_STDIO_Init)
                  00005360    0000007c     BMP388.obj (.text:BMP388_readAltitude)
                  000053dc    0000007a     rtsv7M4_T_le_v4SPD16_eabi.lib : memset_t2.asm.obj (.text)
                  00005456    00000002     --HOLE-- [fill = 0]
                  00005458    00000078     BMP388.obj (.text:BMP388_readCalibratedAltitude)
                  000054d0    00000070     BMP388.obj (.text:BMP388_readSeaLevel)
                  00005540    0000006e     BMP388.obj (.text:BMP388_compensate_temperature)
                  000055ae    0000006e     rtsv7M4_T_le_v4SPD16_eabi.lib : _printfi.c.obj (.text:_mcpy)
                  0000561c    0000006e                                   : fd_tos_t2.asm.obj (.text)
                  0000568a    0000006c     BMP388.obj (.text:BMP388_parse_sensor_data)
                  000056f6    00000002     --HOLE-- [fill = 0]
                  000056f8    0000006c     i2c.obj (.text:I2C_ReadByte)
                  00005764    00000068     driverlib.lib : interrupt.obj (.text:IntEnable)
                  000057cc    00000068     rtsv7M4_T_le_v4SPD16_eabi.lib : copy_decompress_lzss.c.obj (.text:decompress:lzss:__TI_decompress_lzss)
                  00005834    00000066     BMP388.obj (.text:BMP388_readTemperature)
                  0000589a    00000002     --HOLE-- [fill = 0]
                  0000589c    00000064     rtsv7M4_T_le_v4SPD16_eabi.lib : s_frexp.c.obj (.text:frexp)
                  00005900    00000063     BMP388.obj (.text:BMP388_readPressure)
                  00005963    00000001     --HOLE-- [fill = 0]
                  00005964    00000063     BMX160.obj (.text:BMX160_writeBmxReg)
                  000059c7    00000001     --HOLE-- [fill = 0]
                  000059c8    00000061     main.obj (.text:__error__)
                  00005a29    00000003     --HOLE-- [fill = 0]
                  00005a2c    00000060     i2c.obj (.text:PCF8574A_Write)
                  00005a8c    00000060     driverlib.lib : timer.obj (.text:TimerConfigure)
                  00005aec    00000056     rtsv7M4_T_le_v4SPD16_eabi.lib : _printfi.c.obj (.text:_pconv_f)
                  00005b42    00000054                                   : _ltoa.c.obj (.text:__TI_ltoa)
                  00005b96    00000052     BMX160.obj (.text:BMX160_defaultParamSettg)
                  00005be8    00000052     rtsv7M4_T_le_v4SPD16_eabi.lib : _printfi.c.obj (.text:_ecpy)
                  00005c3a    00000002     --HOLE-- [fill = 0]
                  00005c3c    0000004c     driverlib.lib : gpio.obj (.text:GPIOPinConfigure)
                  00005c88    0000004c     onBoardSwitch.obj (.text:SWITCH_Init)
                  00005cd4    0000004c     SysTick.obj (.text:SYSTICK_Delay)
                  00005d20    0000004c     main.obj (.text:UARTFlushTx)
                  00005d6c    0000004c     driverlib.lib : timer.obj (.text:_TimerIntNumberGet)
                  00005db8    0000004c     rtsv7M4_T_le_v4SPD16_eabi.lib : atoi.c.obj (.text:atoi)
                  00005e04    00000048                                   : fd_toi_t2.asm.obj (.text)
                  00005e4c    00000044                                   : autoinit.c.obj (.text:__TI_auto_init_nobinit_nopinit:__TI_auto_init_nobinit_nopinit)
                  00005e90    00000042     BMX160.obj (.text:BMX160_wakeUp)
                  00005ed2    00000002     --HOLE-- [fill = 0]
                  00005ed4    00000040     driverlib.lib : uart.obj (.text:_UARTIntNumberGet)
                  00005f14    00000040     rtsv7M4_T_le_v4SPD16_eabi.lib : u_divt2.asm.obj (.text)
                  00005f54    00000040                                   : sprintf.c.obj (.text:sprintf)
                  00005f94    0000003e                                   : _printfi.c.obj (.text:_fcpy)
                  00005fd2    00000002     --HOLE-- [fill = 0]
                  00005fd4    0000003c     buzzer.obj (.text:BUZZ_BUZZER)
                  00006010    0000003c     main.obj (.text:IsBufferFull)
                  0000604c    0000003c     main.obj (.text:UARTgetc)
                  00006088    00000038     driverlib.lib : sysctl.obj (.text:SysCtlPeripheralReady)
                  000060c0    00000038     SysFlag.obj (.text:SysFlag_Check)
                  000060f8    00000038     main.obj (.text:SystemInitialize)
                  00006130    00000038     uart.obj (.text:UART0_STDIO_IntHandler)
                  00006168    00000038     rtsv7M4_T_le_v4SPD16_eabi.lib : fs_tod_t2.asm.obj (.text)
                  000061a0    00000036     BMX160.obj (.text:BMX160_softResetWorker)
                  000061d6    00000002     --HOLE-- [fill = 0]
                  000061d8    00000034     driverlib.lib : interrupt.obj (.text:IntRegister)
                  0000620c    00000034     led.obj (.text:LED_LEDInit)
                  00006240    00000034     driverlib.lib : sysctl.obj (.text:SysCtlPeripheralEnable)
                  00006274    00000034     SysFlag.obj (.text:SysFlag_Clear)
                  000062a8    00000034     SysFlag.obj (.text:SysFlag_Set)
                  000062dc    00000034     main.obj (.text:UARTFlushRx)
                  00006310    00000034     rtsv7M4_T_le_v4SPD16_eabi.lib : boot_cortex_m.c.obj (.text:_c_int00_noargs:_c_int00_noargs)
                  00006344    0000002e                                   : i_tofd_t2.asm.obj (.text)
                  00006372    00000002     --HOLE-- [fill = 0]
                  00006374    0000002c     buzzer.obj (.text:BUZZ_BUZZ)
                  000063a0    0000002c     driverlib.lib : gpio.obj (.text:GPIODirModeSet)
                  000063cc    0000002c     main.obj (.text:IsBufferEmpty)
                  000063f8    0000002c     main.obj (.text:UARTEchoSet)
                  00006424    00000024     onBoardSwitch.obj (.text:SWITCH_SW1_Pressed)
                  00006448    00000024     onBoardSwitch.obj (.text:SWITCH_SW2_Pressed)
                  0000646c    00000024     main.obj (.text:UARTprintf)
                  00006490    00000022     driverlib.lib : pwm.obj (.text:PWMGenConfigure)
                  000064b2    00000002     --HOLE-- [fill = 0]
                  000064b4    00000020     OrangeRX.obj (.text:OrangeRX_IntHandler)
                  000064d4    00000020     SysTick.obj (.text:SysTick_Init)
                  000064f4    00000020     rtsv7M4_T_le_v4SPD16_eabi.lib : u_tofd_t2.asm.obj (.text)
                  00006514    0000001e     driverlib.lib : pwm.obj (.text:PWMPulseWidthGet)
                  00006532    0000001e                   : pwm.obj (.text:PWMPulseWidthSet)
                  00006550    0000001c                   : systick.obj (.text:SysTickIntRegister)
                  0000656c    0000001c     rtsv7M4_T_le_v4SPD16_eabi.lib : memccpy.c.obj (.text:memccpy)
                  00006588    0000001a     driverlib.lib : gpio.obj (.text:GPIOPinTypeGPIOOutput)
                  000065a2    0000001a     rtsv7M4_T_le_v4SPD16_eabi.lib : s_copysign.c.obj (.text:copysign)
                  000065bc    00000018     driverlib.lib : sysctl.obj (.text:SysCtlPWMClockGet)
                  000065d4    00000018                   : timer.obj (.text:TimerIntRegister)
                  000065ec    00000018                   : uart.obj (.text:UARTIntRegister)
                  00006604    00000018     rtsv7M4_T_le_v4SPD16_eabi.lib : sprintf.c.obj (.text:_outs)
                  0000661c    00000016     driverlib.lib : gpio.obj (.text:GPIOPinTypePWM)
                  00006632    00000016                   : gpio.obj (.text:GPIOPinTypeTimer)
                  00006648    00000016                   : gpio.obj (.text:GPIOPinTypeUART)
                  0000665e    00000016                   : i2c.obj (.text:I2CMasterErr)
                  00006674    00000016                   : timer.obj (.text:TimerControlEvent)
                  0000668a    00000016     rtsv7M4_T_le_v4SPD16_eabi.lib : strchr.c.obj (.text:strchr)
                  000066a0    00000014     driverlib.lib : sysctl.obj (.text:SysCtlPWMClockSet)
                  000066b4    00000014                   : sysctl.obj (.text:SysCtlResetCauseClear)
                  000066c8    00000014                   : systick.obj (.text:SysTickEnable)
                  000066dc    00000014                   : systick.obj (.text:SysTickIntEnable)
                  000066f0    00000014     rtsv7M4_T_le_v4SPD16_eabi.lib : strlen.c.obj (.text:strlen)
                  00006704    00000012     driverlib.lib : pwm.obj (.text:PWMGenPeriodGet)
                  00006716    00000012                   : pwm.obj (.text:PWMOutputState)
                  00006728    00000012                   : timer.obj (.text:TimerLoadSet)
                  0000673a    00000012                   : timer.obj (.text:TimerMatchSet)
                  0000674c    00000012     rtsv7M4_T_le_v4SPD16_eabi.lib : wcslen.c.obj (.text:wcslen)
                  0000675e    00000010     driverlib.lib : pwm.obj (.text:PWMGenPeriodSet)
                  0000676e    00000002     --HOLE-- [fill = 0]
                  00006770    00000010     sysclk.obj (.text:SysClk_Init)
                  00006780    00000010     driverlib.lib : systick.obj (.text:SysTickPeriodSet)
                  00006790    0000000e                   : timer.obj (.text:TimerEnable)
                  0000679e    0000000e     rtsv7M4_T_le_v4SPD16_eabi.lib : copy_decompress_none.c.obj (.text:decompress:none:__TI_decompress_none)
                  000067ac    0000000c     driverlib.lib : pwm.obj (.text:PWMGenEnable)
                  000067b8    0000000c                   : sysctl.obj (.text:SysCtlResetCauseGet)
                  000067c4    0000000c     SysFlag.obj (.text:SysFlag_Init)
                  000067d0    0000000c     rtsv7M4_T_le_v4SPD16_eabi.lib : copy_zero_init.c.obj (.text:decompress:ZI:__TI_zero_init)
                  000067dc    0000000a     SysTick.obj (.text:SysTick_IntHandler)
                  000067e6    0000000a     driverlib.lib : timer.obj (.text:TimerValueGet)
                  000067f0    0000000a                   : uart.obj (.text:UARTIntStatus)
                  000067fa    0000000a     rtsv7M4_T_le_v4SPD16_eabi.lib : sprintf.c.obj (.text:_outc)
                  00006804    00000008     driverlib.lib : i2c.obj (.text:I2CMasterBusy)
                  0000680c    00000008                   : i2c.obj (.text:I2CMasterSlaveAddrSet)
                  00006814    00000008                   : timer.obj (.text:TimerIntEnable)
                  0000681c    00000008                   : uart.obj (.text:UARTIntEnable)
                  00006824    00000008     rtsv7M4_T_le_v4SPD16_eabi.lib : errno.c.obj (.text:__aeabi_errno_addr)
                  0000682c    00000006     driverlib.lib : gpio.obj (.text:GPIOPinRead)
                  00006832    00000006                   : gpio.obj (.text:GPIOPinWrite)
                  00006838    00000006     startup_ccs.obj (.text:ResetISR)
                  0000683e    00000006     driverlib.lib : sysctl.obj (.text:SysCtlDelay)
                  00006844    00000006                   : uart.obj (.text:UARTClockSourceSet)
                  0000684a    00000004                   : i2c.obj (.text:I2CMasterControl)
                  0000684e    00000004                   : i2c.obj (.text:I2CMasterDataGet)
                  00006852    00000004                   : i2c.obj (.text:I2CMasterDataPut)
                  00006856    00000004                   : timer.obj (.text:TimerIntClear)
                  0000685a    00000004     rtsv7M4_T_le_v4SPD16_eabi.lib : pre_init.c.obj (.text:_system_pre_init)
                  0000685e    00000004                                   : exit.c.obj (.text:abort:abort)

.const     0    00006868    000003a8     
                  00006868    00000101     rtsv7M4_T_le_v4SPD16_eabi.lib : ctype.c.obj (.const:.string:_ctypes_)
                  00006969    00000003     --HOLE-- [fill = 0]
                  0000696c    00000090     driverlib.lib : gpio.obj (.const:g_pui32GPIOBaseAddrs)
                  000069fc    0000006c                   : sysctl.obj (.const:g_pui32Xtals)
                  00006a68    00000060                   : timer.obj (.const:g_ppui32TimerIntMap)
                  00006ac8    00000040                   : timer.obj (.const:g_ppui32TimerIntMapSnowflake)
                  00006b08    00000040                   : uart.obj (.const:g_ppui32UARTIntMap)
                  00006b48    00000040                   : uart.obj (.const:g_ppui32UARTIntMapSnowflake)
                  00006b88    00000030     rtsv7M4_T_le_v4SPD16_eabi.lib : e_pow.c.obj (.const:$O1$$)
                  00006bb8    00000014     driverlib.lib : interrupt.obj (.const:g_pui32EnRegs)
                  00006bcc    00000012     main.obj (.const:.string)
                  00006bde    00000002     --HOLE-- [fill = 0]
                  00006be0    0000000c     main.obj (.const:g_ui32UARTBase)
                  00006bec    0000000c     main.obj (.const:g_ui32UARTInt)
                  00006bf8    0000000c     main.obj (.const:g_ui32UARTPeriph)
                  00006c04    00000008     BMP388.obj (.const:$P$T0$1)
                  00006c0c    00000004     main.obj (.const)

.cinit     0    00006c10    00000050     
                  00006c10    00000018     (.cinit..data.load) [load image, compression = lzss]
                  00006c28    0000000c     (__TI_handler_table)
                  00006c34    00000004     --HOLE-- [fill = 0]
                  00006c38    00000008     (.cinit..bss.load) [load image, compression = zero_init]
                  00006c40    00000008     (.cinit..vtable.load) [load image, compression = zero_init]
                  00006c48    00000018     (__TI_cinit_table)

.init_array 
*          0    00000000    00000000     UNINITIALIZED

.vtable    0    20000000    0000026c     UNINITIALIZED
                  20000000    0000026c     driverlib.lib : interrupt.obj (.vtable)

.stack     0    20000270    00001000     UNINITIALIZED
                  20000270    00000004     rtsv7M4_T_le_v4SPD16_eabi.lib : boot_cortex_m.c.obj (.stack)
                  20000274    00000ffc     --HOLE--

.sysmem    0    20001270    00001000     UNINITIALIZED
                  20001270    00000010     rtsv7M4_T_le_v4SPD16_eabi.lib : memory.c.obj (.sysmem)
                  20001280    00000ff0     --HOLE--

.bss       0    20002270    00000746     UNINITIALIZED
                  20002270    00000400     main.obj (.bss:g_pcUARTTxBuffer)
                  20002670    00000190     (.common:rx_data)
                  20002800    000000d0     (.common:dev)
                  200028d0    00000080     main.obj (.bss:g_pcUARTRxBuffer)
                  20002950    00000038     (.common:rx_text)
                  20002988    00000010     (.common:dutyOf)
                  20002998    00000008     main.obj (.bss)
                  200029a0    00000004     buzzer.obj (.bss)
                  200029a4    00000004     (.common:Obmx160)
                  200029a8    00000004     (.common:g_uiSysFlags)
                  200029ac    00000004     (.common:resetCause)
                  200029b0    00000002     (.common:buzDuration)
                  200029b2    00000002     (.common:count)
                  200029b4    00000002     (.common:pauseTime)

.data      0    200029b8    00000035     UNINITIALIZED
                  200029b8    0000002c     main.obj (.data)
                  200029e4    00000004     rtsv7M4_T_le_v4SPD16_eabi.lib : errno.c.obj (.data)
                  200029e8    00000003     buzzer.obj (.data)
                  200029eb    00000001     OrangeRX.obj (.data)
                  200029ec    00000001     PWM.obj (.data)

__llvm_prf_cnts 
*          0    20000000    00000000     UNINITIALIZED

.binit     0    00000000    00000000     

MODULE SUMMARY

       Module                       code    ro data   rw data
       ------                       ----    -------   -------
    .\
       main.obj                     4752    58        1208   
       startup_ccs.obj              12      620       0      
    +--+----------------------------+-------+---------+---------+
       Total:                       4764    678       1208   
                                                             
    .\local_Include\
       i2c.obj                      915     0         0      
       uart.obj                     184     0         0      
       SysFlag.obj                  172     0         4      
       onBoardSwitch.obj            148     0         0      
       SysTick.obj                  118     0         0      
       led.obj                      52      0         0      
       sysclk.obj                   16      0         0      
    +--+----------------------------+-------+---------+---------+
       Total:                       1605    0         4      
                                                             
    .\local_Include\BMP388\
       BMP388.obj                   2486    8         208    
    +--+----------------------------+-------+---------+---------+
       Total:                       2486    8         208    
                                                             
    .\local_Include\BMX160\
       BMX160.obj                   647     0         4      
    +--+----------------------------+-------+---------+---------+
       Total:                       647     0         4      
                                                             
    .\local_Include\BUZZER\
       buzzer.obj                   344     0         13     
    +--+----------------------------+-------+---------+---------+
       Total:                       344     0         13     
                                                             
    .\local_Include\OrangeRX\
       OrangeRX.obj                 1740    0         457    
    +--+----------------------------+-------+---------+---------+
       Total:                       1740    0         457    
                                                             
    .\local_Include\PWM\
       PWM.obj                      904     0         17     
    +--+----------------------------+-------+---------+---------+
       Total:                       904     0         17     
                                                             
    C:/ti/TivaWare_C_Series-2.2.0.295/driverlib/ccs/Debug/driverlib.lib
       sysctl.obj                   714     108       0      
       interrupt.obj                156     20        620    
       gpio.obj                     588     144       0      
       timer.obj                    290     160       0      
       uart.obj                     112     128       0      
       pwm.obj                      158     0         0      
       systick.obj                  84      0         0      
       i2c.obj                      50      0         0      
    +--+----------------------------+-------+---------+---------+
       Total:                       2152    560       620    
                                                             
    C:\ti\ccs1040\ccs\tools\compiler\ti-cgt-arm_20.2.5.LTS\lib\rtsv7M4_T_le_v4SPD16_eabi.lib
       _printfi.c.obj               4851    0         0      
       e_pow.c.obj                  2512    48        0      
       fd_add_t2.asm.obj            438     0         0      
       e_sqrt.c.obj                 344     0         0      
       fd_div_t2.asm.obj            310     0         0      
       s_scalbn.c.obj               272     0         0      
       fd_cmp_t2.asm.obj            268     0         0      
       ctype.c.obj                  0       257       0      
       fd_mul_t2.asm.obj            252     0         0      
       s_floor.c.obj                248     0         0      
       s_round.c.obj                196     0         0      
       s_trunc.c.obj                188     0         0      
       memcpy_t2.asm.obj            156     0         0      
       ull_div_t2.asm.obj           150     0         0      
       memset_t2.asm.obj            122     0         0      
       fd_tos_t2.asm.obj            110     0         0      
       copy_decompress_lzss.c.obj   104     0         0      
       s_frexp.c.obj                100     0         0      
       sprintf.c.obj                98      0         0      
       _ltoa.c.obj                  84      0         0      
       atoi.c.obj                   76      0         0      
       fd_toi_t2.asm.obj            72      0         0      
       autoinit.c.obj               68      0         0      
       u_divt2.asm.obj              64      0         0      
       fs_tod_t2.asm.obj            56      0         0      
       boot_cortex_m.c.obj          52      0         0      
       i_tofd_t2.asm.obj            46      0         0      
       u_tofd_t2.asm.obj            32      0         0      
       memccpy.c.obj                28      0         0      
       s_copysign.c.obj             26      0         0      
       strchr.c.obj                 22      0         0      
       strlen.c.obj                 20      0         0      
       wcslen.c.obj                 18      0         0      
       copy_decompress_none.c.obj   14      0         0      
       copy_zero_init.c.obj         12      0         0      
       errno.c.obj                  8       0         4      
       exit.c.obj                   4       0         0      
       pre_init.c.obj               4       0         0      
       div0.asm.obj                 2       0         0      
    +--+----------------------------+-------+---------+---------+
       Total:                       11427   305       4      
                                                             
       Heap:                        0       0         4096   
       Stack:                       0       0         4096   
       Linker Generated:            0       76        0      
    +--+----------------------------+-------+---------+---------+
       Grand Total:                 26069   1627      10727  


LINKER GENERATED COPY TABLES

__TI_cinit_table @ 00006c48 records: 3, size/record: 8, table size: 24
	.data: load addr=00006c10, load size=00000018 bytes, run addr=200029b8, run size=00000035 bytes, compression=lzss
	.bss: load addr=00006c38, load size=00000008 bytes, run addr=20002270, run size=00000746 bytes, compression=zero_init
	.vtable: load addr=00006c40, load size=00000008 bytes, run addr=20000000, run size=0000026c bytes, compression=zero_init


LINKER GENERATED HANDLER TABLE

__TI_handler_table @ 00006c28 records: 3, size/record: 4, table size: 12
	index: 0, handler: __TI_zero_init
	index: 1, handler: __TI_decompress_lzss
	index: 2, handler: __TI_decompress_none


GLOBAL SYMBOLS: SORTED ALPHABETICALLY BY Name 

address   name                               
-------   ----                               
00004dc1  BMP388_compensate_data             
00002551  BMP388_compensate_pressure         
00005541  BMP388_compensate_temperature      
000050c9  BMP388_get_regs                    
000043fd  BMP388_get_sensor_data             
0000568b  BMP388_parse_sensor_data           
00005361  BMP388_readAltitude                
00005459  BMP388_readCalibratedAltitude      
00005901  BMP388_readPressure                
000054d1  BMP388_readSeaLevel                
00005835  BMP388_readTemperature             
00002e69  BMP388_showData                    
00005b97  BMX160_defaultParamSettg           
00004ac5  BMX160_setMagnConf                 
00004fa1  BMX160_softReset                   
000061a1  BMX160_softResetWorker             
00005e91  BMX160_wakeUp                      
00005965  BMX160_writeBmxReg                 
00006375  BUZZ_BUZZ                          
00005fd5  BUZZ_BUZZER                        
000048f1  BUZZ_SM                            
0000685f  C$$EXIT                            
000063a1  GPIODirModeSet                     
000036c1  GPIOPadConfigSet                   
00005c3d  GPIOPinConfigure                   
0000682d  GPIOPinRead                        
00006589  GPIOPinTypeGPIOOutput              
0000661d  GPIOPinTypePWM                     
00006633  GPIOPinTypeTimer                   
00006649  GPIOPinTypeUART                    
00006833  GPIOPinWrite                       
00006805  I2CMasterBusy                      
0000684b  I2CMasterControl                   
0000684f  I2CMasterDataGet                   
00006853  I2CMasterDataPut                   
0000665f  I2CMasterErr                       
0000680d  I2CMasterSlaveAddrSet              
00003985  I2C_AddressBruteForcer             
000056f9  I2C_ReadByte                       
00004509  I2C_writeSingleReg                 
00005765  IntEnable                          
000061d9  IntRegister                        
0000620d  LED_LEDInit                        
00002a5d  Motor_setDuty                      
200029a4  Obmx160                            
000022a9  OrangeRX_Init                      
000064b5  OrangeRX_IntHandler                
00002c71  OrangeRX_extractData               
000049e1  OrangeRX_receivedChannelReorganizer
00003e75  OrangeRX_showActData               
0000525d  PCF8574A_Read                      
00005a2d  PCF8574A_Write                     
00006491  PWMGenConfigure                    
000067ad  PWMGenEnable                       
00006705  PWMGenPeriodGet                    
0000675f  PWMGenPeriodSet                    
00006717  PWMOutputState                     
00006515  PWMPulseWidthGet                   
00006533  PWMPulseWidthSet                   
0000354d  PWM_Init                           
00006839  ResetISR                           
00005c89  SWITCH_Init                        
00006425  SWITCH_SW1_Pressed                 
00006449  SWITCH_SW2_Pressed                 
00005cd5  SYSTICK_Delay                      
00006771  SysClk_Init                        
000040c1  SysCtlClockGet                     
000047fd  SysCtlClockSet                     
0000683f  SysCtlDelay                        
000065bd  SysCtlPWMClockGet                  
000066a1  SysCtlPWMClockSet                  
00006241  SysCtlPeripheralEnable             
00006089  SysCtlPeripheralReady              
000066b5  SysCtlResetCauseClear              
000067b9  SysCtlResetCauseGet                
000060c1  SysFlag_Check                      
00006275  SysFlag_Clear                      
000067c5  SysFlag_Init                       
000062a9  SysFlag_Set                        
000066c9  SysTickEnable                      
000066dd  SysTickIntEnable                   
00006551  SysTickIntRegister                 
00006781  SysTickPeriodSet                   
000064d5  SysTick_Init                       
000067dd  SysTick_IntHandler                 
000060f9  SystemInitialize                   
00005a8d  TimerConfigure                     
00006675  TimerControlEvent                  
00006791  TimerEnable                        
00006857  TimerIntClear                      
00006815  TimerIntEnable                     
000065d5  TimerIntRegister                   
00006729  TimerLoadSet                       
0000673b  TimerMatchSet                      
000067e7  TimerValueGet                      
000052e1  UART0_STDIO_Init                   
00006131  UART0_STDIO_IntHandler             
00006845  UARTClockSourceSet                 
000063f9  UARTEchoSet                        
000062dd  UARTFlushRx                        
00005d21  UARTFlushTx                        
0000681d  UARTIntEnable                      
000065ed  UARTIntRegister                    
000067f1  UARTIntStatus                      
00003c05  UARTStdioConfig                    
000033c5  UARTStdioIntHandler                
0000604d  UARTgetc                           
0000646d  UARTprintf                         
00001f55  UARTvprintf                        
000041d9  UARTwrite                          
20001270  __STACK_END                        
00001000  __STACK_SIZE                       
20000470  __STACK_TOP                        
00001000  __SYSMEM_SIZE                      
00006c48  __TI_CINIT_Base                    
00006c60  __TI_CINIT_Limit                   
00006c28  __TI_Handler_Table_Base            
00006c34  __TI_Handler_Table_Limit           
00005e4d  __TI_auto_init_nobinit_nopinit     
000057cd  __TI_decompress_lzss               
0000679f  __TI_decompress_none               
00005b43  __TI_ltoa                          
ffffffff  __TI_pprof_out_hndl                
0000026d  __TI_printfi                       
ffffffff  __TI_prof_data_size                
ffffffff  __TI_prof_data_start               
00000000  __TI_static_base__                 
000067d1  __TI_zero_init                     
00005151  __aeabi_cdcmpeq                    
00005151  __aeabi_cdcmple                    
000051d7  __aeabi_cdrcmple                   
0000561d  __aeabi_d2f                        
00005e05  __aeabi_d2iz                       
00003217  __aeabi_dadd                       
00003d3d  __aeabi_ddiv                       
00004609  __aeabi_dmul                       
0000320d  __aeabi_dsub                       
00006825  __aeabi_errno_addr                 
00006169  __aeabi_f2d                        
00006345  __aeabi_i2d                        
00003e73  __aeabi_idiv0                      
00003e73  __aeabi_ldiv0                      
000053dd  __aeabi_memclr                     
000053dd  __aeabi_memclr4                    
000053dd  __aeabi_memclr8                    
00004e6f  __aeabi_memcpy                     
00004e6f  __aeabi_memcpy4                    
00004e6f  __aeabi_memcpy8                    
000053df  __aeabi_memset                     
000053df  __aeabi_memset4                    
000053df  __aeabi_memset8                    
000064f5  __aeabi_ui2d                       
00005f15  __aeabi_uidiv                      
00005f15  __aeabi_uidivmod                   
00004f0b  __aeabi_uldivmod                   
ffffffff  __binit__                          
ffffffff  __c_args__                         
000059c9  __error__                          
UNDEFED   __mpu_init                         
20000270  __stack                            
20000000  __start___llvm_prf_cnts            
20000000  __stop___llvm_prf_cnts             
00006311  _c_int00_noargs                    
00006868  _ctypes_                           
20001270  _sys_memory                        
UNDEFED   _system_post_cinit                 
0000685b  _system_pre_init                   
0000685f  abort                              
00005db9  atoi                               
ffffffff  binit                              
200029b0  buzDuration                        
000065a3  copysign                           
000065a3  copysignl                          
200029b2  count                              
20002800  dev                                
20002988  dutyOf                             
200029e4  errno                              
00004705  floor                              
00004705  floorl                             
200029eb  frameGapChNo                       
0000589d  frexp                              
0000589d  frexpl                             
20000000  g_pfnRAMVectors                    
00000000  g_pfnVectors                       
200029a8  g_uiSysFlags                       
000042ed  ldexp                              
000042ed  ldexpl                             
0000168d  main                               
0000656d  memccpy                            
00004e6f  memcpy                             
000053e5  memset                             
200029ec  motorSelect                        
200029b4  pauseTime                          
00000cbd  pow                                
00000cbd  powl                               
200029ac  resetCause                         
00004b8d  round                              
00004b8d  roundl                             
20002670  rx_data                            
20002950  rx_text                            
000042ed  scalbn                             
000042ed  scalbnl                            
00005f55  sprintf                            
0000382d  sqrt                               
0000382d  sqrtl                              
0000668b  strchr                             
000066f1  strlen                             
00004c51  trunc                              
00004c51  truncl                             
0000674d  wcslen                             


GLOBAL SYMBOLS: SORTED BY Symbol Address 

address   name                               
-------   ----                               
00000000  __TI_static_base__                 
00000000  g_pfnVectors                       
0000026d  __TI_printfi                       
00000cbd  pow                                
00000cbd  powl                               
00001000  __STACK_SIZE                       
00001000  __SYSMEM_SIZE                      
0000168d  main                               
00001f55  UARTvprintf                        
000022a9  OrangeRX_Init                      
00002551  BMP388_compensate_pressure         
00002a5d  Motor_setDuty                      
00002c71  OrangeRX_extractData               
00002e69  BMP388_showData                    
0000320d  __aeabi_dsub                       
00003217  __aeabi_dadd                       
000033c5  UARTStdioIntHandler                
0000354d  PWM_Init                           
000036c1  GPIOPadConfigSet                   
0000382d  sqrt                               
0000382d  sqrtl                              
00003985  I2C_AddressBruteForcer             
00003c05  UARTStdioConfig                    
00003d3d  __aeabi_ddiv                       
00003e73  __aeabi_idiv0                      
00003e73  __aeabi_ldiv0                      
00003e75  OrangeRX_showActData               
000040c1  SysCtlClockGet                     
000041d9  UARTwrite                          
000042ed  ldexp                              
000042ed  ldexpl                             
000042ed  scalbn                             
000042ed  scalbnl                            
000043fd  BMP388_get_sensor_data             
00004509  I2C_writeSingleReg                 
00004609  __aeabi_dmul                       
00004705  floor                              
00004705  floorl                             
000047fd  SysCtlClockSet                     
000048f1  BUZZ_SM                            
000049e1  OrangeRX_receivedChannelReorganizer
00004ac5  BMX160_setMagnConf                 
00004b8d  round                              
00004b8d  roundl                             
00004c51  trunc                              
00004c51  truncl                             
00004dc1  BMP388_compensate_data             
00004e6f  __aeabi_memcpy                     
00004e6f  __aeabi_memcpy4                    
00004e6f  __aeabi_memcpy8                    
00004e6f  memcpy                             
00004f0b  __aeabi_uldivmod                   
00004fa1  BMX160_softReset                   
000050c9  BMP388_get_regs                    
00005151  __aeabi_cdcmpeq                    
00005151  __aeabi_cdcmple                    
000051d7  __aeabi_cdrcmple                   
0000525d  PCF8574A_Read                      
000052e1  UART0_STDIO_Init                   
00005361  BMP388_readAltitude                
000053dd  __aeabi_memclr                     
000053dd  __aeabi_memclr4                    
000053dd  __aeabi_memclr8                    
000053df  __aeabi_memset                     
000053df  __aeabi_memset4                    
000053df  __aeabi_memset8                    
000053e5  memset                             
00005459  BMP388_readCalibratedAltitude      
000054d1  BMP388_readSeaLevel                
00005541  BMP388_compensate_temperature      
0000561d  __aeabi_d2f                        
0000568b  BMP388_parse_sensor_data           
000056f9  I2C_ReadByte                       
00005765  IntEnable                          
000057cd  __TI_decompress_lzss               
00005835  BMP388_readTemperature             
0000589d  frexp                              
0000589d  frexpl                             
00005901  BMP388_readPressure                
00005965  BMX160_writeBmxReg                 
000059c9  __error__                          
00005a2d  PCF8574A_Write                     
00005a8d  TimerConfigure                     
00005b43  __TI_ltoa                          
00005b97  BMX160_defaultParamSettg           
00005c3d  GPIOPinConfigure                   
00005c89  SWITCH_Init                        
00005cd5  SYSTICK_Delay                      
00005d21  UARTFlushTx                        
00005db9  atoi                               
00005e05  __aeabi_d2iz                       
00005e4d  __TI_auto_init_nobinit_nopinit     
00005e91  BMX160_wakeUp                      
00005f15  __aeabi_uidiv                      
00005f15  __aeabi_uidivmod                   
00005f55  sprintf                            
00005fd5  BUZZ_BUZZER                        
0000604d  UARTgetc                           
00006089  SysCtlPeripheralReady              
000060c1  SysFlag_Check                      
000060f9  SystemInitialize                   
00006131  UART0_STDIO_IntHandler             
00006169  __aeabi_f2d                        
000061a1  BMX160_softResetWorker             
000061d9  IntRegister                        
0000620d  LED_LEDInit                        
00006241  SysCtlPeripheralEnable             
00006275  SysFlag_Clear                      
000062a9  SysFlag_Set                        
000062dd  UARTFlushRx                        
00006311  _c_int00_noargs                    
00006345  __aeabi_i2d                        
00006375  BUZZ_BUZZ                          
000063a1  GPIODirModeSet                     
000063f9  UARTEchoSet                        
00006425  SWITCH_SW1_Pressed                 
00006449  SWITCH_SW2_Pressed                 
0000646d  UARTprintf                         
00006491  PWMGenConfigure                    
000064b5  OrangeRX_IntHandler                
000064d5  SysTick_Init                       
000064f5  __aeabi_ui2d                       
00006515  PWMPulseWidthGet                   
00006533  PWMPulseWidthSet                   
00006551  SysTickIntRegister                 
0000656d  memccpy                            
00006589  GPIOPinTypeGPIOOutput              
000065a3  copysign                           
000065a3  copysignl                          
000065bd  SysCtlPWMClockGet                  
000065d5  TimerIntRegister                   
000065ed  UARTIntRegister                    
0000661d  GPIOPinTypePWM                     
00006633  GPIOPinTypeTimer                   
00006649  GPIOPinTypeUART                    
0000665f  I2CMasterErr                       
00006675  TimerControlEvent                  
0000668b  strchr                             
000066a1  SysCtlPWMClockSet                  
000066b5  SysCtlResetCauseClear              
000066c9  SysTickEnable                      
000066dd  SysTickIntEnable                   
000066f1  strlen                             
00006705  PWMGenPeriodGet                    
00006717  PWMOutputState                     
00006729  TimerLoadSet                       
0000673b  TimerMatchSet                      
0000674d  wcslen                             
0000675f  PWMGenPeriodSet                    
00006771  SysClk_Init                        
00006781  SysTickPeriodSet                   
00006791  TimerEnable                        
0000679f  __TI_decompress_none               
000067ad  PWMGenEnable                       
000067b9  SysCtlResetCauseGet                
000067c5  SysFlag_Init                       
000067d1  __TI_zero_init                     
000067dd  SysTick_IntHandler                 
000067e7  TimerValueGet                      
000067f1  UARTIntStatus                      
00006805  I2CMasterBusy                      
0000680d  I2CMasterSlaveAddrSet              
00006815  TimerIntEnable                     
0000681d  UARTIntEnable                      
00006825  __aeabi_errno_addr                 
0000682d  GPIOPinRead                        
00006833  GPIOPinWrite                       
00006839  ResetISR                           
0000683f  SysCtlDelay                        
00006845  UARTClockSourceSet                 
0000684b  I2CMasterControl                   
0000684f  I2CMasterDataGet                   
00006853  I2CMasterDataPut                   
00006857  TimerIntClear                      
0000685b  _system_pre_init                   
0000685f  C$$EXIT                            
0000685f  abort                              
00006868  _ctypes_                           
00006c28  __TI_Handler_Table_Base            
00006c34  __TI_Handler_Table_Limit           
00006c48  __TI_CINIT_Base                    
00006c60  __TI_CINIT_Limit                   
20000000  __start___llvm_prf_cnts            
20000000  __stop___llvm_prf_cnts             
20000000  g_pfnRAMVectors                    
20000270  __stack                            
20000470  __STACK_TOP                        
20001270  __STACK_END                        
20001270  _sys_memory                        
20002670  rx_data                            
20002800  dev                                
20002950  rx_text                            
20002988  dutyOf                             
200029a4  Obmx160                            
200029a8  g_uiSysFlags                       
200029ac  resetCause                         
200029b0  buzDuration                        
200029b2  count                              
200029b4  pauseTime                          
200029e4  errno                              
200029eb  frameGapChNo                       
200029ec  motorSelect                        
ffffffff  __TI_pprof_out_hndl                
ffffffff  __TI_prof_data_size                
ffffffff  __TI_prof_data_start               
ffffffff  __binit__                          
ffffffff  __c_args__                         
ffffffff  binit                              
UNDEFED   __mpu_init                         
UNDEFED   _system_post_cinit                 

[210 symbols]
