******************************************************************************
                  TI ARM Linker PC v20.2.5                     
******************************************************************************
>> Linked Mon Feb  7 10:44:16 2022

OUTPUT FILE NAME:   <DroneProject.out>
ENTRY POINT SYMBOL: "_c_int00_noargs"  address: 00006699


MEMORY CONFIGURATION

         name            origin    length      used     unused   attr    fill
----------------------  --------  ---------  --------  --------  ----  --------
  FLASH                 00000000   00040000  00006ee6  0003911a  R  X
  SRAM                  20000000   00008000  00002822  000057de  RW X


SEGMENT ALLOCATION MAP

run origin  load origin   length   init length attrs members
----------  ----------- ---------- ----------- ----- -------
00000000    00000000    00006ee8   00006ee8    r-x
  00000000    00000000    0000026c   0000026c    r-- .intvecs
  0000026c    0000026c    0000691a   0000691a    r-x .text
  00006b88    00006b88    00000308   00000308    r-- .const
  00006e90    00006e90    00000058   00000058    r-- .cinit
20000000    20000000    00002827   00000000    rw-
  20000000    20000000    0000026c   00000000    rw- .vtable
  20000270    20000270    00001000   00000000    rw- .stack
  20001270    20001270    00001000   00000000    rw- .sysmem
  20002270    20002270    0000057b   00000000    rw- .bss
  200027ec    200027ec    0000003b   00000000    rw- .data


SECTION ALLOCATION MAP

 output                                  attributes/
section   page    origin      length       input sections
--------  ----  ----------  ----------   ----------------
.intvecs   0    00000000    0000026c     
                  00000000    0000026c     startup_ccs.obj (.intvecs)

.text      0    0000026c    0000691a     
                  0000026c    00000a4e     rtsv7M4_T_le_v4SPD16_eabi.lib : _printfi.c.obj (.text:__TI_printfi)
                  00000cba    00000002     startup_ccs.obj (.text:FaultISR)
                  00000cbc    000009d0     rtsv7M4_T_le_v4SPD16_eabi.lib : e_pow.c.obj (.text:pow)
                  0000168c    00000354     main.obj (.text:UARTvprintf)
                  000019e0    0000032c     main.obj (.text:main)
                  00001d0c    0000031c     BMP388.obj (.text:BMP388_parse_calib_data)
                  00002028    0000029a     BMP388.obj (.text:BMP388_compensate_pressure)
                  000022c2    00000002     startup_ccs.obj (.text:IntDefaultHandler)
                  000022c4    00000270     rtsv7M4_T_le_v4SPD16_eabi.lib : _printfi.c.obj (.text:_pconv_a)
                  00002534    0000026c     BMP388.obj (.text:BMP388_begin)
                  000027a0    00000230     BMX160.obj (.text:BMX160_getAllData)
                  000029d0    000001f8     BMX160.obj (.text:BMX160_showData)
                  00002bc8    000001dc     BMP388.obj (.text:BMP388_user_i2c_read)
                  00002da4    000001d4     BMP388.obj (.text:BMP388_showData)
                  00002f78    000001d0     rtsv7M4_T_le_v4SPD16_eabi.lib : _printfi.c.obj (.text:_pconv_g)
                  00003148    000001b6                                   : fd_add_t2.asm.obj (.text)
                  000032fe    00000002     startup_ccs.obj (.text:NmiSR)
                  00003300    000001a0     BMP388.obj (.text:BMP388_reset)
                  000034a0    000001a0     BMP388.obj (.text:BMP388_set_config)
                  00003640    00000188     main.obj (.text:UARTStdioIntHandler)
                  000037c8    0000016c     driverlib.lib : gpio.obj (.text:GPIOPadConfigSet)
                  00003934    00000158     rtsv7M4_T_le_v4SPD16_eabi.lib : e_sqrt.c.obj (.text:sqrt)
                  00003a8c    0000013c                                   : _printfi.c.obj (.text:_pconv_e)
                  00003bc8    00000138     main.obj (.text:UARTStdioConfig)
                  00003d00    00000136     rtsv7M4_T_le_v4SPD16_eabi.lib : fd_div_t2.asm.obj (.text)
                  00003e36    00000002                                   : _lock.c.obj (.text:_nop)
                  00003e38    0000012b     i2c.obj (.text:I2C_AddressBruteForcer)
                  00003f63    00000001     --HOLE-- [fill = 0]
                  00003f64    00000124     rtsv7M4_T_le_v4SPD16_eabi.lib : _printfi.c.obj (.text:fcvt)
                  00004088    00000118     BMP388.obj (.text:BMP388_user_i2c_write)
                  000041a0    00000118     driverlib.lib : sysctl.obj (.text:SysCtlClockGet)
                  000042b8    00000114     main.obj (.text:UARTwrite)
                  000043cc    00000110     rtsv7M4_T_le_v4SPD16_eabi.lib : s_scalbn.c.obj (.text:scalbn)
                  000044dc    0000010c     BMP388.obj (.text:BMP388_get_sensor_data)
                  000045e8    00000100     i2c.obj (.text:I2C_writeSingleReg)
                  000046e8    00000100     rtsv7M4_T_le_v4SPD16_eabi.lib : memory.c.obj (.text:aligned_alloc)
                  000047e8    000000fc     BMX160.obj (.text:BMX160_Init)
                  000048e4    000000fc     rtsv7M4_T_le_v4SPD16_eabi.lib : fd_mul_t2.asm.obj (.text)
                  000049e0    000000f4     driverlib.lib : sysctl.obj (.text:SysCtlClockSet)
                  00004ad4    000000f0     buzzer.obj (.text:BUZZ_SM)
                  00004bc4    000000c6     BMX160.obj (.text:BMX160_setMagnConf)
                  00004c8a    00000002     rtsv7M4_T_le_v4SPD16_eabi.lib : div0.asm.obj (.text)
                  00004c8c    000000be     BMX160.obj (.text:BMX160_begin)
                  00004d4a    00000002     --HOLE-- [fill = 0]
                  00004d4c    000000b1     rtsv7M4_T_le_v4SPD16_eabi.lib : _printfi.c.obj (.text:_ltostr)
                  00004dfd    00000003     --HOLE-- [fill = 0]
                  00004e00    000000ad     BMP388.obj (.text:BMP388_compensate_data)
                  00004ead    00000003     --HOLE-- [fill = 0]
                  00004eb0    000000ab     BMP388.obj (.text:BMP388_get_calib_data)
                  00004f5b    00000001     --HOLE-- [fill = 0]
                  00004f5c    000000a4     BMP388.obj (.text:BMP388_set_regs)
                  00005000    0000009c     rtsv7M4_T_le_v4SPD16_eabi.lib : memcpy_t2.asm.obj (.text)
                  0000509c    00000096                                   : ull_div_t2.asm.obj (.text)
                  00005132    00000002     --HOLE-- [fill = 0]
                  00005134    00000094     BMP388.obj (.text:BMP388_Init)
                  000051c8    00000094     BMX160.obj (.text:BMX160_softReset)
                  0000525c    00000094     main.obj (.text:UARTPrimeTransmit)
                  000052f0    00000088     BMP388.obj (.text:BMP388_get_regs)
                  00005378    00000086     rtsv7M4_T_le_v4SPD16_eabi.lib : fd_cmp_t2.asm.obj (.text:__aeabi_cdcmple)
                  000053fe    00000086                                   : fd_cmp_t2.asm.obj (.text:__aeabi_cdrcmple)
                  00005484    00000084     i2c.obj (.text:PCF8574A_Read)
                  00005508    00000080     uart.obj (.text:UART0_STDIO_Init)
                  00005588    0000007c     BMP388.obj (.text:BMP388_readAltitude)
                  00005604    0000007a     rtsv7M4_T_le_v4SPD16_eabi.lib : memset_t2.asm.obj (.text)
                  0000567e    00000002     --HOLE-- [fill = 0]
                  00005680    00000078     BMP388.obj (.text:BMP388_readCalibratedAltitude)
                  000056f8    00000078     i2c.obj (.text:I2C0_Init)
                  00005770    00000070     BMP388.obj (.text:BMP388_readSeaLevel)
                  000057e0    00000070     rtsv7M4_T_le_v4SPD16_eabi.lib : memory.c.obj (.text:split)
                  00005850    0000006e     BMP388.obj (.text:BMP388_compensate_temperature)
                  000058be    0000006e     rtsv7M4_T_le_v4SPD16_eabi.lib : _printfi.c.obj (.text:_mcpy)
                  0000592c    0000006e                                   : fd_tos_t2.asm.obj (.text)
                  0000599a    0000006c     BMP388.obj (.text:BMP388_parse_sensor_data)
                  00005a06    00000002     --HOLE-- [fill = 0]
                  00005a08    0000006c     i2c.obj (.text:I2C_ReadByte)
                  00005a74    00000068     driverlib.lib : interrupt.obj (.text:IntEnable)
                  00005adc    00000068     rtsv7M4_T_le_v4SPD16_eabi.lib : copy_decompress_lzss.c.obj (.text:decompress:lzss:__TI_decompress_lzss)
                  00005b44    00000066     BMP388.obj (.text:BMP388_readTemperature)
                  00005baa    00000002     --HOLE-- [fill = 0]
                  00005bac    00000064     rtsv7M4_T_le_v4SPD16_eabi.lib : s_frexp.c.obj (.text:frexp)
                  00005c10    00000063     BMP388.obj (.text:BMP388_readPressure)
                  00005c73    00000001     --HOLE-- [fill = 0]
                  00005c74    00000063     BMX160.obj (.text:BMX160_writeBmxReg)
                  00005cd7    00000001     --HOLE-- [fill = 0]
                  00005cd8    00000061     main.obj (.text:__error__)
                  00005d39    00000003     --HOLE-- [fill = 0]
                  00005d3c    00000060     i2c.obj (.text:PCF8574A_Write)
                  00005d9c    00000056     i2c.obj (.text:I2C_readReg)
                  00005df2    00000056     rtsv7M4_T_le_v4SPD16_eabi.lib : _printfi.c.obj (.text:_pconv_f)
                  00005e48    00000054                                   : _ltoa.c.obj (.text:__TI_ltoa)
                  00005e9c    00000052     BMX160.obj (.text:BMX160_defaultParamSettg)
                  00005eee    00000052     rtsv7M4_T_le_v4SPD16_eabi.lib : _printfi.c.obj (.text:_ecpy)
                  00005f40    0000004c     driverlib.lib : gpio.obj (.text:GPIOPinConfigure)
                  00005f8c    0000004c                   : i2c.obj (.text:I2CMasterInitExpClk)
                  00005fd8    0000004c     onBoardSwitch.obj (.text:SWITCH_Init)
                  00006024    0000004c     SysTick.obj (.text:SYSTICK_Delay)
                  00006070    0000004c     main.obj (.text:UARTFlushTx)
                  000060bc    0000004c     rtsv7M4_T_le_v4SPD16_eabi.lib : atoi.c.obj (.text:atoi)
                  00006108    00000048                                   : fd_toi_t2.asm.obj (.text)
                  00006150    00000044     main.obj (.text:SystemInitialize)
                  00006194    00000044     rtsv7M4_T_le_v4SPD16_eabi.lib : autoinit.c.obj (.text:__TI_auto_init_nobinit_nopinit:__TI_auto_init_nobinit_nopinit)
                  000061d8    00000042     BMX160.obj (.text:BMX160_wakeUp)
                  0000621a    00000002     --HOLE-- [fill = 0]
                  0000621c    00000040     driverlib.lib : uart.obj (.text:_UARTIntNumberGet)
                  0000625c    00000040     rtsv7M4_T_le_v4SPD16_eabi.lib : u_divt2.asm.obj (.text)
                  0000629c    00000040                                   : sprintf.c.obj (.text:sprintf)
                  000062dc    0000003e     i2c.obj (.text:PCF8574A_Init)
                  0000631a    0000003e     rtsv7M4_T_le_v4SPD16_eabi.lib : _printfi.c.obj (.text:_fcpy)
                  00006358    0000003c     buzzer.obj (.text:BUZZ_BUZZER)
                  00006394    0000003c     main.obj (.text:IsBufferFull)
                  000063d0    0000003c     main.obj (.text:UARTgetc)
                  0000640c    0000003a     BMP388.obj (.text:BMP388_read_all_regs)
                  00006446    00000002     --HOLE-- [fill = 0]
                  00006448    00000038     driverlib.lib : sysctl.obj (.text:SysCtlPeripheralReady)
                  00006480    00000038     SysFlag.obj (.text:SysFlag_Check)
                  000064b8    00000038     uart.obj (.text:UART0_STDIO_IntHandler)
                  000064f0    00000038     rtsv7M4_T_le_v4SPD16_eabi.lib : fs_tod_t2.asm.obj (.text)
                  00006528    00000036     BMX160.obj (.text:BMX160_softResetWorker)
                  0000655e    00000002     --HOLE-- [fill = 0]
                  00006560    00000034     driverlib.lib : interrupt.obj (.text:IntRegister)
                  00006594    00000034     led.obj (.text:LED_LEDInit)
                  000065c8    00000034     driverlib.lib : sysctl.obj (.text:SysCtlPeripheralEnable)
                  000065fc    00000034     SysFlag.obj (.text:SysFlag_Clear)
                  00006630    00000034     SysFlag.obj (.text:SysFlag_Set)
                  00006664    00000034     main.obj (.text:UARTFlushRx)
                  00006698    00000034     rtsv7M4_T_le_v4SPD16_eabi.lib : boot_cortex_m.c.obj (.text:_c_int00_noargs:_c_int00_noargs)
                  000066cc    00000034     buzzer.obj (.text:init_Buzzer)
                  00006700    0000002e     rtsv7M4_T_le_v4SPD16_eabi.lib : i_tofd_t2.asm.obj (.text)
                  0000672e    00000002     --HOLE-- [fill = 0]
                  00006730    0000002c     buzzer.obj (.text:BUZZ_BUZZ)
                  0000675c    0000002c     driverlib.lib : gpio.obj (.text:GPIODirModeSet)
                  00006788    0000002c     main.obj (.text:IsBufferEmpty)
                  000067b4    0000002c     main.obj (.text:UARTEchoSet)
                  000067e0    00000028     rtsv7M4_T_le_v4SPD16_eabi.lib : memory.c.obj (.text:free_list_insert)
                  00006808    00000026     BMX160.obj (.text:BMX160_readReg)
                  0000682e    00000026     BMX160.obj (.text:BMX160_scan)
                  00006854    00000024     onBoardSwitch.obj (.text:SWITCH_SW1_Pressed)
                  00006878    00000024     onBoardSwitch.obj (.text:SWITCH_SW2_Pressed)
                  0000689c    00000024     main.obj (.text:UARTprintf)
                  000068c0    00000020     SysTick.obj (.text:SysTick_Init)
                  000068e0    00000020     rtsv7M4_T_le_v4SPD16_eabi.lib : u_tofd_t2.asm.obj (.text)
                  00006900    0000001c     driverlib.lib : systick.obj (.text:SysTickIntRegister)
                  0000691c    0000001c     rtsv7M4_T_le_v4SPD16_eabi.lib : memory.c.obj (.text:free_list_remove)
                  00006938    0000001c                                   : memccpy.c.obj (.text:memccpy)
                  00006954    0000001a     driverlib.lib : gpio.obj (.text:GPIOPinTypeGPIOOutput)
                  0000696e    0000001a     rtsv7M4_T_le_v4SPD16_eabi.lib : s_copysign.c.obj (.text:copysign)
                  00006988    00000018     BMP388.obj (.text:BMP388_set_i2c_addr)
                  000069a0    00000018     driverlib.lib : uart.obj (.text:UARTIntRegister)
                  000069b8    00000018     rtsv7M4_T_le_v4SPD16_eabi.lib : sprintf.c.obj (.text:_outs)
                  000069d0    00000016     driverlib.lib : gpio.obj (.text:GPIOPinTypeI2C)
                  000069e6    00000016                   : gpio.obj (.text:GPIOPinTypeI2CSCL)
                  000069fc    00000016                   : gpio.obj (.text:GPIOPinTypeUART)
                  00006a12    00000016                   : i2c.obj (.text:I2CMasterErr)
                  00006a28    00000016     rtsv7M4_T_le_v4SPD16_eabi.lib : strchr.c.obj (.text:strchr)
                  00006a3e    00000002     --HOLE-- [fill = 0]
                  00006a40    00000014     driverlib.lib : sysctl.obj (.text:SysCtlResetCauseClear)
                  00006a54    00000014                   : systick.obj (.text:SysTickEnable)
                  00006a68    00000014                   : systick.obj (.text:SysTickIntEnable)
                  00006a7c    00000014     rtsv7M4_T_le_v4SPD16_eabi.lib : strlen.c.obj (.text:strlen)
                  00006a90    00000012                                   : wcslen.c.obj (.text:wcslen)
                  00006aa2    00000002     --HOLE-- [fill = 0]
                  00006aa4    00000010     sysclk.obj (.text:SysClk_Init)
                  00006ab4    00000010     driverlib.lib : systick.obj (.text:SysTickPeriodSet)
                  00006ac4    0000000e     rtsv7M4_T_le_v4SPD16_eabi.lib : copy_decompress_none.c.obj (.text:decompress:none:__TI_decompress_none)
                  00006ad2    0000000c     BMP388.obj (.text:BMP388_user_delay_ms)
                  00006ade    00000002     --HOLE-- [fill = 0]
                  00006ae0    0000000c     driverlib.lib : sysctl.obj (.text:SysCtlResetCauseGet)
                  00006aec    0000000c     SysFlag.obj (.text:SysFlag_Init)
                  00006af8    0000000c     rtsv7M4_T_le_v4SPD16_eabi.lib : copy_zero_init.c.obj (.text:decompress:ZI:__TI_zero_init)
                  00006b04    0000000a     driverlib.lib : i2c.obj (.text:I2CMasterEnable)
                  00006b0e    0000000a     SysTick.obj (.text:SysTick_IntHandler)
                  00006b18    0000000a     driverlib.lib : uart.obj (.text:UARTIntStatus)
                  00006b22    0000000a     rtsv7M4_T_le_v4SPD16_eabi.lib : sprintf.c.obj (.text:_outc)
                  00006b2c    00000008     driverlib.lib : i2c.obj (.text:I2CMasterBusy)
                  00006b34    00000008                   : i2c.obj (.text:I2CMasterSlaveAddrSet)
                  00006b3c    00000008                   : uart.obj (.text:UARTIntEnable)
                  00006b44    00000008     rtsv7M4_T_le_v4SPD16_eabi.lib : errno.c.obj (.text:__aeabi_errno_addr)
                  00006b4c    00000008                                   : memory.c.obj (.text:malloc)
                  00006b54    00000006     driverlib.lib : gpio.obj (.text:GPIOPinRead)
                  00006b5a    00000006                   : gpio.obj (.text:GPIOPinWrite)
                  00006b60    00000006     startup_ccs.obj (.text:ResetISR)
                  00006b66    00000006     driverlib.lib : sysctl.obj (.text:SysCtlDelay)
                  00006b6c    00000006                   : uart.obj (.text:UARTClockSourceSet)
                  00006b72    00000004                   : i2c.obj (.text:I2CMasterControl)
                  00006b76    00000004                   : i2c.obj (.text:I2CMasterDataGet)
                  00006b7a    00000004                   : i2c.obj (.text:I2CMasterDataPut)
                  00006b7e    00000004     rtsv7M4_T_le_v4SPD16_eabi.lib : pre_init.c.obj (.text:_system_pre_init)
                  00006b82    00000004                                   : exit.c.obj (.text:abort:abort)

.const     0    00006b88    00000308     
                  00006b88    00000101     rtsv7M4_T_le_v4SPD16_eabi.lib : ctype.c.obj (.const:.string:_ctypes_)
                  00006c89    00000003     --HOLE-- [fill = 0]
                  00006c8c    00000090     driverlib.lib : gpio.obj (.const:g_pui32GPIOBaseAddrs)
                  00006d1c    0000006c                   : sysctl.obj (.const:g_pui32Xtals)
                  00006d88    00000040                   : uart.obj (.const:g_ppui32UARTIntMap)
                  00006dc8    00000040                   : uart.obj (.const:g_ppui32UARTIntMapSnowflake)
                  00006e08    00000030     rtsv7M4_T_le_v4SPD16_eabi.lib : e_pow.c.obj (.const:$O1$$)
                  00006e38    00000014     driverlib.lib : interrupt.obj (.const:g_pui32EnRegs)
                  00006e4c    00000012     main.obj (.const:.string)
                  00006e5e    00000002     --HOLE-- [fill = 0]
                  00006e60    0000000c     main.obj (.const:g_ui32UARTBase)
                  00006e6c    0000000c     main.obj (.const:g_ui32UARTInt)
                  00006e78    0000000c     main.obj (.const:g_ui32UARTPeriph)
                  00006e84    00000008     BMP388.obj (.const:$P$T0$1)
                  00006e8c    00000004     main.obj (.const)

.cinit     0    00006e90    00000058     
                  00006e90    0000001d     (.cinit..data.load) [load image, compression = lzss]
                  00006ead    00000003     --HOLE-- [fill = 0]
                  00006eb0    0000000c     (__TI_handler_table)
                  00006ebc    00000004     --HOLE-- [fill = 0]
                  00006ec0    00000008     (.cinit..bss.load) [load image, compression = zero_init]
                  00006ec8    00000008     (.cinit..vtable.load) [load image, compression = zero_init]
                  00006ed0    00000018     (__TI_cinit_table)

.init_array 
*          0    00000000    00000000     UNINITIALIZED

.vtable    0    20000000    0000026c     UNINITIALIZED
                  20000000    0000026c     driverlib.lib : interrupt.obj (.vtable)

.stack     0    20000270    00001000     UNINITIALIZED
                  20000270    00000004     rtsv7M4_T_le_v4SPD16_eabi.lib : boot_cortex_m.c.obj (.stack)
                  20000274    00000ffc     --HOLE--

.sysmem    0    20001270    00001000     UNINITIALIZED
                  20001270    00000010     rtsv7M4_T_le_v4SPD16_eabi.lib : memory.c.obj (.sysmem)
                  20001280    00000ff0     --HOLE--

.bss       0    20002270    0000057b     UNINITIALIZED
                  20002270    00000400     main.obj (.bss:g_pcUARTTxBuffer)
                  20002670    000000d0     (.common:dev)
                  20002740    00000080     main.obj (.bss:g_pcUARTRxBuffer)
                  200027c0    00000008     main.obj (.bss)
                  200027c8    00000004     buzzer.obj (.bss)
                  200027cc    00000004     (.common:Oaccel)
                  200027d0    00000004     (.common:Obmx160)
                  200027d4    00000004     (.common:Ogyro)
                  200027d8    00000004     (.common:Omagn)
                  200027dc    00000004     (.common:g_uiSysFlags)
                  200027e0    00000004     (.common:resetCause)
                  200027e4    00000002     (.common:buzDuration)
                  200027e6    00000002     (.common:count)
                  200027e8    00000002     (.common:pauseTime)
                  200027ea    00000001     (.common:BMP388_addr)

.data      0    200027ec    0000003b     UNINITIALIZED
                  200027ec    0000001c     main.obj (.data)
                  20002808    00000008     rtsv7M4_T_le_v4SPD16_eabi.lib : _lock.c.obj (.data:$O1$$)
                  20002810    00000008                                   : memory.c.obj (.data:$O1$$)
                  20002818    00000008     BMX160.obj (.data)
                  20002820    00000004     rtsv7M4_T_le_v4SPD16_eabi.lib : errno.c.obj (.data)
                  20002824    00000003     buzzer.obj (.data)

__llvm_prf_cnts 
*          0    20000000    00000000     UNINITIALIZED

.binit     0    00000000    00000000     

MODULE SUMMARY

       Module                       code    ro data   rw data
       ------                       ----    -------   -------
    .\
       main.obj                     3329    58        1192   
       startup_ccs.obj              12      620       0      
    +--+----------------------------+-------+---------+---------+
       Total:                       3341    678       1192   
                                                             
    .\local_Include\
       i2c.obj                      1159    0         0      
       uart.obj                     184     0         0      
       SysFlag.obj                  172     0         4      
       onBoardSwitch.obj            148     0         0      
       SysTick.obj                  118     0         0      
       led.obj                      52      0         0      
       sysclk.obj                   16      0         0      
    +--+----------------------------+-------+---------+---------+
       Total:                       1849    0         4      
                                                             
    .\local_Include\BMP388\
       BMP388.obj                   6067    8         209    
    +--+----------------------------+-------+---------+---------+
       Total:                       6067    8         209    
                                                             
    .\local_Include\BMX160\
       BMX160.obj                   2229    0         24     
    +--+----------------------------+-------+---------+---------+
       Total:                       2229    0         24     
                                                             
    .\local_Include\BUZZER\
       buzzer.obj                   396     0         13     
    +--+----------------------------+-------+---------+---------+
       Total:                       396     0         13     
                                                             
    C:/ti/TivaWare_C_Series-2.2.0.295/driverlib/ccs/Debug/driverlib.lib
       interrupt.obj                156     20        620    
       sysctl.obj                   670     108       0      
       gpio.obj                     588     144       0      
       uart.obj                     112     128       0      
       i2c.obj                      136     0         0      
       systick.obj                  84      0         0      
    +--+----------------------------+-------+---------+---------+
       Total:                       1746    400       620    
                                                             
    C:\ti\ccs1040\ccs\tools\compiler\ti-cgt-arm_20.2.5.LTS\lib\rtsv7M4_T_le_v4SPD16_eabi.lib
       _printfi.c.obj               4851    0         0      
       e_pow.c.obj                  2512    48        0      
       memory.c.obj                 444     0         8      
       fd_add_t2.asm.obj            438     0         0      
       e_sqrt.c.obj                 344     0         0      
       fd_div_t2.asm.obj            310     0         0      
       s_scalbn.c.obj               272     0         0      
       fd_cmp_t2.asm.obj            268     0         0      
       ctype.c.obj                  0       257       0      
       fd_mul_t2.asm.obj            252     0         0      
       memcpy_t2.asm.obj            156     0         0      
       ull_div_t2.asm.obj           150     0         0      
       memset_t2.asm.obj            122     0         0      
       fd_tos_t2.asm.obj            110     0         0      
       copy_decompress_lzss.c.obj   104     0         0      
       s_frexp.c.obj                100     0         0      
       sprintf.c.obj                98      0         0      
       _ltoa.c.obj                  84      0         0      
       atoi.c.obj                   76      0         0      
       fd_toi_t2.asm.obj            72      0         0      
       autoinit.c.obj               68      0         0      
       u_divt2.asm.obj              64      0         0      
       fs_tod_t2.asm.obj            56      0         0      
       boot_cortex_m.c.obj          52      0         0      
       i_tofd_t2.asm.obj            46      0         0      
       u_tofd_t2.asm.obj            32      0         0      
       memccpy.c.obj                28      0         0      
       s_copysign.c.obj             26      0         0      
       strchr.c.obj                 22      0         0      
       strlen.c.obj                 20      0         0      
       wcslen.c.obj                 18      0         0      
       copy_decompress_none.c.obj   14      0         0      
       copy_zero_init.c.obj         12      0         0      
       errno.c.obj                  8       0         4      
       _lock.c.obj                  2       0         8      
       exit.c.obj                   4       0         0      
       pre_init.c.obj               4       0         0      
       div0.asm.obj                 2       0         0      
    +--+----------------------------+-------+---------+---------+
       Total:                       11241   305       20     
                                                             
       Heap:                        0       0         4096   
       Stack:                       0       0         4096   
       Linker Generated:            0       81        0      
    +--+----------------------------+-------+---------+---------+
       Grand Total:                 26869   1472      10274  


LINKER GENERATED COPY TABLES

__TI_cinit_table @ 00006ed0 records: 3, size/record: 8, table size: 24
	.data: load addr=00006e90, load size=0000001d bytes, run addr=200027ec, run size=0000003b bytes, compression=lzss
	.bss: load addr=00006ec0, load size=00000008 bytes, run addr=20002270, run size=0000057b bytes, compression=zero_init
	.vtable: load addr=00006ec8, load size=00000008 bytes, run addr=20000000, run size=0000026c bytes, compression=zero_init


LINKER GENERATED HANDLER TABLE

__TI_handler_table @ 00006eb0 records: 3, size/record: 4, table size: 12
	index: 0, handler: __TI_zero_init
	index: 1, handler: __TI_decompress_lzss
	index: 2, handler: __TI_decompress_none


GLOBAL SYMBOLS: SORTED ALPHABETICALLY BY Name 

address   name                          
-------   ----                          
00005135  BMP388_Init                   
200027ea  BMP388_addr                   
00002535  BMP388_begin                  
00004e01  BMP388_compensate_data        
00002029  BMP388_compensate_pressure    
00005851  BMP388_compensate_temperature 
00004eb1  BMP388_get_calib_data         
000052f1  BMP388_get_regs               
000044dd  BMP388_get_sensor_data        
00001d0d  BMP388_parse_calib_data       
0000599b  BMP388_parse_sensor_data      
00005589  BMP388_readAltitude           
00005681  BMP388_readCalibratedAltitude 
00005c11  BMP388_readPressure           
00005771  BMP388_readSeaLevel           
00005b45  BMP388_readTemperature        
0000640d  BMP388_read_all_regs          
00003301  BMP388_reset                  
000034a1  BMP388_set_config             
00006989  BMP388_set_i2c_addr           
00004f5d  BMP388_set_regs               
00002da5  BMP388_showData               
00006ad3  BMP388_user_delay_ms          
00002bc9  BMP388_user_i2c_read          
00004089  BMP388_user_i2c_write         
000047e9  BMX160_Init                   
00004c8d  BMX160_begin                  
00005e9d  BMX160_defaultParamSettg      
000027a1  BMX160_getAllData             
00006809  BMX160_readReg                
0000682f  BMX160_scan                   
00004bc5  BMX160_setMagnConf            
000029d1  BMX160_showData               
000051c9  BMX160_softReset              
00006529  BMX160_softResetWorker        
000061d9  BMX160_wakeUp                 
00005c75  BMX160_writeBmxReg            
00006731  BUZZ_BUZZ                     
00006359  BUZZ_BUZZER                   
00004ad5  BUZZ_SM                       
00006b83  C$$EXIT                       
0000675d  GPIODirModeSet                
000037c9  GPIOPadConfigSet              
00005f41  GPIOPinConfigure              
00006b55  GPIOPinRead                   
00006955  GPIOPinTypeGPIOOutput         
000069d1  GPIOPinTypeI2C                
000069e7  GPIOPinTypeI2CSCL             
000069fd  GPIOPinTypeUART               
00006b5b  GPIOPinWrite                  
000056f9  I2C0_Init                     
00006b2d  I2CMasterBusy                 
00006b73  I2CMasterControl              
00006b77  I2CMasterDataGet              
00006b7b  I2CMasterDataPut              
00006b05  I2CMasterEnable               
00006a13  I2CMasterErr                  
00005f8d  I2CMasterInitExpClk           
00006b35  I2CMasterSlaveAddrSet         
00003e39  I2C_AddressBruteForcer        
00005a09  I2C_ReadByte                  
00005d9d  I2C_readReg                   
000045e9  I2C_writeSingleReg            
00005a75  IntEnable                     
00006561  IntRegister                   
00006595  LED_LEDInit                   
200027cc  Oaccel                        
200027d0  Obmx160                       
200027d4  Ogyro                         
200027d8  Omagn                         
000062dd  PCF8574A_Init                 
00005485  PCF8574A_Read                 
00005d3d  PCF8574A_Write                
00006b61  ResetISR                      
00005fd9  SWITCH_Init                   
00006855  SWITCH_SW1_Pressed            
00006879  SWITCH_SW2_Pressed            
00006025  SYSTICK_Delay                 
00006aa5  SysClk_Init                   
000041a1  SysCtlClockGet                
000049e1  SysCtlClockSet                
00006b67  SysCtlDelay                   
000065c9  SysCtlPeripheralEnable        
00006449  SysCtlPeripheralReady         
00006a41  SysCtlResetCauseClear         
00006ae1  SysCtlResetCauseGet           
00006481  SysFlag_Check                 
000065fd  SysFlag_Clear                 
00006aed  SysFlag_Init                  
00006631  SysFlag_Set                   
00006a55  SysTickEnable                 
00006a69  SysTickIntEnable              
00006901  SysTickIntRegister            
00006ab5  SysTickPeriodSet              
000068c1  SysTick_Init                  
00006b0f  SysTick_IntHandler            
00006151  SystemInitialize              
00005509  UART0_STDIO_Init              
000064b9  UART0_STDIO_IntHandler        
00006b6d  UARTClockSourceSet            
000067b5  UARTEchoSet                   
00006665  UARTFlushRx                   
00006071  UARTFlushTx                   
00006b3d  UARTIntEnable                 
000069a1  UARTIntRegister               
00006b19  UARTIntStatus                 
00003bc9  UARTStdioConfig               
00003641  UARTStdioIntHandler           
000063d1  UARTgetc                      
0000689d  UARTprintf                    
0000168d  UARTvprintf                   
000042b9  UARTwrite                     
20001270  __STACK_END                   
00001000  __STACK_SIZE                  
20000470  __STACK_TOP                   
00001000  __SYSMEM_SIZE                 
00006ed0  __TI_CINIT_Base               
00006ee8  __TI_CINIT_Limit              
00006eb0  __TI_Handler_Table_Base       
00006ebc  __TI_Handler_Table_Limit      
00006195  __TI_auto_init_nobinit_nopinit
00005add  __TI_decompress_lzss          
00006ac5  __TI_decompress_none          
00005e49  __TI_ltoa                     
ffffffff  __TI_pprof_out_hndl           
0000026d  __TI_printfi                  
ffffffff  __TI_prof_data_size           
ffffffff  __TI_prof_data_start          
00000000  __TI_static_base__            
00006af9  __TI_zero_init                
00005379  __aeabi_cdcmpeq               
00005379  __aeabi_cdcmple               
000053ff  __aeabi_cdrcmple              
0000592d  __aeabi_d2f                   
00006109  __aeabi_d2iz                  
00003153  __aeabi_dadd                  
00003d01  __aeabi_ddiv                  
000048e5  __aeabi_dmul                  
00003149  __aeabi_dsub                  
00006b45  __aeabi_errno_addr            
000064f1  __aeabi_f2d                   
00006701  __aeabi_i2d                   
00004c8b  __aeabi_idiv0                 
00004c8b  __aeabi_ldiv0                 
00005605  __aeabi_memclr                
00005605  __aeabi_memclr4               
00005605  __aeabi_memclr8               
00005001  __aeabi_memcpy                
00005001  __aeabi_memcpy4               
00005001  __aeabi_memcpy8               
00005607  __aeabi_memset                
00005607  __aeabi_memset4               
00005607  __aeabi_memset8               
000068e1  __aeabi_ui2d                  
0000625d  __aeabi_uidiv                 
0000625d  __aeabi_uidivmod              
0000509d  __aeabi_uldivmod              
ffffffff  __binit__                     
ffffffff  __c_args__                    
00005cd9  __error__                     
UNDEFED   __mpu_init                    
20000270  __stack                       
20000000  __start___llvm_prf_cnts       
20000000  __stop___llvm_prf_cnts        
00006699  _c_int00_noargs               
00006b88  _ctypes_                      
20002808  _lock                         
00003e37  _nop                          
20001270  _sys_memory                   
UNDEFED   _system_post_cinit            
00006b7f  _system_pre_init              
2000280c  _unlock                       
00006b83  abort                         
20002818  accelRange                    
000046e9  aligned_alloc                 
000060bd  atoi                          
ffffffff  binit                         
200027e4  buzDuration                   
0000696f  copysign                      
0000696f  copysignl                     
200027e6  count                         
20002670  dev                           
20002820  errno                         
00005bad  frexp                         
00005bad  frexpl                        
20000000  g_pfnRAMVectors               
00000000  g_pfnVectors                  
200027dc  g_uiSysFlags                  
2000281c  gyroRange                     
000066cd  init_Buzzer                   
000043cd  ldexp                         
000043cd  ldexpl                        
000019e1  main                          
00006b4d  malloc                        
000046e9  memalign                      
00006939  memccpy                       
00005001  memcpy                        
0000560d  memset                        
200027e8  pauseTime                     
00000cbd  pow                           
00000cbd  powl                          
200027e0  resetCause                    
000043cd  scalbn                        
000043cd  scalbnl                       
0000629d  sprintf                       
00003935  sqrt                          
00003935  sqrtl                         
00006a29  strchr                        
00006a7d  strlen                        
00006a91  wcslen                        


GLOBAL SYMBOLS: SORTED BY Symbol Address 

address   name                          
-------   ----                          
00000000  __TI_static_base__            
00000000  g_pfnVectors                  
0000026d  __TI_printfi                  
00000cbd  pow                           
00000cbd  powl                          
00001000  __STACK_SIZE                  
00001000  __SYSMEM_SIZE                 
0000168d  UARTvprintf                   
000019e1  main                          
00001d0d  BMP388_parse_calib_data       
00002029  BMP388_compensate_pressure    
00002535  BMP388_begin                  
000027a1  BMX160_getAllData             
000029d1  BMX160_showData               
00002bc9  BMP388_user_i2c_read          
00002da5  BMP388_showData               
00003149  __aeabi_dsub                  
00003153  __aeabi_dadd                  
00003301  BMP388_reset                  
000034a1  BMP388_set_config             
00003641  UARTStdioIntHandler           
000037c9  GPIOPadConfigSet              
00003935  sqrt                          
00003935  sqrtl                         
00003bc9  UARTStdioConfig               
00003d01  __aeabi_ddiv                  
00003e37  _nop                          
00003e39  I2C_AddressBruteForcer        
00004089  BMP388_user_i2c_write         
000041a1  SysCtlClockGet                
000042b9  UARTwrite                     
000043cd  ldexp                         
000043cd  ldexpl                        
000043cd  scalbn                        
000043cd  scalbnl                       
000044dd  BMP388_get_sensor_data        
000045e9  I2C_writeSingleReg            
000046e9  aligned_alloc                 
000046e9  memalign                      
000047e9  BMX160_Init                   
000048e5  __aeabi_dmul                  
000049e1  SysCtlClockSet                
00004ad5  BUZZ_SM                       
00004bc5  BMX160_setMagnConf            
00004c8b  __aeabi_idiv0                 
00004c8b  __aeabi_ldiv0                 
00004c8d  BMX160_begin                  
00004e01  BMP388_compensate_data        
00004eb1  BMP388_get_calib_data         
00004f5d  BMP388_set_regs               
00005001  __aeabi_memcpy                
00005001  __aeabi_memcpy4               
00005001  __aeabi_memcpy8               
00005001  memcpy                        
0000509d  __aeabi_uldivmod              
00005135  BMP388_Init                   
000051c9  BMX160_softReset              
000052f1  BMP388_get_regs               
00005379  __aeabi_cdcmpeq               
00005379  __aeabi_cdcmple               
000053ff  __aeabi_cdrcmple              
00005485  PCF8574A_Read                 
00005509  UART0_STDIO_Init              
00005589  BMP388_readAltitude           
00005605  __aeabi_memclr                
00005605  __aeabi_memclr4               
00005605  __aeabi_memclr8               
00005607  __aeabi_memset                
00005607  __aeabi_memset4               
00005607  __aeabi_memset8               
0000560d  memset                        
00005681  BMP388_readCalibratedAltitude 
000056f9  I2C0_Init                     
00005771  BMP388_readSeaLevel           
00005851  BMP388_compensate_temperature 
0000592d  __aeabi_d2f                   
0000599b  BMP388_parse_sensor_data      
00005a09  I2C_ReadByte                  
00005a75  IntEnable                     
00005add  __TI_decompress_lzss          
00005b45  BMP388_readTemperature        
00005bad  frexp                         
00005bad  frexpl                        
00005c11  BMP388_readPressure           
00005c75  BMX160_writeBmxReg            
00005cd9  __error__                     
00005d3d  PCF8574A_Write                
00005d9d  I2C_readReg                   
00005e49  __TI_ltoa                     
00005e9d  BMX160_defaultParamSettg      
00005f41  GPIOPinConfigure              
00005f8d  I2CMasterInitExpClk           
00005fd9  SWITCH_Init                   
00006025  SYSTICK_Delay                 
00006071  UARTFlushTx                   
000060bd  atoi                          
00006109  __aeabi_d2iz                  
00006151  SystemInitialize              
00006195  __TI_auto_init_nobinit_nopinit
000061d9  BMX160_wakeUp                 
0000625d  __aeabi_uidiv                 
0000625d  __aeabi_uidivmod              
0000629d  sprintf                       
000062dd  PCF8574A_Init                 
00006359  BUZZ_BUZZER                   
000063d1  UARTgetc                      
0000640d  BMP388_read_all_regs          
00006449  SysCtlPeripheralReady         
00006481  SysFlag_Check                 
000064b9  UART0_STDIO_IntHandler        
000064f1  __aeabi_f2d                   
00006529  BMX160_softResetWorker        
00006561  IntRegister                   
00006595  LED_LEDInit                   
000065c9  SysCtlPeripheralEnable        
000065fd  SysFlag_Clear                 
00006631  SysFlag_Set                   
00006665  UARTFlushRx                   
00006699  _c_int00_noargs               
000066cd  init_Buzzer                   
00006701  __aeabi_i2d                   
00006731  BUZZ_BUZZ                     
0000675d  GPIODirModeSet                
000067b5  UARTEchoSet                   
00006809  BMX160_readReg                
0000682f  BMX160_scan                   
00006855  SWITCH_SW1_Pressed            
00006879  SWITCH_SW2_Pressed            
0000689d  UARTprintf                    
000068c1  SysTick_Init                  
000068e1  __aeabi_ui2d                  
00006901  SysTickIntRegister            
00006939  memccpy                       
00006955  GPIOPinTypeGPIOOutput         
0000696f  copysign                      
0000696f  copysignl                     
00006989  BMP388_set_i2c_addr           
000069a1  UARTIntRegister               
000069d1  GPIOPinTypeI2C                
000069e7  GPIOPinTypeI2CSCL             
000069fd  GPIOPinTypeUART               
00006a13  I2CMasterErr                  
00006a29  strchr                        
00006a41  SysCtlResetCauseClear         
00006a55  SysTickEnable                 
00006a69  SysTickIntEnable              
00006a7d  strlen                        
00006a91  wcslen                        
00006aa5  SysClk_Init                   
00006ab5  SysTickPeriodSet              
00006ac5  __TI_decompress_none          
00006ad3  BMP388_user_delay_ms          
00006ae1  SysCtlResetCauseGet           
00006aed  SysFlag_Init                  
00006af9  __TI_zero_init                
00006b05  I2CMasterEnable               
00006b0f  SysTick_IntHandler            
00006b19  UARTIntStatus                 
00006b2d  I2CMasterBusy                 
00006b35  I2CMasterSlaveAddrSet         
00006b3d  UARTIntEnable                 
00006b45  __aeabi_errno_addr            
00006b4d  malloc                        
00006b55  GPIOPinRead                   
00006b5b  GPIOPinWrite                  
00006b61  ResetISR                      
00006b67  SysCtlDelay                   
00006b6d  UARTClockSourceSet            
00006b73  I2CMasterControl              
00006b77  I2CMasterDataGet              
00006b7b  I2CMasterDataPut              
00006b7f  _system_pre_init              
00006b83  C$$EXIT                       
00006b83  abort                         
00006b88  _ctypes_                      
00006eb0  __TI_Handler_Table_Base       
00006ebc  __TI_Handler_Table_Limit      
00006ed0  __TI_CINIT_Base               
00006ee8  __TI_CINIT_Limit              
20000000  __start___llvm_prf_cnts       
20000000  __stop___llvm_prf_cnts        
20000000  g_pfnRAMVectors               
20000270  __stack                       
20000470  __STACK_TOP                   
20001270  __STACK_END                   
20001270  _sys_memory                   
20002670  dev                           
200027cc  Oaccel                        
200027d0  Obmx160                       
200027d4  Ogyro                         
200027d8  Omagn                         
200027dc  g_uiSysFlags                  
200027e0  resetCause                    
200027e4  buzDuration                   
200027e6  count                         
200027e8  pauseTime                     
200027ea  BMP388_addr                   
20002808  _lock                         
2000280c  _unlock                       
20002818  accelRange                    
2000281c  gyroRange                     
20002820  errno                         
ffffffff  __TI_pprof_out_hndl           
ffffffff  __TI_prof_data_size           
ffffffff  __TI_prof_data_start          
ffffffff  __binit__                     
ffffffff  __c_args__                    
ffffffff  binit                         
UNDEFED   __mpu_init                    
UNDEFED   _system_post_cinit            

[210 symbols]
