******************************************************************************
                  TI ARM Linker PC v20.2.5                     
******************************************************************************
>> Linked Sat Mar 19 21:37:16 2022

OUTPUT FILE NAME:   <DroneProject.out>
ENTRY POINT SYMBOL: "_c_int00_noargs"  address: 00009425


MEMORY CONFIGURATION

         name            origin    length      used     unused   attr    fill
----------------------  --------  ---------  --------  --------  ----  --------
  FLASH                 00000000   00040000  0000a122  00035ede  R  X
  SRAM                  20000000   00008000  00002bbb  00005445  RW X


SEGMENT ALLOCATION MAP

run origin  load origin   length   init length attrs members
----------  ----------- ---------- ----------- ----- -------
00000000    00000000    0000a128   0000a128    r-x
  00000000    00000000    0000026c   0000026c    r-- .intvecs
  0000026c    0000026c    000098de   000098de    r-x .text
  00009b50    00009b50    00000560   00000560    r-- .const
  0000a0b0    0000a0b0    00000078   00000078    r-- .cinit
20000000    20000000    00002bc0   00000000    rw-
  20000000    20000000    0000026c   00000000    rw- .vtable
  20000270    20000270    00001000   00000000    rw- .stack
  20001270    20001270    00001000   00000000    rw- .sysmem
  20002270    20002270    0000088b   00000000    rw- .bss
  20002afc    20002afc    000000c4   00000000    rw- .data


SECTION ALLOCATION MAP

 output                                  attributes/
section   page    origin      length       input sections
--------  ----  ----------  ----------   ----------------
.intvecs   0    00000000    0000026c     
                  00000000    0000026c     startup_ccs.obj (.intvecs)

.text      0    0000026c    000098de     
                  0000026c    00000a4e     rtsv7M4_T_le_v4SPD16_eabi.lib : _printfi.c.obj (.text:__TI_printfi)
                  00000cba    00000002     startup_ccs.obj (.text:FaultISR)
                  00000cbc    000009d2     main.obj (.text:main)
                  0000168e    00000002     startup_ccs.obj (.text:IntDefaultHandler)
                  00001690    000009d0     rtsv7M4_T_le_v4SPD16_eabi.lib : e_pow.c.obj (.text:pow)
                  00002060    00000978     PWM.obj (.text:Motor_ManMixer)
                  000029d8    000004f0     BMX160.obj (.text:BMX160_getAllData)
                  00002ec8    00000358     BMX160.obj (.text:BMX160_showData)
                  00003220    00000354     main.obj (.text:UARTvprintf)
                  00003574    0000031c     BMP388.obj (.text:BMP388_parse_calib_data)
                  00003890    000002b0     OrangeRX.obj (.text:OrangeRX_Init)
                  00003b40    0000029a     BMP388.obj (.text:BMP388_compensate_pressure)
                  00003dda    00000002     startup_ccs.obj (.text:NmiSR)
                  00003ddc    00000270     BMP388.obj (.text:BMP388_begin)
                  0000404c    00000270     rtsv7M4_T_le_v4SPD16_eabi.lib : _printfi.c.obj (.text:_pconv_a)
                  000042bc    00000214     PWM.obj (.text:Motor_setDuty)
                  000044d0    00000201     BMP388.obj (.text:BMP388_set_config)
                  000046d1    00000001     --HOLE-- [fill = 0]
                  000046d2    00000002     rtsv7M4_T_le_v4SPD16_eabi.lib : _lock.c.obj (.text:_nop)
                  000046d4    000001f8     OrangeRX.obj (.text:OrangeRX_extractData)
                  000048cc    000001ec     BMP388.obj (.text:BMP388_showData)
                  00004ab8    000001e8     PWM.obj (.text:PWM_Init)
                  00004ca0    000001dc     BMP388.obj (.text:BMP388_user_i2c_read)
                  00004e7c    000001d0     rtsv7M4_T_le_v4SPD16_eabi.lib : _printfi.c.obj (.text:_pconv_g)
                  0000504c    000001b6                                   : fd_add_t2.asm.obj (.text)
                  00005202    00000002                                   : div0.asm.obj (.text)
                  00005204    000001a0     BMP388.obj (.text:BMP388_reset)
                  000053a4    00000188     main.obj (.text:UARTStdioIntHandler)
                  0000552c    00000174     BMP388.obj (.text:BMP388_calibrate)
                  000056a0    00000170     BMP388.obj (.text:BMP388_readAltitude)
                  00005810    0000016c     driverlib.lib : gpio.obj (.text:GPIOPadConfigSet)
                  0000597c    0000016c     MotorControl.obj (.text:flightControl)
                  00005ae8    00000158     rtsv7M4_T_le_v4SPD16_eabi.lib : e_sqrt.c.obj (.text:sqrt)
                  00005c40    00000143     i2c.obj (.text:I2C_AddressBruteForcer)
                  00005d83    00000001     --HOLE-- [fill = 0]
                  00005d84    0000013c     rtsv7M4_T_le_v4SPD16_eabi.lib : _printfi.c.obj (.text:_pconv_e)
                  00005ec0    00000138     main.obj (.text:UARTStdioConfig)
                  00005ff8    00000136     rtsv7M4_T_le_v4SPD16_eabi.lib : fd_div_t2.asm.obj (.text)
                  0000612e    00000002     --HOLE-- [fill = 0]
                  00006130    00000128     OrangeRX.obj (.text:OrangeRX_showActData)
                  00006258    00000124     rtsv7M4_T_le_v4SPD16_eabi.lib : _printfi.c.obj (.text:fcvt)
                  0000637c    00000118     BMP388.obj (.text:BMP388_user_i2c_write)
                  00006494    00000118     driverlib.lib : sysctl.obj (.text:SysCtlClockGet)
                  000065ac    00000114     main.obj (.text:UARTwrite)
                  000066c0    00000110     rtsv7M4_T_le_v4SPD16_eabi.lib : s_scalbn.c.obj (.text:scalbn)
                  000067d0    0000010c     BMP388.obj (.text:BMP388_get_sensor_data)
                  000068dc    00000104     BMX160.obj (.text:BMX160_Init)
                  000069e0    00000100     i2c.obj (.text:I2C_writeSingleReg)
                  00006ae0    00000100     rtsv7M4_T_le_v4SPD16_eabi.lib : memory.c.obj (.text:aligned_alloc)
                  00006be0    000000fc     MotorControl.obj (.text:GetFlightMode)
                  00006cdc    000000fc     rtsv7M4_T_le_v4SPD16_eabi.lib : fd_mul_t2.asm.obj (.text)
                  00006dd8    000000f8                                   : s_floor.c.obj (.text:floor)
                  00006ed0    000000f4     driverlib.lib : sysctl.obj (.text:SysCtlClockSet)
                  00006fc4    000000f0     buzzer.obj (.text:BUZZ_SM)
                  000070b4    000000e4     OrangeRX.obj (.text:OrangeRX_receivedChannelReorganizer)
                  00007198    000000e0     BMP388.obj (.text:BMP388_Init)
                  00007278    000000d6     BMX160.obj (.text:BMX160_setMagnConf)
                  0000734e    00000002     --HOLE-- [fill = 0]
                  00007350    000000c4     rtsv7M4_T_le_v4SPD16_eabi.lib : s_round.c.obj (.text:round)
                  00007414    000000be     BMX160.obj (.text:BMX160_begin)
                  000074d2    00000002     --HOLE-- [fill = 0]
                  000074d4    000000bc     rtsv7M4_T_le_v4SPD16_eabi.lib : s_trunc.c.obj (.text:trunc)
                  00007590    000000b1                                   : _printfi.c.obj (.text:_ltostr)
                  00007641    00000001     --HOLE-- [fill = 0]
                  00007642    000000b0     led.obj (.text:LED_Drive)
                  000076f2    00000002     --HOLE-- [fill = 0]
                  000076f4    000000ad     BMP388.obj (.text:BMP388_compensate_data)
                  000077a1    00000003     --HOLE-- [fill = 0]
                  000077a4    000000ab     BMP388.obj (.text:BMP388_get_calib_data)
                  0000784f    00000001     --HOLE-- [fill = 0]
                  00007850    000000a8     MotorControl.obj (.text:GetEStopState)
                  000078f8    000000a4     BMP388.obj (.text:BMP388_set_regs)
                  0000799c    0000009c     rtsv7M4_T_le_v4SPD16_eabi.lib : memcpy_t2.asm.obj (.text)
                  00007a38    00000096                                   : ull_div_t2.asm.obj (.text)
                  00007ace    00000002     --HOLE-- [fill = 0]
                  00007ad0    00000094     BMX160.obj (.text:BMX160_softReset)
                  00007b64    00000094     main.obj (.text:UARTPrimeTransmit)
                  00007bf8    0000008c     i2c.obj (.text:I2C0_Init)
                  00007c84    0000008a     BMX160.obj (.text:BMX160_defaultParamSettg)
                  00007d0e    00000002     --HOLE-- [fill = 0]
                  00007d10    00000088     BMP388.obj (.text:BMP388_get_regs)
                  00007d98    00000086     rtsv7M4_T_le_v4SPD16_eabi.lib : fd_cmp_t2.asm.obj (.text:__aeabi_cdcmple)
                  00007e1e    00000086                                   : fd_cmp_t2.asm.obj (.text:__aeabi_cdrcmple)
                  00007ea4    00000084     i2c.obj (.text:PCF8574A_Read)
                  00007f28    00000080     uart.obj (.text:UART0_STDIO_Init)
                  00007fa8    0000007a     rtsv7M4_T_le_v4SPD16_eabi.lib : memset_t2.asm.obj (.text)
                  00008022    00000002     --HOLE-- [fill = 0]
                  00008024    00000074     LPF.obj (.text:applyLPF)
                  00008098    00000070     rtsv7M4_T_le_v4SPD16_eabi.lib : memory.c.obj (.text:split)
                  00008108    0000006e     BMP388.obj (.text:BMP388_compensate_temperature)
                  00008176    0000006e     rtsv7M4_T_le_v4SPD16_eabi.lib : _printfi.c.obj (.text:_mcpy)
                  000081e4    0000006e                                   : fd_tos_t2.asm.obj (.text)
                  00008252    0000006c     BMP388.obj (.text:BMP388_parse_sensor_data)
                  000082be    00000002     --HOLE-- [fill = 0]
                  000082c0    0000006c     i2c.obj (.text:I2C_ReadByte)
                  0000832c    00000068     driverlib.lib : interrupt.obj (.text:IntEnable)
                  00008394    00000068     PWM.obj (.text:MOTOR_showDuty)
                  000083fc    00000068     rtsv7M4_T_le_v4SPD16_eabi.lib : copy_decompress_lzss.c.obj (.text:decompress:lzss:__TI_decompress_lzss)
                  00008464    00000066     BMP388.obj (.text:BMP388_readTemperature)
                  000084ca    00000002     --HOLE-- [fill = 0]
                  000084cc    00000064     BMP388.obj (.text:BMP388_Int_Handler)
                  00008530    00000064     rtsv7M4_T_le_v4SPD16_eabi.lib : s_frexp.c.obj (.text:frexp)
                  00008594    00000063     BMP388.obj (.text:BMP388_readPressure)
                  000085f7    00000001     --HOLE-- [fill = 0]
                  000085f8    00000063     BMX160.obj (.text:BMX160_writeBmxReg)
                  0000865b    00000001     --HOLE-- [fill = 0]
                  0000865c    00000061     main.obj (.text:__error__)
                  000086bd    00000003     --HOLE-- [fill = 0]
                  000086c0    00000060     i2c.obj (.text:PCF8574A_Write)
                  00008720    00000060     SONAR.obj (.text:SONAR_Trigger)
                  00008780    00000060     driverlib.lib : timer.obj (.text:TimerConfigure)
                  000087e0    0000005c     OrangeRX.obj (.text:OrangeRX_isConnected)
                  0000883c    00000058     driverlib.lib : gpio.obj (.text:GPIOIntTypeSet)
                  00008894    00000058     OrangeRX.obj (.text:ORANGE_showState)
                  000088ec    00000056     i2c.obj (.text:I2C_readReg)
                  00008942    00000056     rtsv7M4_T_le_v4SPD16_eabi.lib : _printfi.c.obj (.text:_pconv_f)
                  00008998    00000054     BMP388.obj (.text:BMP388_showState)
                  000089ec    00000054     BMX160.obj (.text:BMX160_showState)
                  00008a40    00000054     buzzer.obj (.text:BUZZER_showState)
                  00008a94    00000054     rtsv7M4_T_le_v4SPD16_eabi.lib : _ltoa.c.obj (.text:__TI_ltoa)
                  00008ae8    00000052                                   : _printfi.c.obj (.text:_ecpy)
                  00008b3a    00000002     --HOLE-- [fill = 0]
                  00008b3c    0000004c     driverlib.lib : gpio.obj (.text:GPIOPinConfigure)
                  00008b88    0000004c                   : i2c.obj (.text:I2CMasterInitExpClk)
                  00008bd4    0000004c     i2c.obj (.text:I2C_showState)
                  00008c20    0000004c     PWM.obj (.text:PWM_showState)
                  00008c6c    0000004c     onBoardSwitch.obj (.text:SWITCH_Init)
                  00008cb8    0000004c     main.obj (.text:SystemInitialize)
                  00008d04    0000004c     main.obj (.text:UARTFlushTx)
                  00008d50    0000004c     driverlib.lib : timer.obj (.text:_TimerIntNumberGet)
                  00008d9c    0000004c     rtsv7M4_T_le_v4SPD16_eabi.lib : atoi.c.obj (.text:atoi)
                  00008de8    00000048                                   : fd_toi_t2.asm.obj (.text)
                  00008e30    00000044     driverlib.lib : i2c.obj (.text:I2CMasterGlitchFilterConfigSet)
                  00008e74    00000044                   : gpio.obj (.text:_GPIOIntNumberGet)
                  00008eb8    00000044     rtsv7M4_T_le_v4SPD16_eabi.lib : autoinit.c.obj (.text:__TI_auto_init_nobinit_nopinit:__TI_auto_init_nobinit_nopinit)
                  00008efc    00000040     driverlib.lib : uart.obj (.text:_UARTIntNumberGet)
                  00008f3c    00000040     buzzer.obj (.text:init_Buzzer)
                  00008f7c    00000040     rtsv7M4_T_le_v4SPD16_eabi.lib : u_divt2.asm.obj (.text)
                  00008fbc    00000040                                   : sprintf.c.obj (.text:sprintf)
                  00008ffc    0000003e     i2c.obj (.text:PCF8574A_Init)
                  0000903a    0000003e     rtsv7M4_T_le_v4SPD16_eabi.lib : _printfi.c.obj (.text:_fcpy)
                  00009078    0000003c     buzzer.obj (.text:BUZZ_BUZZER)
                  000090b4    0000003c     main.obj (.text:IsBufferFull)
                  000090f0    0000003c     main.obj (.text:UARTgetc)
                  0000912c    0000003a     BMP388.obj (.text:BMP388_read_all_regs)
                  00009166    00000002     --HOLE-- [fill = 0]
                  00009168    00000038     BMP388.obj (.text:BMP388_Int_Configure)
                  000091a0    00000038     driverlib.lib : sysctl.obj (.text:SysCtlPeripheralReady)
                  000091d8    00000038     SysFlag.obj (.text:SysFlag_Check)
                  00009210    00000038     uart.obj (.text:UART0_STDIO_IntHandler)
                  00009248    00000038     rtsv7M4_T_le_v4SPD16_eabi.lib : fs_tod_t2.asm.obj (.text)
                  00009280    00000036     BMX160.obj (.text:BMX160_softResetWorker)
                  000092b6    00000002     --HOLE-- [fill = 0]
                  000092b8    00000034     driverlib.lib : interrupt.obj (.text:IntRegister)
                  000092ec    00000034     led.obj (.text:LED_ALL_FUNCTION)
                  00009320    00000034     led.obj (.text:LED_LEDInit)
                  00009354    00000034     driverlib.lib : sysctl.obj (.text:SysCtlPeripheralEnable)
                  00009388    00000034     SysFlag.obj (.text:SysFlag_Clear)
                  000093bc    00000034     SysFlag.obj (.text:SysFlag_Set)
                  000093f0    00000034     main.obj (.text:UARTFlushRx)
                  00009424    00000034     rtsv7M4_T_le_v4SPD16_eabi.lib : boot_cortex_m.c.obj (.text:_c_int00_noargs:_c_int00_noargs)
                  00009458    0000002e                                   : i_tofd_t2.asm.obj (.text)
                  00009486    00000002     --HOLE-- [fill = 0]
                  00009488    0000002c     buzzer.obj (.text:BUZZ_BUZZ)
                  000094b4    0000002c     driverlib.lib : gpio.obj (.text:GPIODirModeSet)
                  000094e0    0000002c     main.obj (.text:IsBufferEmpty)
                  0000950c    0000002c     led.obj (.text:LED_LED1)
                  00009538    0000002c     led.obj (.text:LED_LED2)
                  00009564    0000002c     led.obj (.text:LED_LED3)
                  00009590    0000002c     main.obj (.text:UARTEchoSet)
                  000095bc    00000028     rtsv7M4_T_le_v4SPD16_eabi.lib : memory.c.obj (.text:free_list_insert)
                  000095e4    00000026     BMX160.obj (.text:BMX160_readReg)
                  0000960a    00000026     SysTick.obj (.text:SYSTICK_Delay)
                  00009630    00000024     onBoardSwitch.obj (.text:SWITCH_SW1_Pressed)
                  00009654    00000024     onBoardSwitch.obj (.text:SWITCH_SW2_Pressed)
                  00009678    00000024     main.obj (.text:UARTprintf)
                  0000969c    00000022     BMX160.obj (.text:BMX160_scan)
                  000096be    00000022     driverlib.lib : pwm.obj (.text:PWMGenConfigure)
                  000096e0    00000020     OrangeRX.obj (.text:OrangeRX_IntHandler)
                  00009700    00000020     SysTick.obj (.text:SysTick_Init)
                  00009720    00000020     rtsv7M4_T_le_v4SPD16_eabi.lib : u_tofd_t2.asm.obj (.text)
                  00009740    0000001e     driverlib.lib : pwm.obj (.text:PWMPulseWidthGet)
                  0000975e    0000001e                   : pwm.obj (.text:PWMPulseWidthSet)
                  0000977c    0000001c                   : systick.obj (.text:SysTickIntRegister)
                  00009798    0000001c     rtsv7M4_T_le_v4SPD16_eabi.lib : memory.c.obj (.text:free_list_remove)
                  000097b4    0000001c                                   : memccpy.c.obj (.text:memccpy)
                  000097d0    0000001a     driverlib.lib : gpio.obj (.text:GPIOPinTypeGPIOOutput)
                  000097ea    0000001a     rtsv7M4_T_le_v4SPD16_eabi.lib : s_copysign.c.obj (.text:copysign)
                  00009804    00000018     BMP388.obj (.text:BMP388_set_i2c_addr)
                  0000981c    00000018     driverlib.lib : gpio.obj (.text:GPIOIntRegister)
                  00009834    00000018                   : sysctl.obj (.text:SysCtlPWMClockGet)
                  0000984c    00000018                   : timer.obj (.text:TimerIntRegister)
                  00009864    00000018                   : uart.obj (.text:UARTIntRegister)
                  0000987c    00000018     rtsv7M4_T_le_v4SPD16_eabi.lib : sprintf.c.obj (.text:_outs)
                  00009894    00000016     driverlib.lib : gpio.obj (.text:GPIOPinTypeGPIOInput)
                  000098aa    00000016                   : gpio.obj (.text:GPIOPinTypeI2C)
                  000098c0    00000016                   : gpio.obj (.text:GPIOPinTypeI2CSCL)
                  000098d6    00000016                   : gpio.obj (.text:GPIOPinTypePWM)
                  000098ec    00000016                   : gpio.obj (.text:GPIOPinTypeTimer)
                  00009902    00000016                   : gpio.obj (.text:GPIOPinTypeUART)
                  00009918    00000016                   : i2c.obj (.text:I2CMasterErr)
                  0000992e    00000016                   : timer.obj (.text:TimerControlEvent)
                  00009944    00000016     rtsv7M4_T_le_v4SPD16_eabi.lib : strchr.c.obj (.text:strchr)
                  0000995a    00000002     --HOLE-- [fill = 0]
                  0000995c    00000014     driverlib.lib : sysctl.obj (.text:SysCtlPWMClockSet)
                  00009970    00000014                   : sysctl.obj (.text:SysCtlResetCauseClear)
                  00009984    00000014                   : systick.obj (.text:SysTickEnable)
                  00009998    00000014                   : systick.obj (.text:SysTickIntEnable)
                  000099ac    00000014     rtsv7M4_T_le_v4SPD16_eabi.lib : strlen.c.obj (.text:strlen)
                  000099c0    00000012     driverlib.lib : pwm.obj (.text:PWMGenPeriodGet)
                  000099d2    00000012                   : pwm.obj (.text:PWMOutputState)
                  000099e4    00000012                   : timer.obj (.text:TimerLoadSet)
                  000099f6    00000012                   : timer.obj (.text:TimerMatchSet)
                  00009a08    00000012     rtsv7M4_T_le_v4SPD16_eabi.lib : wcslen.c.obj (.text:wcslen)
                  00009a1a    00000010     driverlib.lib : pwm.obj (.text:PWMGenPeriodSet)
                  00009a2a    00000002     --HOLE-- [fill = 0]
                  00009a2c    00000010     sysclk.obj (.text:SysClk_Init)
                  00009a3c    00000010     driverlib.lib : systick.obj (.text:SysTickPeriodSet)
                  00009a4c    0000000e                   : timer.obj (.text:TimerEnable)
                  00009a5a    0000000e     rtsv7M4_T_le_v4SPD16_eabi.lib : copy_decompress_none.c.obj (.text:decompress:none:__TI_decompress_none)
                  00009a68    0000000c     BMP388.obj (.text:BMP388_user_delay_ms)
                  00009a74    0000000c     driverlib.lib : gpio.obj (.text:GPIOIntEnable)
                  00009a80    0000000c                   : pwm.obj (.text:PWMGenEnable)
                  00009a8c    0000000c                   : sysctl.obj (.text:SysCtlResetCauseGet)
                  00009a98    0000000c     SysFlag.obj (.text:SysFlag_Init)
                  00009aa4    0000000c     rtsv7M4_T_le_v4SPD16_eabi.lib : copy_zero_init.c.obj (.text:decompress:ZI:__TI_zero_init)
                  00009ab0    0000000a     driverlib.lib : i2c.obj (.text:I2CMasterEnable)
                  00009aba    0000000a     SysTick.obj (.text:SysTick_IntHandler)
                  00009ac4    0000000a     driverlib.lib : timer.obj (.text:TimerValueGet)
                  00009ace    0000000a                   : uart.obj (.text:UARTIntStatus)
                  00009ad8    0000000a     rtsv7M4_T_le_v4SPD16_eabi.lib : sprintf.c.obj (.text:_outc)
                  00009ae2    00000008     driverlib.lib : i2c.obj (.text:I2CMasterBusy)
                  00009aea    00000008                   : i2c.obj (.text:I2CMasterSlaveAddrSet)
                  00009af2    00000008                   : timer.obj (.text:TimerIntEnable)
                  00009afa    00000008                   : uart.obj (.text:UARTIntEnable)
                  00009b02    00000002     --HOLE-- [fill = 0]
                  00009b04    00000008     rtsv7M4_T_le_v4SPD16_eabi.lib : errno.c.obj (.text:__aeabi_errno_addr)
                  00009b0c    00000008                                   : memory.c.obj (.text:malloc)
                  00009b14    00000006     driverlib.lib : gpio.obj (.text:GPIOPinRead)
                  00009b1a    00000006                   : gpio.obj (.text:GPIOPinWrite)
                  00009b20    00000006     startup_ccs.obj (.text:ResetISR)
                  00009b26    00000006     driverlib.lib : sysctl.obj (.text:SysCtlDelay)
                  00009b2c    00000006                   : uart.obj (.text:UARTClockSourceSet)
                  00009b32    00000004                   : i2c.obj (.text:I2CMasterControl)
                  00009b36    00000004                   : i2c.obj (.text:I2CMasterDataGet)
                  00009b3a    00000004                   : i2c.obj (.text:I2CMasterDataPut)
                  00009b3e    00000004                   : timer.obj (.text:TimerIntClear)
                  00009b42    00000004     rtsv7M4_T_le_v4SPD16_eabi.lib : pre_init.c.obj (.text:_system_pre_init)
                  00009b46    00000004                                   : exit.c.obj (.text:abort:abort)

.const     0    00009b50    00000560     
                  00009b50    00000101     rtsv7M4_T_le_v4SPD16_eabi.lib : ctype.c.obj (.const:.string:_ctypes_)
                  00009c51    00000003     --HOLE-- [fill = 0]
                  00009c54    000000d8     driverlib.lib : gpio.obj (.const:g_ppui32GPIOIntMapSnowflake)
                  00009d2c    000000c0                   : gpio.obj (.const:g_ppui32GPIOIntMapBlizzard)
                  00009dec    00000090                   : gpio.obj (.const:g_pui32GPIOBaseAddrs)
                  00009e7c    0000006c                   : sysctl.obj (.const:g_pui32Xtals)
                  00009ee8    00000060                   : timer.obj (.const:g_ppui32TimerIntMap)
                  00009f48    00000040                   : timer.obj (.const:g_ppui32TimerIntMapSnowflake)
                  00009f88    00000040                   : uart.obj (.const:g_ppui32UARTIntMap)
                  00009fc8    00000040                   : uart.obj (.const:g_ppui32UARTIntMapSnowflake)
                  0000a008    00000030     rtsv7M4_T_le_v4SPD16_eabi.lib : e_pow.c.obj (.const:$O1$$)
                  0000a038    00000020     PWM.obj (.const:subtract_Motor)
                  0000a058    00000014     driverlib.lib : interrupt.obj (.const:g_pui32EnRegs)
                  0000a06c    00000012     main.obj (.const:.string)
                  0000a07e    00000002     --HOLE-- [fill = 0]
                  0000a080    0000000c     main.obj (.const:g_ui32UARTBase)
                  0000a08c    0000000c     main.obj (.const:g_ui32UARTInt)
                  0000a098    0000000c     main.obj (.const:g_ui32UARTPeriph)
                  0000a0a4    00000008     BMP388.obj (.const:$P$T0$3)
                  0000a0ac    00000004     main.obj (.const)

.cinit     0    0000a0b0    00000078     
                  0000a0b0    0000003f     (.cinit..data.load) [load image, compression = lzss]
                  0000a0ef    00000001     --HOLE-- [fill = 0]
                  0000a0f0    0000000c     (__TI_handler_table)
                  0000a0fc    00000004     --HOLE-- [fill = 0]
                  0000a100    00000008     (.cinit..bss.load) [load image, compression = zero_init]
                  0000a108    00000008     (.cinit..vtable.load) [load image, compression = zero_init]
                  0000a110    00000018     (__TI_cinit_table)

.init_array 
*          0    00000000    00000000     UNINITIALIZED

.vtable    0    20000000    0000026c     UNINITIALIZED
                  20000000    0000026c     driverlib.lib : interrupt.obj (.vtable)

.stack     0    20000270    00001000     UNINITIALIZED
                  20000270    00000004     rtsv7M4_T_le_v4SPD16_eabi.lib : boot_cortex_m.c.obj (.stack)
                  20000274    00000ffc     --HOLE--

.sysmem    0    20001270    00001000     UNINITIALIZED
                  20001270    00000010     rtsv7M4_T_le_v4SPD16_eabi.lib : memory.c.obj (.sysmem)
                  20001280    00000ff0     --HOLE--

.bss       0    20002270    0000088b     UNINITIALIZED
                  20002270    00000400     main.obj (.bss:g_pcUARTTxBuffer)
                  20002670    00000190     (.common:rx_data)
                  20002800    00000120     (.common:mixer)
                  20002920    000000d0     (.common:dev)
                  200029f0    00000080     main.obj (.bss:g_pcUARTRxBuffer)
                  20002a70    00000038     (.common:rx_text)
                  20002aa8    00000020     (.common:dutyOf)
                  20002ac8    00000008     BMP388.obj (.bss:BMP388_calib$1)
                  20002ad0    00000008     main.obj (.bss)
                  20002ad8    00000004     buzzer.obj (.bss)
                  20002adc    00000004     (.common:Oaccel)
                  20002ae0    00000004     (.common:Obmx160)
                  20002ae4    00000004     (.common:Ogyro)
                  20002ae8    00000004     (.common:Omagn)
                  20002aec    00000004     (.common:g_uiSysFlags)
                  20002af0    00000004     (.common:resetCause)
                  20002af4    00000002     (.common:buzDuration)
                  20002af6    00000002     (.common:count)
                  20002af8    00000002     (.common:pauseTime)
                  20002afa    00000001     (.common:BMP388_addr)

.data      0    20002afc    000000c4     UNINITIALIZED
                  20002afc    0000002e     main.obj (.data)
                  20002b2a    00000002     PWM.obj (.data)
                  20002b2c    00000018     BMX160.obj (.data:acc_low_pass$3)
                  20002b44    00000018     BMX160.obj (.data:gyro_low_pass$2)
                  20002b5c    00000018     BMX160.obj (.data:mag_low_pass$1)
                  20002b74    00000010     PWM.obj (.data:Channel_Tune_Variable)
                  20002b84    0000000c     BMP388.obj (.data)
                  20002b90    0000000c     BMX160.obj (.data)
                  20002b9c    00000008     rtsv7M4_T_le_v4SPD16_eabi.lib : _lock.c.obj (.data:$O1$$)
                  20002ba4    00000008                                   : memory.c.obj (.data:$O1$$)
                  20002bac    00000008     PWM.obj (.data:selected_Motion)
                  20002bb4    00000004     buzzer.obj (.data)
                  20002bb8    00000004     rtsv7M4_T_le_v4SPD16_eabi.lib : errno.c.obj (.data)
                  20002bbc    00000003     OrangeRX.obj (.data)
                  20002bbf    00000001     i2c.obj (.data)

__llvm_prf_cnts 
*          0    20000000    00000000     UNINITIALIZED

.binit     0    00000000    00000000     

MODULE SUMMARY

       Module                       code    ro data   rw data
       ------                       ----    -------   -------
    .\
       main.obj                     5039    58        1210   
       startup_ccs.obj              12      620       0      
    +--+----------------------------+-------+---------+---------+
       Total:                       5051    678       1210   
                                                             
    .\local_Include\
       i2c.obj                      1279    0         1      
       led.obj                      412     0         0      
       uart.obj                     184     0         0      
       SysFlag.obj                  172     0         4      
       onBoardSwitch.obj            148     0         0      
       SysTick.obj                  80      0         0      
       sysclk.obj                   16      0         0      
    +--+----------------------------+-------+---------+---------+
       Total:                       2291    0         5      
                                                             
    .\local_Include\BMP388\
       BMP388.obj                   6892    8         229    
    +--+----------------------------+-------+---------+---------+
       Total:                       6892    8         229    
                                                             
    .\local_Include\BMX160\
       BMX160.obj                   3379    0         100    
    +--+----------------------------+-------+---------+---------+
       Total:                       3379    0         100    
                                                             
    .\local_Include\BUZZER\
       buzzer.obj                   492     0         14     
    +--+----------------------------+-------+---------+---------+
       Total:                       492     0         14     
                                                             
    .\local_Include\MotorControl\
       MotorControl.obj             784     0         0      
    +--+----------------------------+-------+---------+---------+
       Total:                       784     0         0      
                                                             
    .\local_Include\OrangeRX\
       OrangeRX.obj                 1928    0         459    
    +--+----------------------------+-------+---------+---------+
       Total:                       1928    0         459    
                                                             
    .\local_Include\PWM\
       PWM.obj                      3624    32        346    
    +--+----------------------------+-------+---------+---------+
       Total:                       3624    32        346    
                                                             
    .\local_Include\SONAR\
       SONAR.obj                    96      0         0      
    +--+----------------------------+-------+---------+---------+
       Total:                       96      0         0      
                                                             
    .\local_Include\SystemAttitude\
       LPF.obj                      116     0         0      
    +--+----------------------------+-------+---------+---------+
       Total:                       116     0         0      
                                                             
    C:/ti/TivaWare_C_Series-2.2.0.295/driverlib/ccs/Debug/driverlib.lib
       gpio.obj                     846     552       0      
       sysctl.obj                   714     108       0      
       interrupt.obj                156     20        620    
       timer.obj                    290     160       0      
       uart.obj                     112     128       0      
       i2c.obj                      204     0         0      
       pwm.obj                      158     0         0      
       systick.obj                  84      0         0      
    +--+----------------------------+-------+---------+---------+
       Total:                       2564    968       620    
                                                             
    C:\ti\ccs1040\ccs\tools\compiler\ti-cgt-arm_20.2.5.LTS\lib\rtsv7M4_T_le_v4SPD16_eabi.lib
       _printfi.c.obj               4851    0         0      
       e_pow.c.obj                  2512    48        0      
       memory.c.obj                 444     0         8      
       fd_add_t2.asm.obj            438     0         0      
       e_sqrt.c.obj                 344     0         0      
       fd_div_t2.asm.obj            310     0         0      
       s_scalbn.c.obj               272     0         0      
       fd_cmp_t2.asm.obj            268     0         0      
       ctype.c.obj                  0       257       0      
       fd_mul_t2.asm.obj            252     0         0      
       s_floor.c.obj                248     0         0      
       s_round.c.obj                196     0         0      
       s_trunc.c.obj                188     0         0      
       memcpy_t2.asm.obj            156     0         0      
       ull_div_t2.asm.obj           150     0         0      
       memset_t2.asm.obj            122     0         0      
       fd_tos_t2.asm.obj            110     0         0      
       copy_decompress_lzss.c.obj   104     0         0      
       s_frexp.c.obj                100     0         0      
       sprintf.c.obj                98      0         0      
       _ltoa.c.obj                  84      0         0      
       atoi.c.obj                   76      0         0      
       fd_toi_t2.asm.obj            72      0         0      
       autoinit.c.obj               68      0         0      
       u_divt2.asm.obj              64      0         0      
       fs_tod_t2.asm.obj            56      0         0      
       boot_cortex_m.c.obj          52      0         0      
       i_tofd_t2.asm.obj            46      0         0      
       u_tofd_t2.asm.obj            32      0         0      
       memccpy.c.obj                28      0         0      
       s_copysign.c.obj             26      0         0      
       strchr.c.obj                 22      0         0      
       strlen.c.obj                 20      0         0      
       wcslen.c.obj                 18      0         0      
       copy_decompress_none.c.obj   14      0         0      
       copy_zero_init.c.obj         12      0         0      
       errno.c.obj                  8       0         4      
       _lock.c.obj                  2       0         8      
       exit.c.obj                   4       0         0      
       pre_init.c.obj               4       0         0      
       div0.asm.obj                 2       0         0      
    +--+----------------------------+-------+---------+---------+
       Total:                       11873   305       20     
                                                             
       Heap:                        0       0         4096   
       Stack:                       0       0         4096   
       Linker Generated:            0       115       0      
    +--+----------------------------+-------+---------+---------+
       Grand Total:                 39090   2106      11195  


LINKER GENERATED COPY TABLES

__TI_cinit_table @ 0000a110 records: 3, size/record: 8, table size: 24
	.data: load addr=0000a0b0, load size=0000003f bytes, run addr=20002afc, run size=000000c4 bytes, compression=lzss
	.bss: load addr=0000a100, load size=00000008 bytes, run addr=20002270, run size=0000088b bytes, compression=zero_init
	.vtable: load addr=0000a108, load size=00000008 bytes, run addr=20000000, run size=0000026c bytes, compression=zero_init


LINKER GENERATED HANDLER TABLE

__TI_handler_table @ 0000a0f0 records: 3, size/record: 4, table size: 12
	index: 0, handler: __TI_zero_init
	index: 1, handler: __TI_decompress_lzss
	index: 2, handler: __TI_decompress_none


GLOBAL SYMBOLS: SORTED ALPHABETICALLY BY Name 

address   name                               
-------   ----                               
00007199  BMP388_Init                        
00009169  BMP388_Int_Configure               
000084cd  BMP388_Int_Handler                 
20002afa  BMP388_addr                        
00003ddd  BMP388_begin                       
0000552d  BMP388_calibrate                   
000076f5  BMP388_compensate_data             
00003b41  BMP388_compensate_pressure         
00008109  BMP388_compensate_temperature      
000077a5  BMP388_get_calib_data              
00007d11  BMP388_get_regs                    
000067d1  BMP388_get_sensor_data             
00003575  BMP388_parse_calib_data            
00008253  BMP388_parse_sensor_data           
000056a1  BMP388_readAltitude                
00008595  BMP388_readPressure                
00008465  BMP388_readTemperature             
0000912d  BMP388_read_all_regs               
00005205  BMP388_reset                       
000044d1  BMP388_set_config                  
00009805  BMP388_set_i2c_addr                
000078f9  BMP388_set_regs                    
000048cd  BMP388_showData                    
00008999  BMP388_showState                   
20002b88  BMP388_state                       
00009a69  BMP388_user_delay_ms               
00004ca1  BMP388_user_i2c_read               
0000637d  BMP388_user_i2c_write              
000068dd  BMX160_Init                        
00007415  BMX160_begin                       
00007c85  BMX160_defaultParamSettg           
000029d9  BMX160_getAllData                  
000095e5  BMX160_readReg                     
0000969d  BMX160_scan                        
00007279  BMX160_setMagnConf                 
00002ec9  BMX160_showData                    
000089ed  BMX160_showState                   
00007ad1  BMX160_softReset                   
00009281  BMX160_softResetWorker             
20002b90  BMX160_state                       
000085f9  BMX160_writeBmxReg                 
00008a41  BUZZER_showState                   
20002bb4  BUZZER_state                       
00009489  BUZZ_BUZZ                          
00009079  BUZZ_BUZZER                        
00006fc5  BUZZ_SM                            
00009b47  C$$EXIT                            
20002b74  Channel_Tune_Variable              
000094b5  GPIODirModeSet                     
00009a75  GPIOIntEnable                      
0000981d  GPIOIntRegister                    
0000883d  GPIOIntTypeSet                     
00005811  GPIOPadConfigSet                   
00008b3d  GPIOPinConfigure                   
00009b15  GPIOPinRead                        
00009895  GPIOPinTypeGPIOInput               
000097d1  GPIOPinTypeGPIOOutput              
000098ab  GPIOPinTypeI2C                     
000098c1  GPIOPinTypeI2CSCL                  
000098d7  GPIOPinTypePWM                     
000098ed  GPIOPinTypeTimer                   
00009903  GPIOPinTypeUART                    
00009b1b  GPIOPinWrite                       
00007851  GetEStopState                      
00006be1  GetFlightMode                      
00007bf9  I2C0_Init                          
00009ae3  I2CMasterBusy                      
00009b33  I2CMasterControl                   
00009b37  I2CMasterDataGet                   
00009b3b  I2CMasterDataPut                   
00009ab1  I2CMasterEnable                    
00009919  I2CMasterErr                       
00008e31  I2CMasterGlitchFilterConfigSet     
00008b89  I2CMasterInitExpClk                
00009aeb  I2CMasterSlaveAddrSet              
00005c41  I2C_AddressBruteForcer             
000082c1  I2C_ReadByte                       
000088ed  I2C_readReg                        
00008bd5  I2C_showState                      
20002bbf  I2C_state                          
000069e1  I2C_writeSingleReg                 
0000832d  IntEnable                          
000092b9  IntRegister                        
000092ed  LED_ALL_FUNCTION                   
00007643  LED_Drive                          
0000950d  LED_LED1                           
00009539  LED_LED2                           
00009565  LED_LED3                           
00009321  LED_LEDInit                        
00008395  MOTOR_showDuty                     
00002061  Motor_ManMixer                     
000042bd  Motor_setDuty                      
00008895  ORANGE_showState                   
20002bbc  ORANGE_state                       
20002adc  Oaccel                             
20002ae0  Obmx160                            
20002ae4  Ogyro                              
20002ae8  Omagn                              
00003891  OrangeRX_Init                      
000096e1  OrangeRX_IntHandler                
000046d5  OrangeRX_extractData               
000087e1  OrangeRX_isConnected               
000070b5  OrangeRX_receivedChannelReorganizer
00006131  OrangeRX_showActData               
00008ffd  PCF8574A_Init                      
00007ea5  PCF8574A_Read                      
000086c1  PCF8574A_Write                     
000096bf  PWMGenConfigure                    
00009a81  PWMGenEnable                       
000099c1  PWMGenPeriodGet                    
00009a1b  PWMGenPeriodSet                    
000099d3  PWMOutputState                     
00009741  PWMPulseWidthGet                   
0000975f  PWMPulseWidthSet                   
00004ab9  PWM_Init                           
00008c21  PWM_showState                      
20002b2a  PWM_state                          
00009b21  ResetISR                           
00008721  SONAR_Trigger                      
00008c6d  SWITCH_Init                        
00009631  SWITCH_SW1_Pressed                 
00009655  SWITCH_SW2_Pressed                 
0000960b  SYSTICK_Delay                      
00009a2d  SysClk_Init                        
00006495  SysCtlClockGet                     
00006ed1  SysCtlClockSet                     
00009b27  SysCtlDelay                        
00009835  SysCtlPWMClockGet                  
0000995d  SysCtlPWMClockSet                  
00009355  SysCtlPeripheralEnable             
000091a1  SysCtlPeripheralReady              
00009971  SysCtlResetCauseClear              
00009a8d  SysCtlResetCauseGet                
000091d9  SysFlag_Check                      
00009389  SysFlag_Clear                      
00009a99  SysFlag_Init                       
000093bd  SysFlag_Set                        
00009985  SysTickEnable                      
00009999  SysTickIntEnable                   
0000977d  SysTickIntRegister                 
00009a3d  SysTickPeriodSet                   
00009701  SysTick_Init                       
00009abb  SysTick_IntHandler                 
00008cb9  SystemInitialize                   
00008781  TimerConfigure                     
0000992f  TimerControlEvent                  
00009a4d  TimerEnable                        
00009b3f  TimerIntClear                      
00009af3  TimerIntEnable                     
0000984d  TimerIntRegister                   
000099e5  TimerLoadSet                       
000099f7  TimerMatchSet                      
00009ac5  TimerValueGet                      
00007f29  UART0_STDIO_Init                   
00009211  UART0_STDIO_IntHandler             
00009b2d  UARTClockSourceSet                 
00009591  UARTEchoSet                        
000093f1  UARTFlushRx                        
00008d05  UARTFlushTx                        
00009afb  UARTIntEnable                      
00009865  UARTIntRegister                    
00009acf  UARTIntStatus                      
00005ec1  UARTStdioConfig                    
000053a5  UARTStdioIntHandler                
000090f1  UARTgetc                           
00009679  UARTprintf                         
00003221  UARTvprintf                        
000065ad  UARTwrite                          
20001270  __STACK_END                        
00001000  __STACK_SIZE                       
20000470  __STACK_TOP                        
00001000  __SYSMEM_SIZE                      
0000a110  __TI_CINIT_Base                    
0000a128  __TI_CINIT_Limit                   
0000a0f0  __TI_Handler_Table_Base            
0000a0fc  __TI_Handler_Table_Limit           
00008eb9  __TI_auto_init_nobinit_nopinit     
000083fd  __TI_decompress_lzss               
00009a5b  __TI_decompress_none               
00008a95  __TI_ltoa                          
ffffffff  __TI_pprof_out_hndl                
0000026d  __TI_printfi                       
ffffffff  __TI_prof_data_size                
ffffffff  __TI_prof_data_start               
00000000  __TI_static_base__                 
00009aa5  __TI_zero_init                     
00007d99  __aeabi_cdcmpeq                    
00007d99  __aeabi_cdcmple                    
00007e1f  __aeabi_cdrcmple                   
000081e5  __aeabi_d2f                        
00008de9  __aeabi_d2iz                       
00005057  __aeabi_dadd                       
00005ff9  __aeabi_ddiv                       
00006cdd  __aeabi_dmul                       
0000504d  __aeabi_dsub                       
00009b05  __aeabi_errno_addr                 
00009249  __aeabi_f2d                        
00009459  __aeabi_i2d                        
00005203  __aeabi_idiv0                      
00005203  __aeabi_ldiv0                      
00007fa9  __aeabi_memclr                     
00007fa9  __aeabi_memclr4                    
00007fa9  __aeabi_memclr8                    
0000799d  __aeabi_memcpy                     
0000799d  __aeabi_memcpy4                    
0000799d  __aeabi_memcpy8                    
00007fab  __aeabi_memset                     
00007fab  __aeabi_memset4                    
00007fab  __aeabi_memset8                    
00009721  __aeabi_ui2d                       
00008f7d  __aeabi_uidiv                      
00008f7d  __aeabi_uidivmod                   
00007a39  __aeabi_uldivmod                   
ffffffff  __binit__                          
ffffffff  __c_args__                         
0000865d  __error__                          
UNDEFED   __mpu_init                         
20000270  __stack                            
20000000  __start___llvm_prf_cnts            
20000000  __stop___llvm_prf_cnts             
00009425  _c_int00_noargs                    
00009b50  _ctypes_                           
20002b9c  _lock                              
000046d3  _nop                               
20001270  _sys_memory                        
UNDEFED   _system_post_cinit                 
00009b43  _system_pre_init                   
20002ba0  _unlock                            
00009b47  abort                              
20002b94  accelRange                         
00006ae1  aligned_alloc                      
00008025  applyLPF                           
00008d9d  atoi                               
20002b84  base_altitude                      
ffffffff  binit                              
20002af4  buzDuration                        
000097eb  copysign                           
000097eb  copysignl                          
20002af6  count                              
20002920  dev                                
20002aa8  dutyOf                             
20002bb8  errno                              
0000597d  flightControl                      
00006dd9  floor                              
00006dd9  floorl                             
20002bbd  frameGapChNo                       
00008531  frexp                              
00008531  frexpl                             
20000000  g_pfnRAMVectors                    
00000000  g_pfnVectors                       
20002aec  g_uiSysFlags                       
20002b98  gyroRange                          
00008f3d  init_Buzzer                        
000066c1  ldexp                              
000066c1  ldexpl                             
00000cbd  main                               
00009b0d  malloc                             
00006ae1  memalign                           
000097b5  memccpy                            
0000799d  memcpy                             
00007fb1  memset                             
20002800  mixer                              
20002b2b  motorSelect                        
20002af8  pauseTime                          
00001691  pow                                
00001691  powl                               
20002af0  resetCause                         
00007351  round                              
00007351  roundl                             
20002bbe  rx_connection_status               
20002670  rx_data                            
20002a70  rx_text                            
000066c1  scalbn                             
000066c1  scalbnl                            
20002bac  selected_Motion                    
00008fbd  sprintf                            
00005ae9  sqrt                               
00005ae9  sqrtl                              
00009945  strchr                             
000099ad  strlen                             
0000a038  subtract_Motor                     
000074d5  trunc                              
000074d5  truncl                             
00009a09  wcslen                             


GLOBAL SYMBOLS: SORTED BY Symbol Address 

address   name                               
-------   ----                               
00000000  __TI_static_base__                 
00000000  g_pfnVectors                       
0000026d  __TI_printfi                       
00000cbd  main                               
00001000  __STACK_SIZE                       
00001000  __SYSMEM_SIZE                      
00001691  pow                                
00001691  powl                               
00002061  Motor_ManMixer                     
000029d9  BMX160_getAllData                  
00002ec9  BMX160_showData                    
00003221  UARTvprintf                        
00003575  BMP388_parse_calib_data            
00003891  OrangeRX_Init                      
00003b41  BMP388_compensate_pressure         
00003ddd  BMP388_begin                       
000042bd  Motor_setDuty                      
000044d1  BMP388_set_config                  
000046d3  _nop                               
000046d5  OrangeRX_extractData               
000048cd  BMP388_showData                    
00004ab9  PWM_Init                           
00004ca1  BMP388_user_i2c_read               
0000504d  __aeabi_dsub                       
00005057  __aeabi_dadd                       
00005203  __aeabi_idiv0                      
00005203  __aeabi_ldiv0                      
00005205  BMP388_reset                       
000053a5  UARTStdioIntHandler                
0000552d  BMP388_calibrate                   
000056a1  BMP388_readAltitude                
00005811  GPIOPadConfigSet                   
0000597d  flightControl                      
00005ae9  sqrt                               
00005ae9  sqrtl                              
00005c41  I2C_AddressBruteForcer             
00005ec1  UARTStdioConfig                    
00005ff9  __aeabi_ddiv                       
00006131  OrangeRX_showActData               
0000637d  BMP388_user_i2c_write              
00006495  SysCtlClockGet                     
000065ad  UARTwrite                          
000066c1  ldexp                              
000066c1  ldexpl                             
000066c1  scalbn                             
000066c1  scalbnl                            
000067d1  BMP388_get_sensor_data             
000068dd  BMX160_Init                        
000069e1  I2C_writeSingleReg                 
00006ae1  aligned_alloc                      
00006ae1  memalign                           
00006be1  GetFlightMode                      
00006cdd  __aeabi_dmul                       
00006dd9  floor                              
00006dd9  floorl                             
00006ed1  SysCtlClockSet                     
00006fc5  BUZZ_SM                            
000070b5  OrangeRX_receivedChannelReorganizer
00007199  BMP388_Init                        
00007279  BMX160_setMagnConf                 
00007351  round                              
00007351  roundl                             
00007415  BMX160_begin                       
000074d5  trunc                              
000074d5  truncl                             
00007643  LED_Drive                          
000076f5  BMP388_compensate_data             
000077a5  BMP388_get_calib_data              
00007851  GetEStopState                      
000078f9  BMP388_set_regs                    
0000799d  __aeabi_memcpy                     
0000799d  __aeabi_memcpy4                    
0000799d  __aeabi_memcpy8                    
0000799d  memcpy                             
00007a39  __aeabi_uldivmod                   
00007ad1  BMX160_softReset                   
00007bf9  I2C0_Init                          
00007c85  BMX160_defaultParamSettg           
00007d11  BMP388_get_regs                    
00007d99  __aeabi_cdcmpeq                    
00007d99  __aeabi_cdcmple                    
00007e1f  __aeabi_cdrcmple                   
00007ea5  PCF8574A_Read                      
00007f29  UART0_STDIO_Init                   
00007fa9  __aeabi_memclr                     
00007fa9  __aeabi_memclr4                    
00007fa9  __aeabi_memclr8                    
00007fab  __aeabi_memset                     
00007fab  __aeabi_memset4                    
00007fab  __aeabi_memset8                    
00007fb1  memset                             
00008025  applyLPF                           
00008109  BMP388_compensate_temperature      
000081e5  __aeabi_d2f                        
00008253  BMP388_parse_sensor_data           
000082c1  I2C_ReadByte                       
0000832d  IntEnable                          
00008395  MOTOR_showDuty                     
000083fd  __TI_decompress_lzss               
00008465  BMP388_readTemperature             
000084cd  BMP388_Int_Handler                 
00008531  frexp                              
00008531  frexpl                             
00008595  BMP388_readPressure                
000085f9  BMX160_writeBmxReg                 
0000865d  __error__                          
000086c1  PCF8574A_Write                     
00008721  SONAR_Trigger                      
00008781  TimerConfigure                     
000087e1  OrangeRX_isConnected               
0000883d  GPIOIntTypeSet                     
00008895  ORANGE_showState                   
000088ed  I2C_readReg                        
00008999  BMP388_showState                   
000089ed  BMX160_showState                   
00008a41  BUZZER_showState                   
00008a95  __TI_ltoa                          
00008b3d  GPIOPinConfigure                   
00008b89  I2CMasterInitExpClk                
00008bd5  I2C_showState                      
00008c21  PWM_showState                      
00008c6d  SWITCH_Init                        
00008cb9  SystemInitialize                   
00008d05  UARTFlushTx                        
00008d9d  atoi                               
00008de9  __aeabi_d2iz                       
00008e31  I2CMasterGlitchFilterConfigSet     
00008eb9  __TI_auto_init_nobinit_nopinit     
00008f3d  init_Buzzer                        
00008f7d  __aeabi_uidiv                      
00008f7d  __aeabi_uidivmod                   
00008fbd  sprintf                            
00008ffd  PCF8574A_Init                      
00009079  BUZZ_BUZZER                        
000090f1  UARTgetc                           
0000912d  BMP388_read_all_regs               
00009169  BMP388_Int_Configure               
000091a1  SysCtlPeripheralReady              
000091d9  SysFlag_Check                      
00009211  UART0_STDIO_IntHandler             
00009249  __aeabi_f2d                        
00009281  BMX160_softResetWorker             
000092b9  IntRegister                        
000092ed  LED_ALL_FUNCTION                   
00009321  LED_LEDInit                        
00009355  SysCtlPeripheralEnable             
00009389  SysFlag_Clear                      
000093bd  SysFlag_Set                        
000093f1  UARTFlushRx                        
00009425  _c_int00_noargs                    
00009459  __aeabi_i2d                        
00009489  BUZZ_BUZZ                          
000094b5  GPIODirModeSet                     
0000950d  LED_LED1                           
00009539  LED_LED2                           
00009565  LED_LED3                           
00009591  UARTEchoSet                        
000095e5  BMX160_readReg                     
0000960b  SYSTICK_Delay                      
00009631  SWITCH_SW1_Pressed                 
00009655  SWITCH_SW2_Pressed                 
00009679  UARTprintf                         
0000969d  BMX160_scan                        
000096bf  PWMGenConfigure                    
000096e1  OrangeRX_IntHandler                
00009701  SysTick_Init                       
00009721  __aeabi_ui2d                       
00009741  PWMPulseWidthGet                   
0000975f  PWMPulseWidthSet                   
0000977d  SysTickIntRegister                 
000097b5  memccpy                            
000097d1  GPIOPinTypeGPIOOutput              
000097eb  copysign                           
000097eb  copysignl                          
00009805  BMP388_set_i2c_addr                
0000981d  GPIOIntRegister                    
00009835  SysCtlPWMClockGet                  
0000984d  TimerIntRegister                   
00009865  UARTIntRegister                    
00009895  GPIOPinTypeGPIOInput               
000098ab  GPIOPinTypeI2C                     
000098c1  GPIOPinTypeI2CSCL                  
000098d7  GPIOPinTypePWM                     
000098ed  GPIOPinTypeTimer                   
00009903  GPIOPinTypeUART                    
00009919  I2CMasterErr                       
0000992f  TimerControlEvent                  
00009945  strchr                             
0000995d  SysCtlPWMClockSet                  
00009971  SysCtlResetCauseClear              
00009985  SysTickEnable                      
00009999  SysTickIntEnable                   
000099ad  strlen                             
000099c1  PWMGenPeriodGet                    
000099d3  PWMOutputState                     
000099e5  TimerLoadSet                       
000099f7  TimerMatchSet                      
00009a09  wcslen                             
00009a1b  PWMGenPeriodSet                    
00009a2d  SysClk_Init                        
00009a3d  SysTickPeriodSet                   
00009a4d  TimerEnable                        
00009a5b  __TI_decompress_none               
00009a69  BMP388_user_delay_ms               
00009a75  GPIOIntEnable                      
00009a81  PWMGenEnable                       
00009a8d  SysCtlResetCauseGet                
00009a99  SysFlag_Init                       
00009aa5  __TI_zero_init                     
00009ab1  I2CMasterEnable                    
00009abb  SysTick_IntHandler                 
00009ac5  TimerValueGet                      
00009acf  UARTIntStatus                      
00009ae3  I2CMasterBusy                      
00009aeb  I2CMasterSlaveAddrSet              
00009af3  TimerIntEnable                     
00009afb  UARTIntEnable                      
00009b05  __aeabi_errno_addr                 
00009b0d  malloc                             
00009b15  GPIOPinRead                        
00009b1b  GPIOPinWrite                       
00009b21  ResetISR                           
00009b27  SysCtlDelay                        
00009b2d  UARTClockSourceSet                 
00009b33  I2CMasterControl                   
00009b37  I2CMasterDataGet                   
00009b3b  I2CMasterDataPut                   
00009b3f  TimerIntClear                      
00009b43  _system_pre_init                   
00009b47  C$$EXIT                            
00009b47  abort                              
00009b50  _ctypes_                           
0000a038  subtract_Motor                     
0000a0f0  __TI_Handler_Table_Base            
0000a0fc  __TI_Handler_Table_Limit           
0000a110  __TI_CINIT_Base                    
0000a128  __TI_CINIT_Limit                   
20000000  __start___llvm_prf_cnts            
20000000  __stop___llvm_prf_cnts             
20000000  g_pfnRAMVectors                    
20000270  __stack                            
20000470  __STACK_TOP                        
20001270  __STACK_END                        
20001270  _sys_memory                        
20002670  rx_data                            
20002800  mixer                              
20002920  dev                                
20002a70  rx_text                            
20002aa8  dutyOf                             
20002adc  Oaccel                             
20002ae0  Obmx160                            
20002ae4  Ogyro                              
20002ae8  Omagn                              
20002aec  g_uiSysFlags                       
20002af0  resetCause                         
20002af4  buzDuration                        
20002af6  count                              
20002af8  pauseTime                          
20002afa  BMP388_addr                        
20002b2a  PWM_state                          
20002b2b  motorSelect                        
20002b74  Channel_Tune_Variable              
20002b84  base_altitude                      
20002b88  BMP388_state                       
20002b90  BMX160_state                       
20002b94  accelRange                         
20002b98  gyroRange                          
20002b9c  _lock                              
20002ba0  _unlock                            
20002bac  selected_Motion                    
20002bb4  BUZZER_state                       
20002bb8  errno                              
20002bbc  ORANGE_state                       
20002bbd  frameGapChNo                       
20002bbe  rx_connection_status               
20002bbf  I2C_state                          
ffffffff  __TI_pprof_out_hndl                
ffffffff  __TI_prof_data_size                
ffffffff  __TI_prof_data_start               
ffffffff  __binit__                          
ffffffff  __c_args__                         
ffffffff  binit                              
UNDEFED   __mpu_init                         
UNDEFED   _system_post_cinit                 

[284 symbols]
