******************************************************************************
                  TI ARM Linker PC v20.2.5                     
******************************************************************************
>> Linked Sun Feb  6 12:29:10 2022

OUTPUT FILE NAME:   <DroneProject.out>
ENTRY POINT SYMBOL: "_c_int00_noargs"  address: 00003115


MEMORY CONFIGURATION

         name            origin    length      used     unused   attr    fill
----------------------  --------  ---------  --------  --------  ----  --------
  FLASH                 00000000   00040000  00003672  0003c98e  R  X
  SRAM                  20000000   00008000  000027ed  00005813  RW X


SEGMENT ALLOCATION MAP

run origin  load origin   length   init length attrs members
----------  ----------- ---------- ----------- ----- -------
00000000    00000000    00003678   00003678    r-x
  00000000    00000000    0000026c   0000026c    r-- .intvecs
  0000026c    0000026c    000031fa   000031fa    r-x .text
  00003468    00003468    000001cc   000001cc    r-- .const
  00003638    00003638    00000040   00000040    r-- .cinit
20000000    20000000    000027f4   00000000    rw-
  20000000    20000000    0000026c   00000000    rw- .vtable
  20000270    20000270    00001000   00000000    rw- .stack
  20001270    20001270    00001000   00000000    rw- .sysmem
  20002270    20002270    00000565   00000000    rw- .bss
  200027d8    200027d8    0000001c   00000000    rw- .data


SECTION ALLOCATION MAP

 output                                  attributes/
section   page    origin      length       input sections
--------  ----  ----------  ----------   ----------------
.intvecs   0    00000000    0000026c     
                  00000000    0000026c     startup_ccs.obj (.intvecs)

.text      0    0000026c    000031fa     
                  0000026c    00000354     main.obj (.text:UARTvprintf)
                  000005c0    0000031c     BMP388.obj (.text:BMP388_parse_calib_data)
                  000008dc    00000300     main.obj (.text:main)
                  00000bdc    00000268     BMP388.obj (.text:BMP388_begin)
                  00000e44    000001dc     BMP388.obj (.text:BMP388_user_i2c_read)
                  00001020    000001a0     BMP388.obj (.text:BMP388_reset)
                  000011c0    00000188     main.obj (.text:UARTStdioIntHandler)
                  00001348    0000016c     driverlib.lib : gpio.obj (.text:GPIOPadConfigSet)
                  000014b4    00000144     BMP388.obj (.text:BMP388_set_config)
                  000015f8    00000144     BMP388.obj (.text:BMP388_set_pwr_ctrl_settings)
                  0000173c    00000138     main.obj (.text:UARTStdioConfig)
                  00001874    00000136     rtsv7M4_T_le_v4SPD16_eabi.lib : fd_div_t2.asm.obj (.text)
                  000019aa    00000002     startup_ccs.obj (.text:FaultISR)
                  000019ac    0000012b     i2c.obj (.text:I2C_AddressBruteForcer)
                  00001ad7    00000001     --HOLE-- [fill = 0]
                  00001ad8    0000011c     BMP388.obj (.text:BMP388_write_power_mode)
                  00001bf4    00000118     BMP388.obj (.text:BMP388_user_i2c_write)
                  00001d0c    00000118     driverlib.lib : sysctl.obj (.text:SysCtlClockGet)
                  00001e24    00000114     main.obj (.text:UARTwrite)
                  00001f38    00000100     i2c.obj (.text:I2C_writeSingleReg)
                  00002038    000000f4     driverlib.lib : sysctl.obj (.text:SysCtlClockSet)
                  0000212c    000000c6     BMX160.obj (.text:BMX160_setMagnConf)
                  000021f2    00000002     startup_ccs.obj (.text:IntDefaultHandler)
                  000021f4    000000ab     BMP388.obj (.text:BMP388_get_calib_data)
                  0000229f    00000001     --HOLE-- [fill = 0]
                  000022a0    000000a4     BMP388.obj (.text:BMP388_set_regs)
                  00002344    0000009c     rtsv7M4_T_le_v4SPD16_eabi.lib : memcpy_t2.asm.obj (.text)
                  000023e0    00000094     BMX160.obj (.text:BMX160_softReset)
                  00002474    00000094     main.obj (.text:UARTPrimeTransmit)
                  00002508    0000008c     BMP388.obj (.text:BMP388_Init)
                  00002594    00000088     BMP388.obj (.text:BMP388_get_regs)
                  0000261c    00000084     i2c.obj (.text:PCF8574A_Read)
                  000026a0    00000080     uart.obj (.text:UART0_STDIO_Init)
                  00002720    0000007a     rtsv7M4_T_le_v4SPD16_eabi.lib : memset_t2.asm.obj (.text)
                  0000279a    00000002     startup_ccs.obj (.text:NmiSR)
                  0000279c    00000078     i2c.obj (.text:I2C0_Init)
                  00002814    0000006c     i2c.obj (.text:I2C_ReadByte)
                  00002880    0000006a     BMP388.obj (.text:BMP388_set_sensor_settings)
                  000028ea    00000002     rtsv7M4_T_le_v4SPD16_eabi.lib : div0.asm.obj (.text)
                  000028ec    00000068     driverlib.lib : interrupt.obj (.text:IntEnable)
                  00002954    00000068     rtsv7M4_T_le_v4SPD16_eabi.lib : copy_decompress_lzss.c.obj (.text:decompress:lzss:__TI_decompress_lzss)
                  000029bc    00000063     BMX160.obj (.text:BMX160_writeBmxReg)
                  00002a1f    00000001     --HOLE-- [fill = 0]
                  00002a20    00000061     main.obj (.text:__error__)
                  00002a81    00000003     --HOLE-- [fill = 0]
                  00002a84    00000060     i2c.obj (.text:PCF8574A_Write)
                  00002ae4    00000052     BMX160.obj (.text:BMX160_defaultParamSettg)
                  00002b36    00000002     --HOLE-- [fill = 0]
                  00002b38    0000004c     driverlib.lib : gpio.obj (.text:GPIOPinConfigure)
                  00002b84    0000004c                   : i2c.obj (.text:I2CMasterInitExpClk)
                  00002bd0    0000004c     onBoardSwitch.obj (.text:SWITCH_Init)
                  00002c1c    0000004c     SysTick.obj (.text:SYSTICK_Delay)
                  00002c68    0000004c     main.obj (.text:UARTFlushTx)
                  00002cb4    0000004b     BMP388.obj (.text:BMP388_set_op_mode)
                  00002cff    00000001     --HOLE-- [fill = 0]
                  00002d00    00000044     rtsv7M4_T_le_v4SPD16_eabi.lib : autoinit.c.obj (.text:__TI_auto_init_nobinit_nopinit:__TI_auto_init_nobinit_nopinit)
                  00002d44    00000042     BMX160.obj (.text:BMX160_wakeUp)
                  00002d86    00000002     --HOLE-- [fill = 0]
                  00002d88    00000040     driverlib.lib : uart.obj (.text:_UARTIntNumberGet)
                  00002dc8    00000040     rtsv7M4_T_le_v4SPD16_eabi.lib : u_divt2.asm.obj (.text)
                  00002e08    0000003e     i2c.obj (.text:PCF8574A_Init)
                  00002e46    0000003c     main.obj (.text:IsBufferFull)
                  00002e82    00000002     --HOLE-- [fill = 0]
                  00002e84    0000003c     main.obj (.text:SystemInitialize)
                  00002ec0    0000003c     main.obj (.text:UARTgetc)
                  00002efc    00000038     driverlib.lib : sysctl.obj (.text:SysCtlPeripheralReady)
                  00002f34    00000038     SysFlag.obj (.text:SysFlag_Check)
                  00002f6c    00000038     uart.obj (.text:UART0_STDIO_IntHandler)
                  00002fa4    00000036     BMX160.obj (.text:BMX160_softResetWorker)
                  00002fda    00000002     --HOLE-- [fill = 0]
                  00002fdc    00000034     driverlib.lib : interrupt.obj (.text:IntRegister)
                  00003010    00000034     led.obj (.text:LED_LEDInit)
                  00003044    00000034     driverlib.lib : sysctl.obj (.text:SysCtlPeripheralEnable)
                  00003078    00000034     SysFlag.obj (.text:SysFlag_Clear)
                  000030ac    00000034     SysFlag.obj (.text:SysFlag_Set)
                  000030e0    00000034     main.obj (.text:UARTFlushRx)
                  00003114    00000034     rtsv7M4_T_le_v4SPD16_eabi.lib : boot_cortex_m.c.obj (.text:_c_int00_noargs:_c_int00_noargs)
                  00003148    0000002e                                   : i_tofd_t2.asm.obj (.text)
                  00003176    0000002c     driverlib.lib : gpio.obj (.text:GPIODirModeSet)
                  000031a2    0000002c     main.obj (.text:IsBufferEmpty)
                  000031ce    00000002     --HOLE-- [fill = 0]
                  000031d0    0000002c     main.obj (.text:UARTEchoSet)
                  000031fc    00000024     onBoardSwitch.obj (.text:SWITCH_SW1_Pressed)
                  00003220    00000024     onBoardSwitch.obj (.text:SWITCH_SW2_Pressed)
                  00003244    00000024     main.obj (.text:UARTprintf)
                  00003268    00000020     SysTick.obj (.text:SysTick_Init)
                  00003288    00000020     rtsv7M4_T_le_v4SPD16_eabi.lib : u_tofd_t2.asm.obj (.text)
                  000032a8    0000001c     driverlib.lib : systick.obj (.text:SysTickIntRegister)
                  000032c4    0000001a                   : gpio.obj (.text:GPIOPinTypeGPIOOutput)
                  000032de    00000002     --HOLE-- [fill = 0]
                  000032e0    00000018     BMP388.obj (.text:BMP388_set_i2c_addr)
                  000032f8    00000018     driverlib.lib : uart.obj (.text:UARTIntRegister)
                  00003310    00000016                   : gpio.obj (.text:GPIOPinTypeI2C)
                  00003326    00000016                   : gpio.obj (.text:GPIOPinTypeI2CSCL)
                  0000333c    00000016                   : gpio.obj (.text:GPIOPinTypeUART)
                  00003352    00000016                   : i2c.obj (.text:I2CMasterErr)
                  00003368    00000014                   : sysctl.obj (.text:SysCtlResetCauseClear)
                  0000337c    00000014                   : systick.obj (.text:SysTickEnable)
                  00003390    00000014                   : systick.obj (.text:SysTickIntEnable)
                  000033a4    00000010     sysclk.obj (.text:SysClk_Init)
                  000033b4    00000010     driverlib.lib : systick.obj (.text:SysTickPeriodSet)
                  000033c4    0000000e     rtsv7M4_T_le_v4SPD16_eabi.lib : copy_decompress_none.c.obj (.text:decompress:none:__TI_decompress_none)
                  000033d2    0000000c     BMP388.obj (.text:BMP388_user_delay_ms)
                  000033de    00000002     --HOLE-- [fill = 0]
                  000033e0    0000000c     driverlib.lib : sysctl.obj (.text:SysCtlResetCauseGet)
                  000033ec    0000000c     SysFlag.obj (.text:SysFlag_Init)
                  000033f8    0000000c     rtsv7M4_T_le_v4SPD16_eabi.lib : copy_zero_init.c.obj (.text:decompress:ZI:__TI_zero_init)
                  00003404    0000000a     driverlib.lib : i2c.obj (.text:I2CMasterEnable)
                  0000340e    0000000a     SysTick.obj (.text:SysTick_IntHandler)
                  00003418    0000000a     driverlib.lib : uart.obj (.text:UARTIntStatus)
                  00003422    00000008                   : i2c.obj (.text:I2CMasterBusy)
                  0000342a    00000008                   : i2c.obj (.text:I2CMasterSlaveAddrSet)
                  00003432    00000008                   : uart.obj (.text:UARTIntEnable)
                  0000343a    00000006                   : gpio.obj (.text:GPIOPinRead)
                  00003440    00000006     startup_ccs.obj (.text:ResetISR)
                  00003446    00000006     driverlib.lib : sysctl.obj (.text:SysCtlDelay)
                  0000344c    00000006                   : uart.obj (.text:UARTClockSourceSet)
                  00003452    00000004                   : i2c.obj (.text:I2CMasterControl)
                  00003456    00000004                   : i2c.obj (.text:I2CMasterDataGet)
                  0000345a    00000004                   : i2c.obj (.text:I2CMasterDataPut)
                  0000345e    00000004     rtsv7M4_T_le_v4SPD16_eabi.lib : pre_init.c.obj (.text:_system_pre_init)
                  00003462    00000004                                   : exit.c.obj (.text:abort:abort)

.const     0    00003468    000001cc     
                  00003468    00000090     driverlib.lib : gpio.obj (.const:g_pui32GPIOBaseAddrs)
                  000034f8    0000006c                   : sysctl.obj (.const:g_pui32Xtals)
                  00003564    00000040                   : uart.obj (.const:g_ppui32UARTIntMap)
                  000035a4    00000040                   : uart.obj (.const:g_ppui32UARTIntMapSnowflake)
                  000035e4    00000014                   : interrupt.obj (.const:g_pui32EnRegs)
                  000035f8    00000012     main.obj (.const:.string)
                  0000360a    00000002     --HOLE-- [fill = 0]
                  0000360c    0000000c     main.obj (.const:g_ui32UARTBase)
                  00003618    0000000c     main.obj (.const:g_ui32UARTInt)
                  00003624    0000000c     main.obj (.const:g_ui32UARTPeriph)
                  00003630    00000004     main.obj (.const)

.cinit     0    00003638    00000040     
                  00003638    0000000c     (__TI_handler_table)
                  00003644    0000000b     (.cinit..data.load) [load image, compression = lzss]
                  0000364f    00000001     --HOLE-- [fill = 0]
                  00003650    00000008     (.cinit..bss.load) [load image, compression = zero_init]
                  00003658    00000008     (.cinit..vtable.load) [load image, compression = zero_init]
                  00003660    00000018     (__TI_cinit_table)

.init_array 
*          0    00000000    00000000     UNINITIALIZED

.vtable    0    20000000    0000026c     UNINITIALIZED
                  20000000    0000026c     driverlib.lib : interrupt.obj (.vtable)

.stack     0    20000270    00001000     UNINITIALIZED
                  20000270    00000004     rtsv7M4_T_le_v4SPD16_eabi.lib : boot_cortex_m.c.obj (.stack)
                  20000274    00000ffc     --HOLE--

.sysmem    0    20001270    00001000     UNINITIALIZED
                  20001270    00000010     rtsv7M4_T_le_v4SPD16_eabi.lib : memory.c.obj (.sysmem)
                  20001280    00000ff0     --HOLE--

.bss       0    20002270    00000565     UNINITIALIZED
                  20002270    00000400     main.obj (.bss:g_pcUARTTxBuffer)
                  20002670    000000d0     (.common:dev)
                  20002740    00000080     main.obj (.bss:g_pcUARTRxBuffer)
                  200027c0    00000008     main.obj (.bss)
                  200027c8    00000004     (.common:Obmx160)
                  200027cc    00000004     (.common:g_uiSysFlags)
                  200027d0    00000004     (.common:resetCause)
                  200027d4    00000001     (.common:BMP388_addr)

.data      0    200027d8    0000001c     UNINITIALIZED
                  200027d8    0000001c     main.obj (.data)

__llvm_prf_cnts 
*          0    20000000    00000000     UNINITIALIZED

.binit     0    00000000    00000000     

MODULE SUMMARY

       Module                       code    ro data   rw data
       ------                       ----    -------   -------
    .\
       main.obj                     3277    58        1192   
       startup_ccs.obj              12      620       0      
    +--+----------------------------+-------+---------+---------+
       Total:                       3289    678       1192   
                                                             
    .\local_Include\
       i2c.obj                      1073    0         0      
       uart.obj                     184     0         0      
       SysFlag.obj                  172     0         4      
       onBoardSwitch.obj            148     0         0      
       SysTick.obj                  118     0         0      
       led.obj                      52      0         0      
       sysclk.obj                   16      0         0      
    +--+----------------------------+-------+---------+---------+
       Total:                       1763    0         4      
                                                             
    .\local_Include\BMP388\
       BMP388.obj                   4344    0         209    
    +--+----------------------------+-------+---------+---------+
       Total:                       4344    0         209    
                                                             
    .\local_Include\BMX160\
       BMX160.obj                   647     0         4      
    +--+----------------------------+-------+---------+---------+
       Total:                       647     0         4      
                                                             
    C:/ti/TivaWare_C_Series-2.2.0.295/driverlib/ccs/Debug/driverlib.lib
       interrupt.obj                156     20        620    
       sysctl.obj                   670     108       0      
       gpio.obj                     582     144       0      
       uart.obj                     112     128       0      
       i2c.obj                      136     0         0      
       systick.obj                  84      0         0      
    +--+----------------------------+-------+---------+---------+
       Total:                       1740    400       620    
                                                             
    C:\ti\ccs1040\ccs\tools\compiler\ti-cgt-arm_20.2.5.LTS\lib\rtsv7M4_T_le_v4SPD16_eabi.lib
       fd_div_t2.asm.obj            310     0         0      
       memcpy_t2.asm.obj            156     0         0      
       memset_t2.asm.obj            122     0         0      
       copy_decompress_lzss.c.obj   104     0         0      
       autoinit.c.obj               68      0         0      
       u_divt2.asm.obj              64      0         0      
       boot_cortex_m.c.obj          52      0         0      
       i_tofd_t2.asm.obj            46      0         0      
       u_tofd_t2.asm.obj            32      0         0      
       copy_decompress_none.c.obj   14      0         0      
       copy_zero_init.c.obj         12      0         0      
       exit.c.obj                   4       0         0      
       pre_init.c.obj               4       0         0      
       div0.asm.obj                 2       0         0      
    +--+----------------------------+-------+---------+---------+
       Total:                       990     0         0      
                                                             
       Heap:                        0       0         4096   
       Stack:                       0       0         4096   
       Linker Generated:            0       63        0      
    +--+----------------------------+-------+---------+---------+
       Grand Total:                 12773   1141      10221  


LINKER GENERATED COPY TABLES

__TI_cinit_table @ 00003660 records: 3, size/record: 8, table size: 24
	.data: load addr=00003644, load size=0000000b bytes, run addr=200027d8, run size=0000001c bytes, compression=lzss
	.bss: load addr=00003650, load size=00000008 bytes, run addr=20002270, run size=00000565 bytes, compression=zero_init
	.vtable: load addr=00003658, load size=00000008 bytes, run addr=20000000, run size=0000026c bytes, compression=zero_init


LINKER GENERATED HANDLER TABLE

__TI_handler_table @ 00003638 records: 3, size/record: 4, table size: 12
	index: 0, handler: __TI_zero_init
	index: 1, handler: __TI_decompress_lzss
	index: 2, handler: __TI_decompress_none


GLOBAL SYMBOLS: SORTED ALPHABETICALLY BY Name 

address   name                          
-------   ----                          
00002509  BMP388_Init                   
200027d4  BMP388_addr                   
00000bdd  BMP388_begin                  
000021f5  BMP388_get_calib_data         
00002595  BMP388_get_regs               
000005c1  BMP388_parse_calib_data       
00001021  BMP388_reset                  
000014b5  BMP388_set_config             
000032e1  BMP388_set_i2c_addr           
00002cb5  BMP388_set_op_mode            
000015f9  BMP388_set_pwr_ctrl_settings  
000022a1  BMP388_set_regs               
00002881  BMP388_set_sensor_settings    
000033d3  BMP388_user_delay_ms          
00000e45  BMP388_user_i2c_read          
00001bf5  BMP388_user_i2c_write         
00001ad9  BMP388_write_power_mode       
00002ae5  BMX160_defaultParamSettg      
0000212d  BMX160_setMagnConf            
000023e1  BMX160_softReset              
00002fa5  BMX160_softResetWorker        
00002d45  BMX160_wakeUp                 
000029bd  BMX160_writeBmxReg            
00003463  C$$EXIT                       
00003177  GPIODirModeSet                
00001349  GPIOPadConfigSet              
00002b39  GPIOPinConfigure              
0000343b  GPIOPinRead                   
000032c5  GPIOPinTypeGPIOOutput         
00003311  GPIOPinTypeI2C                
00003327  GPIOPinTypeI2CSCL             
0000333d  GPIOPinTypeUART               
0000279d  I2C0_Init                     
00003423  I2CMasterBusy                 
00003453  I2CMasterControl              
00003457  I2CMasterDataGet              
0000345b  I2CMasterDataPut              
00003405  I2CMasterEnable               
00003353  I2CMasterErr                  
00002b85  I2CMasterInitExpClk           
0000342b  I2CMasterSlaveAddrSet         
000019ad  I2C_AddressBruteForcer        
00002815  I2C_ReadByte                  
00001f39  I2C_writeSingleReg            
000028ed  IntEnable                     
00002fdd  IntRegister                   
00003011  LED_LEDInit                   
200027c8  Obmx160                       
00002e09  PCF8574A_Init                 
0000261d  PCF8574A_Read                 
00002a85  PCF8574A_Write                
00003441  ResetISR                      
00002bd1  SWITCH_Init                   
000031fd  SWITCH_SW1_Pressed            
00003221  SWITCH_SW2_Pressed            
00002c1d  SYSTICK_Delay                 
000033a5  SysClk_Init                   
00001d0d  SysCtlClockGet                
00002039  SysCtlClockSet                
00003447  SysCtlDelay                   
00003045  SysCtlPeripheralEnable        
00002efd  SysCtlPeripheralReady         
00003369  SysCtlResetCauseClear         
000033e1  SysCtlResetCauseGet           
00002f35  SysFlag_Check                 
00003079  SysFlag_Clear                 
000033ed  SysFlag_Init                  
000030ad  SysFlag_Set                   
0000337d  SysTickEnable                 
00003391  SysTickIntEnable              
000032a9  SysTickIntRegister            
000033b5  SysTickPeriodSet              
00003269  SysTick_Init                  
0000340f  SysTick_IntHandler            
00002e85  SystemInitialize              
000026a1  UART0_STDIO_Init              
00002f6d  UART0_STDIO_IntHandler        
0000344d  UARTClockSourceSet            
000031d1  UARTEchoSet                   
000030e1  UARTFlushRx                   
00002c69  UARTFlushTx                   
00003433  UARTIntEnable                 
000032f9  UARTIntRegister               
00003419  UARTIntStatus                 
0000173d  UARTStdioConfig               
000011c1  UARTStdioIntHandler           
00002ec1  UARTgetc                      
00003245  UARTprintf                    
0000026d  UARTvprintf                   
00001e25  UARTwrite                     
20001270  __STACK_END                   
00001000  __STACK_SIZE                  
20000470  __STACK_TOP                   
00001000  __SYSMEM_SIZE                 
00003660  __TI_CINIT_Base               
00003678  __TI_CINIT_Limit              
00003638  __TI_Handler_Table_Base       
00003644  __TI_Handler_Table_Limit      
00002d01  __TI_auto_init_nobinit_nopinit
00002955  __TI_decompress_lzss          
000033c5  __TI_decompress_none          
ffffffff  __TI_pprof_out_hndl           
ffffffff  __TI_prof_data_size           
ffffffff  __TI_prof_data_start          
00000000  __TI_static_base__            
000033f9  __TI_zero_init                
00001875  __aeabi_ddiv                  
00003149  __aeabi_i2d                   
000028eb  __aeabi_idiv0                 
000028eb  __aeabi_ldiv0                 
00002721  __aeabi_memclr                
00002721  __aeabi_memclr4               
00002721  __aeabi_memclr8               
00002345  __aeabi_memcpy                
00002345  __aeabi_memcpy4               
00002345  __aeabi_memcpy8               
00002723  __aeabi_memset                
00002723  __aeabi_memset4               
00002723  __aeabi_memset8               
00003289  __aeabi_ui2d                  
00002dc9  __aeabi_uidiv                 
00002dc9  __aeabi_uidivmod              
ffffffff  __binit__                     
ffffffff  __c_args__                    
00002a21  __error__                     
UNDEFED   __mpu_init                    
20000270  __stack                       
20000000  __start___llvm_prf_cnts       
20000000  __stop___llvm_prf_cnts        
00003115  _c_int00_noargs               
20001270  _sys_memory                   
UNDEFED   _system_post_cinit            
0000345f  _system_pre_init              
00003463  abort                         
ffffffff  binit                         
20002670  dev                           
20000000  g_pfnRAMVectors               
00000000  g_pfnVectors                  
200027cc  g_uiSysFlags                  
000008dd  main                          
00002345  memcpy                        
00002729  memset                        
200027d0  resetCause                    


GLOBAL SYMBOLS: SORTED BY Symbol Address 

address   name                          
-------   ----                          
00000000  __TI_static_base__            
00000000  g_pfnVectors                  
0000026d  UARTvprintf                   
000005c1  BMP388_parse_calib_data       
000008dd  main                          
00000bdd  BMP388_begin                  
00000e45  BMP388_user_i2c_read          
00001000  __STACK_SIZE                  
00001000  __SYSMEM_SIZE                 
00001021  BMP388_reset                  
000011c1  UARTStdioIntHandler           
00001349  GPIOPadConfigSet              
000014b5  BMP388_set_config             
000015f9  BMP388_set_pwr_ctrl_settings  
0000173d  UARTStdioConfig               
00001875  __aeabi_ddiv                  
000019ad  I2C_AddressBruteForcer        
00001ad9  BMP388_write_power_mode       
00001bf5  BMP388_user_i2c_write         
00001d0d  SysCtlClockGet                
00001e25  UARTwrite                     
00001f39  I2C_writeSingleReg            
00002039  SysCtlClockSet                
0000212d  BMX160_setMagnConf            
000021f5  BMP388_get_calib_data         
000022a1  BMP388_set_regs               
00002345  __aeabi_memcpy                
00002345  __aeabi_memcpy4               
00002345  __aeabi_memcpy8               
00002345  memcpy                        
000023e1  BMX160_softReset              
00002509  BMP388_Init                   
00002595  BMP388_get_regs               
0000261d  PCF8574A_Read                 
000026a1  UART0_STDIO_Init              
00002721  __aeabi_memclr                
00002721  __aeabi_memclr4               
00002721  __aeabi_memclr8               
00002723  __aeabi_memset                
00002723  __aeabi_memset4               
00002723  __aeabi_memset8               
00002729  memset                        
0000279d  I2C0_Init                     
00002815  I2C_ReadByte                  
00002881  BMP388_set_sensor_settings    
000028eb  __aeabi_idiv0                 
000028eb  __aeabi_ldiv0                 
000028ed  IntEnable                     
00002955  __TI_decompress_lzss          
000029bd  BMX160_writeBmxReg            
00002a21  __error__                     
00002a85  PCF8574A_Write                
00002ae5  BMX160_defaultParamSettg      
00002b39  GPIOPinConfigure              
00002b85  I2CMasterInitExpClk           
00002bd1  SWITCH_Init                   
00002c1d  SYSTICK_Delay                 
00002c69  UARTFlushTx                   
00002cb5  BMP388_set_op_mode            
00002d01  __TI_auto_init_nobinit_nopinit
00002d45  BMX160_wakeUp                 
00002dc9  __aeabi_uidiv                 
00002dc9  __aeabi_uidivmod              
00002e09  PCF8574A_Init                 
00002e85  SystemInitialize              
00002ec1  UARTgetc                      
00002efd  SysCtlPeripheralReady         
00002f35  SysFlag_Check                 
00002f6d  UART0_STDIO_IntHandler        
00002fa5  BMX160_softResetWorker        
00002fdd  IntRegister                   
00003011  LED_LEDInit                   
00003045  SysCtlPeripheralEnable        
00003079  SysFlag_Clear                 
000030ad  SysFlag_Set                   
000030e1  UARTFlushRx                   
00003115  _c_int00_noargs               
00003149  __aeabi_i2d                   
00003177  GPIODirModeSet                
000031d1  UARTEchoSet                   
000031fd  SWITCH_SW1_Pressed            
00003221  SWITCH_SW2_Pressed            
00003245  UARTprintf                    
00003269  SysTick_Init                  
00003289  __aeabi_ui2d                  
000032a9  SysTickIntRegister            
000032c5  GPIOPinTypeGPIOOutput         
000032e1  BMP388_set_i2c_addr           
000032f9  UARTIntRegister               
00003311  GPIOPinTypeI2C                
00003327  GPIOPinTypeI2CSCL             
0000333d  GPIOPinTypeUART               
00003353  I2CMasterErr                  
00003369  SysCtlResetCauseClear         
0000337d  SysTickEnable                 
00003391  SysTickIntEnable              
000033a5  SysClk_Init                   
000033b5  SysTickPeriodSet              
000033c5  __TI_decompress_none          
000033d3  BMP388_user_delay_ms          
000033e1  SysCtlResetCauseGet           
000033ed  SysFlag_Init                  
000033f9  __TI_zero_init                
00003405  I2CMasterEnable               
0000340f  SysTick_IntHandler            
00003419  UARTIntStatus                 
00003423  I2CMasterBusy                 
0000342b  I2CMasterSlaveAddrSet         
00003433  UARTIntEnable                 
0000343b  GPIOPinRead                   
00003441  ResetISR                      
00003447  SysCtlDelay                   
0000344d  UARTClockSourceSet            
00003453  I2CMasterControl              
00003457  I2CMasterDataGet              
0000345b  I2CMasterDataPut              
0000345f  _system_pre_init              
00003463  C$$EXIT                       
00003463  abort                         
00003638  __TI_Handler_Table_Base       
00003644  __TI_Handler_Table_Limit      
00003660  __TI_CINIT_Base               
00003678  __TI_CINIT_Limit              
20000000  __start___llvm_prf_cnts       
20000000  __stop___llvm_prf_cnts        
20000000  g_pfnRAMVectors               
20000270  __stack                       
20000470  __STACK_TOP                   
20001270  __STACK_END                   
20001270  _sys_memory                   
20002670  dev                           
200027c8  Obmx160                       
200027cc  g_uiSysFlags                  
200027d0  resetCause                    
200027d4  BMP388_addr                   
ffffffff  __TI_pprof_out_hndl           
ffffffff  __TI_prof_data_size           
ffffffff  __TI_prof_data_start          
ffffffff  __binit__                     
ffffffff  __c_args__                    
ffffffff  binit                         
UNDEFED   __mpu_init                    
UNDEFED   _system_post_cinit            

[143 symbols]
