******************************************************************************
                  TI ARM Linker PC v20.2.5                     
******************************************************************************
>> Linked Fri Mar 11 11:03:50 2022

OUTPUT FILE NAME:   <DroneProject.out>
ENTRY POINT SYMBOL: "_c_int00_noargs"  address: 000060b1


MEMORY CONFIGURATION

         name            origin    length      used     unused   attr    fill
----------------------  --------  ---------  --------  --------  ----  --------
  FLASH                 00000000   00040000  00006a16  000395ea  R  X
  SRAM                  20000000   00008000  00002b2c  000054d4  RW X


SEGMENT ALLOCATION MAP

run origin  load origin   length   init length attrs members
----------  ----------- ---------- ----------- ----- -------
00000000    00000000    00006a18   00006a18    r-x
  00000000    00000000    0000026c   0000026c    r-- .intvecs
  0000026c    0000026c    000063aa   000063aa    r-x .text
  00006618    00006618    000003a8   000003a8    r-- .const
  000069c0    000069c0    00000058   00000058    r-- .cinit
20000000    20000000    00002b32   00000000    rw-
  20000000    20000000    0000026c   00000000    rw- .vtable
  20000270    20000270    00001000   00000000    rw- .stack
  20001270    20001270    00001000   00000000    rw- .sysmem
  20002270    20002270    00000872   00000000    rw- .bss
  20002ae4    20002ae4    0000004e   00000000    rw- .data


SECTION ALLOCATION MAP

 output                                  attributes/
section   page    origin      length       input sections
--------  ----  ----------  ----------   ----------------
.intvecs   0    00000000    0000026c     
                  00000000    0000026c     startup_ccs.obj (.intvecs)

.text      0    0000026c    000063aa     
                  0000026c    00000a4e     rtsv7M4_T_le_v4SPD16_eabi.lib : _printfi.c.obj (.text:__TI_printfi)
                  00000cba    00000002     startup_ccs.obj (.text:FaultISR)
                  00000cbc    000009d0     rtsv7M4_T_le_v4SPD16_eabi.lib : e_pow.c.obj (.text:pow)
                  0000168c    0000092b     main.obj (.text:main)
                  00001fb7    00000001     --HOLE-- [fill = 0]
                  00001fb8    00000354     main.obj (.text:UARTvprintf)
                  0000230c    000002a8     OrangeRX.obj (.text:OrangeRX_Init)
                  000025b4    0000029a     BMP388.obj (.text:BMP388_compensate_pressure)
                  0000284e    00000002     startup_ccs.obj (.text:IntDefaultHandler)
                  00002850    00000270     rtsv7M4_T_le_v4SPD16_eabi.lib : _printfi.c.obj (.text:_pconv_a)
                  00002ac0    00000214     PWM.obj (.text:Motor_setDuty)
                  00002cd4    000001f8     BMP388.obj (.text:BMP388_showData)
                  00002ecc    000001f8     OrangeRX.obj (.text:OrangeRX_extractData)
                  000030c4    000001e0     PWM.obj (.text:PWM_Init)
                  000032a4    000001d0     rtsv7M4_T_le_v4SPD16_eabi.lib : _printfi.c.obj (.text:_pconv_g)
                  00003474    000001b6                                   : fd_add_t2.asm.obj (.text)
                  0000362a    00000002     startup_ccs.obj (.text:NmiSR)
                  0000362c    00000188     main.obj (.text:UARTStdioIntHandler)
                  000037b4    00000184     OrangeRX.obj (.text:OrangeRX_showRawData)
                  00003938    0000016c     driverlib.lib : gpio.obj (.text:GPIOPadConfigSet)
                  00003aa4    00000158     rtsv7M4_T_le_v4SPD16_eabi.lib : e_sqrt.c.obj (.text:sqrt)
                  00003bfc    00000143     i2c.obj (.text:I2C_AddressBruteForcer)
                  00003d3f    00000001     --HOLE-- [fill = 0]
                  00003d40    0000013c     rtsv7M4_T_le_v4SPD16_eabi.lib : _printfi.c.obj (.text:_pconv_e)
                  00003e7c    00000138     main.obj (.text:UARTStdioConfig)
                  00003fb4    00000136     rtsv7M4_T_le_v4SPD16_eabi.lib : fd_div_t2.asm.obj (.text)
                  000040ea    00000002                                   : div0.asm.obj (.text)
                  000040ec    00000128     OrangeRX.obj (.text:OrangeRX_showActData)
                  00004214    00000124     rtsv7M4_T_le_v4SPD16_eabi.lib : _printfi.c.obj (.text:fcvt)
                  00004338    00000118     driverlib.lib : sysctl.obj (.text:SysCtlClockGet)
                  00004450    00000114     main.obj (.text:UARTwrite)
                  00004564    00000110     rtsv7M4_T_le_v4SPD16_eabi.lib : s_scalbn.c.obj (.text:scalbn)
                  00004674    0000010c     BMP388.obj (.text:BMP388_get_sensor_data)
                  00004780    000000fc     rtsv7M4_T_le_v4SPD16_eabi.lib : fd_mul_t2.asm.obj (.text)
                  0000487c    000000f8                                   : s_floor.c.obj (.text:floor)
                  00004974    000000f4     driverlib.lib : sysctl.obj (.text:SysCtlClockSet)
                  00004a68    000000f0     buzzer.obj (.text:BUZZ_SM)
                  00004b58    000000e4     OrangeRX.obj (.text:OrangeRX_receivedChannelReorganizer)
                  00004c3c    000000c4     rtsv7M4_T_le_v4SPD16_eabi.lib : s_round.c.obj (.text:round)
                  00004d00    000000bc                                   : s_trunc.c.obj (.text:trunc)
                  00004dbc    000000b1                                   : _printfi.c.obj (.text:_ltostr)
                  00004e6d    00000003     --HOLE-- [fill = 0]
                  00004e70    000000ad     BMP388.obj (.text:BMP388_compensate_data)
                  00004f1d    00000001     --HOLE-- [fill = 0]
                  00004f1e    0000009c     rtsv7M4_T_le_v4SPD16_eabi.lib : memcpy_t2.asm.obj (.text)
                  00004fba    00000096                                   : ull_div_t2.asm.obj (.text)
                  00005050    00000094     main.obj (.text:UARTPrimeTransmit)
                  000050e4    00000088     BMP388.obj (.text:BMP388_get_regs)
                  0000516c    00000086     rtsv7M4_T_le_v4SPD16_eabi.lib : fd_cmp_t2.asm.obj (.text:__aeabi_cdcmple)
                  000051f2    00000086                                   : fd_cmp_t2.asm.obj (.text:__aeabi_cdrcmple)
                  00005278    00000084     i2c.obj (.text:PCF8574A_Read)
                  000052fc    00000080     uart.obj (.text:UART0_STDIO_Init)
                  0000537c    0000007c     BMP388.obj (.text:BMP388_readAltitude)
                  000053f8    0000007a     rtsv7M4_T_le_v4SPD16_eabi.lib : memset_t2.asm.obj (.text)
                  00005472    0000006e     BMP388.obj (.text:BMP388_compensate_temperature)
                  000054e0    0000006e     rtsv7M4_T_le_v4SPD16_eabi.lib : _printfi.c.obj (.text:_mcpy)
                  0000554e    0000006e                                   : fd_tos_t2.asm.obj (.text)
                  000055bc    0000006c     BMP388.obj (.text:BMP388_parse_sensor_data)
                  00005628    0000006c     i2c.obj (.text:I2C_ReadByte)
                  00005694    00000068     driverlib.lib : interrupt.obj (.text:IntEnable)
                  000056fc    00000068     rtsv7M4_T_le_v4SPD16_eabi.lib : copy_decompress_lzss.c.obj (.text:decompress:lzss:__TI_decompress_lzss)
                  00005764    00000064                                   : s_frexp.c.obj (.text:frexp)
                  000057c8    00000063     BMP388.obj (.text:BMP388_readPressure)
                  0000582b    00000001     --HOLE-- [fill = 0]
                  0000582c    00000061     main.obj (.text:__error__)
                  0000588d    00000003     --HOLE-- [fill = 0]
                  00005890    00000060     i2c.obj (.text:PCF8574A_Write)
                  000058f0    00000060     driverlib.lib : timer.obj (.text:TimerConfigure)
                  00005950    00000056     i2c.obj (.text:I2C_readReg)
                  000059a6    00000056     rtsv7M4_T_le_v4SPD16_eabi.lib : _printfi.c.obj (.text:_pconv_f)
                  000059fc    00000054                                   : _ltoa.c.obj (.text:__TI_ltoa)
                  00005a50    00000052                                   : _printfi.c.obj (.text:_ecpy)
                  00005aa2    00000002     --HOLE-- [fill = 0]
                  00005aa4    0000004c     driverlib.lib : gpio.obj (.text:GPIOPinConfigure)
                  00005af0    0000004c     onBoardSwitch.obj (.text:SWITCH_Init)
                  00005b3c    0000004c     main.obj (.text:UARTFlushTx)
                  00005b88    0000004c     driverlib.lib : timer.obj (.text:_TimerIntNumberGet)
                  00005bd4    0000004c     rtsv7M4_T_le_v4SPD16_eabi.lib : atoi.c.obj (.text:atoi)
                  00005c20    00000048                                   : fd_toi_t2.asm.obj (.text)
                  00005c68    00000044                                   : autoinit.c.obj (.text:__TI_auto_init_nobinit_nopinit:__TI_auto_init_nobinit_nopinit)
                  00005cac    00000040     driverlib.lib : uart.obj (.text:_UARTIntNumberGet)
                  00005cec    00000040     rtsv7M4_T_le_v4SPD16_eabi.lib : u_divt2.asm.obj (.text)
                  00005d2c    00000040                                   : sprintf.c.obj (.text:sprintf)
                  00005d6c    0000003e                                   : _printfi.c.obj (.text:_fcpy)
                  00005daa    00000002     --HOLE-- [fill = 0]
                  00005dac    0000003c     buzzer.obj (.text:BUZZ_BUZZER)
                  00005de8    0000003c     main.obj (.text:IsBufferFull)
                  00005e24    0000003c     main.obj (.text:UARTgetc)
                  00005e60    00000038     driverlib.lib : sysctl.obj (.text:SysCtlPeripheralReady)
                  00005e98    00000038     SysFlag.obj (.text:SysFlag_Check)
                  00005ed0    00000038     main.obj (.text:SystemInitialize)
                  00005f08    00000038     uart.obj (.text:UART0_STDIO_IntHandler)
                  00005f40    00000038     rtsv7M4_T_le_v4SPD16_eabi.lib : fs_tod_t2.asm.obj (.text)
                  00005f78    00000034     driverlib.lib : interrupt.obj (.text:IntRegister)
                  00005fac    00000034     led.obj (.text:LED_LEDInit)
                  00005fe0    00000034     driverlib.lib : sysctl.obj (.text:SysCtlPeripheralEnable)
                  00006014    00000034     SysFlag.obj (.text:SysFlag_Clear)
                  00006048    00000034     SysFlag.obj (.text:SysFlag_Set)
                  0000607c    00000034     main.obj (.text:UARTFlushRx)
                  000060b0    00000034     rtsv7M4_T_le_v4SPD16_eabi.lib : boot_cortex_m.c.obj (.text:_c_int00_noargs:_c_int00_noargs)
                  000060e4    0000002e                                   : i_tofd_t2.asm.obj (.text)
                  00006112    00000002     --HOLE-- [fill = 0]
                  00006114    0000002c     buzzer.obj (.text:BUZZ_BUZZ)
                  00006140    0000002c     driverlib.lib : gpio.obj (.text:GPIODirModeSet)
                  0000616c    0000002c     main.obj (.text:IsBufferEmpty)
                  00006198    0000002c     main.obj (.text:UARTEchoSet)
                  000061c4    00000026     BMX160.obj (.text:BMX160_readReg)
                  000061ea    00000002     --HOLE-- [fill = 0]
                  000061ec    00000024     onBoardSwitch.obj (.text:SWITCH_SW1_Pressed)
                  00006210    00000024     onBoardSwitch.obj (.text:SWITCH_SW2_Pressed)
                  00006234    00000024     main.obj (.text:UARTprintf)
                  00006258    00000022     driverlib.lib : pwm.obj (.text:PWMGenConfigure)
                  0000627a    00000002     --HOLE-- [fill = 0]
                  0000627c    00000020     OrangeRX.obj (.text:OrangeRX_IntHandler)
                  0000629c    00000020     SysTick.obj (.text:SysTick_Init)
                  000062bc    00000020     rtsv7M4_T_le_v4SPD16_eabi.lib : u_tofd_t2.asm.obj (.text)
                  000062dc    0000001e     driverlib.lib : pwm.obj (.text:PWMPulseWidthGet)
                  000062fa    0000001e                   : pwm.obj (.text:PWMPulseWidthSet)
                  00006318    0000001c                   : systick.obj (.text:SysTickIntRegister)
                  00006334    0000001c     rtsv7M4_T_le_v4SPD16_eabi.lib : memccpy.c.obj (.text:memccpy)
                  00006350    0000001a     driverlib.lib : gpio.obj (.text:GPIOPinTypeGPIOOutput)
                  0000636a    0000001a     rtsv7M4_T_le_v4SPD16_eabi.lib : s_copysign.c.obj (.text:copysign)
                  00006384    00000018     driverlib.lib : sysctl.obj (.text:SysCtlPWMClockGet)
                  0000639c    00000018                   : timer.obj (.text:TimerIntRegister)
                  000063b4    00000018                   : uart.obj (.text:UARTIntRegister)
                  000063cc    00000018     rtsv7M4_T_le_v4SPD16_eabi.lib : sprintf.c.obj (.text:_outs)
                  000063e4    00000016     driverlib.lib : gpio.obj (.text:GPIOPinTypePWM)
                  000063fa    00000016                   : gpio.obj (.text:GPIOPinTypeTimer)
                  00006410    00000016                   : gpio.obj (.text:GPIOPinTypeUART)
                  00006426    00000016                   : timer.obj (.text:TimerControlEvent)
                  0000643c    00000016     rtsv7M4_T_le_v4SPD16_eabi.lib : strchr.c.obj (.text:strchr)
                  00006452    00000002     --HOLE-- [fill = 0]
                  00006454    00000014     driverlib.lib : sysctl.obj (.text:SysCtlPWMClockSet)
                  00006468    00000014                   : sysctl.obj (.text:SysCtlResetCauseClear)
                  0000647c    00000014                   : systick.obj (.text:SysTickEnable)
                  00006490    00000014                   : systick.obj (.text:SysTickIntEnable)
                  000064a4    00000014     rtsv7M4_T_le_v4SPD16_eabi.lib : strlen.c.obj (.text:strlen)
                  000064b8    00000012     driverlib.lib : pwm.obj (.text:PWMGenPeriodGet)
                  000064ca    00000012                   : pwm.obj (.text:PWMOutputState)
                  000064dc    00000012                   : timer.obj (.text:TimerLoadSet)
                  000064ee    00000012                   : timer.obj (.text:TimerMatchSet)
                  00006500    00000012     rtsv7M4_T_le_v4SPD16_eabi.lib : wcslen.c.obj (.text:wcslen)
                  00006512    00000010     driverlib.lib : pwm.obj (.text:PWMGenPeriodSet)
                  00006522    00000002     --HOLE-- [fill = 0]
                  00006524    00000010     sysclk.obj (.text:SysClk_Init)
                  00006534    00000010     driverlib.lib : systick.obj (.text:SysTickPeriodSet)
                  00006544    0000000e                   : timer.obj (.text:TimerEnable)
                  00006552    0000000e     rtsv7M4_T_le_v4SPD16_eabi.lib : copy_decompress_none.c.obj (.text:decompress:none:__TI_decompress_none)
                  00006560    0000000c     driverlib.lib : pwm.obj (.text:PWMGenEnable)
                  0000656c    0000000c                   : sysctl.obj (.text:SysCtlResetCauseGet)
                  00006578    0000000c     SysFlag.obj (.text:SysFlag_Init)
                  00006584    0000000c     rtsv7M4_T_le_v4SPD16_eabi.lib : copy_zero_init.c.obj (.text:decompress:ZI:__TI_zero_init)
                  00006590    0000000a     SysTick.obj (.text:SysTick_IntHandler)
                  0000659a    0000000a     driverlib.lib : timer.obj (.text:TimerValueGet)
                  000065a4    0000000a                   : uart.obj (.text:UARTIntStatus)
                  000065ae    0000000a     rtsv7M4_T_le_v4SPD16_eabi.lib : sprintf.c.obj (.text:_outc)
                  000065b8    00000008     driverlib.lib : i2c.obj (.text:I2CMasterBusy)
                  000065c0    00000008                   : i2c.obj (.text:I2CMasterSlaveAddrSet)
                  000065c8    00000008                   : timer.obj (.text:TimerIntEnable)
                  000065d0    00000008                   : uart.obj (.text:UARTIntEnable)
                  000065d8    00000008     rtsv7M4_T_le_v4SPD16_eabi.lib : errno.c.obj (.text:__aeabi_errno_addr)
                  000065e0    00000006     driverlib.lib : gpio.obj (.text:GPIOPinRead)
                  000065e6    00000006                   : gpio.obj (.text:GPIOPinWrite)
                  000065ec    00000006     startup_ccs.obj (.text:ResetISR)
                  000065f2    00000006     driverlib.lib : sysctl.obj (.text:SysCtlDelay)
                  000065f8    00000006                   : uart.obj (.text:UARTClockSourceSet)
                  000065fe    00000004                   : i2c.obj (.text:I2CMasterControl)
                  00006602    00000004                   : i2c.obj (.text:I2CMasterDataGet)
                  00006606    00000004                   : i2c.obj (.text:I2CMasterDataPut)
                  0000660a    00000004                   : timer.obj (.text:TimerIntClear)
                  0000660e    00000004     rtsv7M4_T_le_v4SPD16_eabi.lib : pre_init.c.obj (.text:_system_pre_init)
                  00006612    00000004                                   : exit.c.obj (.text:abort:abort)

.const     0    00006618    000003a8     
                  00006618    00000101     rtsv7M4_T_le_v4SPD16_eabi.lib : ctype.c.obj (.const:.string:_ctypes_)
                  00006719    00000003     --HOLE-- [fill = 0]
                  0000671c    00000090     driverlib.lib : gpio.obj (.const:g_pui32GPIOBaseAddrs)
                  000067ac    0000006c                   : sysctl.obj (.const:g_pui32Xtals)
                  00006818    00000060                   : timer.obj (.const:g_ppui32TimerIntMap)
                  00006878    00000040                   : timer.obj (.const:g_ppui32TimerIntMapSnowflake)
                  000068b8    00000040                   : uart.obj (.const:g_ppui32UARTIntMap)
                  000068f8    00000040                   : uart.obj (.const:g_ppui32UARTIntMapSnowflake)
                  00006938    00000030     rtsv7M4_T_le_v4SPD16_eabi.lib : e_pow.c.obj (.const:$O1$$)
                  00006968    00000014     driverlib.lib : interrupt.obj (.const:g_pui32EnRegs)
                  0000697c    00000012     main.obj (.const:.string)
                  0000698e    00000002     --HOLE-- [fill = 0]
                  00006990    0000000c     main.obj (.const:g_ui32UARTBase)
                  0000699c    0000000c     main.obj (.const:g_ui32UARTInt)
                  000069a8    0000000c     main.obj (.const:g_ui32UARTPeriph)
                  000069b4    00000008     BMP388.obj (.const:$P$T0$2)
                  000069bc    00000004     main.obj (.const)

.cinit     0    000069c0    00000058     
                  000069c0    0000001f     (.cinit..data.load) [load image, compression = lzss]
                  000069df    00000001     --HOLE-- [fill = 0]
                  000069e0    0000000c     (__TI_handler_table)
                  000069ec    00000004     --HOLE-- [fill = 0]
                  000069f0    00000008     (.cinit..bss.load) [load image, compression = zero_init]
                  000069f8    00000008     (.cinit..vtable.load) [load image, compression = zero_init]
                  00006a00    00000018     (__TI_cinit_table)

.init_array 
*          0    00000000    00000000     UNINITIALIZED

.vtable    0    20000000    0000026c     UNINITIALIZED
                  20000000    0000026c     driverlib.lib : interrupt.obj (.vtable)

.stack     0    20000270    00001000     UNINITIALIZED
                  20000270    00000004     rtsv7M4_T_le_v4SPD16_eabi.lib : boot_cortex_m.c.obj (.stack)
                  20000274    00000ffc     --HOLE--

.sysmem    0    20001270    00001000     UNINITIALIZED
                  20001270    00000010     rtsv7M4_T_le_v4SPD16_eabi.lib : memory.c.obj (.sysmem)
                  20001280    00000ff0     --HOLE--

.bss       0    20002270    00000872     UNINITIALIZED
                  20002270    00000400     main.obj (.bss:g_pcUARTTxBuffer)
                  20002670    00000190     (.common:rx_data)
                  20002800    00000120     (.common:mixer)
                  20002920    000000d0     (.common:dev)
                  200029f0    00000080     main.obj (.bss:g_pcUARTRxBuffer)
                  20002a70    00000038     (.common:rx_text)
                  20002aa8    00000020     (.common:dutyOf)
                  20002ac8    00000008     main.obj (.bss)
                  20002ad0    00000004     buzzer.obj (.bss)
                  20002ad4    00000004     (.common:g_uiSysFlags)
                  20002ad8    00000004     (.common:resetCause)
                  20002adc    00000002     (.common:buzDuration)
                  20002ade    00000002     (.common:count)
                  20002ae0    00000002     (.common:pauseTime)

.data      0    20002ae4    0000004e     UNINITIALIZED
                  20002ae4    0000002c     main.obj (.data)
                  20002b10    00000010     PWM.obj (.data:Channel_Tune_Variable)
                  20002b20    00000008     BMP388.obj (.data)
                  20002b28    00000004     rtsv7M4_T_le_v4SPD16_eabi.lib : errno.c.obj (.data)
                  20002b2c    00000003     buzzer.obj (.data)
                  20002b2f    00000002     OrangeRX.obj (.data)
                  20002b31    00000001     PWM.obj (.data)

__llvm_prf_cnts 
*          0    20000000    00000000     UNINITIALIZED

.binit     0    00000000    00000000     

MODULE SUMMARY

       Module                       code    ro data   rw data
       ------                       ----    -------   -------
    .\
       main.obj                     4852    58        1208   
       startup_ccs.obj              12      620       0      
    +--+----------------------------+-------+---------+---------+
       Total:                       4864    678       1208   
                                                             
    .\local_Include\
       i2c.obj                      745     0         0      
       uart.obj                     184     0         0      
       SysFlag.obj                  172     0         4      
       onBoardSwitch.obj            148     0         0      
       led.obj                      52      0         0      
       SysTick.obj                  42      0         0      
       sysclk.obj                   16      0         0      
    +--+----------------------------+-------+---------+---------+
       Total:                       1359    0         4      
                                                             
    .\local_Include\BMP388\
       BMP388.obj                   2188    8         216    
    +--+----------------------------+-------+---------+---------+
       Total:                       2188    8         216    
                                                             
    .\local_Include\BMX160\
       BMX160.obj                   38      0         0      
    +--+----------------------------+-------+---------+---------+
       Total:                       38      0         0      
                                                             
    .\local_Include\BUZZER\
       buzzer.obj                   344     0         13     
    +--+----------------------------+-------+---------+---------+
       Total:                       344     0         13     
                                                             
    .\local_Include\OrangeRX\
       OrangeRX.obj                 2128    0         458    
    +--+----------------------------+-------+---------+---------+
       Total:                       2128    0         458    
                                                             
    .\local_Include\PWM\
       PWM.obj                      1012    0         337    
    +--+----------------------------+-------+---------+---------+
       Total:                       1012    0         337    
                                                             
    C:/ti/TivaWare_C_Series-2.2.0.295/driverlib/ccs/Debug/driverlib.lib
       sysctl.obj                   714     108       0      
       interrupt.obj                156     20        620    
       gpio.obj                     588     144       0      
       timer.obj                    290     160       0      
       uart.obj                     112     128       0      
       pwm.obj                      158     0         0      
       systick.obj                  84      0         0      
       i2c.obj                      28      0         0      
    +--+----------------------------+-------+---------+---------+
       Total:                       2130    560       620    
                                                             
    C:\ti\ccs1040\ccs\tools\compiler\ti-cgt-arm_20.2.5.LTS\lib\rtsv7M4_T_le_v4SPD16_eabi.lib
       _printfi.c.obj               4851    0         0      
       e_pow.c.obj                  2512    48        0      
       fd_add_t2.asm.obj            438     0         0      
       e_sqrt.c.obj                 344     0         0      
       fd_div_t2.asm.obj            310     0         0      
       s_scalbn.c.obj               272     0         0      
       fd_cmp_t2.asm.obj            268     0         0      
       ctype.c.obj                  0       257       0      
       fd_mul_t2.asm.obj            252     0         0      
       s_floor.c.obj                248     0         0      
       s_round.c.obj                196     0         0      
       s_trunc.c.obj                188     0         0      
       memcpy_t2.asm.obj            156     0         0      
       ull_div_t2.asm.obj           150     0         0      
       memset_t2.asm.obj            122     0         0      
       fd_tos_t2.asm.obj            110     0         0      
       copy_decompress_lzss.c.obj   104     0         0      
       s_frexp.c.obj                100     0         0      
       sprintf.c.obj                98      0         0      
       _ltoa.c.obj                  84      0         0      
       atoi.c.obj                   76      0         0      
       fd_toi_t2.asm.obj            72      0         0      
       autoinit.c.obj               68      0         0      
       u_divt2.asm.obj              64      0         0      
       fs_tod_t2.asm.obj            56      0         0      
       boot_cortex_m.c.obj          52      0         0      
       i_tofd_t2.asm.obj            46      0         0      
       u_tofd_t2.asm.obj            32      0         0      
       memccpy.c.obj                28      0         0      
       s_copysign.c.obj             26      0         0      
       strchr.c.obj                 22      0         0      
       strlen.c.obj                 20      0         0      
       wcslen.c.obj                 18      0         0      
       copy_decompress_none.c.obj   14      0         0      
       copy_zero_init.c.obj         12      0         0      
       errno.c.obj                  8       0         4      
       exit.c.obj                   4       0         0      
       pre_init.c.obj               4       0         0      
       div0.asm.obj                 2       0         0      
    +--+----------------------------+-------+---------+---------+
       Total:                       11427   305       4      
                                                             
       Heap:                        0       0         4096   
       Stack:                       0       0         4096   
       Linker Generated:            0       83        0      
    +--+----------------------------+-------+---------+---------+
       Grand Total:                 25490   1634      11052  


LINKER GENERATED COPY TABLES

__TI_cinit_table @ 00006a00 records: 3, size/record: 8, table size: 24
	.data: load addr=000069c0, load size=0000001f bytes, run addr=20002ae4, run size=0000004e bytes, compression=lzss
	.bss: load addr=000069f0, load size=00000008 bytes, run addr=20002270, run size=00000872 bytes, compression=zero_init
	.vtable: load addr=000069f8, load size=00000008 bytes, run addr=20000000, run size=0000026c bytes, compression=zero_init


LINKER GENERATED HANDLER TABLE

__TI_handler_table @ 000069e0 records: 3, size/record: 4, table size: 12
	index: 0, handler: __TI_zero_init
	index: 1, handler: __TI_decompress_lzss
	index: 2, handler: __TI_decompress_none


GLOBAL SYMBOLS: SORTED ALPHABETICALLY BY Name 

address   name                               
-------   ----                               
00004e71  BMP388_compensate_data             
000025b5  BMP388_compensate_pressure         
00005473  BMP388_compensate_temperature      
000050e5  BMP388_get_regs                    
00004675  BMP388_get_sensor_data             
000055bd  BMP388_parse_sensor_data           
0000537d  BMP388_readAltitude                
000057c9  BMP388_readPressure                
00002cd5  BMP388_showData                    
000061c5  BMX160_readReg                     
00006115  BUZZ_BUZZ                          
00005dad  BUZZ_BUZZER                        
00004a69  BUZZ_SM                            
00006613  C$$EXIT                            
20002b10  Channel_Tune_Variable              
00006141  GPIODirModeSet                     
00003939  GPIOPadConfigSet                   
00005aa5  GPIOPinConfigure                   
000065e1  GPIOPinRead                        
00006351  GPIOPinTypeGPIOOutput              
000063e5  GPIOPinTypePWM                     
000063fb  GPIOPinTypeTimer                   
00006411  GPIOPinTypeUART                    
000065e7  GPIOPinWrite                       
000065b9  I2CMasterBusy                      
000065ff  I2CMasterControl                   
00006603  I2CMasterDataGet                   
00006607  I2CMasterDataPut                   
000065c1  I2CMasterSlaveAddrSet              
00003bfd  I2C_AddressBruteForcer             
00005629  I2C_ReadByte                       
00005951  I2C_readReg                        
00005695  IntEnable                          
00005f79  IntRegister                        
00005fad  LED_LEDInit                        
00002ac1  Motor_setDuty                      
0000230d  OrangeRX_Init                      
0000627d  OrangeRX_IntHandler                
00002ecd  OrangeRX_extractData               
00004b59  OrangeRX_receivedChannelReorganizer
000040ed  OrangeRX_showActData               
000037b5  OrangeRX_showRawData               
00005279  PCF8574A_Read                      
00005891  PCF8574A_Write                     
00006259  PWMGenConfigure                    
00006561  PWMGenEnable                       
000064b9  PWMGenPeriodGet                    
00006513  PWMGenPeriodSet                    
000064cb  PWMOutputState                     
000062dd  PWMPulseWidthGet                   
000062fb  PWMPulseWidthSet                   
000030c5  PWM_Init                           
000065ed  ResetISR                           
00005af1  SWITCH_Init                        
000061ed  SWITCH_SW1_Pressed                 
00006211  SWITCH_SW2_Pressed                 
00006525  SysClk_Init                        
00004339  SysCtlClockGet                     
00004975  SysCtlClockSet                     
000065f3  SysCtlDelay                        
00006385  SysCtlPWMClockGet                  
00006455  SysCtlPWMClockSet                  
00005fe1  SysCtlPeripheralEnable             
00005e61  SysCtlPeripheralReady              
00006469  SysCtlResetCauseClear              
0000656d  SysCtlResetCauseGet                
00005e99  SysFlag_Check                      
00006015  SysFlag_Clear                      
00006579  SysFlag_Init                       
00006049  SysFlag_Set                        
0000647d  SysTickEnable                      
00006491  SysTickIntEnable                   
00006319  SysTickIntRegister                 
00006535  SysTickPeriodSet                   
0000629d  SysTick_Init                       
00006591  SysTick_IntHandler                 
00005ed1  SystemInitialize                   
000058f1  TimerConfigure                     
00006427  TimerControlEvent                  
00006545  TimerEnable                        
0000660b  TimerIntClear                      
000065c9  TimerIntEnable                     
0000639d  TimerIntRegister                   
000064dd  TimerLoadSet                       
000064ef  TimerMatchSet                      
0000659b  TimerValueGet                      
000052fd  UART0_STDIO_Init                   
00005f09  UART0_STDIO_IntHandler             
000065f9  UARTClockSourceSet                 
00006199  UARTEchoSet                        
0000607d  UARTFlushRx                        
00005b3d  UARTFlushTx                        
000065d1  UARTIntEnable                      
000063b5  UARTIntRegister                    
000065a5  UARTIntStatus                      
00003e7d  UARTStdioConfig                    
0000362d  UARTStdioIntHandler                
00005e25  UARTgetc                           
00006235  UARTprintf                         
00001fb9  UARTvprintf                        
00004451  UARTwrite                          
20001270  __STACK_END                        
00001000  __STACK_SIZE                       
20000470  __STACK_TOP                        
00001000  __SYSMEM_SIZE                      
00006a00  __TI_CINIT_Base                    
00006a18  __TI_CINIT_Limit                   
000069e0  __TI_Handler_Table_Base            
000069ec  __TI_Handler_Table_Limit           
00005c69  __TI_auto_init_nobinit_nopinit     
000056fd  __TI_decompress_lzss               
00006553  __TI_decompress_none               
000059fd  __TI_ltoa                          
ffffffff  __TI_pprof_out_hndl                
0000026d  __TI_printfi                       
ffffffff  __TI_prof_data_size                
ffffffff  __TI_prof_data_start               
00000000  __TI_static_base__                 
00006585  __TI_zero_init                     
0000516d  __aeabi_cdcmpeq                    
0000516d  __aeabi_cdcmple                    
000051f3  __aeabi_cdrcmple                   
0000554f  __aeabi_d2f                        
00005c21  __aeabi_d2iz                       
0000347f  __aeabi_dadd                       
00003fb5  __aeabi_ddiv                       
00004781  __aeabi_dmul                       
00003475  __aeabi_dsub                       
000065d9  __aeabi_errno_addr                 
00005f41  __aeabi_f2d                        
000060e5  __aeabi_i2d                        
000040eb  __aeabi_idiv0                      
000040eb  __aeabi_ldiv0                      
000053f9  __aeabi_memclr                     
000053f9  __aeabi_memclr4                    
000053f9  __aeabi_memclr8                    
00004f1f  __aeabi_memcpy                     
00004f1f  __aeabi_memcpy4                    
00004f1f  __aeabi_memcpy8                    
000053fb  __aeabi_memset                     
000053fb  __aeabi_memset4                    
000053fb  __aeabi_memset8                    
000062bd  __aeabi_ui2d                       
00005ced  __aeabi_uidiv                      
00005ced  __aeabi_uidivmod                   
00004fbb  __aeabi_uldivmod                   
ffffffff  __binit__                          
ffffffff  __c_args__                         
0000582d  __error__                          
UNDEFED   __mpu_init                         
20000270  __stack                            
20000000  __start___llvm_prf_cnts            
20000000  __stop___llvm_prf_cnts             
000060b1  _c_int00_noargs                    
00006618  _ctypes_                           
20001270  _sys_memory                        
UNDEFED   _system_post_cinit                 
0000660f  _system_pre_init                   
00006613  abort                              
00005bd5  atoi                               
20002b20  base_altitude                      
ffffffff  binit                              
20002adc  buzDuration                        
0000636b  copysign                           
0000636b  copysignl                          
20002ade  count                              
20002920  dev                                
20002aa8  dutyOf                             
20002b28  errno                              
0000487d  floor                              
0000487d  floorl                             
20002b2f  frameGapChNo                       
00005765  frexp                              
00005765  frexpl                             
20000000  g_pfnRAMVectors                    
00000000  g_pfnVectors                       
20002ad4  g_uiSysFlags                       
00004565  ldexp                              
00004565  ldexpl                             
0000168d  main                               
00006335  memccpy                            
00004f1f  memcpy                             
00005401  memset                             
20002800  mixer                              
20002b31  motorSelect                        
20002ae0  pauseTime                          
00000cbd  pow                                
00000cbd  powl                               
20002ad8  resetCause                         
00004c3d  round                              
00004c3d  roundl                             
20002b30  rx_connection_status               
20002670  rx_data                            
20002a70  rx_text                            
00004565  scalbn                             
00004565  scalbnl                            
00005d2d  sprintf                            
00003aa5  sqrt                               
00003aa5  sqrtl                              
0000643d  strchr                             
000064a5  strlen                             
00004d01  trunc                              
00004d01  truncl                             
00006501  wcslen                             


GLOBAL SYMBOLS: SORTED BY Symbol Address 

address   name                               
-------   ----                               
00000000  __TI_static_base__                 
00000000  g_pfnVectors                       
0000026d  __TI_printfi                       
00000cbd  pow                                
00000cbd  powl                               
00001000  __STACK_SIZE                       
00001000  __SYSMEM_SIZE                      
0000168d  main                               
00001fb9  UARTvprintf                        
0000230d  OrangeRX_Init                      
000025b5  BMP388_compensate_pressure         
00002ac1  Motor_setDuty                      
00002cd5  BMP388_showData                    
00002ecd  OrangeRX_extractData               
000030c5  PWM_Init                           
00003475  __aeabi_dsub                       
0000347f  __aeabi_dadd                       
0000362d  UARTStdioIntHandler                
000037b5  OrangeRX_showRawData               
00003939  GPIOPadConfigSet                   
00003aa5  sqrt                               
00003aa5  sqrtl                              
00003bfd  I2C_AddressBruteForcer             
00003e7d  UARTStdioConfig                    
00003fb5  __aeabi_ddiv                       
000040eb  __aeabi_idiv0                      
000040eb  __aeabi_ldiv0                      
000040ed  OrangeRX_showActData               
00004339  SysCtlClockGet                     
00004451  UARTwrite                          
00004565  ldexp                              
00004565  ldexpl                             
00004565  scalbn                             
00004565  scalbnl                            
00004675  BMP388_get_sensor_data             
00004781  __aeabi_dmul                       
0000487d  floor                              
0000487d  floorl                             
00004975  SysCtlClockSet                     
00004a69  BUZZ_SM                            
00004b59  OrangeRX_receivedChannelReorganizer
00004c3d  round                              
00004c3d  roundl                             
00004d01  trunc                              
00004d01  truncl                             
00004e71  BMP388_compensate_data             
00004f1f  __aeabi_memcpy                     
00004f1f  __aeabi_memcpy4                    
00004f1f  __aeabi_memcpy8                    
00004f1f  memcpy                             
00004fbb  __aeabi_uldivmod                   
000050e5  BMP388_get_regs                    
0000516d  __aeabi_cdcmpeq                    
0000516d  __aeabi_cdcmple                    
000051f3  __aeabi_cdrcmple                   
00005279  PCF8574A_Read                      
000052fd  UART0_STDIO_Init                   
0000537d  BMP388_readAltitude                
000053f9  __aeabi_memclr                     
000053f9  __aeabi_memclr4                    
000053f9  __aeabi_memclr8                    
000053fb  __aeabi_memset                     
000053fb  __aeabi_memset4                    
000053fb  __aeabi_memset8                    
00005401  memset                             
00005473  BMP388_compensate_temperature      
0000554f  __aeabi_d2f                        
000055bd  BMP388_parse_sensor_data           
00005629  I2C_ReadByte                       
00005695  IntEnable                          
000056fd  __TI_decompress_lzss               
00005765  frexp                              
00005765  frexpl                             
000057c9  BMP388_readPressure                
0000582d  __error__                          
00005891  PCF8574A_Write                     
000058f1  TimerConfigure                     
00005951  I2C_readReg                        
000059fd  __TI_ltoa                          
00005aa5  GPIOPinConfigure                   
00005af1  SWITCH_Init                        
00005b3d  UARTFlushTx                        
00005bd5  atoi                               
00005c21  __aeabi_d2iz                       
00005c69  __TI_auto_init_nobinit_nopinit     
00005ced  __aeabi_uidiv                      
00005ced  __aeabi_uidivmod                   
00005d2d  sprintf                            
00005dad  BUZZ_BUZZER                        
00005e25  UARTgetc                           
00005e61  SysCtlPeripheralReady              
00005e99  SysFlag_Check                      
00005ed1  SystemInitialize                   
00005f09  UART0_STDIO_IntHandler             
00005f41  __aeabi_f2d                        
00005f79  IntRegister                        
00005fad  LED_LEDInit                        
00005fe1  SysCtlPeripheralEnable             
00006015  SysFlag_Clear                      
00006049  SysFlag_Set                        
0000607d  UARTFlushRx                        
000060b1  _c_int00_noargs                    
000060e5  __aeabi_i2d                        
00006115  BUZZ_BUZZ                          
00006141  GPIODirModeSet                     
00006199  UARTEchoSet                        
000061c5  BMX160_readReg                     
000061ed  SWITCH_SW1_Pressed                 
00006211  SWITCH_SW2_Pressed                 
00006235  UARTprintf                         
00006259  PWMGenConfigure                    
0000627d  OrangeRX_IntHandler                
0000629d  SysTick_Init                       
000062bd  __aeabi_ui2d                       
000062dd  PWMPulseWidthGet                   
000062fb  PWMPulseWidthSet                   
00006319  SysTickIntRegister                 
00006335  memccpy                            
00006351  GPIOPinTypeGPIOOutput              
0000636b  copysign                           
0000636b  copysignl                          
00006385  SysCtlPWMClockGet                  
0000639d  TimerIntRegister                   
000063b5  UARTIntRegister                    
000063e5  GPIOPinTypePWM                     
000063fb  GPIOPinTypeTimer                   
00006411  GPIOPinTypeUART                    
00006427  TimerControlEvent                  
0000643d  strchr                             
00006455  SysCtlPWMClockSet                  
00006469  SysCtlResetCauseClear              
0000647d  SysTickEnable                      
00006491  SysTickIntEnable                   
000064a5  strlen                             
000064b9  PWMGenPeriodGet                    
000064cb  PWMOutputState                     
000064dd  TimerLoadSet                       
000064ef  TimerMatchSet                      
00006501  wcslen                             
00006513  PWMGenPeriodSet                    
00006525  SysClk_Init                        
00006535  SysTickPeriodSet                   
00006545  TimerEnable                        
00006553  __TI_decompress_none               
00006561  PWMGenEnable                       
0000656d  SysCtlResetCauseGet                
00006579  SysFlag_Init                       
00006585  __TI_zero_init                     
00006591  SysTick_IntHandler                 
0000659b  TimerValueGet                      
000065a5  UARTIntStatus                      
000065b9  I2CMasterBusy                      
000065c1  I2CMasterSlaveAddrSet              
000065c9  TimerIntEnable                     
000065d1  UARTIntEnable                      
000065d9  __aeabi_errno_addr                 
000065e1  GPIOPinRead                        
000065e7  GPIOPinWrite                       
000065ed  ResetISR                           
000065f3  SysCtlDelay                        
000065f9  UARTClockSourceSet                 
000065ff  I2CMasterControl                   
00006603  I2CMasterDataGet                   
00006607  I2CMasterDataPut                   
0000660b  TimerIntClear                      
0000660f  _system_pre_init                   
00006613  C$$EXIT                            
00006613  abort                              
00006618  _ctypes_                           
000069e0  __TI_Handler_Table_Base            
000069ec  __TI_Handler_Table_Limit           
00006a00  __TI_CINIT_Base                    
00006a18  __TI_CINIT_Limit                   
20000000  __start___llvm_prf_cnts            
20000000  __stop___llvm_prf_cnts             
20000000  g_pfnRAMVectors                    
20000270  __stack                            
20000470  __STACK_TOP                        
20001270  __STACK_END                        
20001270  _sys_memory                        
20002670  rx_data                            
20002800  mixer                              
20002920  dev                                
20002a70  rx_text                            
20002aa8  dutyOf                             
20002ad4  g_uiSysFlags                       
20002ad8  resetCause                         
20002adc  buzDuration                        
20002ade  count                              
20002ae0  pauseTime                          
20002b10  Channel_Tune_Variable              
20002b20  base_altitude                      
20002b28  errno                              
20002b2f  frameGapChNo                       
20002b30  rx_connection_status               
20002b31  motorSelect                        
ffffffff  __TI_pprof_out_hndl                
ffffffff  __TI_prof_data_size                
ffffffff  __TI_prof_data_start               
ffffffff  __binit__                          
ffffffff  __c_args__                         
ffffffff  binit                              
UNDEFED   __mpu_init                         
UNDEFED   _system_post_cinit                 

[204 symbols]
