******************************************************************************
                  TI ARM Linker PC v20.2.5                     
******************************************************************************
>> Linked Tue Mar 15 07:49:44 2022

OUTPUT FILE NAME:   <DroneProject.out>
ENTRY POINT SYMBOL: "_c_int00_noargs"  address: 00007ed5


MEMORY CONFIGURATION

         name            origin    length      used     unused   attr    fill
----------------------  --------  ---------  --------  --------  ----  --------
  FLASH                 00000000   00040000  00008b36  000374ca  R  X
  SRAM                  20000000   00008000  00002b59  000054a7  RW X


SEGMENT ALLOCATION MAP

run origin  load origin   length   init length attrs members
----------  ----------- ---------- ----------- ----- -------
00000000    00000000    00008b38   00008b38    r-x
  00000000    00000000    0000026c   0000026c    r-- .intvecs
  0000026c    0000026c    0000831a   0000831a    r-x .text
  00008588    00008588    00000540   00000540    r-- .const
  00008ac8    00008ac8    00000070   00000070    r-- .cinit
20000000    20000000    00002b5e   00000000    rw-
  20000000    20000000    0000026c   00000000    rw- .vtable
  20000270    20000270    00001000   00000000    rw- .stack
  20001270    20001270    00001000   00000000    rw- .sysmem
  20002270    20002270    00000883   00000000    rw- .bss
  20002af4    20002af4    0000006a   00000000    rw- .data


SECTION ALLOCATION MAP

 output                                  attributes/
section   page    origin      length       input sections
--------  ----  ----------  ----------   ----------------
.intvecs   0    00000000    0000026c     
                  00000000    0000026c     startup_ccs.obj (.intvecs)

.text      0    0000026c    0000831a     
                  0000026c    00000a4e     rtsv7M4_T_le_v4SPD16_eabi.lib : _printfi.c.obj (.text:__TI_printfi)
                  00000cba    00000002     startup_ccs.obj (.text:FaultISR)
                  00000cbc    000009d7     main.obj (.text:main)
                  00001693    00000001     --HOLE-- [fill = 0]
                  00001694    000009d0     rtsv7M4_T_le_v4SPD16_eabi.lib : e_pow.c.obj (.text:pow)
                  00002064    00000354     main.obj (.text:UARTvprintf)
                  000023b8    0000031c     BMP388.obj (.text:BMP388_parse_calib_data)
                  000026d4    000002a8     OrangeRX.obj (.text:OrangeRX_Init)
                  0000297c    0000029a     BMP388.obj (.text:BMP388_compensate_pressure)
                  00002c16    00000002     startup_ccs.obj (.text:IntDefaultHandler)
                  00002c18    00000270     BMP388.obj (.text:BMP388_begin)
                  00002e88    00000270     rtsv7M4_T_le_v4SPD16_eabi.lib : _printfi.c.obj (.text:_pconv_a)
                  000030f8    00000230     BMX160.obj (.text:BMX160_getAllData)
                  00003328    00000214     PWM.obj (.text:Motor_setDuty)
                  0000353c    00000201     BMP388.obj (.text:BMP388_set_config)
                  0000373d    00000001     --HOLE-- [fill = 0]
                  0000373e    00000002     startup_ccs.obj (.text:NmiSR)
                  00003740    000001f8     BMX160.obj (.text:BMX160_showData)
                  00003938    000001f8     OrangeRX.obj (.text:OrangeRX_extractData)
                  00003b30    000001e0     PWM.obj (.text:PWM_Init)
                  00003d10    000001dc     BMP388.obj (.text:BMP388_user_i2c_read)
                  00003eec    000001d0     rtsv7M4_T_le_v4SPD16_eabi.lib : _printfi.c.obj (.text:_pconv_g)
                  000040bc    000001c8     BMP388.obj (.text:BMP388_showData)
                  00004284    000001b8     PID.obj (.text:PID_altitude_adjust)
                  0000443c    000001b6     rtsv7M4_T_le_v4SPD16_eabi.lib : fd_add_t2.asm.obj (.text)
                  000045f2    00000002                                   : _lock.c.obj (.text:_nop)
                  000045f4    000001a0     BMP388.obj (.text:BMP388_reset)
                  00004794    00000188     main.obj (.text:UARTStdioIntHandler)
                  0000491c    0000016c     driverlib.lib : gpio.obj (.text:GPIOPadConfigSet)
                  00004a88    00000158     rtsv7M4_T_le_v4SPD16_eabi.lib : e_sqrt.c.obj (.text:sqrt)
                  00004be0    00000143     i2c.obj (.text:I2C_AddressBruteForcer)
                  00004d23    00000001     --HOLE-- [fill = 0]
                  00004d24    0000013c     rtsv7M4_T_le_v4SPD16_eabi.lib : _printfi.c.obj (.text:_pconv_e)
                  00004e60    00000138     main.obj (.text:UARTStdioConfig)
                  00004f98    00000136     rtsv7M4_T_le_v4SPD16_eabi.lib : fd_div_t2.asm.obj (.text)
                  000050ce    00000002                                   : div0.asm.obj (.text)
                  000050d0    00000134     BMP388.obj (.text:BMP388_Init)
                  00005204    00000128     OrangeRX.obj (.text:OrangeRX_showActData)
                  0000532c    00000124     rtsv7M4_T_le_v4SPD16_eabi.lib : _printfi.c.obj (.text:fcvt)
                  00005450    00000118     BMP388.obj (.text:BMP388_user_i2c_write)
                  00005568    00000118     driverlib.lib : sysctl.obj (.text:SysCtlClockGet)
                  00005680    00000114     main.obj (.text:UARTwrite)
                  00005794    00000110     rtsv7M4_T_le_v4SPD16_eabi.lib : s_scalbn.c.obj (.text:scalbn)
                  000058a4    0000010c     BMP388.obj (.text:BMP388_get_sensor_data)
                  000059b0    00000100     i2c.obj (.text:I2C_writeSingleReg)
                  00005ab0    00000100     rtsv7M4_T_le_v4SPD16_eabi.lib : memory.c.obj (.text:aligned_alloc)
                  00005bb0    000000fc     BMX160.obj (.text:BMX160_Init)
                  00005cac    000000fc     rtsv7M4_T_le_v4SPD16_eabi.lib : fd_mul_t2.asm.obj (.text)
                  00005da8    000000f8                                   : s_floor.c.obj (.text:floor)
                  00005ea0    000000f4     driverlib.lib : sysctl.obj (.text:SysCtlClockSet)
                  00005f94    000000f0     buzzer.obj (.text:BUZZ_SM)
                  00006084    000000e4     OrangeRX.obj (.text:OrangeRX_receivedChannelReorganizer)
                  00006168    000000d6     BMX160.obj (.text:BMX160_setMagnConf)
                  0000623e    00000002     --HOLE-- [fill = 0]
                  00006240    000000c4     rtsv7M4_T_le_v4SPD16_eabi.lib : s_round.c.obj (.text:round)
                  00006304    000000be     BMX160.obj (.text:BMX160_begin)
                  000063c2    00000002     --HOLE-- [fill = 0]
                  000063c4    000000bc     rtsv7M4_T_le_v4SPD16_eabi.lib : s_trunc.c.obj (.text:trunc)
                  00006480    000000b1                                   : _printfi.c.obj (.text:_ltostr)
                  00006531    00000003     --HOLE-- [fill = 0]
                  00006534    000000ad     BMP388.obj (.text:BMP388_compensate_data)
                  000065e1    00000003     --HOLE-- [fill = 0]
                  000065e4    000000ab     BMP388.obj (.text:BMP388_get_calib_data)
                  0000668f    00000001     --HOLE-- [fill = 0]
                  00006690    000000a4     BMP388.obj (.text:BMP388_set_regs)
                  00006734    0000009c     rtsv7M4_T_le_v4SPD16_eabi.lib : memcpy_t2.asm.obj (.text)
                  000067d0    00000096                                   : ull_div_t2.asm.obj (.text)
                  00006866    00000002     --HOLE-- [fill = 0]
                  00006868    00000094     BMX160.obj (.text:BMX160_softReset)
                  000068fc    00000094     main.obj (.text:UARTPrimeTransmit)
                  00006990    0000008a     BMX160.obj (.text:BMX160_defaultParamSettg)
                  00006a1a    00000002     --HOLE-- [fill = 0]
                  00006a1c    00000088     BMP388.obj (.text:BMP388_get_regs)
                  00006aa4    00000086     rtsv7M4_T_le_v4SPD16_eabi.lib : fd_cmp_t2.asm.obj (.text:__aeabi_cdcmple)
                  00006b2a    00000086                                   : fd_cmp_t2.asm.obj (.text:__aeabi_cdrcmple)
                  00006bb0    00000084     i2c.obj (.text:PCF8574A_Read)
                  00006c34    00000080     i2c.obj (.text:I2C0_Init)
                  00006cb4    00000080     uart.obj (.text:UART0_STDIO_Init)
                  00006d34    0000007c     BMP388.obj (.text:BMP388_readAltitude)
                  00006db0    0000007a     rtsv7M4_T_le_v4SPD16_eabi.lib : memset_t2.asm.obj (.text)
                  00006e2a    00000002     --HOLE-- [fill = 0]
                  00006e2c    00000070                                   : memory.c.obj (.text:split)
                  00006e9c    0000006e     BMP388.obj (.text:BMP388_compensate_temperature)
                  00006f0a    0000006e     rtsv7M4_T_le_v4SPD16_eabi.lib : _printfi.c.obj (.text:_mcpy)
                  00006f78    0000006e                                   : fd_tos_t2.asm.obj (.text)
                  00006fe6    0000006c     BMP388.obj (.text:BMP388_parse_sensor_data)
                  00007052    00000002     --HOLE-- [fill = 0]
                  00007054    0000006c     i2c.obj (.text:I2C_ReadByte)
                  000070c0    00000068     driverlib.lib : interrupt.obj (.text:IntEnable)
                  00007128    00000068     rtsv7M4_T_le_v4SPD16_eabi.lib : copy_decompress_lzss.c.obj (.text:decompress:lzss:__TI_decompress_lzss)
                  00007190    00000064     BMP388.obj (.text:BMP388_Int_Handler)
                  000071f4    00000064     rtsv7M4_T_le_v4SPD16_eabi.lib : s_frexp.c.obj (.text:frexp)
                  00007258    00000063     BMP388.obj (.text:BMP388_readPressure)
                  000072bb    00000001     --HOLE-- [fill = 0]
                  000072bc    00000063     BMX160.obj (.text:BMX160_writeBmxReg)
                  0000731f    00000001     --HOLE-- [fill = 0]
                  00007320    00000061     main.obj (.text:__error__)
                  00007381    00000003     --HOLE-- [fill = 0]
                  00007384    00000060     i2c.obj (.text:PCF8574A_Write)
                  000073e4    00000060     SONAR.obj (.text:SONAR_Trigger)
                  00007444    00000060     driverlib.lib : timer.obj (.text:TimerConfigure)
                  000074a4    0000005c     OrangeRX.obj (.text:OrangeRX_isConnected)
                  00007500    00000058     driverlib.lib : gpio.obj (.text:GPIOIntTypeSet)
                  00007558    00000056     i2c.obj (.text:I2C_readReg)
                  000075ae    00000056     rtsv7M4_T_le_v4SPD16_eabi.lib : _printfi.c.obj (.text:_pconv_f)
                  00007604    00000054                                   : _ltoa.c.obj (.text:__TI_ltoa)
                  00007658    00000052                                   : _printfi.c.obj (.text:_ecpy)
                  000076aa    00000002     --HOLE-- [fill = 0]
                  000076ac    0000004c     driverlib.lib : gpio.obj (.text:GPIOPinConfigure)
                  000076f8    0000004c                   : i2c.obj (.text:I2CMasterInitExpClk)
                  00007744    0000004c     onBoardSwitch.obj (.text:SWITCH_Init)
                  00007790    0000004c     SysTick.obj (.text:SYSTICK_Delay)
                  000077dc    0000004c     main.obj (.text:SystemInitialize)
                  00007828    0000004c     main.obj (.text:UARTFlushTx)
                  00007874    0000004c     driverlib.lib : timer.obj (.text:_TimerIntNumberGet)
                  000078c0    0000004c     rtsv7M4_T_le_v4SPD16_eabi.lib : atoi.c.obj (.text:atoi)
                  0000790c    00000048                                   : fd_toi_t2.asm.obj (.text)
                  00007954    00000044     driverlib.lib : i2c.obj (.text:I2CMasterGlitchFilterConfigSet)
                  00007998    00000044                   : gpio.obj (.text:_GPIOIntNumberGet)
                  000079dc    00000044     rtsv7M4_T_le_v4SPD16_eabi.lib : autoinit.c.obj (.text:__TI_auto_init_nobinit_nopinit:__TI_auto_init_nobinit_nopinit)
                  00007a20    00000040     driverlib.lib : uart.obj (.text:_UARTIntNumberGet)
                  00007a60    00000040     rtsv7M4_T_le_v4SPD16_eabi.lib : u_divt2.asm.obj (.text)
                  00007aa0    00000040                                   : sprintf.c.obj (.text:sprintf)
                  00007ae0    0000003e     i2c.obj (.text:PCF8574A_Init)
                  00007b1e    0000003e     rtsv7M4_T_le_v4SPD16_eabi.lib : _printfi.c.obj (.text:_fcpy)
                  00007b5c    0000003c     buzzer.obj (.text:BUZZ_BUZZER)
                  00007b98    0000003c     main.obj (.text:IsBufferFull)
                  00007bd4    0000003c     main.obj (.text:UARTgetc)
                  00007c10    0000003a     BMP388.obj (.text:BMP388_read_all_regs)
                  00007c4a    00000002     --HOLE-- [fill = 0]
                  00007c4c    00000038     BMP388.obj (.text:BMP388_Int_Configure)
                  00007c84    00000038     driverlib.lib : sysctl.obj (.text:SysCtlPeripheralReady)
                  00007cbc    00000038     SysFlag.obj (.text:SysFlag_Check)
                  00007cf4    00000038     uart.obj (.text:UART0_STDIO_IntHandler)
                  00007d2c    00000038     rtsv7M4_T_le_v4SPD16_eabi.lib : fs_tod_t2.asm.obj (.text)
                  00007d64    00000036     BMX160.obj (.text:BMX160_softResetWorker)
                  00007d9a    00000002     --HOLE-- [fill = 0]
                  00007d9c    00000034     driverlib.lib : interrupt.obj (.text:IntRegister)
                  00007dd0    00000034     led.obj (.text:LED_LEDInit)
                  00007e04    00000034     driverlib.lib : sysctl.obj (.text:SysCtlPeripheralEnable)
                  00007e38    00000034     SysFlag.obj (.text:SysFlag_Clear)
                  00007e6c    00000034     SysFlag.obj (.text:SysFlag_Set)
                  00007ea0    00000034     main.obj (.text:UARTFlushRx)
                  00007ed4    00000034     rtsv7M4_T_le_v4SPD16_eabi.lib : boot_cortex_m.c.obj (.text:_c_int00_noargs:_c_int00_noargs)
                  00007f08    00000034     buzzer.obj (.text:init_Buzzer)
                  00007f3c    0000002e     rtsv7M4_T_le_v4SPD16_eabi.lib : i_tofd_t2.asm.obj (.text)
                  00007f6a    00000002     --HOLE-- [fill = 0]
                  00007f6c    0000002c     buzzer.obj (.text:BUZZ_BUZZ)
                  00007f98    0000002c     driverlib.lib : gpio.obj (.text:GPIODirModeSet)
                  00007fc4    0000002c     main.obj (.text:IsBufferEmpty)
                  00007ff0    0000002c     main.obj (.text:UARTEchoSet)
                  0000801c    00000028     rtsv7M4_T_le_v4SPD16_eabi.lib : memory.c.obj (.text:free_list_insert)
                  00008044    00000026     BMX160.obj (.text:BMX160_readReg)
                  0000806a    00000002     --HOLE-- [fill = 0]
                  0000806c    00000024     onBoardSwitch.obj (.text:SWITCH_SW1_Pressed)
                  00008090    00000024     onBoardSwitch.obj (.text:SWITCH_SW2_Pressed)
                  000080b4    00000024     main.obj (.text:UARTprintf)
                  000080d8    00000022     BMX160.obj (.text:BMX160_scan)
                  000080fa    00000022     driverlib.lib : pwm.obj (.text:PWMGenConfigure)
                  0000811c    00000020     OrangeRX.obj (.text:OrangeRX_IntHandler)
                  0000813c    00000020     SysTick.obj (.text:SysTick_Init)
                  0000815c    00000020     rtsv7M4_T_le_v4SPD16_eabi.lib : u_tofd_t2.asm.obj (.text)
                  0000817c    0000001e     driverlib.lib : pwm.obj (.text:PWMPulseWidthGet)
                  0000819a    0000001e                   : pwm.obj (.text:PWMPulseWidthSet)
                  000081b8    0000001c                   : systick.obj (.text:SysTickIntRegister)
                  000081d4    0000001c     rtsv7M4_T_le_v4SPD16_eabi.lib : memory.c.obj (.text:free_list_remove)
                  000081f0    0000001c                                   : memccpy.c.obj (.text:memccpy)
                  0000820c    0000001a     driverlib.lib : gpio.obj (.text:GPIOPinTypeGPIOOutput)
                  00008226    0000001a     rtsv7M4_T_le_v4SPD16_eabi.lib : s_copysign.c.obj (.text:copysign)
                  00008240    00000018     BMP388.obj (.text:BMP388_set_i2c_addr)
                  00008258    00000018     driverlib.lib : gpio.obj (.text:GPIOIntRegister)
                  00008270    00000018                   : sysctl.obj (.text:SysCtlPWMClockGet)
                  00008288    00000018                   : timer.obj (.text:TimerIntRegister)
                  000082a0    00000018                   : uart.obj (.text:UARTIntRegister)
                  000082b8    00000018     rtsv7M4_T_le_v4SPD16_eabi.lib : sprintf.c.obj (.text:_outs)
                  000082d0    00000016     driverlib.lib : gpio.obj (.text:GPIOPinTypeGPIOInput)
                  000082e6    00000016                   : gpio.obj (.text:GPIOPinTypeI2C)
                  000082fc    00000016                   : gpio.obj (.text:GPIOPinTypeI2CSCL)
                  00008312    00000016                   : gpio.obj (.text:GPIOPinTypePWM)
                  00008328    00000016                   : gpio.obj (.text:GPIOPinTypeTimer)
                  0000833e    00000016                   : gpio.obj (.text:GPIOPinTypeUART)
                  00008354    00000016                   : i2c.obj (.text:I2CMasterErr)
                  0000836a    00000016                   : timer.obj (.text:TimerControlEvent)
                  00008380    00000016     rtsv7M4_T_le_v4SPD16_eabi.lib : strchr.c.obj (.text:strchr)
                  00008396    00000002     --HOLE-- [fill = 0]
                  00008398    00000014     driverlib.lib : sysctl.obj (.text:SysCtlPWMClockSet)
                  000083ac    00000014                   : sysctl.obj (.text:SysCtlResetCauseClear)
                  000083c0    00000014                   : systick.obj (.text:SysTickEnable)
                  000083d4    00000014                   : systick.obj (.text:SysTickIntEnable)
                  000083e8    00000014     rtsv7M4_T_le_v4SPD16_eabi.lib : strlen.c.obj (.text:strlen)
                  000083fc    00000012     driverlib.lib : pwm.obj (.text:PWMGenPeriodGet)
                  0000840e    00000012                   : pwm.obj (.text:PWMOutputState)
                  00008420    00000012                   : timer.obj (.text:TimerLoadSet)
                  00008432    00000012                   : timer.obj (.text:TimerMatchSet)
                  00008444    00000012     rtsv7M4_T_le_v4SPD16_eabi.lib : wcslen.c.obj (.text:wcslen)
                  00008456    00000010     driverlib.lib : pwm.obj (.text:PWMGenPeriodSet)
                  00008466    00000002     --HOLE-- [fill = 0]
                  00008468    00000010     sysclk.obj (.text:SysClk_Init)
                  00008478    00000010     driverlib.lib : systick.obj (.text:SysTickPeriodSet)
                  00008488    0000000e                   : timer.obj (.text:TimerEnable)
                  00008496    0000000e     rtsv7M4_T_le_v4SPD16_eabi.lib : copy_decompress_none.c.obj (.text:decompress:none:__TI_decompress_none)
                  000084a4    0000000c     BMP388.obj (.text:BMP388_user_delay_ms)
                  000084b0    0000000c     driverlib.lib : gpio.obj (.text:GPIOIntEnable)
                  000084bc    0000000c                   : pwm.obj (.text:PWMGenEnable)
                  000084c8    0000000c                   : sysctl.obj (.text:SysCtlResetCauseGet)
                  000084d4    0000000c     SysFlag.obj (.text:SysFlag_Init)
                  000084e0    0000000c     rtsv7M4_T_le_v4SPD16_eabi.lib : copy_zero_init.c.obj (.text:decompress:ZI:__TI_zero_init)
                  000084ec    0000000a     driverlib.lib : i2c.obj (.text:I2CMasterEnable)
                  000084f6    0000000a     SysTick.obj (.text:SysTick_IntHandler)
                  00008500    0000000a     driverlib.lib : timer.obj (.text:TimerValueGet)
                  0000850a    0000000a                   : uart.obj (.text:UARTIntStatus)
                  00008514    0000000a     rtsv7M4_T_le_v4SPD16_eabi.lib : sprintf.c.obj (.text:_outc)
                  0000851e    00000008     driverlib.lib : i2c.obj (.text:I2CMasterBusy)
                  00008526    00000008                   : i2c.obj (.text:I2CMasterSlaveAddrSet)
                  0000852e    00000008                   : timer.obj (.text:TimerIntEnable)
                  00008536    00000008                   : uart.obj (.text:UARTIntEnable)
                  0000853e    00000002     --HOLE-- [fill = 0]
                  00008540    00000008     rtsv7M4_T_le_v4SPD16_eabi.lib : errno.c.obj (.text:__aeabi_errno_addr)
                  00008548    00000008                                   : memory.c.obj (.text:malloc)
                  00008550    00000006     driverlib.lib : gpio.obj (.text:GPIOPinRead)
                  00008556    00000006                   : gpio.obj (.text:GPIOPinWrite)
                  0000855c    00000006     startup_ccs.obj (.text:ResetISR)
                  00008562    00000006     driverlib.lib : sysctl.obj (.text:SysCtlDelay)
                  00008568    00000006                   : uart.obj (.text:UARTClockSourceSet)
                  0000856e    00000004                   : i2c.obj (.text:I2CMasterControl)
                  00008572    00000004                   : i2c.obj (.text:I2CMasterDataGet)
                  00008576    00000004                   : i2c.obj (.text:I2CMasterDataPut)
                  0000857a    00000004                   : timer.obj (.text:TimerIntClear)
                  0000857e    00000004     rtsv7M4_T_le_v4SPD16_eabi.lib : pre_init.c.obj (.text:_system_pre_init)
                  00008582    00000004                                   : exit.c.obj (.text:abort:abort)

.const     0    00008588    00000540     
                  00008588    00000101     rtsv7M4_T_le_v4SPD16_eabi.lib : ctype.c.obj (.const:.string:_ctypes_)
                  00008689    00000003     --HOLE-- [fill = 0]
                  0000868c    000000d8     driverlib.lib : gpio.obj (.const:g_ppui32GPIOIntMapSnowflake)
                  00008764    000000c0                   : gpio.obj (.const:g_ppui32GPIOIntMapBlizzard)
                  00008824    00000090                   : gpio.obj (.const:g_pui32GPIOBaseAddrs)
                  000088b4    0000006c                   : sysctl.obj (.const:g_pui32Xtals)
                  00008920    00000060                   : timer.obj (.const:g_ppui32TimerIntMap)
                  00008980    00000040                   : timer.obj (.const:g_ppui32TimerIntMapSnowflake)
                  000089c0    00000040                   : uart.obj (.const:g_ppui32UARTIntMap)
                  00008a00    00000040                   : uart.obj (.const:g_ppui32UARTIntMapSnowflake)
                  00008a40    00000030     rtsv7M4_T_le_v4SPD16_eabi.lib : e_pow.c.obj (.const:$O1$$)
                  00008a70    00000014     driverlib.lib : interrupt.obj (.const:g_pui32EnRegs)
                  00008a84    00000012     main.obj (.const:.string)
                  00008a96    00000002     --HOLE-- [fill = 0]
                  00008a98    0000000c     main.obj (.const:g_ui32UARTBase)
                  00008aa4    0000000c     main.obj (.const:g_ui32UARTInt)
                  00008ab0    0000000c     main.obj (.const:g_ui32UARTPeriph)
                  00008abc    00000008     BMP388.obj (.const:$P$T0$2)
                  00008ac4    00000004     main.obj (.const)

.cinit     0    00008ac8    00000070     
                  00008ac8    00000037     (.cinit..data.load) [load image, compression = lzss]
                  00008aff    00000001     --HOLE-- [fill = 0]
                  00008b00    0000000c     (__TI_handler_table)
                  00008b0c    00000004     --HOLE-- [fill = 0]
                  00008b10    00000008     (.cinit..bss.load) [load image, compression = zero_init]
                  00008b18    00000008     (.cinit..vtable.load) [load image, compression = zero_init]
                  00008b20    00000018     (__TI_cinit_table)

.init_array 
*          0    00000000    00000000     UNINITIALIZED

.vtable    0    20000000    0000026c     UNINITIALIZED
                  20000000    0000026c     driverlib.lib : interrupt.obj (.vtable)

.stack     0    20000270    00001000     UNINITIALIZED
                  20000270    00000004     rtsv7M4_T_le_v4SPD16_eabi.lib : boot_cortex_m.c.obj (.stack)
                  20000274    00000ffc     --HOLE--

.sysmem    0    20001270    00001000     UNINITIALIZED
                  20001270    00000010     rtsv7M4_T_le_v4SPD16_eabi.lib : memory.c.obj (.sysmem)
                  20001280    00000ff0     --HOLE--

.bss       0    20002270    00000883     UNINITIALIZED
                  20002270    00000400     main.obj (.bss:g_pcUARTTxBuffer)
                  20002670    00000190     (.common:rx_data)
                  20002800    00000120     (.common:mixer)
                  20002920    000000d0     (.common:dev)
                  200029f0    00000080     main.obj (.bss:g_pcUARTRxBuffer)
                  20002a70    00000038     (.common:rx_text)
                  20002aa8    00000020     (.common:dutyOf)
                  20002ac8    00000008     main.obj (.bss)
                  20002ad0    00000004     buzzer.obj (.bss)
                  20002ad4    00000004     (.common:Oaccel)
                  20002ad8    00000004     (.common:Obmx160)
                  20002adc    00000004     (.common:Ogyro)
                  20002ae0    00000004     (.common:Omagn)
                  20002ae4    00000004     (.common:g_uiSysFlags)
                  20002ae8    00000004     (.common:resetCause)
                  20002aec    00000002     (.common:buzDuration)
                  20002aee    00000002     (.common:count)
                  20002af0    00000002     (.common:pauseTime)
                  20002af2    00000001     (.common:BMP388_addr)

.data      0    20002af4    0000006a     UNINITIALIZED
                  20002af4    0000002e     main.obj (.data)
                  20002b22    00000002     OrangeRX.obj (.data)
                  20002b24    00000010     PWM.obj (.data:Channel_Tune_Variable)
                  20002b34    00000008     rtsv7M4_T_le_v4SPD16_eabi.lib : _lock.c.obj (.data:$O1$$)
                  20002b3c    00000008                                   : memory.c.obj (.data:$O1$$)
                  20002b44    00000008     BMP388.obj (.data)
                  20002b4c    00000008     BMX160.obj (.data)
                  20002b54    00000004     rtsv7M4_T_le_v4SPD16_eabi.lib : errno.c.obj (.data)
                  20002b58    00000003     buzzer.obj (.data)
                  20002b5b    00000001     PWM.obj (.data)
                  20002b5c    00000002     PID.obj (.data)

__llvm_prf_cnts 
*          0    20000000    00000000     UNINITIALIZED

.binit     0    00000000    00000000     

MODULE SUMMARY

       Module                       code    ro data   rw data
       ------                       ----    -------   -------
    .\
       main.obj                     5044    58        1210   
       startup_ccs.obj              12      620       0      
    +--+----------------------------+-------+---------+---------+
       Total:                       5056    678       1210   
                                                             
    .\local_Include\
       i2c.obj                      1191    0         0      
       uart.obj                     184     0         0      
       SysFlag.obj                  172     0         4      
       onBoardSwitch.obj            148     0         0      
       SysTick.obj                  118     0         0      
       led.obj                      52      0         0      
       sysclk.obj                   16      0         0      
    +--+----------------------------+-------+---------+---------+
       Total:                       1881    0         4      
                                                             
    .\local_Include\BMP388\
       BMP388.obj                   6138    8         217    
    +--+----------------------------+-------+---------+---------+
       Total:                       6138    8         217    
                                                             
    .\local_Include\BMX160\
       BMX160.obj                   2231    0         24     
    +--+----------------------------+-------+---------+---------+
       Total:                       2231    0         24     
                                                             
    .\local_Include\BUZZER\
       buzzer.obj                   396     0         13     
    +--+----------------------------+-------+---------+---------+
       Total:                       396     0         13     
                                                             
    .\local_Include\OrangeRX\
       OrangeRX.obj                 1832    0         458    
    +--+----------------------------+-------+---------+---------+
       Total:                       1832    0         458    
                                                             
    .\local_Include\PID\
       PID.obj                      440     0         2      
    +--+----------------------------+-------+---------+---------+
       Total:                       440     0         2      
                                                             
    .\local_Include\PWM\
       PWM.obj                      1012    0         337    
    +--+----------------------------+-------+---------+---------+
       Total:                       1012    0         337    
                                                             
    .\local_Include\SONAR\
       SONAR.obj                    96      0         0      
    +--+----------------------------+-------+---------+---------+
       Total:                       96      0         0      
                                                             
    C:/ti/TivaWare_C_Series-2.2.0.295/driverlib/ccs/Debug/driverlib.lib
       gpio.obj                     846     552       0      
       sysctl.obj                   714     108       0      
       interrupt.obj                156     20        620    
       timer.obj                    290     160       0      
       uart.obj                     112     128       0      
       i2c.obj                      204     0         0      
       pwm.obj                      158     0         0      
       systick.obj                  84      0         0      
    +--+----------------------------+-------+---------+---------+
       Total:                       2564    968       620    
                                                             
    C:\ti\ccs1040\ccs\tools\compiler\ti-cgt-arm_20.2.5.LTS\lib\rtsv7M4_T_le_v4SPD16_eabi.lib
       _printfi.c.obj               4851    0         0      
       e_pow.c.obj                  2512    48        0      
       memory.c.obj                 444     0         8      
       fd_add_t2.asm.obj            438     0         0      
       e_sqrt.c.obj                 344     0         0      
       fd_div_t2.asm.obj            310     0         0      
       s_scalbn.c.obj               272     0         0      
       fd_cmp_t2.asm.obj            268     0         0      
       ctype.c.obj                  0       257       0      
       fd_mul_t2.asm.obj            252     0         0      
       s_floor.c.obj                248     0         0      
       s_round.c.obj                196     0         0      
       s_trunc.c.obj                188     0         0      
       memcpy_t2.asm.obj            156     0         0      
       ull_div_t2.asm.obj           150     0         0      
       memset_t2.asm.obj            122     0         0      
       fd_tos_t2.asm.obj            110     0         0      
       copy_decompress_lzss.c.obj   104     0         0      
       s_frexp.c.obj                100     0         0      
       sprintf.c.obj                98      0         0      
       _ltoa.c.obj                  84      0         0      
       atoi.c.obj                   76      0         0      
       fd_toi_t2.asm.obj            72      0         0      
       autoinit.c.obj               68      0         0      
       u_divt2.asm.obj              64      0         0      
       fs_tod_t2.asm.obj            56      0         0      
       boot_cortex_m.c.obj          52      0         0      
       i_tofd_t2.asm.obj            46      0         0      
       u_tofd_t2.asm.obj            32      0         0      
       memccpy.c.obj                28      0         0      
       s_copysign.c.obj             26      0         0      
       strchr.c.obj                 22      0         0      
       strlen.c.obj                 20      0         0      
       wcslen.c.obj                 18      0         0      
       copy_decompress_none.c.obj   14      0         0      
       copy_zero_init.c.obj         12      0         0      
       errno.c.obj                  8       0         4      
       _lock.c.obj                  2       0         8      
       exit.c.obj                   4       0         0      
       pre_init.c.obj               4       0         0      
       div0.asm.obj                 2       0         0      
    +--+----------------------------+-------+---------+---------+
       Total:                       11873   305       20     
                                                             
       Heap:                        0       0         4096   
       Stack:                       0       0         4096   
       Linker Generated:            0       107       0      
    +--+----------------------------+-------+---------+---------+
       Grand Total:                 33519   2066      11097  


LINKER GENERATED COPY TABLES

__TI_cinit_table @ 00008b20 records: 3, size/record: 8, table size: 24
	.data: load addr=00008ac8, load size=00000037 bytes, run addr=20002af4, run size=0000006a bytes, compression=lzss
	.bss: load addr=00008b10, load size=00000008 bytes, run addr=20002270, run size=00000883 bytes, compression=zero_init
	.vtable: load addr=00008b18, load size=00000008 bytes, run addr=20000000, run size=0000026c bytes, compression=zero_init


LINKER GENERATED HANDLER TABLE

__TI_handler_table @ 00008b00 records: 3, size/record: 4, table size: 12
	index: 0, handler: __TI_zero_init
	index: 1, handler: __TI_decompress_lzss
	index: 2, handler: __TI_decompress_none


GLOBAL SYMBOLS: SORTED ALPHABETICALLY BY Name 

address   name                               
-------   ----                               
000050d1  BMP388_Init                        
00007c4d  BMP388_Int_Configure               
00007191  BMP388_Int_Handler                 
20002af2  BMP388_addr                        
00002c19  BMP388_begin                       
00006535  BMP388_compensate_data             
0000297d  BMP388_compensate_pressure         
00006e9d  BMP388_compensate_temperature      
000065e5  BMP388_get_calib_data              
00006a1d  BMP388_get_regs                    
000058a5  BMP388_get_sensor_data             
000023b9  BMP388_parse_calib_data            
00006fe7  BMP388_parse_sensor_data           
00006d35  BMP388_readAltitude                
00007259  BMP388_readPressure                
00007c11  BMP388_read_all_regs               
000045f5  BMP388_reset                       
0000353d  BMP388_set_config                  
00008241  BMP388_set_i2c_addr                
00006691  BMP388_set_regs                    
000040bd  BMP388_showData                    
000084a5  BMP388_user_delay_ms               
00003d11  BMP388_user_i2c_read               
00005451  BMP388_user_i2c_write              
00005bb1  BMX160_Init                        
00006305  BMX160_begin                       
00006991  BMX160_defaultParamSettg           
000030f9  BMX160_getAllData                  
00008045  BMX160_readReg                     
000080d9  BMX160_scan                        
00006169  BMX160_setMagnConf                 
00003741  BMX160_showData                    
00006869  BMX160_softReset                   
00007d65  BMX160_softResetWorker             
000072bd  BMX160_writeBmxReg                 
00007f6d  BUZZ_BUZZ                          
00007b5d  BUZZ_BUZZER                        
00005f95  BUZZ_SM                            
00008583  C$$EXIT                            
20002b24  Channel_Tune_Variable              
00007f99  GPIODirModeSet                     
000084b1  GPIOIntEnable                      
00008259  GPIOIntRegister                    
00007501  GPIOIntTypeSet                     
0000491d  GPIOPadConfigSet                   
000076ad  GPIOPinConfigure                   
00008551  GPIOPinRead                        
000082d1  GPIOPinTypeGPIOInput               
0000820d  GPIOPinTypeGPIOOutput              
000082e7  GPIOPinTypeI2C                     
000082fd  GPIOPinTypeI2CSCL                  
00008313  GPIOPinTypePWM                     
00008329  GPIOPinTypeTimer                   
0000833f  GPIOPinTypeUART                    
00008557  GPIOPinWrite                       
00006c35  I2C0_Init                          
0000851f  I2CMasterBusy                      
0000856f  I2CMasterControl                   
00008573  I2CMasterDataGet                   
00008577  I2CMasterDataPut                   
000084ed  I2CMasterEnable                    
00008355  I2CMasterErr                       
00007955  I2CMasterGlitchFilterConfigSet     
000076f9  I2CMasterInitExpClk                
00008527  I2CMasterSlaveAddrSet              
00004be1  I2C_AddressBruteForcer             
00007055  I2C_ReadByte                       
00007559  I2C_readReg                        
000059b1  I2C_writeSingleReg                 
000070c1  IntEnable                          
00007d9d  IntRegister                        
00007dd1  LED_LEDInit                        
00003329  Motor_setDuty                      
20002ad4  Oaccel                             
20002ad8  Obmx160                            
20002adc  Ogyro                              
20002ae0  Omagn                              
000026d5  OrangeRX_Init                      
0000811d  OrangeRX_IntHandler                
00003939  OrangeRX_extractData               
000074a5  OrangeRX_isConnected               
00006085  OrangeRX_receivedChannelReorganizer
00005205  OrangeRX_showActData               
00007ae1  PCF8574A_Init                      
00006bb1  PCF8574A_Read                      
00007385  PCF8574A_Write                     
00004285  PID_altitude_adjust                
000080fb  PWMGenConfigure                    
000084bd  PWMGenEnable                       
000083fd  PWMGenPeriodGet                    
00008457  PWMGenPeriodSet                    
0000840f  PWMOutputState                     
0000817d  PWMPulseWidthGet                   
0000819b  PWMPulseWidthSet                   
00003b31  PWM_Init                           
0000855d  ResetISR                           
000073e5  SONAR_Trigger                      
00007745  SWITCH_Init                        
0000806d  SWITCH_SW1_Pressed                 
00008091  SWITCH_SW2_Pressed                 
00007791  SYSTICK_Delay                      
00008469  SysClk_Init                        
00005569  SysCtlClockGet                     
00005ea1  SysCtlClockSet                     
00008563  SysCtlDelay                        
00008271  SysCtlPWMClockGet                  
00008399  SysCtlPWMClockSet                  
00007e05  SysCtlPeripheralEnable             
00007c85  SysCtlPeripheralReady              
000083ad  SysCtlResetCauseClear              
000084c9  SysCtlResetCauseGet                
00007cbd  SysFlag_Check                      
00007e39  SysFlag_Clear                      
000084d5  SysFlag_Init                       
00007e6d  SysFlag_Set                        
000083c1  SysTickEnable                      
000083d5  SysTickIntEnable                   
000081b9  SysTickIntRegister                 
00008479  SysTickPeriodSet                   
0000813d  SysTick_Init                       
000084f7  SysTick_IntHandler                 
000077dd  SystemInitialize                   
00007445  TimerConfigure                     
0000836b  TimerControlEvent                  
00008489  TimerEnable                        
0000857b  TimerIntClear                      
0000852f  TimerIntEnable                     
00008289  TimerIntRegister                   
00008421  TimerLoadSet                       
00008433  TimerMatchSet                      
00008501  TimerValueGet                      
00006cb5  UART0_STDIO_Init                   
00007cf5  UART0_STDIO_IntHandler             
00008569  UARTClockSourceSet                 
00007ff1  UARTEchoSet                        
00007ea1  UARTFlushRx                        
00007829  UARTFlushTx                        
00008537  UARTIntEnable                      
000082a1  UARTIntRegister                    
0000850b  UARTIntStatus                      
00004e61  UARTStdioConfig                    
00004795  UARTStdioIntHandler                
00007bd5  UARTgetc                           
000080b5  UARTprintf                         
00002065  UARTvprintf                        
00005681  UARTwrite                          
20001270  __STACK_END                        
00001000  __STACK_SIZE                       
20000470  __STACK_TOP                        
00001000  __SYSMEM_SIZE                      
00008b20  __TI_CINIT_Base                    
00008b38  __TI_CINIT_Limit                   
00008b00  __TI_Handler_Table_Base            
00008b0c  __TI_Handler_Table_Limit           
000079dd  __TI_auto_init_nobinit_nopinit     
00007129  __TI_decompress_lzss               
00008497  __TI_decompress_none               
00007605  __TI_ltoa                          
ffffffff  __TI_pprof_out_hndl                
0000026d  __TI_printfi                       
ffffffff  __TI_prof_data_size                
ffffffff  __TI_prof_data_start               
00000000  __TI_static_base__                 
000084e1  __TI_zero_init                     
00006aa5  __aeabi_cdcmpeq                    
00006aa5  __aeabi_cdcmple                    
00006b2b  __aeabi_cdrcmple                   
00006f79  __aeabi_d2f                        
0000790d  __aeabi_d2iz                       
00004447  __aeabi_dadd                       
00004f99  __aeabi_ddiv                       
00005cad  __aeabi_dmul                       
0000443d  __aeabi_dsub                       
00008541  __aeabi_errno_addr                 
00007d2d  __aeabi_f2d                        
00007f3d  __aeabi_i2d                        
000050cf  __aeabi_idiv0                      
000050cf  __aeabi_ldiv0                      
00006db1  __aeabi_memclr                     
00006db1  __aeabi_memclr4                    
00006db1  __aeabi_memclr8                    
00006735  __aeabi_memcpy                     
00006735  __aeabi_memcpy4                    
00006735  __aeabi_memcpy8                    
00006db3  __aeabi_memset                     
00006db3  __aeabi_memset4                    
00006db3  __aeabi_memset8                    
0000815d  __aeabi_ui2d                       
00007a61  __aeabi_uidiv                      
00007a61  __aeabi_uidivmod                   
000067d1  __aeabi_uldivmod                   
ffffffff  __binit__                          
ffffffff  __c_args__                         
00007321  __error__                          
UNDEFED   __mpu_init                         
20000270  __stack                            
20000000  __start___llvm_prf_cnts            
20000000  __stop___llvm_prf_cnts             
00007ed5  _c_int00_noargs                    
00008588  _ctypes_                           
20002b34  _lock                              
000045f3  _nop                               
20001270  _sys_memory                        
UNDEFED   _system_post_cinit                 
0000857f  _system_pre_init                   
20002b38  _unlock                            
00008583  abort                              
20002b4c  accelRange                         
00005ab1  aligned_alloc                      
000078c1  atoi                               
20002b44  base_altitude                      
ffffffff  binit                              
20002aec  buzDuration                        
00008227  copysign                           
00008227  copysignl                          
20002aee  count                              
20002920  dev                                
20002aa8  dutyOf                             
20002b54  errno                              
00005da9  floor                              
00005da9  floorl                             
20002b22  frameGapChNo                       
000071f5  frexp                              
000071f5  frexpl                             
20000000  g_pfnRAMVectors                    
00000000  g_pfnVectors                       
20002ae4  g_uiSysFlags                       
20002b50  gyroRange                          
00007f09  init_Buzzer                        
00005795  ldexp                              
00005795  ldexpl                             
00000cbd  main                               
00008549  malloc                             
00005ab1  memalign                           
000081f1  memccpy                            
00006735  memcpy                             
00006db9  memset                             
20002800  mixer                              
20002b5b  motorSelect                        
20002af0  pauseTime                          
00001695  pow                                
00001695  powl                               
20002b5c  pv_height                          
20002ae8  resetCause                         
00006241  round                              
00006241  roundl                             
20002b23  rx_connection_status               
20002670  rx_data                            
20002a70  rx_text                            
00005795  scalbn                             
00005795  scalbnl                            
00007aa1  sprintf                            
00004a89  sqrt                               
00004a89  sqrtl                              
00008381  strchr                             
000083e9  strlen                             
000063c5  trunc                              
000063c5  truncl                             
00008445  wcslen                             


GLOBAL SYMBOLS: SORTED BY Symbol Address 

address   name                               
-------   ----                               
00000000  __TI_static_base__                 
00000000  g_pfnVectors                       
0000026d  __TI_printfi                       
00000cbd  main                               
00001000  __STACK_SIZE                       
00001000  __SYSMEM_SIZE                      
00001695  pow                                
00001695  powl                               
00002065  UARTvprintf                        
000023b9  BMP388_parse_calib_data            
000026d5  OrangeRX_Init                      
0000297d  BMP388_compensate_pressure         
00002c19  BMP388_begin                       
000030f9  BMX160_getAllData                  
00003329  Motor_setDuty                      
0000353d  BMP388_set_config                  
00003741  BMX160_showData                    
00003939  OrangeRX_extractData               
00003b31  PWM_Init                           
00003d11  BMP388_user_i2c_read               
000040bd  BMP388_showData                    
00004285  PID_altitude_adjust                
0000443d  __aeabi_dsub                       
00004447  __aeabi_dadd                       
000045f3  _nop                               
000045f5  BMP388_reset                       
00004795  UARTStdioIntHandler                
0000491d  GPIOPadConfigSet                   
00004a89  sqrt                               
00004a89  sqrtl                              
00004be1  I2C_AddressBruteForcer             
00004e61  UARTStdioConfig                    
00004f99  __aeabi_ddiv                       
000050cf  __aeabi_idiv0                      
000050cf  __aeabi_ldiv0                      
000050d1  BMP388_Init                        
00005205  OrangeRX_showActData               
00005451  BMP388_user_i2c_write              
00005569  SysCtlClockGet                     
00005681  UARTwrite                          
00005795  ldexp                              
00005795  ldexpl                             
00005795  scalbn                             
00005795  scalbnl                            
000058a5  BMP388_get_sensor_data             
000059b1  I2C_writeSingleReg                 
00005ab1  aligned_alloc                      
00005ab1  memalign                           
00005bb1  BMX160_Init                        
00005cad  __aeabi_dmul                       
00005da9  floor                              
00005da9  floorl                             
00005ea1  SysCtlClockSet                     
00005f95  BUZZ_SM                            
00006085  OrangeRX_receivedChannelReorganizer
00006169  BMX160_setMagnConf                 
00006241  round                              
00006241  roundl                             
00006305  BMX160_begin                       
000063c5  trunc                              
000063c5  truncl                             
00006535  BMP388_compensate_data             
000065e5  BMP388_get_calib_data              
00006691  BMP388_set_regs                    
00006735  __aeabi_memcpy                     
00006735  __aeabi_memcpy4                    
00006735  __aeabi_memcpy8                    
00006735  memcpy                             
000067d1  __aeabi_uldivmod                   
00006869  BMX160_softReset                   
00006991  BMX160_defaultParamSettg           
00006a1d  BMP388_get_regs                    
00006aa5  __aeabi_cdcmpeq                    
00006aa5  __aeabi_cdcmple                    
00006b2b  __aeabi_cdrcmple                   
00006bb1  PCF8574A_Read                      
00006c35  I2C0_Init                          
00006cb5  UART0_STDIO_Init                   
00006d35  BMP388_readAltitude                
00006db1  __aeabi_memclr                     
00006db1  __aeabi_memclr4                    
00006db1  __aeabi_memclr8                    
00006db3  __aeabi_memset                     
00006db3  __aeabi_memset4                    
00006db3  __aeabi_memset8                    
00006db9  memset                             
00006e9d  BMP388_compensate_temperature      
00006f79  __aeabi_d2f                        
00006fe7  BMP388_parse_sensor_data           
00007055  I2C_ReadByte                       
000070c1  IntEnable                          
00007129  __TI_decompress_lzss               
00007191  BMP388_Int_Handler                 
000071f5  frexp                              
000071f5  frexpl                             
00007259  BMP388_readPressure                
000072bd  BMX160_writeBmxReg                 
00007321  __error__                          
00007385  PCF8574A_Write                     
000073e5  SONAR_Trigger                      
00007445  TimerConfigure                     
000074a5  OrangeRX_isConnected               
00007501  GPIOIntTypeSet                     
00007559  I2C_readReg                        
00007605  __TI_ltoa                          
000076ad  GPIOPinConfigure                   
000076f9  I2CMasterInitExpClk                
00007745  SWITCH_Init                        
00007791  SYSTICK_Delay                      
000077dd  SystemInitialize                   
00007829  UARTFlushTx                        
000078c1  atoi                               
0000790d  __aeabi_d2iz                       
00007955  I2CMasterGlitchFilterConfigSet     
000079dd  __TI_auto_init_nobinit_nopinit     
00007a61  __aeabi_uidiv                      
00007a61  __aeabi_uidivmod                   
00007aa1  sprintf                            
00007ae1  PCF8574A_Init                      
00007b5d  BUZZ_BUZZER                        
00007bd5  UARTgetc                           
00007c11  BMP388_read_all_regs               
00007c4d  BMP388_Int_Configure               
00007c85  SysCtlPeripheralReady              
00007cbd  SysFlag_Check                      
00007cf5  UART0_STDIO_IntHandler             
00007d2d  __aeabi_f2d                        
00007d65  BMX160_softResetWorker             
00007d9d  IntRegister                        
00007dd1  LED_LEDInit                        
00007e05  SysCtlPeripheralEnable             
00007e39  SysFlag_Clear                      
00007e6d  SysFlag_Set                        
00007ea1  UARTFlushRx                        
00007ed5  _c_int00_noargs                    
00007f09  init_Buzzer                        
00007f3d  __aeabi_i2d                        
00007f6d  BUZZ_BUZZ                          
00007f99  GPIODirModeSet                     
00007ff1  UARTEchoSet                        
00008045  BMX160_readReg                     
0000806d  SWITCH_SW1_Pressed                 
00008091  SWITCH_SW2_Pressed                 
000080b5  UARTprintf                         
000080d9  BMX160_scan                        
000080fb  PWMGenConfigure                    
0000811d  OrangeRX_IntHandler                
0000813d  SysTick_Init                       
0000815d  __aeabi_ui2d                       
0000817d  PWMPulseWidthGet                   
0000819b  PWMPulseWidthSet                   
000081b9  SysTickIntRegister                 
000081f1  memccpy                            
0000820d  GPIOPinTypeGPIOOutput              
00008227  copysign                           
00008227  copysignl                          
00008241  BMP388_set_i2c_addr                
00008259  GPIOIntRegister                    
00008271  SysCtlPWMClockGet                  
00008289  TimerIntRegister                   
000082a1  UARTIntRegister                    
000082d1  GPIOPinTypeGPIOInput               
000082e7  GPIOPinTypeI2C                     
000082fd  GPIOPinTypeI2CSCL                  
00008313  GPIOPinTypePWM                     
00008329  GPIOPinTypeTimer                   
0000833f  GPIOPinTypeUART                    
00008355  I2CMasterErr                       
0000836b  TimerControlEvent                  
00008381  strchr                             
00008399  SysCtlPWMClockSet                  
000083ad  SysCtlResetCauseClear              
000083c1  SysTickEnable                      
000083d5  SysTickIntEnable                   
000083e9  strlen                             
000083fd  PWMGenPeriodGet                    
0000840f  PWMOutputState                     
00008421  TimerLoadSet                       
00008433  TimerMatchSet                      
00008445  wcslen                             
00008457  PWMGenPeriodSet                    
00008469  SysClk_Init                        
00008479  SysTickPeriodSet                   
00008489  TimerEnable                        
00008497  __TI_decompress_none               
000084a5  BMP388_user_delay_ms               
000084b1  GPIOIntEnable                      
000084bd  PWMGenEnable                       
000084c9  SysCtlResetCauseGet                
000084d5  SysFlag_Init                       
000084e1  __TI_zero_init                     
000084ed  I2CMasterEnable                    
000084f7  SysTick_IntHandler                 
00008501  TimerValueGet                      
0000850b  UARTIntStatus                      
0000851f  I2CMasterBusy                      
00008527  I2CMasterSlaveAddrSet              
0000852f  TimerIntEnable                     
00008537  UARTIntEnable                      
00008541  __aeabi_errno_addr                 
00008549  malloc                             
00008551  GPIOPinRead                        
00008557  GPIOPinWrite                       
0000855d  ResetISR                           
00008563  SysCtlDelay                        
00008569  UARTClockSourceSet                 
0000856f  I2CMasterControl                   
00008573  I2CMasterDataGet                   
00008577  I2CMasterDataPut                   
0000857b  TimerIntClear                      
0000857f  _system_pre_init                   
00008583  C$$EXIT                            
00008583  abort                              
00008588  _ctypes_                           
00008b00  __TI_Handler_Table_Base            
00008b0c  __TI_Handler_Table_Limit           
00008b20  __TI_CINIT_Base                    
00008b38  __TI_CINIT_Limit                   
20000000  __start___llvm_prf_cnts            
20000000  __stop___llvm_prf_cnts             
20000000  g_pfnRAMVectors                    
20000270  __stack                            
20000470  __STACK_TOP                        
20001270  __STACK_END                        
20001270  _sys_memory                        
20002670  rx_data                            
20002800  mixer                              
20002920  dev                                
20002a70  rx_text                            
20002aa8  dutyOf                             
20002ad4  Oaccel                             
20002ad8  Obmx160                            
20002adc  Ogyro                              
20002ae0  Omagn                              
20002ae4  g_uiSysFlags                       
20002ae8  resetCause                         
20002aec  buzDuration                        
20002aee  count                              
20002af0  pauseTime                          
20002af2  BMP388_addr                        
20002b22  frameGapChNo                       
20002b23  rx_connection_status               
20002b24  Channel_Tune_Variable              
20002b34  _lock                              
20002b38  _unlock                            
20002b44  base_altitude                      
20002b4c  accelRange                         
20002b50  gyroRange                          
20002b54  errno                              
20002b5b  motorSelect                        
20002b5c  pv_height                          
ffffffff  __TI_pprof_out_hndl                
ffffffff  __TI_prof_data_size                
ffffffff  __TI_prof_data_start               
ffffffff  __binit__                          
ffffffff  __c_args__                         
ffffffff  binit                              
UNDEFED   __mpu_init                         
UNDEFED   _system_post_cinit                 

[259 symbols]
