******************************************************************************
                  TI ARM Linker PC v20.2.5                     
******************************************************************************
>> Linked Thu Apr 21 11:22:57 2022

OUTPUT FILE NAME:   <DroneProject.out>
ENTRY POINT SYMBOL: "_c_int00_noargs"  address: 0000bfc1


MEMORY CONFIGURATION

         name            origin    length      used     unused   attr    fill
----------------------  --------  ---------  --------  --------  ----  --------
  FLASH                 00000000   00040000  0000cbba  00033446  R  X
  SRAM                  20000000   00008000  00002dc7  00005239  RW X


SEGMENT ALLOCATION MAP

run origin  load origin   length   init length attrs members
----------  ----------- ---------- ----------- ----- -------
00000000    00000000    0000cbc0   0000cbc0    r-x
  00000000    00000000    0000026c   0000026c    r-- .intvecs
  0000026c    0000026c    0000c40a   0000c40a    r-x .text
  0000c678    0000c678    000004b4   000004b4    r-- .const
  0000cb30    0000cb30    00000090   00000090    r-- .cinit
20000000    20000000    00002dcc   00000000    rw-
  20000000    20000000    0000026c   00000000    rw- .vtable
  20000270    20000270    00001000   00000000    rw- .stack
  20001270    20001270    00001000   00000000    rw- .sysmem
  20002270    20002270    0000090b   00000000    rw- .bss
  20002b7c    20002b7c    00000250   00000000    rw- .data


SECTION ALLOCATION MAP

 output                                  attributes/
section   page    origin      length       input sections
--------  ----  ----------  ----------   ----------------
.intvecs   0    00000000    0000026c     
                  00000000    0000026c     startup_ccs.obj (.intvecs)

.text      0    0000026c    0000c40a     
                  0000026c    00000f94     BLUETOOTH.obj (.text:BLUETOOTH_IntHandler)
                  00001200    00000b62     main.obj (.text:main)
                  00001d62    00000002     startup_ccs.obj (.text:FaultISR)
                  00001d64    00000a4e     rtsv7M4_T_le_v4SPD16_eabi.lib : _printfi.c.obj (.text:__TI_printfi)
                  000027b2    00000002     startup_ccs.obj (.text:IntDefaultHandler)
                  000027b4    000009d0     rtsv7M4_T_le_v4SPD16_eabi.lib : e_pow.c.obj (.text:pow)
                  00003184    00000978     PWM.obj (.text:Motor_ManMixer)
                  00003afc    000006a0     PID.obj (.text:PID_master_pid)
                  0000419c    00000538     MotorControl.obj (.text:flightControl_SM)
                  000046d4    000004f0     BMX160.obj (.text:BMX160_getAllData)
                  00004bc4    0000041c     rtsv7M4_T_le_v4SPD16_eabi.lib : e_acos.c.obj (.text:acos)
                  00004fe0    000003ac     BMX160.obj (.text:BMX160_updateData)
                  0000538c    00000354     main.obj (.text:UARTvprintf)
                  000056e0    0000032c     PWM.obj (.text:Motor_setDuty)
                  00005a0c    0000031c     BMP388.obj (.text:BMP388_parse_calib_data)
                  00005d28    000002ec     rtsv7M4_T_le_v4SPD16_eabi.lib : s_atan.c.obj (.text:atan)
                  00006014    000002b0     OrangeRX.obj (.text:OrangeRX_Init)
                  000062c4    0000029a     BMP388.obj (.text:BMP388_compensate_pressure)
                  0000655e    00000002     startup_ccs.obj (.text:NmiSR)
                  00006560    00000270     rtsv7M4_T_le_v4SPD16_eabi.lib : _printfi.c.obj (.text:_pconv_a)
                  000067d0    0000026c     BMP388.obj (.text:BMP388_begin)
                  00006a3c    00000201     BMP388.obj (.text:BMP388_set_config)
                  00006c3d    00000001     --HOLE-- [fill = 0]
                  00006c3e    00000002     rtsv7M4_T_le_v4SPD16_eabi.lib : _lock.c.obj (.text:_nop)
                  00006c40    000001f8     OrangeRX.obj (.text:OrangeRX_extractData)
                  00006e38    000001ec     BMP388.obj (.text:BMP388_showData)
                  00007024    000001dc     BMP388.obj (.text:BMP388_user_i2c_read)
                  00007200    000001d0     rtsv7M4_T_le_v4SPD16_eabi.lib : _printfi.c.obj (.text:_pconv_g)
                  000073d0    000001c0     BMP388.obj (.text:BMP388_calibrate_SM)
                  00007590    000001b6     rtsv7M4_T_le_v4SPD16_eabi.lib : fd_add_t2.asm.obj (.text)
                  00007746    00000002                                   : div0.asm.obj (.text)
                  00007748    000001a0     BMP388.obj (.text:BMP388_reset)
                  000078e8    00000188     main.obj (.text:UARTStdioIntHandler)
                  00007a70    00000180     BMP388.obj (.text:BMP388_calibrate)
                  00007bf0    00000170     rtsv7M4_T_le_v4SPD16_eabi.lib : e_asinf.c.obj (.text:asinf)
                  00007d60    0000016c     driverlib.lib : gpio.obj (.text:GPIOPadConfigSet)
                  00007ecc    00000158     rtsv7M4_T_le_v4SPD16_eabi.lib : e_atan2f.c.obj (.text:atan2f)
                  00008024    00000158                                   : e_sqrt.c.obj (.text:sqrt)
                  0000817c    00000150                                   : s_atanf.c.obj (.text:atanf)
                  000082cc    00000143     i2c.obj (.text:I2C_AddressBruteForcer)
                  0000840f    00000001     --HOLE-- [fill = 0]
                  00008410    0000013c     rtsv7M4_T_le_v4SPD16_eabi.lib : _printfi.c.obj (.text:_pconv_e)
                  0000854c    00000138     main.obj (.text:UARTStdioConfig)
                  00008684    00000136     rtsv7M4_T_le_v4SPD16_eabi.lib : fd_div_t2.asm.obj (.text)
                  000087ba    00000002     --HOLE-- [fill = 0]
                  000087bc    00000134     BMP388.obj (.text:BMP388_readAltitude)
                  000088f0    00000128     OrangeRX.obj (.text:OrangeRX_showActData)
                  00008a18    00000124     rtsv7M4_T_le_v4SPD16_eabi.lib : _printfi.c.obj (.text:fcvt)
                  00008b3c    00000118     BMP388.obj (.text:BMP388_user_i2c_write)
                  00008c54    00000118     driverlib.lib : sysctl.obj (.text:SysCtlClockGet)
                  00008d6c    00000114     main.obj (.text:UARTwrite)
                  00008e80    00000110     rtsv7M4_T_le_v4SPD16_eabi.lib : s_scalbn.c.obj (.text:scalbn)
                  00008f90    0000010c     BMP388.obj (.text:BMP388_get_sensor_data)
                  0000909c    00000104     BMX160.obj (.text:BMX160_Init)
                  000091a0    00000100     i2c.obj (.text:I2C_writeSingleReg)
                  000092a0    00000100     rtsv7M4_T_le_v4SPD16_eabi.lib : memory.c.obj (.text:aligned_alloc)
                  000093a0    000000fc                                   : fd_mul_t2.asm.obj (.text)
                  0000949c    000000f8                                   : s_floor.c.obj (.text:floor)
                  00009594    000000f4     driverlib.lib : sysctl.obj (.text:SysCtlClockSet)
                  00009688    000000f0     buzzer.obj (.text:BUZZ_SM)
                  00009778    000000e4     OrangeRX.obj (.text:OrangeRX_receivedChannelReorganizer)
                  0000985c    000000e0     BMP388.obj (.text:BMP388_Init)
                  0000993c    000000d6     BMX160.obj (.text:BMX160_setMagnConf)
                  00009a12    00000002     --HOLE-- [fill = 0]
                  00009a14    000000d0     PWM.obj (.text:PWM_Init)
                  00009ae4    000000c4     rtsv7M4_T_le_v4SPD16_eabi.lib : s_round.c.obj (.text:round)
                  00009ba8    000000be     BMX160.obj (.text:BMX160_begin)
                  00009c66    00000002     --HOLE-- [fill = 0]
                  00009c68    000000bc     rtsv7M4_T_le_v4SPD16_eabi.lib : s_trunc.c.obj (.text:trunc)
                  00009d24    000000b4                                   : s_cosf.c.obj (.text:cosf)
                  00009dd8    000000b1                                   : _printfi.c.obj (.text:_ltostr)
                  00009e89    00000001     --HOLE-- [fill = 0]
                  00009e8a    000000b0     led.obj (.text:LED_Drive)
                  00009f3a    00000002     --HOLE-- [fill = 0]
                  00009f3c    000000b0     PPM.obj (.text:PPM_ESC_Control)
                  00009fec    000000ad     BMP388.obj (.text:BMP388_compensate_data)
                  0000a099    00000003     --HOLE-- [fill = 0]
                  0000a09c    000000ac     rtsv7M4_T_le_v4SPD16_eabi.lib : s_tanf.c.obj (.text:tanf)
                  0000a148    000000ab     BMP388.obj (.text:BMP388_get_calib_data)
                  0000a1f3    00000001     --HOLE-- [fill = 0]
                  0000a1f4    000000a4     BMP388.obj (.text:BMP388_set_regs)
                  0000a298    000000a4     rtsv7M4_T_le_v4SPD16_eabi.lib : s_sinf.c.obj (.text:sinf)
                  0000a33c    000000a0     PID.obj (.text:changeMotorDuty)
                  0000a3dc    0000009c     rtsv7M4_T_le_v4SPD16_eabi.lib : memcpy_t2.asm.obj (.text)
                  0000a478    00000096                                   : ull_div_t2.asm.obj (.text)
                  0000a50e    00000002     --HOLE-- [fill = 0]
                  0000a510    00000094     BMX160.obj (.text:BMX160_softReset)
                  0000a5a4    00000094     main.obj (.text:UARTPrimeTransmit)
                  0000a638    0000008c     i2c.obj (.text:I2C0_Init)
                  0000a6c4    0000008a     BMX160.obj (.text:BMX160_defaultParamSettg)
                  0000a74e    00000002     --HOLE-- [fill = 0]
                  0000a750    00000088     BMP388.obj (.text:BMP388_get_regs)
                  0000a7d8    00000088     PPM.obj (.text:PPM_Init)
                  0000a860    00000086     rtsv7M4_T_le_v4SPD16_eabi.lib : fd_cmp_t2.asm.obj (.text:__aeabi_cdcmple)
                  0000a8e6    00000086                                   : fd_cmp_t2.asm.obj (.text:__aeabi_cdrcmple)
                  0000a96c    00000084     i2c.obj (.text:PCF8574A_Read)
                  0000a9f0    00000080     uart.obj (.text:UART0_STDIO_Init)
                  0000aa70    0000007a     rtsv7M4_T_le_v4SPD16_eabi.lib : memset_t2.asm.obj (.text)
                  0000aaea    00000002     --HOLE-- [fill = 0]
                  0000aaec    00000078     PPM.obj (.text:PPM_IntHandler)
                  0000ab64    00000074     LPF.obj (.text:applyLPF)
                  0000abd8    00000070     rtsv7M4_T_le_v4SPD16_eabi.lib : memory.c.obj (.text:split)
                  0000ac48    0000006e     BMP388.obj (.text:BMP388_compensate_temperature)
                  0000acb6    0000006e     rtsv7M4_T_le_v4SPD16_eabi.lib : _printfi.c.obj (.text:_mcpy)
                  0000ad24    0000006e                                   : fd_tos_t2.asm.obj (.text)
                  0000ad92    00000002     --HOLE-- [fill = 0]
                  0000ad94    0000006c     BLUETOOTH.obj (.text:BLUETOOTH_Init)
                  0000ae00    0000006c     BMP388.obj (.text:BMP388_parse_sensor_data)
                  0000ae6c    0000006c     i2c.obj (.text:I2C_ReadByte)
                  0000aed8    00000068     MotorControl.obj (.text:GetFlightMode)
                  0000af40    00000068     driverlib.lib : interrupt.obj (.text:IntEnable)
                  0000afa8    00000068     rtsv7M4_T_le_v4SPD16_eabi.lib : copy_decompress_lzss.c.obj (.text:decompress:lzss:__TI_decompress_lzss)
                  0000b010    00000066     BMP388.obj (.text:BMP388_readTemperature)
                  0000b076    00000002     --HOLE-- [fill = 0]
                  0000b078    00000064     rtsv7M4_T_le_v4SPD16_eabi.lib : s_frexp.c.obj (.text:frexp)
                  0000b0dc    00000063     BMP388.obj (.text:BMP388_readPressure)
                  0000b13f    00000001     --HOLE-- [fill = 0]
                  0000b140    00000063     BMX160.obj (.text:BMX160_writeBmxReg)
                  0000b1a3    00000001     --HOLE-- [fill = 0]
                  0000b1a4    00000061     main.obj (.text:__error__)
                  0000b205    00000003     --HOLE-- [fill = 0]
                  0000b208    00000060     i2c.obj (.text:PCF8574A_Write)
                  0000b268    00000060     SONAR.obj (.text:SONAR_Trigger)
                  0000b2c8    00000060     driverlib.lib : timer.obj (.text:TimerConfigure)
                  0000b328    0000005c     OrangeRX.obj (.text:OrangeRX_isConnected)
                  0000b384    00000058     OrangeRX.obj (.text:ORANGE_showState)
                  0000b3dc    00000056     i2c.obj (.text:I2C_readReg)
                  0000b432    00000056     rtsv7M4_T_le_v4SPD16_eabi.lib : _printfi.c.obj (.text:_pconv_f)
                  0000b488    00000054     BMP388.obj (.text:BMP388_showState)
                  0000b4dc    00000054     BMX160.obj (.text:BMX160_showState)
                  0000b530    00000054     buzzer.obj (.text:BUZZER_showState)
                  0000b584    00000054     main.obj (.text:SystemInitialize)
                  0000b5d8    00000054     rtsv7M4_T_le_v4SPD16_eabi.lib : _ltoa.c.obj (.text:__TI_ltoa)
                  0000b62c    00000052                                   : _printfi.c.obj (.text:_ecpy)
                  0000b67e    00000002     --HOLE-- [fill = 0]
                  0000b680    00000050     MotorControl.obj (.text:flightSafeLand)
                  0000b6d0    0000004c     driverlib.lib : gpio.obj (.text:GPIOPinConfigure)
                  0000b71c    0000004c                   : i2c.obj (.text:I2CMasterInitExpClk)
                  0000b768    0000004c     i2c.obj (.text:I2C_showState)
                  0000b7b4    0000004c     PWM.obj (.text:PWM_showState)
                  0000b800    0000004c     onBoardSwitch.obj (.text:SWITCH_Init)
                  0000b84c    0000004c     main.obj (.text:UARTFlushTx)
                  0000b898    0000004c     driverlib.lib : timer.obj (.text:_TimerIntNumberGet)
                  0000b8e4    0000004c     rtsv7M4_T_le_v4SPD16_eabi.lib : atoi.c.obj (.text:atoi)
                  0000b930    00000048     BLUETOOTH.obj (.text:BLUETOOTHprintf)
                  0000b978    00000048     rtsv7M4_T_le_v4SPD16_eabi.lib : fd_toi_t2.asm.obj (.text)
                  0000b9c0    00000046     driverlib.lib : uart.obj (.text:UARTConfigSetExpClk)
                  0000ba06    00000002     --HOLE-- [fill = 0]
                  0000ba08    00000044                   : i2c.obj (.text:I2CMasterGlitchFilterConfigSet)
                  0000ba4c    00000044     rtsv7M4_T_le_v4SPD16_eabi.lib : autoinit.c.obj (.text:__TI_auto_init_nobinit_nopinit:__TI_auto_init_nobinit_nopinit)
                  0000ba90    00000040     PPM.obj (.text:PPM_SignalOutPin_Init)
                  0000bad0    00000040     driverlib.lib : uart.obj (.text:_UARTIntNumberGet)
                  0000bb10    00000040     buzzer.obj (.text:init_Buzzer)
                  0000bb50    00000040     rtsv7M4_T_le_v4SPD16_eabi.lib : u_divt2.asm.obj (.text)
                  0000bb90    00000040                                   : sprintf.c.obj (.text:sprintf)
                  0000bbd0    0000003e     i2c.obj (.text:PCF8574A_Init)
                  0000bc0e    0000003e     rtsv7M4_T_le_v4SPD16_eabi.lib : _printfi.c.obj (.text:_fcpy)
                  0000bc4c    0000003c     buzzer.obj (.text:BUZZ_BUZZER)
                  0000bc88    0000003c     main.obj (.text:IsBufferFull)
                  0000bcc4    0000003c     main.obj (.text:UARTgetc)
                  0000bd00    0000003a     BMP388.obj (.text:BMP388_read_all_regs)
                  0000bd3a    00000002     --HOLE-- [fill = 0]
                  0000bd3c    00000038     driverlib.lib : sysctl.obj (.text:SysCtlPeripheralReady)
                  0000bd74    00000038     SysFlag.obj (.text:SysFlag_Check)
                  0000bdac    00000038     uart.obj (.text:UART0_STDIO_IntHandler)
                  0000bde4    00000038     rtsv7M4_T_le_v4SPD16_eabi.lib : fs_tod_t2.asm.obj (.text)
                  0000be1c    00000036     BMX160.obj (.text:BMX160_softResetWorker)
                  0000be52    00000002     --HOLE-- [fill = 0]
                  0000be54    00000034     driverlib.lib : interrupt.obj (.text:IntRegister)
                  0000be88    00000034     led.obj (.text:LED_ALL_FUNCTION)
                  0000bebc    00000034     led.obj (.text:LED_LEDInit)
                  0000bef0    00000034     driverlib.lib : sysctl.obj (.text:SysCtlPeripheralEnable)
                  0000bf24    00000034     SysFlag.obj (.text:SysFlag_Clear)
                  0000bf58    00000034     SysFlag.obj (.text:SysFlag_Set)
                  0000bf8c    00000034     main.obj (.text:UARTFlushRx)
                  0000bfc0    00000034     rtsv7M4_T_le_v4SPD16_eabi.lib : boot_cortex_m.c.obj (.text:_c_int00_noargs:_c_int00_noargs)
                  0000bff4    00000030     MotorControl.obj (.text:GetEStopState)
                  0000c024    0000002e     rtsv7M4_T_le_v4SPD16_eabi.lib : i_tofd_t2.asm.obj (.text)
                  0000c052    00000002     --HOLE-- [fill = 0]
                  0000c054    0000002c     buzzer.obj (.text:BUZZ_BUZZ)
                  0000c080    0000002c     driverlib.lib : gpio.obj (.text:GPIODirModeSet)
                  0000c0ac    0000002c     main.obj (.text:IsBufferEmpty)
                  0000c0d8    0000002c     led.obj (.text:LED_LED1)
                  0000c104    0000002c     led.obj (.text:LED_LED2)
                  0000c130    0000002c     led.obj (.text:LED_LED3)
                  0000c15c    0000002c     PPM.obj (.text:PPM_ESC_HighLevelControl)
                  0000c188    0000002c     main.obj (.text:UARTEchoSet)
                  0000c1b4    00000028     rtsv7M4_T_le_v4SPD16_eabi.lib : memory.c.obj (.text:free_list_insert)
                  0000c1dc    00000026     BMX160.obj (.text:BMX160_readReg)
                  0000c202    00000026     SysTick.obj (.text:SYSTICK_Delay)
                  0000c228    00000024     onBoardSwitch.obj (.text:SWITCH_SW1_Pressed)
                  0000c24c    00000024     onBoardSwitch.obj (.text:SWITCH_SW2_Pressed)
                  0000c270    00000024     main.obj (.text:UARTprintf)
                  0000c294    00000022     BMX160.obj (.text:BMX160_scan)
                  0000c2b6    00000002     --HOLE-- [fill = 0]
                  0000c2b8    00000020     OrangeRX.obj (.text:OrangeRX_IntHandler)
                  0000c2d8    00000020     SysTick.obj (.text:SysTick_Init)
                  0000c2f8    00000020     driverlib.lib : uart.obj (.text:UARTDisable)
                  0000c318    00000020     rtsv7M4_T_le_v4SPD16_eabi.lib : u_tofd_t2.asm.obj (.text)
                  0000c338    0000001c     driverlib.lib : systick.obj (.text:SysTickIntRegister)
                  0000c354    0000001c     rtsv7M4_T_le_v4SPD16_eabi.lib : memory.c.obj (.text:free_list_remove)
                  0000c370    0000001c                                   : memccpy.c.obj (.text:memccpy)
                  0000c38c    0000001a     driverlib.lib : gpio.obj (.text:GPIOPinTypeGPIOOutput)
                  0000c3a6    0000001a     rtsv7M4_T_le_v4SPD16_eabi.lib : s_copysign.c.obj (.text:copysign)
                  0000c3c0    00000018     BMP388.obj (.text:BMP388_set_i2c_addr)
                  0000c3d8    00000018     driverlib.lib : timer.obj (.text:TimerIntRegister)
                  0000c3f0    00000018                   : uart.obj (.text:UARTIntRegister)
                  0000c408    00000018     rtsv7M4_T_le_v4SPD16_eabi.lib : sprintf.c.obj (.text:_outs)
                  0000c420    00000016     driverlib.lib : gpio.obj (.text:GPIOPinTypeI2C)
                  0000c436    00000016                   : gpio.obj (.text:GPIOPinTypeI2CSCL)
                  0000c44c    00000016                   : gpio.obj (.text:GPIOPinTypeTimer)
                  0000c462    00000016                   : gpio.obj (.text:GPIOPinTypeUART)
                  0000c478    00000016                   : i2c.obj (.text:I2CMasterErr)
                  0000c48e    00000016                   : timer.obj (.text:TimerControlEvent)
                  0000c4a4    00000016     rtsv7M4_T_le_v4SPD16_eabi.lib : strchr.c.obj (.text:strchr)
                  0000c4ba    00000002     --HOLE-- [fill = 0]
                  0000c4bc    00000014     driverlib.lib : sysctl.obj (.text:SysCtlResetCauseClear)
                  0000c4d0    00000014                   : systick.obj (.text:SysTickEnable)
                  0000c4e4    00000014                   : systick.obj (.text:SysTickIntEnable)
                  0000c4f8    00000014                   : uart.obj (.text:UARTEnable)
                  0000c50c    00000014     rtsv7M4_T_le_v4SPD16_eabi.lib : strlen.c.obj (.text:strlen)
                  0000c520    00000012     driverlib.lib : timer.obj (.text:TimerLoadSet)
                  0000c532    00000012                   : timer.obj (.text:TimerMatchSet)
                  0000c544    00000012     rtsv7M4_T_le_v4SPD16_eabi.lib : wcslen.c.obj (.text:wcslen)
                  0000c556    00000002     --HOLE-- [fill = 0]
                  0000c558    00000010     sysclk.obj (.text:SysClk_Init)
                  0000c568    00000010     driverlib.lib : systick.obj (.text:SysTickPeriodSet)
                  0000c578    0000000e                   : timer.obj (.text:TimerEnable)
                  0000c586    0000000e     rtsv7M4_T_le_v4SPD16_eabi.lib : copy_decompress_none.c.obj (.text:decompress:none:__TI_decompress_none)
                  0000c594    0000000c     BMP388.obj (.text:BMP388_user_delay_ms)
                  0000c5a0    0000000c     driverlib.lib : sysctl.obj (.text:SysCtlResetCauseGet)
                  0000c5ac    0000000c     SysFlag.obj (.text:SysFlag_Init)
                  0000c5b8    0000000c     rtsv7M4_T_le_v4SPD16_eabi.lib : copy_zero_init.c.obj (.text:decompress:ZI:__TI_zero_init)
                  0000c5c4    0000000a     driverlib.lib : i2c.obj (.text:I2CMasterEnable)
                  0000c5ce    0000000a     SysTick.obj (.text:SysTick_IntHandler)
                  0000c5d8    0000000a     driverlib.lib : timer.obj (.text:TimerValueGet)
                  0000c5e2    0000000a                   : uart.obj (.text:UARTCharGet)
                  0000c5ec    0000000a                   : uart.obj (.text:UARTCharPut)
                  0000c5f6    0000000a                   : uart.obj (.text:UARTIntStatus)
                  0000c600    0000000a     rtsv7M4_T_le_v4SPD16_eabi.lib : sprintf.c.obj (.text:_outc)
                  0000c60a    00000008     driverlib.lib : i2c.obj (.text:I2CMasterBusy)
                  0000c612    00000008                   : i2c.obj (.text:I2CMasterSlaveAddrSet)
                  0000c61a    00000008                   : timer.obj (.text:TimerIntEnable)
                  0000c622    00000008                   : uart.obj (.text:UARTIntEnable)
                  0000c62a    00000002     --HOLE-- [fill = 0]
                  0000c62c    00000008     rtsv7M4_T_le_v4SPD16_eabi.lib : errno.c.obj (.text:__aeabi_errno_addr)
                  0000c634    00000008                                   : memory.c.obj (.text:malloc)
                  0000c63c    00000006     driverlib.lib : gpio.obj (.text:GPIOPinRead)
                  0000c642    00000006                   : gpio.obj (.text:GPIOPinWrite)
                  0000c648    00000006     startup_ccs.obj (.text:ResetISR)
                  0000c64e    00000006     driverlib.lib : sysctl.obj (.text:SysCtlDelay)
                  0000c654    00000006                   : uart.obj (.text:UARTClockSourceSet)
                  0000c65a    00000004                   : i2c.obj (.text:I2CMasterControl)
                  0000c65e    00000004                   : i2c.obj (.text:I2CMasterDataGet)
                  0000c662    00000004                   : i2c.obj (.text:I2CMasterDataPut)
                  0000c666    00000004                   : timer.obj (.text:TimerIntClear)
                  0000c66a    00000004                   : uart.obj (.text:UARTIntClear)
                  0000c66e    00000004     rtsv7M4_T_le_v4SPD16_eabi.lib : pre_init.c.obj (.text:_system_pre_init)
                  0000c672    00000004                                   : exit.c.obj (.text:abort:abort)

.const     0    0000c678    000004b4     
                  0000c678    00000101     rtsv7M4_T_le_v4SPD16_eabi.lib : ctype.c.obj (.const:.string:_ctypes_)
                  0000c779    00000003     --HOLE-- [fill = 0]
                  0000c77c    00000004     main.obj (.const)
                  0000c780    00000098     rtsv7M4_T_le_v4SPD16_eabi.lib : s_atan.c.obj (.const:$O1$$)
                  0000c818    00000090     driverlib.lib : gpio.obj (.const:g_pui32GPIOBaseAddrs)
                  0000c8a8    0000006c                   : sysctl.obj (.const:g_pui32Xtals)
                  0000c914    00000060                   : timer.obj (.const:g_ppui32TimerIntMap)
                  0000c974    00000040                   : timer.obj (.const:g_ppui32TimerIntMapSnowflake)
                  0000c9b4    00000040                   : uart.obj (.const:g_ppui32UARTIntMap)
                  0000c9f4    00000040                   : uart.obj (.const:g_ppui32UARTIntMapSnowflake)
                  0000ca34    00000034     rtsv7M4_T_le_v4SPD16_eabi.lib : s_atanf.c.obj (.const:$O1$$)
                  0000ca68    00000030                                   : e_pow.c.obj (.const:$O1$$)
                  0000ca98    00000020                                   : e_asinf.c.obj (.const)
                  0000cab8    00000020     PWM.obj (.const:subtract_Motor)
                  0000cad8    00000014     driverlib.lib : interrupt.obj (.const:g_pui32EnRegs)
                  0000caec    00000012     main.obj (.const:.string)
                  0000cafe    00000002     --HOLE-- [fill = 0]
                  0000cb00    0000000c     main.obj (.const:g_ui32UARTBase)
                  0000cb0c    0000000c     main.obj (.const:g_ui32UARTInt)
                  0000cb18    0000000c     main.obj (.const:g_ui32UARTPeriph)
                  0000cb24    00000008     BMP388.obj (.const:$P$T0$9)

.cinit     0    0000cb30    00000090     
                  0000cb30    0000005c     (.cinit..data.load) [load image, compression = lzss]
                  0000cb8c    0000000c     (__TI_handler_table)
                  0000cb98    00000008     (.cinit..bss.load) [load image, compression = zero_init]
                  0000cba0    00000008     (.cinit..vtable.load) [load image, compression = zero_init]
                  0000cba8    00000018     (__TI_cinit_table)

.init_array 
*          0    00000000    00000000     UNINITIALIZED

.vtable    0    20000000    0000026c     UNINITIALIZED
                  20000000    0000026c     driverlib.lib : interrupt.obj (.vtable)

.stack     0    20000270    00001000     UNINITIALIZED
                  20000270    00000004     rtsv7M4_T_le_v4SPD16_eabi.lib : boot_cortex_m.c.obj (.stack)
                  20000274    00000ffc     --HOLE--

.sysmem    0    20001270    00001000     UNINITIALIZED
                  20001270    00000010     rtsv7M4_T_le_v4SPD16_eabi.lib : memory.c.obj (.sysmem)
                  20001280    00000ff0     --HOLE--

.bss       0    20002270    0000090b     UNINITIALIZED
                  20002270    00000400     main.obj (.bss:g_pcUARTTxBuffer)
                  20002670    00000190     (.common:rx_data)
                  20002800    00000130     (.common:mixer)
                  20002930    000000d0     (.common:dev)
                  20002a00    00000080     main.obj (.bss:g_pcUARTRxBuffer)
                  20002a80    00000040     (.common:dutyOf)
                  20002ac0    00000038     (.common:rx_text)
                  20002af8    00000020     (.common:tune)
                  20002b18    00000008     BMP388.obj (.bss:BMP388_calib$1)
                  20002b20    00000008     BMP388.obj (.bss:BMP388_calib$3)
                  20002b28    00000008     BMP388.obj (.bss:alt_LPF$10)
                  20002b30    00000008     BMX160.obj (.bss:complimantary_filter_pitch$8)
                  20002b38    00000008     BMX160.obj (.bss:complimantary_filter_roll$7)
                  20002b40    00000008     BMX160.obj (.bss:complimantary_filter_yaw$10)
                  20002b48    00000008     main.obj (.bss)
                  20002b50    00000004     BMP388.obj (.bss)
                  20002b54    00000004     BMX160.obj (.bss)
                  20002b58    00000004     buzzer.obj (.bss)
                  20002b5c    00000004     (.common:Oaccel)
                  20002b60    00000004     (.common:Obmx160)
                  20002b64    00000004     (.common:Ogyro)
                  20002b68    00000004     (.common:Omagn)
                  20002b6c    00000004     (.common:g_uiSysFlags)
                  20002b70    00000004     (.common:resetCause)
                  20002b74    00000002     (.common:buzDuration)
                  20002b76    00000002     (.common:count)
                  20002b78    00000002     (.common:pauseTime)
                  20002b7a    00000001     (.common:BMP388_addr)

.data      0    20002b7c    00000250     UNINITIALIZED
                  20002b7c    00000100     BLUETOOTH.obj (.data:charBuffer)
                  20002c7c    00000034     PID.obj (.data)
                  20002cb0    0000002b     main.obj (.data)
                  20002cdb    00000001     PPM.obj (.data)
                  20002cdc    00000028     BMX160.obj (.data)
                  20002d04    00000025     MotorControl.obj (.data)
                  20002d29    00000003     OrangeRX.obj (.data)
                  20002d2c    00000020     BMP388.obj (.data)
                  20002d4c    00000018     BMX160.obj (.data:acc_low_pass$3)
                  20002d64    00000018     BMX160.obj (.data:gyro_low_pass$2)
                  20002d7c    00000018     BMX160.obj (.data:mag_low_pass$1)
                  20002d94    00000010     PWM.obj (.data:Channel_Tune_Variable)
                  20002da4    00000008     rtsv7M4_T_le_v4SPD16_eabi.lib : _lock.c.obj (.data:$O1$$)
                  20002dac    00000008                                   : memory.c.obj (.data:$O1$$)
                  20002db4    00000008     PWM.obj (.data:selected_Motion)
                  20002dbc    00000006     PWM.obj (.data)
                  20002dc2    00000004     buzzer.obj (.data)
                  20002dc6    00000001     i2c.obj (.data)
                  20002dc7    00000001     --HOLE--
                  20002dc8    00000004     rtsv7M4_T_le_v4SPD16_eabi.lib : errno.c.obj (.data)

__llvm_prf_cnts 
*          0    20000000    00000000     UNINITIALIZED

.binit     0    00000000    00000000     

MODULE SUMMARY

       Module                       code    ro data   rw data
       ------                       ----    -------   -------
    .\
       main.obj                     5447    58        1207   
       startup_ccs.obj              12      620       0      
    +--+----------------------------+-------+---------+---------+
       Total:                       5459    678       1207   
                                                             
    .\local_Include\
       i2c.obj                      1279    0         1      
       led.obj                      412     0         0      
       uart.obj                     184     0         0      
       SysFlag.obj                  172     0         4      
       onBoardSwitch.obj            148     0         0      
       SysTick.obj                  80      0         0      
       sysclk.obj                   16      0         0      
    +--+----------------------------+-------+---------+---------+
       Total:                       2291    0         5      
                                                             
    .\local_Include\BLUETOOTH\
       BLUETOOTH.obj                4168    0         256    
    +--+----------------------------+-------+---------+---------+
       Total:                       4168    0         256    
                                                             
    .\local_Include\BMP388\
       BMP388.obj                   7132    8         269    
    +--+----------------------------+-------+---------+---------+
       Total:                       7132    8         269    
                                                             
    .\local_Include\BMX160\
       BMX160.obj                   3463    0         156    
    +--+----------------------------+-------+---------+---------+
       Total:                       3463    0         156    
                                                             
    .\local_Include\BUZZER\
       buzzer.obj                   492     0         14     
    +--+----------------------------+-------+---------+---------+
       Total:                       492     0         14     
                                                             
    .\local_Include\MotorControl\
       MotorControl.obj             1568    0         37     
    +--+----------------------------+-------+---------+---------+
       Total:                       1568    0         37     
                                                             
    .\local_Include\OrangeRX\
       OrangeRX.obj                 1928    0         459    
    +--+----------------------------+-------+---------+---------+
       Total:                       1928    0         459    
                                                             
    .\local_Include\PID\
       PID.obj                      1856    0         84     
    +--+----------------------------+-------+---------+---------+
       Total:                       1856    0         84     
                                                             
    .\local_Include\PPM\
       PPM.obj                      540     0         1      
    +--+----------------------------+-------+---------+---------+
       Total:                       540     0         1      
                                                             
    .\local_Include\PWM\
       PWM.obj                      3520    32        398    
    +--+----------------------------+-------+---------+---------+
       Total:                       3520    32        398    
                                                             
    .\local_Include\SONAR\
       SONAR.obj                    96      0         0      
    +--+----------------------------+-------+---------+---------+
       Total:                       96      0         0      
                                                             
    .\local_Include\SystemAttitude\
       LPF.obj                      116     0         0      
    +--+----------------------------+-------+---------+---------+
       Total:                       116     0         0      
                                                             
    C:/ti/TivaWare_C_Series-2.2.0.295/driverlib/ccs/Debug/driverlib.lib
       interrupt.obj                156     20        620    
       sysctl.obj                   670     108       0      
       gpio.obj                     610     144       0      
       timer.obj                    290     160       0      
       uart.obj                     258     128       0      
       i2c.obj                      204     0         0      
       systick.obj                  84      0         0      
    +--+----------------------------+-------+---------+---------+
       Total:                       2272    560       620    
                                                             
    C:\ti\ccs1040\ccs\tools\compiler\ti-cgt-arm_20.2.5.LTS\lib\rtsv7M4_T_le_v4SPD16_eabi.lib
       _printfi.c.obj               4851    0         0      
       e_pow.c.obj                  2512    48        0      
       e_acos.c.obj                 1052    0         0      
       s_atan.c.obj                 748     152       0      
       memory.c.obj                 444     0         8      
       fd_add_t2.asm.obj            438     0         0      
       e_asinf.c.obj                368     32        0      
       s_atanf.c.obj                336     52        0      
       e_atan2f.c.obj               344     0         0      
       e_sqrt.c.obj                 344     0         0      
       fd_div_t2.asm.obj            310     0         0      
       s_scalbn.c.obj               272     0         0      
       fd_cmp_t2.asm.obj            268     0         0      
       ctype.c.obj                  0       257       0      
       fd_mul_t2.asm.obj            252     0         0      
       s_floor.c.obj                248     0         0      
       s_round.c.obj                196     0         0      
       s_trunc.c.obj                188     0         0      
       s_cosf.c.obj                 180     0         0      
       s_tanf.c.obj                 172     0         0      
       s_sinf.c.obj                 164     0         0      
       memcpy_t2.asm.obj            156     0         0      
       ull_div_t2.asm.obj           150     0         0      
       memset_t2.asm.obj            122     0         0      
       fd_tos_t2.asm.obj            110     0         0      
       copy_decompress_lzss.c.obj   104     0         0      
       s_frexp.c.obj                100     0         0      
       sprintf.c.obj                98      0         0      
       _ltoa.c.obj                  84      0         0      
       atoi.c.obj                   76      0         0      
       fd_toi_t2.asm.obj            72      0         0      
       autoinit.c.obj               68      0         0      
       u_divt2.asm.obj              64      0         0      
       fs_tod_t2.asm.obj            56      0         0      
       boot_cortex_m.c.obj          52      0         0      
       i_tofd_t2.asm.obj            46      0         0      
       u_tofd_t2.asm.obj            32      0         0      
       memccpy.c.obj                28      0         0      
       s_copysign.c.obj             26      0         0      
       strchr.c.obj                 22      0         0      
       strlen.c.obj                 20      0         0      
       wcslen.c.obj                 18      0         0      
       copy_decompress_none.c.obj   14      0         0      
       copy_zero_init.c.obj         12      0         0      
       errno.c.obj                  8       0         4      
       _lock.c.obj                  2       0         8      
       exit.c.obj                   4       0         0      
       pre_init.c.obj               4       0         0      
       div0.asm.obj                 2       0         0      
    +--+----------------------------+-------+---------+---------+
       Total:                       15237   541       20     
                                                             
       Heap:                        0       0         4096   
       Stack:                       0       0         4096   
       Linker Generated:            0       144       0      
    +--+----------------------------+-------+---------+---------+
       Grand Total:                 50138   1963      11718  


LINKER GENERATED COPY TABLES

__TI_cinit_table @ 0000cba8 records: 3, size/record: 8, table size: 24
	.data: load addr=0000cb30, load size=0000005c bytes, run addr=20002b7c, run size=00000250 bytes, compression=lzss
	.bss: load addr=0000cb98, load size=00000008 bytes, run addr=20002270, run size=0000090b bytes, compression=zero_init
	.vtable: load addr=0000cba0, load size=00000008 bytes, run addr=20000000, run size=0000026c bytes, compression=zero_init


LINKER GENERATED HANDLER TABLE

__TI_handler_table @ 0000cb8c records: 3, size/record: 4, table size: 12
	index: 0, handler: __TI_zero_init
	index: 1, handler: __TI_decompress_lzss
	index: 2, handler: __TI_decompress_none


GLOBAL SYMBOLS: SORTED ALPHABETICALLY BY Name 

address   name                               
-------   ----                               
0000ad95  BLUETOOTH_Init                     
0000026d  BLUETOOTH_IntHandler               
0000b931  BLUETOOTHprintf                    
0000985d  BMP388_Init                        
20002b7a  BMP388_addr                        
000067d1  BMP388_begin                       
20002d35  BMP388_calibState                  
00007a71  BMP388_calibrate                   
000073d1  BMP388_calibrate_SM                
00009fed  BMP388_compensate_data             
000062c5  BMP388_compensate_pressure         
0000ac49  BMP388_compensate_temperature      
0000a149  BMP388_get_calib_data              
0000a751  BMP388_get_regs                    
00008f91  BMP388_get_sensor_data             
00005a0d  BMP388_parse_calib_data            
0000ae01  BMP388_parse_sensor_data           
000087bd  BMP388_readAltitude                
0000b0dd  BMP388_readPressure                
0000b011  BMP388_readTemperature             
0000bd01  BMP388_read_all_regs               
00007749  BMP388_reset                       
00006a3d  BMP388_set_config                  
0000c3c1  BMP388_set_i2c_addr                
0000a1f5  BMP388_set_regs                    
00006e39  BMP388_showData                    
0000b489  BMP388_showState                   
20002d34  BMP388_state                       
0000c595  BMP388_user_delay_ms               
00007025  BMP388_user_i2c_read               
00008b3d  BMP388_user_i2c_write              
0000909d  BMX160_Init                        
00009ba9  BMX160_begin                       
0000a6c5  BMX160_defaultParamSettg           
000046d5  BMX160_getAllData                  
0000c1dd  BMX160_readReg                     
0000c295  BMX160_scan                        
0000993d  BMX160_setMagnConf                 
0000b4dd  BMX160_showState                   
0000a511  BMX160_softReset                   
0000be1d  BMX160_softResetWorker             
20002cdc  BMX160_state                       
00004fe1  BMX160_updateData                  
0000b141  BMX160_writeBmxReg                 
0000b531  BUZZER_showState                   
20002dc2  BUZZER_state                       
0000c055  BUZZ_BUZZ                          
0000bc4d  BUZZ_BUZZER                        
00009689  BUZZ_SM                            
0000c673  C$$EXIT                            
20002d94  Channel_Tune_Variable              
0000c081  GPIODirModeSet                     
00007d61  GPIOPadConfigSet                   
0000b6d1  GPIOPinConfigure                   
0000c63d  GPIOPinRead                        
0000c38d  GPIOPinTypeGPIOOutput              
0000c421  GPIOPinTypeI2C                     
0000c437  GPIOPinTypeI2CSCL                  
0000c44d  GPIOPinTypeTimer                   
0000c463  GPIOPinTypeUART                    
0000c643  GPIOPinWrite                       
0000bff5  GetEStopState                      
0000aed9  GetFlightMode                      
0000a639  I2C0_Init                          
0000c60b  I2CMasterBusy                      
0000c65b  I2CMasterControl                   
0000c65f  I2CMasterDataGet                   
0000c663  I2CMasterDataPut                   
0000c5c5  I2CMasterEnable                    
0000c479  I2CMasterErr                       
0000ba09  I2CMasterGlitchFilterConfigSet     
0000b71d  I2CMasterInitExpClk                
0000c613  I2CMasterSlaveAddrSet              
000082cd  I2C_AddressBruteForcer             
0000ae6d  I2C_ReadByte                       
0000b3dd  I2C_readReg                        
0000b769  I2C_showState                      
20002dc6  I2C_state                          
000091a1  I2C_writeSingleReg                 
0000af41  IntEnable                          
0000be55  IntRegister                        
0000be89  LED_ALL_FUNCTION                   
00009e8b  LED_Drive                          
0000c0d9  LED_LED1                           
0000c105  LED_LED2                           
0000c131  LED_LED3                           
0000bebd  LED_LEDInit                        
20002dbc  MOTOR_DUTY_LIMIT_MULTIPLIER        
00003185  Motor_ManMixer                     
000056e1  Motor_setDuty                      
0000b385  ORANGE_showState                   
20002d29  ORANGE_state                       
20002b5c  Oaccel                             
20002b60  Obmx160                            
20002b64  Ogyro                              
20002b68  Omagn                              
00006015  OrangeRX_Init                      
0000c2b9  OrangeRX_IntHandler                
00006c41  OrangeRX_extractData               
0000b329  OrangeRX_isConnected               
00009779  OrangeRX_receivedChannelReorganizer
000088f1  OrangeRX_showActData               
0000bbd1  PCF8574A_Init                      
0000a96d  PCF8574A_Read                      
0000b209  PCF8574A_Write                     
00003afd  PID_master_pid                     
00009f3d  PPM_ESC_Control                    
0000c15d  PPM_ESC_HighLevelControl           
0000a7d9  PPM_Init                           
0000aaed  PPM_IntHandler                     
0000ba91  PPM_SignalOutPin_Init              
00009a15  PWM_Init                           
0000b7b5  PWM_showState                      
20002dc0  PWM_state                          
0000c649  ResetISR                           
0000b269  SONAR_Trigger                      
0000b801  SWITCH_Init                        
0000c229  SWITCH_SW1_Pressed                 
0000c24d  SWITCH_SW2_Pressed                 
0000c203  SYSTICK_Delay                      
0000c559  SysClk_Init                        
00008c55  SysCtlClockGet                     
00009595  SysCtlClockSet                     
0000c64f  SysCtlDelay                        
0000bef1  SysCtlPeripheralEnable             
0000bd3d  SysCtlPeripheralReady              
0000c4bd  SysCtlResetCauseClear              
0000c5a1  SysCtlResetCauseGet                
0000bd75  SysFlag_Check                      
0000bf25  SysFlag_Clear                      
0000c5ad  SysFlag_Init                       
0000bf59  SysFlag_Set                        
0000c4d1  SysTickEnable                      
0000c4e5  SysTickIntEnable                   
0000c339  SysTickIntRegister                 
0000c569  SysTickPeriodSet                   
0000c2d9  SysTick_Init                       
0000c5cf  SysTick_IntHandler                 
0000b585  SystemInitialize                   
0000b2c9  TimerConfigure                     
0000c48f  TimerControlEvent                  
0000c579  TimerEnable                        
0000c667  TimerIntClear                      
0000c61b  TimerIntEnable                     
0000c3d9  TimerIntRegister                   
0000c521  TimerLoadSet                       
0000c533  TimerMatchSet                      
0000c5d9  TimerValueGet                      
0000a9f1  UART0_STDIO_Init                   
0000bdad  UART0_STDIO_IntHandler             
0000c5e3  UARTCharGet                        
0000c5ed  UARTCharPut                        
0000c655  UARTClockSourceSet                 
0000b9c1  UARTConfigSetExpClk                
0000c2f9  UARTDisable                        
0000c189  UARTEchoSet                        
0000c4f9  UARTEnable                         
0000bf8d  UARTFlushRx                        
0000b84d  UARTFlushTx                        
0000c66b  UARTIntClear                       
0000c623  UARTIntEnable                      
0000c3f1  UARTIntRegister                    
0000c5f7  UARTIntStatus                      
0000854d  UARTStdioConfig                    
000078e9  UARTStdioIntHandler                
0000bcc5  UARTgetc                           
0000c271  UARTprintf                         
0000538d  UARTvprintf                        
00008d6d  UARTwrite                          
20001270  __STACK_END                        
00001000  __STACK_SIZE                       
20000470  __STACK_TOP                        
00001000  __SYSMEM_SIZE                      
0000cba8  __TI_CINIT_Base                    
0000cbc0  __TI_CINIT_Limit                   
0000cb8c  __TI_Handler_Table_Base            
0000cb98  __TI_Handler_Table_Limit           
0000ba4d  __TI_auto_init_nobinit_nopinit     
0000afa9  __TI_decompress_lzss               
0000c587  __TI_decompress_none               
0000b5d9  __TI_ltoa                          
ffffffff  __TI_pprof_out_hndl                
00001d65  __TI_printfi                       
ffffffff  __TI_prof_data_size                
ffffffff  __TI_prof_data_start               
00000000  __TI_static_base__                 
0000c5b9  __TI_zero_init                     
0000a861  __aeabi_cdcmpeq                    
0000a861  __aeabi_cdcmple                    
0000a8e7  __aeabi_cdrcmple                   
0000ad25  __aeabi_d2f                        
0000b979  __aeabi_d2iz                       
0000759b  __aeabi_dadd                       
00008685  __aeabi_ddiv                       
000093a1  __aeabi_dmul                       
00007591  __aeabi_dsub                       
0000c62d  __aeabi_errno_addr                 
0000bde5  __aeabi_f2d                        
0000c025  __aeabi_i2d                        
00007747  __aeabi_idiv0                      
00007747  __aeabi_ldiv0                      
0000aa71  __aeabi_memclr                     
0000aa71  __aeabi_memclr4                    
0000aa71  __aeabi_memclr8                    
0000a3dd  __aeabi_memcpy                     
0000a3dd  __aeabi_memcpy4                    
0000a3dd  __aeabi_memcpy8                    
0000aa73  __aeabi_memset                     
0000aa73  __aeabi_memset4                    
0000aa73  __aeabi_memset8                    
0000c319  __aeabi_ui2d                       
0000bb51  __aeabi_uidiv                      
0000bb51  __aeabi_uidivmod                   
0000a479  __aeabi_uldivmod                   
ffffffff  __binit__                          
ffffffff  __c_args__                         
0000b1a5  __error__                          
UNDEFED   __mpu_init                         
20000270  __stack                            
20000000  __start___llvm_prf_cnts            
20000000  __stop___llvm_prf_cnts             
0000bfc1  _c_int00_noargs                    
0000c678  _ctypes_                           
20002da4  _lock                              
00006c3f  _nop                               
20001270  _sys_memory                        
UNDEFED   _system_post_cinit                 
0000c66f  _system_pre_init                   
20002da8  _unlock                            
0000c673  abort                              
20002ce0  accelRange                         
00004bc5  acos                               
00004bc5  acosl                              
000092a1  aligned_alloc                      
20002d30  alt_filtered                       
20002ca4  alt_ki_tune                        
20002ca0  alt_kp_tune                        
0000ab65  applyLPF                           
00007bf1  asinf                              
00005d29  atan                               
00007ecd  atan2f                             
0000817d  atanf                              
00005d29  atanl                              
0000b8e5  atoi                               
20002d2c  base_altitude                      
ffffffff  binit                              
20002b74  buzDuration                        
0000a33d  changeMotorDuty                    
20002b7c  charBuffer                         
0000c3a7  copysign                           
0000c3a7  copysignl                          
00009d25  cosf                               
20002b76  count                              
20002cdb  curSelectedESC                     
20002930  dev                                
20002a80  dutyOf                             
20002dc8  errno                              
0000419d  flightControl_SM                   
0000b681  flightSafeLand                     
0000949d  floor                              
0000949d  floorl                             
20002d2a  frameGapChNo                       
0000b079  frexp                              
0000b079  frexpl                             
20000000  g_pfnRAMVectors                    
00000000  g_pfnVectors                       
20002b6c  g_uiSysFlags                       
20002ce4  gyroRange                          
0000bb11  init_Buzzer                        
20002c84  ki_tune                            
20002c80  kp_tune                            
00008e81  ldexp                              
00008e81  ldexpl                             
00001201  main                               
0000c635  malloc                             
000092a1  memalign                           
0000c371  memccpy                            
0000a3dd  memcpy                             
0000aa79  memset                             
20002800  mixer                              
20002dc1  motorSelect                        
20002b78  pauseTime                          
20002ce8  phi_rad                            
20002cf4  pitch_filtered                     
20002c94  pitch_ki_tune                      
20002c90  pitch_kp_tune                      
000027b5  pow                                
000027b5  powl                               
20002c7c  pv_height                          
20002c7e  pv_roll                            
20002b70  resetCause                         
20002cf0  roll_filtered                      
20002c8c  roll_ki_tune                       
20002c88  roll_kp_tune                       
00009ae5  round                              
00009ae5  roundl                             
20002d2b  rx_connection_status               
20002670  rx_data                            
20002ac0  rx_text                            
00008e81  scalbn                             
00008e81  scalbnl                            
20002db4  selected_Motion                    
0000a299  sinf                               
0000bb91  sprintf                            
00008025  sqrt                               
00008025  sqrtl                              
0000c4a5  strchr                             
0000c50d  strlen                             
0000cab8  subtract_Motor                     
0000a09d  tanf                               
20002cec  theta_rad                          
00009c69  trunc                              
00009c69  truncl                             
20002af8  tune                               
0000c545  wcslen                             
20002cf8  yaw_filtered                       
20002c9c  yaw_ki_tune                        
20002c98  yaw_kp_tune                        


GLOBAL SYMBOLS: SORTED BY Symbol Address 

address   name                               
-------   ----                               
00000000  __TI_static_base__                 
00000000  g_pfnVectors                       
0000026d  BLUETOOTH_IntHandler               
00001000  __STACK_SIZE                       
00001000  __SYSMEM_SIZE                      
00001201  main                               
00001d65  __TI_printfi                       
000027b5  pow                                
000027b5  powl                               
00003185  Motor_ManMixer                     
00003afd  PID_master_pid                     
0000419d  flightControl_SM                   
000046d5  BMX160_getAllData                  
00004bc5  acos                               
00004bc5  acosl                              
00004fe1  BMX160_updateData                  
0000538d  UARTvprintf                        
000056e1  Motor_setDuty                      
00005a0d  BMP388_parse_calib_data            
00005d29  atan                               
00005d29  atanl                              
00006015  OrangeRX_Init                      
000062c5  BMP388_compensate_pressure         
000067d1  BMP388_begin                       
00006a3d  BMP388_set_config                  
00006c3f  _nop                               
00006c41  OrangeRX_extractData               
00006e39  BMP388_showData                    
00007025  BMP388_user_i2c_read               
000073d1  BMP388_calibrate_SM                
00007591  __aeabi_dsub                       
0000759b  __aeabi_dadd                       
00007747  __aeabi_idiv0                      
00007747  __aeabi_ldiv0                      
00007749  BMP388_reset                       
000078e9  UARTStdioIntHandler                
00007a71  BMP388_calibrate                   
00007bf1  asinf                              
00007d61  GPIOPadConfigSet                   
00007ecd  atan2f                             
00008025  sqrt                               
00008025  sqrtl                              
0000817d  atanf                              
000082cd  I2C_AddressBruteForcer             
0000854d  UARTStdioConfig                    
00008685  __aeabi_ddiv                       
000087bd  BMP388_readAltitude                
000088f1  OrangeRX_showActData               
00008b3d  BMP388_user_i2c_write              
00008c55  SysCtlClockGet                     
00008d6d  UARTwrite                          
00008e81  ldexp                              
00008e81  ldexpl                             
00008e81  scalbn                             
00008e81  scalbnl                            
00008f91  BMP388_get_sensor_data             
0000909d  BMX160_Init                        
000091a1  I2C_writeSingleReg                 
000092a1  aligned_alloc                      
000092a1  memalign                           
000093a1  __aeabi_dmul                       
0000949d  floor                              
0000949d  floorl                             
00009595  SysCtlClockSet                     
00009689  BUZZ_SM                            
00009779  OrangeRX_receivedChannelReorganizer
0000985d  BMP388_Init                        
0000993d  BMX160_setMagnConf                 
00009a15  PWM_Init                           
00009ae5  round                              
00009ae5  roundl                             
00009ba9  BMX160_begin                       
00009c69  trunc                              
00009c69  truncl                             
00009d25  cosf                               
00009e8b  LED_Drive                          
00009f3d  PPM_ESC_Control                    
00009fed  BMP388_compensate_data             
0000a09d  tanf                               
0000a149  BMP388_get_calib_data              
0000a1f5  BMP388_set_regs                    
0000a299  sinf                               
0000a33d  changeMotorDuty                    
0000a3dd  __aeabi_memcpy                     
0000a3dd  __aeabi_memcpy4                    
0000a3dd  __aeabi_memcpy8                    
0000a3dd  memcpy                             
0000a479  __aeabi_uldivmod                   
0000a511  BMX160_softReset                   
0000a639  I2C0_Init                          
0000a6c5  BMX160_defaultParamSettg           
0000a751  BMP388_get_regs                    
0000a7d9  PPM_Init                           
0000a861  __aeabi_cdcmpeq                    
0000a861  __aeabi_cdcmple                    
0000a8e7  __aeabi_cdrcmple                   
0000a96d  PCF8574A_Read                      
0000a9f1  UART0_STDIO_Init                   
0000aa71  __aeabi_memclr                     
0000aa71  __aeabi_memclr4                    
0000aa71  __aeabi_memclr8                    
0000aa73  __aeabi_memset                     
0000aa73  __aeabi_memset4                    
0000aa73  __aeabi_memset8                    
0000aa79  memset                             
0000aaed  PPM_IntHandler                     
0000ab65  applyLPF                           
0000ac49  BMP388_compensate_temperature      
0000ad25  __aeabi_d2f                        
0000ad95  BLUETOOTH_Init                     
0000ae01  BMP388_parse_sensor_data           
0000ae6d  I2C_ReadByte                       
0000aed9  GetFlightMode                      
0000af41  IntEnable                          
0000afa9  __TI_decompress_lzss               
0000b011  BMP388_readTemperature             
0000b079  frexp                              
0000b079  frexpl                             
0000b0dd  BMP388_readPressure                
0000b141  BMX160_writeBmxReg                 
0000b1a5  __error__                          
0000b209  PCF8574A_Write                     
0000b269  SONAR_Trigger                      
0000b2c9  TimerConfigure                     
0000b329  OrangeRX_isConnected               
0000b385  ORANGE_showState                   
0000b3dd  I2C_readReg                        
0000b489  BMP388_showState                   
0000b4dd  BMX160_showState                   
0000b531  BUZZER_showState                   
0000b585  SystemInitialize                   
0000b5d9  __TI_ltoa                          
0000b681  flightSafeLand                     
0000b6d1  GPIOPinConfigure                   
0000b71d  I2CMasterInitExpClk                
0000b769  I2C_showState                      
0000b7b5  PWM_showState                      
0000b801  SWITCH_Init                        
0000b84d  UARTFlushTx                        
0000b8e5  atoi                               
0000b931  BLUETOOTHprintf                    
0000b979  __aeabi_d2iz                       
0000b9c1  UARTConfigSetExpClk                
0000ba09  I2CMasterGlitchFilterConfigSet     
0000ba4d  __TI_auto_init_nobinit_nopinit     
0000ba91  PPM_SignalOutPin_Init              
0000bb11  init_Buzzer                        
0000bb51  __aeabi_uidiv                      
0000bb51  __aeabi_uidivmod                   
0000bb91  sprintf                            
0000bbd1  PCF8574A_Init                      
0000bc4d  BUZZ_BUZZER                        
0000bcc5  UARTgetc                           
0000bd01  BMP388_read_all_regs               
0000bd3d  SysCtlPeripheralReady              
0000bd75  SysFlag_Check                      
0000bdad  UART0_STDIO_IntHandler             
0000bde5  __aeabi_f2d                        
0000be1d  BMX160_softResetWorker             
0000be55  IntRegister                        
0000be89  LED_ALL_FUNCTION                   
0000bebd  LED_LEDInit                        
0000bef1  SysCtlPeripheralEnable             
0000bf25  SysFlag_Clear                      
0000bf59  SysFlag_Set                        
0000bf8d  UARTFlushRx                        
0000bfc1  _c_int00_noargs                    
0000bff5  GetEStopState                      
0000c025  __aeabi_i2d                        
0000c055  BUZZ_BUZZ                          
0000c081  GPIODirModeSet                     
0000c0d9  LED_LED1                           
0000c105  LED_LED2                           
0000c131  LED_LED3                           
0000c15d  PPM_ESC_HighLevelControl           
0000c189  UARTEchoSet                        
0000c1dd  BMX160_readReg                     
0000c203  SYSTICK_Delay                      
0000c229  SWITCH_SW1_Pressed                 
0000c24d  SWITCH_SW2_Pressed                 
0000c271  UARTprintf                         
0000c295  BMX160_scan                        
0000c2b9  OrangeRX_IntHandler                
0000c2d9  SysTick_Init                       
0000c2f9  UARTDisable                        
0000c319  __aeabi_ui2d                       
0000c339  SysTickIntRegister                 
0000c371  memccpy                            
0000c38d  GPIOPinTypeGPIOOutput              
0000c3a7  copysign                           
0000c3a7  copysignl                          
0000c3c1  BMP388_set_i2c_addr                
0000c3d9  TimerIntRegister                   
0000c3f1  UARTIntRegister                    
0000c421  GPIOPinTypeI2C                     
0000c437  GPIOPinTypeI2CSCL                  
0000c44d  GPIOPinTypeTimer                   
0000c463  GPIOPinTypeUART                    
0000c479  I2CMasterErr                       
0000c48f  TimerControlEvent                  
0000c4a5  strchr                             
0000c4bd  SysCtlResetCauseClear              
0000c4d1  SysTickEnable                      
0000c4e5  SysTickIntEnable                   
0000c4f9  UARTEnable                         
0000c50d  strlen                             
0000c521  TimerLoadSet                       
0000c533  TimerMatchSet                      
0000c545  wcslen                             
0000c559  SysClk_Init                        
0000c569  SysTickPeriodSet                   
0000c579  TimerEnable                        
0000c587  __TI_decompress_none               
0000c595  BMP388_user_delay_ms               
0000c5a1  SysCtlResetCauseGet                
0000c5ad  SysFlag_Init                       
0000c5b9  __TI_zero_init                     
0000c5c5  I2CMasterEnable                    
0000c5cf  SysTick_IntHandler                 
0000c5d9  TimerValueGet                      
0000c5e3  UARTCharGet                        
0000c5ed  UARTCharPut                        
0000c5f7  UARTIntStatus                      
0000c60b  I2CMasterBusy                      
0000c613  I2CMasterSlaveAddrSet              
0000c61b  TimerIntEnable                     
0000c623  UARTIntEnable                      
0000c62d  __aeabi_errno_addr                 
0000c635  malloc                             
0000c63d  GPIOPinRead                        
0000c643  GPIOPinWrite                       
0000c649  ResetISR                           
0000c64f  SysCtlDelay                        
0000c655  UARTClockSourceSet                 
0000c65b  I2CMasterControl                   
0000c65f  I2CMasterDataGet                   
0000c663  I2CMasterDataPut                   
0000c667  TimerIntClear                      
0000c66b  UARTIntClear                       
0000c66f  _system_pre_init                   
0000c673  C$$EXIT                            
0000c673  abort                              
0000c678  _ctypes_                           
0000cab8  subtract_Motor                     
0000cb8c  __TI_Handler_Table_Base            
0000cb98  __TI_Handler_Table_Limit           
0000cba8  __TI_CINIT_Base                    
0000cbc0  __TI_CINIT_Limit                   
20000000  __start___llvm_prf_cnts            
20000000  __stop___llvm_prf_cnts             
20000000  g_pfnRAMVectors                    
20000270  __stack                            
20000470  __STACK_TOP                        
20001270  __STACK_END                        
20001270  _sys_memory                        
20002670  rx_data                            
20002800  mixer                              
20002930  dev                                
20002a80  dutyOf                             
20002ac0  rx_text                            
20002af8  tune                               
20002b5c  Oaccel                             
20002b60  Obmx160                            
20002b64  Ogyro                              
20002b68  Omagn                              
20002b6c  g_uiSysFlags                       
20002b70  resetCause                         
20002b74  buzDuration                        
20002b76  count                              
20002b78  pauseTime                          
20002b7a  BMP388_addr                        
20002b7c  charBuffer                         
20002c7c  pv_height                          
20002c7e  pv_roll                            
20002c80  kp_tune                            
20002c84  ki_tune                            
20002c88  roll_kp_tune                       
20002c8c  roll_ki_tune                       
20002c90  pitch_kp_tune                      
20002c94  pitch_ki_tune                      
20002c98  yaw_kp_tune                        
20002c9c  yaw_ki_tune                        
20002ca0  alt_kp_tune                        
20002ca4  alt_ki_tune                        
20002cdb  curSelectedESC                     
20002cdc  BMX160_state                       
20002ce0  accelRange                         
20002ce4  gyroRange                          
20002ce8  phi_rad                            
20002cec  theta_rad                          
20002cf0  roll_filtered                      
20002cf4  pitch_filtered                     
20002cf8  yaw_filtered                       
20002d29  ORANGE_state                       
20002d2a  frameGapChNo                       
20002d2b  rx_connection_status               
20002d2c  base_altitude                      
20002d30  alt_filtered                       
20002d34  BMP388_state                       
20002d35  BMP388_calibState                  
20002d94  Channel_Tune_Variable              
20002da4  _lock                              
20002da8  _unlock                            
20002db4  selected_Motion                    
20002dbc  MOTOR_DUTY_LIMIT_MULTIPLIER        
20002dc0  PWM_state                          
20002dc1  motorSelect                        
20002dc2  BUZZER_state                       
20002dc6  I2C_state                          
20002dc8  errno                              
ffffffff  __TI_pprof_out_hndl                
ffffffff  __TI_prof_data_size                
ffffffff  __TI_prof_data_start               
ffffffff  __binit__                          
ffffffff  __c_args__                         
ffffffff  binit                              
UNDEFED   __mpu_init                         
UNDEFED   _system_post_cinit                 

[318 symbols]
