******************************************************************************
                  TI ARM Linker PC v20.2.5                     
******************************************************************************
>> Linked Mon Feb 28 09:47:09 2022

OUTPUT FILE NAME:   <DroneProject.out>
ENTRY POINT SYMBOL: "_c_int00_noargs"  address: 00006fb5


MEMORY CONFIGURATION

         name            origin    length      used     unused   attr    fill
----------------------  --------  ---------  --------  --------  ----  --------
  FLASH                 00000000   00040000  0000798a  00038676  R  X
  SRAM                  20000000   00008000  00002b4f  000054b1  RW X


SEGMENT ALLOCATION MAP

run origin  load origin   length   init length attrs members
----------  ----------- ---------- ----------- ----- -------
00000000    00000000    00007990   00007990    r-x
  00000000    00000000    0000026c   0000026c    r-- .intvecs
  0000026c    0000026c    0000729a   0000729a    r-x .text
  00007508    00007508    00000414   00000414    r-- .const
  00007920    00007920    00000070   00000070    r-- .cinit
20000000    20000000    00002b55   00000000    rw-
  20000000    20000000    0000026c   00000000    rw- .vtable
  20000270    20000270    00001000   00000000    rw- .stack
  20001270    20001270    00001000   00000000    rw- .sysmem
  20002270    20002270    00000876   00000000    rw- .bss
  20002ae8    20002ae8    0000006d   00000000    rw- .data


SECTION ALLOCATION MAP

 output                                  attributes/
section   page    origin      length       input sections
--------  ----  ----------  ----------   ----------------
.intvecs   0    00000000    0000026c     
                  00000000    0000026c     startup_ccs.obj (.intvecs)

.text      0    0000026c    0000729a     
                  0000026c    00000c30     PWM.obj (.text:Motor_ManMixer)
                  00000e9c    00000a4e     rtsv7M4_T_le_v4SPD16_eabi.lib : _printfi.c.obj (.text:__TI_printfi)
                  000018ea    00000002     startup_ccs.obj (.text:FaultISR)
                  000018ec    000009d0     rtsv7M4_T_le_v4SPD16_eabi.lib : e_pow.c.obj (.text:pow)
                  000022bc    000008cf     main.obj (.text:main)
                  00002b8b    00000001     --HOLE-- [fill = 0]
                  00002b8c    00000354     main.obj (.text:UARTvprintf)
                  00002ee0    000002a8     OrangeRX.obj (.text:OrangeRX_Init)
                  00003188    0000029a     BMP388.obj (.text:BMP388_compensate_pressure)
                  00003422    00000002     startup_ccs.obj (.text:IntDefaultHandler)
                  00003424    00000270     rtsv7M4_T_le_v4SPD16_eabi.lib : _printfi.c.obj (.text:_pconv_a)
                  00003694    00000214     PWM.obj (.text:Motor_setDuty)
                  000038a8    000001f8     OrangeRX.obj (.text:OrangeRX_extractData)
                  00003aa0    000001e0     PWM.obj (.text:PWM_Init)
                  00003c80    000001d4     BMP388.obj (.text:BMP388_showData)
                  00003e54    000001d0     rtsv7M4_T_le_v4SPD16_eabi.lib : _printfi.c.obj (.text:_pconv_g)
                  00004024    000001b6                                   : fd_add_t2.asm.obj (.text)
                  000041da    00000002     startup_ccs.obj (.text:NmiSR)
                  000041dc    00000188     main.obj (.text:UARTStdioIntHandler)
                  00004364    0000016c     driverlib.lib : gpio.obj (.text:GPIOPadConfigSet)
                  000044d0    00000158     rtsv7M4_T_le_v4SPD16_eabi.lib : e_sqrt.c.obj (.text:sqrt)
                  00004628    00000143     i2c.obj (.text:I2C_AddressBruteForcer)
                  0000476b    00000001     --HOLE-- [fill = 0]
                  0000476c    0000013c     rtsv7M4_T_le_v4SPD16_eabi.lib : _printfi.c.obj (.text:_pconv_e)
                  000048a8    00000138     main.obj (.text:UARTStdioConfig)
                  000049e0    00000136     rtsv7M4_T_le_v4SPD16_eabi.lib : fd_div_t2.asm.obj (.text)
                  00004b16    00000002                                   : div0.asm.obj (.text)
                  00004b18    00000128     OrangeRX.obj (.text:OrangeRX_showActData)
                  00004c40    00000124     rtsv7M4_T_le_v4SPD16_eabi.lib : _printfi.c.obj (.text:fcvt)
                  00004d64    00000118     driverlib.lib : sysctl.obj (.text:SysCtlClockGet)
                  00004e7c    00000114     main.obj (.text:UARTwrite)
                  00004f90    00000110     rtsv7M4_T_le_v4SPD16_eabi.lib : s_scalbn.c.obj (.text:scalbn)
                  000050a0    0000010c     BMP388.obj (.text:BMP388_get_sensor_data)
                  000051ac    00000100     i2c.obj (.text:I2C_writeSingleReg)
                  000052ac    000000fc     rtsv7M4_T_le_v4SPD16_eabi.lib : fd_mul_t2.asm.obj (.text)
                  000053a8    000000f8                                   : s_floor.c.obj (.text:floor)
                  000054a0    000000f4     driverlib.lib : sysctl.obj (.text:SysCtlClockSet)
                  00005594    000000f0     buzzer.obj (.text:BUZZ_SM)
                  00005684    000000e4     OrangeRX.obj (.text:OrangeRX_receivedChannelReorganizer)
                  00005768    000000c6     BMX160.obj (.text:BMX160_setMagnConf)
                  0000582e    00000002     --HOLE-- [fill = 0]
                  00005830    000000c4     rtsv7M4_T_le_v4SPD16_eabi.lib : s_round.c.obj (.text:round)
                  000058f4    000000bc                                   : s_trunc.c.obj (.text:trunc)
                  000059b0    000000b1                                   : _printfi.c.obj (.text:_ltostr)
                  00005a61    00000003     --HOLE-- [fill = 0]
                  00005a64    000000ad     BMP388.obj (.text:BMP388_compensate_data)
                  00005b11    00000001     --HOLE-- [fill = 0]
                  00005b12    0000009c     rtsv7M4_T_le_v4SPD16_eabi.lib : memcpy_t2.asm.obj (.text)
                  00005bae    00000096                                   : ull_div_t2.asm.obj (.text)
                  00005c44    00000094     BMX160.obj (.text:BMX160_softReset)
                  00005cd8    00000094     main.obj (.text:UARTPrimeTransmit)
                  00005d6c    00000088     BMP388.obj (.text:BMP388_get_regs)
                  00005df4    00000086     rtsv7M4_T_le_v4SPD16_eabi.lib : fd_cmp_t2.asm.obj (.text:__aeabi_cdcmple)
                  00005e7a    00000086                                   : fd_cmp_t2.asm.obj (.text:__aeabi_cdrcmple)
                  00005f00    00000084     i2c.obj (.text:PCF8574A_Read)
                  00005f84    00000080     uart.obj (.text:UART0_STDIO_Init)
                  00006004    0000007c     BMP388.obj (.text:BMP388_readAltitude)
                  00006080    0000007a     rtsv7M4_T_le_v4SPD16_eabi.lib : memset_t2.asm.obj (.text)
                  000060fa    00000002     --HOLE-- [fill = 0]
                  000060fc    00000078     BMP388.obj (.text:BMP388_readCalibratedAltitude)
                  00006174    00000070     BMP388.obj (.text:BMP388_readSeaLevel)
                  000061e4    0000006e     BMP388.obj (.text:BMP388_compensate_temperature)
                  00006252    0000006e     rtsv7M4_T_le_v4SPD16_eabi.lib : _printfi.c.obj (.text:_mcpy)
                  000062c0    0000006e                                   : fd_tos_t2.asm.obj (.text)
                  0000632e    0000006c     BMP388.obj (.text:BMP388_parse_sensor_data)
                  0000639a    00000002     --HOLE-- [fill = 0]
                  0000639c    0000006c     i2c.obj (.text:I2C_ReadByte)
                  00006408    00000068     driverlib.lib : interrupt.obj (.text:IntEnable)
                  00006470    00000068     rtsv7M4_T_le_v4SPD16_eabi.lib : copy_decompress_lzss.c.obj (.text:decompress:lzss:__TI_decompress_lzss)
                  000064d8    00000066     BMP388.obj (.text:BMP388_readTemperature)
                  0000653e    00000002     --HOLE-- [fill = 0]
                  00006540    00000064     rtsv7M4_T_le_v4SPD16_eabi.lib : s_frexp.c.obj (.text:frexp)
                  000065a4    00000063     BMP388.obj (.text:BMP388_readPressure)
                  00006607    00000001     --HOLE-- [fill = 0]
                  00006608    00000063     BMX160.obj (.text:BMX160_writeBmxReg)
                  0000666b    00000001     --HOLE-- [fill = 0]
                  0000666c    00000061     main.obj (.text:__error__)
                  000066cd    00000003     --HOLE-- [fill = 0]
                  000066d0    00000060     i2c.obj (.text:PCF8574A_Write)
                  00006730    00000060     driverlib.lib : timer.obj (.text:TimerConfigure)
                  00006790    00000056     rtsv7M4_T_le_v4SPD16_eabi.lib : _printfi.c.obj (.text:_pconv_f)
                  000067e6    00000054                                   : _ltoa.c.obj (.text:__TI_ltoa)
                  0000683a    00000052     BMX160.obj (.text:BMX160_defaultParamSettg)
                  0000688c    00000052     rtsv7M4_T_le_v4SPD16_eabi.lib : _printfi.c.obj (.text:_ecpy)
                  000068de    00000002     --HOLE-- [fill = 0]
                  000068e0    0000004c     driverlib.lib : gpio.obj (.text:GPIOPinConfigure)
                  0000692c    0000004c     onBoardSwitch.obj (.text:SWITCH_Init)
                  00006978    0000004c     SysTick.obj (.text:SYSTICK_Delay)
                  000069c4    0000004c     main.obj (.text:UARTFlushTx)
                  00006a10    0000004c     driverlib.lib : timer.obj (.text:_TimerIntNumberGet)
                  00006a5c    0000004c     rtsv7M4_T_le_v4SPD16_eabi.lib : atoi.c.obj (.text:atoi)
                  00006aa8    00000048                                   : fd_toi_t2.asm.obj (.text)
                  00006af0    00000044                                   : autoinit.c.obj (.text:__TI_auto_init_nobinit_nopinit:__TI_auto_init_nobinit_nopinit)
                  00006b34    00000042     BMX160.obj (.text:BMX160_wakeUp)
                  00006b76    00000002     --HOLE-- [fill = 0]
                  00006b78    00000040     driverlib.lib : uart.obj (.text:_UARTIntNumberGet)
                  00006bb8    00000040     rtsv7M4_T_le_v4SPD16_eabi.lib : u_divt2.asm.obj (.text)
                  00006bf8    00000040                                   : sprintf.c.obj (.text:sprintf)
                  00006c38    0000003e                                   : _printfi.c.obj (.text:_fcpy)
                  00006c76    00000002     --HOLE-- [fill = 0]
                  00006c78    0000003c     buzzer.obj (.text:BUZZ_BUZZER)
                  00006cb4    0000003c     main.obj (.text:IsBufferFull)
                  00006cf0    0000003c     main.obj (.text:UARTgetc)
                  00006d2c    00000038     driverlib.lib : sysctl.obj (.text:SysCtlPeripheralReady)
                  00006d64    00000038     SysFlag.obj (.text:SysFlag_Check)
                  00006d9c    00000038     main.obj (.text:SystemInitialize)
                  00006dd4    00000038     uart.obj (.text:UART0_STDIO_IntHandler)
                  00006e0c    00000038     rtsv7M4_T_le_v4SPD16_eabi.lib : fs_tod_t2.asm.obj (.text)
                  00006e44    00000036     BMX160.obj (.text:BMX160_softResetWorker)
                  00006e7a    00000002     --HOLE-- [fill = 0]
                  00006e7c    00000034     driverlib.lib : interrupt.obj (.text:IntRegister)
                  00006eb0    00000034     led.obj (.text:LED_LEDInit)
                  00006ee4    00000034     driverlib.lib : sysctl.obj (.text:SysCtlPeripheralEnable)
                  00006f18    00000034     SysFlag.obj (.text:SysFlag_Clear)
                  00006f4c    00000034     SysFlag.obj (.text:SysFlag_Set)
                  00006f80    00000034     main.obj (.text:UARTFlushRx)
                  00006fb4    00000034     rtsv7M4_T_le_v4SPD16_eabi.lib : boot_cortex_m.c.obj (.text:_c_int00_noargs:_c_int00_noargs)
                  00006fe8    0000002e                                   : i_tofd_t2.asm.obj (.text)
                  00007016    00000002     --HOLE-- [fill = 0]
                  00007018    0000002c     buzzer.obj (.text:BUZZ_BUZZ)
                  00007044    0000002c     driverlib.lib : gpio.obj (.text:GPIODirModeSet)
                  00007070    0000002c     main.obj (.text:IsBufferEmpty)
                  0000709c    0000002c     main.obj (.text:UARTEchoSet)
                  000070c8    00000024     onBoardSwitch.obj (.text:SWITCH_SW1_Pressed)
                  000070ec    00000024     onBoardSwitch.obj (.text:SWITCH_SW2_Pressed)
                  00007110    00000024     main.obj (.text:UARTprintf)
                  00007134    00000022     driverlib.lib : pwm.obj (.text:PWMGenConfigure)
                  00007156    00000002     --HOLE-- [fill = 0]
                  00007158    00000020     OrangeRX.obj (.text:OrangeRX_IntHandler)
                  00007178    00000020     SysTick.obj (.text:SysTick_Init)
                  00007198    00000020     rtsv7M4_T_le_v4SPD16_eabi.lib : u_tofd_t2.asm.obj (.text)
                  000071b8    0000001e     driverlib.lib : pwm.obj (.text:PWMPulseWidthGet)
                  000071d6    0000001e                   : pwm.obj (.text:PWMPulseWidthSet)
                  000071f4    0000001c                   : systick.obj (.text:SysTickIntRegister)
                  00007210    0000001c     rtsv7M4_T_le_v4SPD16_eabi.lib : memccpy.c.obj (.text:memccpy)
                  0000722c    0000001a     driverlib.lib : gpio.obj (.text:GPIOPinTypeGPIOOutput)
                  00007246    0000001a     rtsv7M4_T_le_v4SPD16_eabi.lib : s_copysign.c.obj (.text:copysign)
                  00007260    00000018     driverlib.lib : sysctl.obj (.text:SysCtlPWMClockGet)
                  00007278    00000018                   : timer.obj (.text:TimerIntRegister)
                  00007290    00000018                   : uart.obj (.text:UARTIntRegister)
                  000072a8    00000018     rtsv7M4_T_le_v4SPD16_eabi.lib : sprintf.c.obj (.text:_outs)
                  000072c0    00000016     driverlib.lib : gpio.obj (.text:GPIOPinTypePWM)
                  000072d6    00000016                   : gpio.obj (.text:GPIOPinTypeTimer)
                  000072ec    00000016                   : gpio.obj (.text:GPIOPinTypeUART)
                  00007302    00000016                   : i2c.obj (.text:I2CMasterErr)
                  00007318    00000016                   : timer.obj (.text:TimerControlEvent)
                  0000732e    00000016     rtsv7M4_T_le_v4SPD16_eabi.lib : strchr.c.obj (.text:strchr)
                  00007344    00000014     driverlib.lib : sysctl.obj (.text:SysCtlPWMClockSet)
                  00007358    00000014                   : sysctl.obj (.text:SysCtlResetCauseClear)
                  0000736c    00000014                   : systick.obj (.text:SysTickEnable)
                  00007380    00000014                   : systick.obj (.text:SysTickIntEnable)
                  00007394    00000014     rtsv7M4_T_le_v4SPD16_eabi.lib : strlen.c.obj (.text:strlen)
                  000073a8    00000012     driverlib.lib : pwm.obj (.text:PWMGenPeriodGet)
                  000073ba    00000012                   : pwm.obj (.text:PWMOutputState)
                  000073cc    00000012                   : timer.obj (.text:TimerLoadSet)
                  000073de    00000012                   : timer.obj (.text:TimerMatchSet)
                  000073f0    00000012     rtsv7M4_T_le_v4SPD16_eabi.lib : wcslen.c.obj (.text:wcslen)
                  00007402    00000010     driverlib.lib : pwm.obj (.text:PWMGenPeriodSet)
                  00007412    00000002     --HOLE-- [fill = 0]
                  00007414    00000010     sysclk.obj (.text:SysClk_Init)
                  00007424    00000010     driverlib.lib : systick.obj (.text:SysTickPeriodSet)
                  00007434    0000000e                   : timer.obj (.text:TimerEnable)
                  00007442    0000000e     rtsv7M4_T_le_v4SPD16_eabi.lib : copy_decompress_none.c.obj (.text:decompress:none:__TI_decompress_none)
                  00007450    0000000c     driverlib.lib : pwm.obj (.text:PWMGenEnable)
                  0000745c    0000000c                   : sysctl.obj (.text:SysCtlResetCauseGet)
                  00007468    0000000c     SysFlag.obj (.text:SysFlag_Init)
                  00007474    0000000c     rtsv7M4_T_le_v4SPD16_eabi.lib : copy_zero_init.c.obj (.text:decompress:ZI:__TI_zero_init)
                  00007480    0000000a     SysTick.obj (.text:SysTick_IntHandler)
                  0000748a    0000000a     driverlib.lib : timer.obj (.text:TimerValueGet)
                  00007494    0000000a                   : uart.obj (.text:UARTIntStatus)
                  0000749e    0000000a     rtsv7M4_T_le_v4SPD16_eabi.lib : sprintf.c.obj (.text:_outc)
                  000074a8    00000008     driverlib.lib : i2c.obj (.text:I2CMasterBusy)
                  000074b0    00000008                   : i2c.obj (.text:I2CMasterSlaveAddrSet)
                  000074b8    00000008                   : timer.obj (.text:TimerIntEnable)
                  000074c0    00000008                   : uart.obj (.text:UARTIntEnable)
                  000074c8    00000008     rtsv7M4_T_le_v4SPD16_eabi.lib : errno.c.obj (.text:__aeabi_errno_addr)
                  000074d0    00000006     driverlib.lib : gpio.obj (.text:GPIOPinRead)
                  000074d6    00000006                   : gpio.obj (.text:GPIOPinWrite)
                  000074dc    00000006     startup_ccs.obj (.text:ResetISR)
                  000074e2    00000006     driverlib.lib : sysctl.obj (.text:SysCtlDelay)
                  000074e8    00000006                   : uart.obj (.text:UARTClockSourceSet)
                  000074ee    00000004                   : i2c.obj (.text:I2CMasterControl)
                  000074f2    00000004                   : i2c.obj (.text:I2CMasterDataGet)
                  000074f6    00000004                   : i2c.obj (.text:I2CMasterDataPut)
                  000074fa    00000004                   : timer.obj (.text:TimerIntClear)
                  000074fe    00000004     rtsv7M4_T_le_v4SPD16_eabi.lib : pre_init.c.obj (.text:_system_pre_init)
                  00007502    00000004                                   : exit.c.obj (.text:abort:abort)

.const     0    00007508    00000414     
                  00007508    00000101     rtsv7M4_T_le_v4SPD16_eabi.lib : ctype.c.obj (.const:.string:_ctypes_)
                  00007609    00000003     --HOLE-- [fill = 0]
                  0000760c    00000090     driverlib.lib : gpio.obj (.const:g_pui32GPIOBaseAddrs)
                  0000769c    0000006c                   : sysctl.obj (.const:g_pui32Xtals)
                  00007708    00000060                   : timer.obj (.const:g_ppui32TimerIntMap)
                  00007768    0000004c     PWM.obj (.const:.string)
                  000077b4    00000040     driverlib.lib : timer.obj (.const:g_ppui32TimerIntMapSnowflake)
                  000077f4    00000040                   : uart.obj (.const:g_ppui32UARTIntMap)
                  00007834    00000040                   : uart.obj (.const:g_ppui32UARTIntMapSnowflake)
                  00007874    00000004     main.obj (.const)
                  00007878    00000030     rtsv7M4_T_le_v4SPD16_eabi.lib : e_pow.c.obj (.const:$O1$$)
                  000078a8    00000020     PWM.obj (.const:subtract_Motor)
                  000078c8    00000014     driverlib.lib : interrupt.obj (.const:g_pui32EnRegs)
                  000078dc    00000012     main.obj (.const:.string)
                  000078ee    00000002     --HOLE-- [fill = 0]
                  000078f0    0000000c     main.obj (.const:g_ui32UARTBase)
                  000078fc    0000000c     main.obj (.const:g_ui32UARTInt)
                  00007908    0000000c     main.obj (.const:g_ui32UARTPeriph)
                  00007914    00000008     BMP388.obj (.const:$P$T0$1)

.cinit     0    00007920    00000070     
                  00007920    0000003c     (.cinit..data.load) [load image, compression = lzss]
                  0000795c    0000000c     (__TI_handler_table)
                  00007968    00000008     (.cinit..bss.load) [load image, compression = zero_init]
                  00007970    00000008     (.cinit..vtable.load) [load image, compression = zero_init]
                  00007978    00000018     (__TI_cinit_table)

.init_array 
*          0    00000000    00000000     UNINITIALIZED

.vtable    0    20000000    0000026c     UNINITIALIZED
                  20000000    0000026c     driverlib.lib : interrupt.obj (.vtable)

.stack     0    20000270    00001000     UNINITIALIZED
                  20000270    00000004     rtsv7M4_T_le_v4SPD16_eabi.lib : boot_cortex_m.c.obj (.stack)
                  20000274    00000ffc     --HOLE--

.sysmem    0    20001270    00001000     UNINITIALIZED
                  20001270    00000010     rtsv7M4_T_le_v4SPD16_eabi.lib : memory.c.obj (.sysmem)
                  20001280    00000ff0     --HOLE--

.bss       0    20002270    00000876     UNINITIALIZED
                  20002270    00000400     main.obj (.bss:g_pcUARTTxBuffer)
                  20002670    00000190     (.common:rx_data)
                  20002800    00000120     (.common:mixer)
                  20002920    000000d0     (.common:dev)
                  200029f0    00000080     main.obj (.bss:g_pcUARTRxBuffer)
                  20002a70    00000038     (.common:rx_text)
                  20002aa8    00000020     (.common:dutyOf)
                  20002ac8    00000008     main.obj (.bss)
                  20002ad0    00000004     buzzer.obj (.bss)
                  20002ad4    00000004     (.common:Obmx160)
                  20002ad8    00000004     (.common:g_uiSysFlags)
                  20002adc    00000004     (.common:resetCause)
                  20002ae0    00000002     (.common:buzDuration)
                  20002ae2    00000002     (.common:count)
                  20002ae4    00000002     (.common:pauseTime)

.data      0    20002ae8    0000006d     UNINITIALIZED
                  20002ae8    0000002c     main.obj (.data)
                  20002b14    00000020     PWM.obj (.data:motion_string)
                  20002b34    00000010     PWM.obj (.data:Channel_Tune_Variable)
                  20002b44    00000008     PWM.obj (.data:selected_Motion)
                  20002b4c    00000004     rtsv7M4_T_le_v4SPD16_eabi.lib : errno.c.obj (.data)
                  20002b50    00000003     buzzer.obj (.data)
                  20002b53    00000001     OrangeRX.obj (.data)
                  20002b54    00000001     PWM.obj (.data)

__llvm_prf_cnts 
*          0    20000000    00000000     UNINITIALIZED

.binit     0    00000000    00000000     

MODULE SUMMARY

       Module                       code    ro data   rw data
       ------                       ----    -------   -------
    .\
       main.obj                     4760    58        1208   
       startup_ccs.obj              12      620       0      
    +--+----------------------------+-------+---------+---------+
       Total:                       4772    678       1208   
                                                             
    .\local_Include\
       i2c.obj                      915     0         0      
       uart.obj                     184     0         0      
       SysFlag.obj                  172     0         4      
       onBoardSwitch.obj            148     0         0      
       SysTick.obj                  118     0         0      
       led.obj                      52      0         0      
       sysclk.obj                   16      0         0      
    +--+----------------------------+-------+---------+---------+
       Total:                       1605    0         4      
                                                             
    .\local_Include\BMP388\
       BMP388.obj                   2486    8         208    
    +--+----------------------------+-------+---------+---------+
       Total:                       2486    8         208    
                                                             
    .\local_Include\BMX160\
       BMX160.obj                   647     0         4      
    +--+----------------------------+-------+---------+---------+
       Total:                       647     0         4      
                                                             
    .\local_Include\BUZZER\
       buzzer.obj                   344     0         13     
    +--+----------------------------+-------+---------+---------+
       Total:                       344     0         13     
                                                             
    .\local_Include\OrangeRX\
       OrangeRX.obj                 1740    0         457    
    +--+----------------------------+-------+---------+---------+
       Total:                       1740    0         457    
                                                             
    .\local_Include\PWM\
       PWM.obj                      4132    108       377    
    +--+----------------------------+-------+---------+---------+
       Total:                       4132    108       377    
                                                             
    C:/ti/TivaWare_C_Series-2.2.0.295/driverlib/ccs/Debug/driverlib.lib
       sysctl.obj                   714     108       0      
       interrupt.obj                156     20        620    
       gpio.obj                     588     144       0      
       timer.obj                    290     160       0      
       uart.obj                     112     128       0      
       pwm.obj                      158     0         0      
       systick.obj                  84      0         0      
       i2c.obj                      50      0         0      
    +--+----------------------------+-------+---------+---------+
       Total:                       2152    560       620    
                                                             
    C:\ti\ccs1040\ccs\tools\compiler\ti-cgt-arm_20.2.5.LTS\lib\rtsv7M4_T_le_v4SPD16_eabi.lib
       _printfi.c.obj               4851    0         0      
       e_pow.c.obj                  2512    48        0      
       fd_add_t2.asm.obj            438     0         0      
       e_sqrt.c.obj                 344     0         0      
       fd_div_t2.asm.obj            310     0         0      
       s_scalbn.c.obj               272     0         0      
       fd_cmp_t2.asm.obj            268     0         0      
       ctype.c.obj                  0       257       0      
       fd_mul_t2.asm.obj            252     0         0      
       s_floor.c.obj                248     0         0      
       s_round.c.obj                196     0         0      
       s_trunc.c.obj                188     0         0      
       memcpy_t2.asm.obj            156     0         0      
       ull_div_t2.asm.obj           150     0         0      
       memset_t2.asm.obj            122     0         0      
       fd_tos_t2.asm.obj            110     0         0      
       copy_decompress_lzss.c.obj   104     0         0      
       s_frexp.c.obj                100     0         0      
       sprintf.c.obj                98      0         0      
       _ltoa.c.obj                  84      0         0      
       atoi.c.obj                   76      0         0      
       fd_toi_t2.asm.obj            72      0         0      
       autoinit.c.obj               68      0         0      
       u_divt2.asm.obj              64      0         0      
       fs_tod_t2.asm.obj            56      0         0      
       boot_cortex_m.c.obj          52      0         0      
       i_tofd_t2.asm.obj            46      0         0      
       u_tofd_t2.asm.obj            32      0         0      
       memccpy.c.obj                28      0         0      
       s_copysign.c.obj             26      0         0      
       strchr.c.obj                 22      0         0      
       strlen.c.obj                 20      0         0      
       wcslen.c.obj                 18      0         0      
       copy_decompress_none.c.obj   14      0         0      
       copy_zero_init.c.obj         12      0         0      
       errno.c.obj                  8       0         4      
       exit.c.obj                   4       0         0      
       pre_init.c.obj               4       0         0      
       div0.asm.obj                 2       0         0      
    +--+----------------------------+-------+---------+---------+
       Total:                       11427   305       4      
                                                             
       Heap:                        0       0         4096   
       Stack:                       0       0         4096   
       Linker Generated:            0       112       0      
    +--+----------------------------+-------+---------+---------+
       Grand Total:                 29305   1771      11087  


LINKER GENERATED COPY TABLES

__TI_cinit_table @ 00007978 records: 3, size/record: 8, table size: 24
	.data: load addr=00007920, load size=0000003c bytes, run addr=20002ae8, run size=0000006d bytes, compression=lzss
	.bss: load addr=00007968, load size=00000008 bytes, run addr=20002270, run size=00000876 bytes, compression=zero_init
	.vtable: load addr=00007970, load size=00000008 bytes, run addr=20000000, run size=0000026c bytes, compression=zero_init


LINKER GENERATED HANDLER TABLE

__TI_handler_table @ 0000795c records: 3, size/record: 4, table size: 12
	index: 0, handler: __TI_zero_init
	index: 1, handler: __TI_decompress_lzss
	index: 2, handler: __TI_decompress_none


GLOBAL SYMBOLS: SORTED ALPHABETICALLY BY Name 

address   name                               
-------   ----                               
00005a65  BMP388_compensate_data             
00003189  BMP388_compensate_pressure         
000061e5  BMP388_compensate_temperature      
00005d6d  BMP388_get_regs                    
000050a1  BMP388_get_sensor_data             
0000632f  BMP388_parse_sensor_data           
00006005  BMP388_readAltitude                
000060fd  BMP388_readCalibratedAltitude      
000065a5  BMP388_readPressure                
00006175  BMP388_readSeaLevel                
000064d9  BMP388_readTemperature             
00003c81  BMP388_showData                    
0000683b  BMX160_defaultParamSettg           
00005769  BMX160_setMagnConf                 
00005c45  BMX160_softReset                   
00006e45  BMX160_softResetWorker             
00006b35  BMX160_wakeUp                      
00006609  BMX160_writeBmxReg                 
00007019  BUZZ_BUZZ                          
00006c79  BUZZ_BUZZER                        
00005595  BUZZ_SM                            
00007503  C$$EXIT                            
20002b34  Channel_Tune_Variable              
00007045  GPIODirModeSet                     
00004365  GPIOPadConfigSet                   
000068e1  GPIOPinConfigure                   
000074d1  GPIOPinRead                        
0000722d  GPIOPinTypeGPIOOutput              
000072c1  GPIOPinTypePWM                     
000072d7  GPIOPinTypeTimer                   
000072ed  GPIOPinTypeUART                    
000074d7  GPIOPinWrite                       
000074a9  I2CMasterBusy                      
000074ef  I2CMasterControl                   
000074f3  I2CMasterDataGet                   
000074f7  I2CMasterDataPut                   
00007303  I2CMasterErr                       
000074b1  I2CMasterSlaveAddrSet              
00004629  I2C_AddressBruteForcer             
0000639d  I2C_ReadByte                       
000051ad  I2C_writeSingleReg                 
00006409  IntEnable                          
00006e7d  IntRegister                        
00006eb1  LED_LEDInit                        
0000026d  Motor_ManMixer                     
00003695  Motor_setDuty                      
20002ad4  Obmx160                            
00002ee1  OrangeRX_Init                      
00007159  OrangeRX_IntHandler                
000038a9  OrangeRX_extractData               
00005685  OrangeRX_receivedChannelReorganizer
00004b19  OrangeRX_showActData               
00005f01  PCF8574A_Read                      
000066d1  PCF8574A_Write                     
00007135  PWMGenConfigure                    
00007451  PWMGenEnable                       
000073a9  PWMGenPeriodGet                    
00007403  PWMGenPeriodSet                    
000073bb  PWMOutputState                     
000071b9  PWMPulseWidthGet                   
000071d7  PWMPulseWidthSet                   
00003aa1  PWM_Init                           
000074dd  ResetISR                           
0000692d  SWITCH_Init                        
000070c9  SWITCH_SW1_Pressed                 
000070ed  SWITCH_SW2_Pressed                 
00006979  SYSTICK_Delay                      
00007415  SysClk_Init                        
00004d65  SysCtlClockGet                     
000054a1  SysCtlClockSet                     
000074e3  SysCtlDelay                        
00007261  SysCtlPWMClockGet                  
00007345  SysCtlPWMClockSet                  
00006ee5  SysCtlPeripheralEnable             
00006d2d  SysCtlPeripheralReady              
00007359  SysCtlResetCauseClear              
0000745d  SysCtlResetCauseGet                
00006d65  SysFlag_Check                      
00006f19  SysFlag_Clear                      
00007469  SysFlag_Init                       
00006f4d  SysFlag_Set                        
0000736d  SysTickEnable                      
00007381  SysTickIntEnable                   
000071f5  SysTickIntRegister                 
00007425  SysTickPeriodSet                   
00007179  SysTick_Init                       
00007481  SysTick_IntHandler                 
00006d9d  SystemInitialize                   
00006731  TimerConfigure                     
00007319  TimerControlEvent                  
00007435  TimerEnable                        
000074fb  TimerIntClear                      
000074b9  TimerIntEnable                     
00007279  TimerIntRegister                   
000073cd  TimerLoadSet                       
000073df  TimerMatchSet                      
0000748b  TimerValueGet                      
00005f85  UART0_STDIO_Init                   
00006dd5  UART0_STDIO_IntHandler             
000074e9  UARTClockSourceSet                 
0000709d  UARTEchoSet                        
00006f81  UARTFlushRx                        
000069c5  UARTFlushTx                        
000074c1  UARTIntEnable                      
00007291  UARTIntRegister                    
00007495  UARTIntStatus                      
000048a9  UARTStdioConfig                    
000041dd  UARTStdioIntHandler                
00006cf1  UARTgetc                           
00007111  UARTprintf                         
00002b8d  UARTvprintf                        
00004e7d  UARTwrite                          
20001270  __STACK_END                        
00001000  __STACK_SIZE                       
20000470  __STACK_TOP                        
00001000  __SYSMEM_SIZE                      
00007978  __TI_CINIT_Base                    
00007990  __TI_CINIT_Limit                   
0000795c  __TI_Handler_Table_Base            
00007968  __TI_Handler_Table_Limit           
00006af1  __TI_auto_init_nobinit_nopinit     
00006471  __TI_decompress_lzss               
00007443  __TI_decompress_none               
000067e7  __TI_ltoa                          
ffffffff  __TI_pprof_out_hndl                
00000e9d  __TI_printfi                       
ffffffff  __TI_prof_data_size                
ffffffff  __TI_prof_data_start               
00000000  __TI_static_base__                 
00007475  __TI_zero_init                     
00005df5  __aeabi_cdcmpeq                    
00005df5  __aeabi_cdcmple                    
00005e7b  __aeabi_cdrcmple                   
000062c1  __aeabi_d2f                        
00006aa9  __aeabi_d2iz                       
0000402f  __aeabi_dadd                       
000049e1  __aeabi_ddiv                       
000052ad  __aeabi_dmul                       
00004025  __aeabi_dsub                       
000074c9  __aeabi_errno_addr                 
00006e0d  __aeabi_f2d                        
00006fe9  __aeabi_i2d                        
00004b17  __aeabi_idiv0                      
00004b17  __aeabi_ldiv0                      
00006081  __aeabi_memclr                     
00006081  __aeabi_memclr4                    
00006081  __aeabi_memclr8                    
00005b13  __aeabi_memcpy                     
00005b13  __aeabi_memcpy4                    
00005b13  __aeabi_memcpy8                    
00006083  __aeabi_memset                     
00006083  __aeabi_memset4                    
00006083  __aeabi_memset8                    
00007199  __aeabi_ui2d                       
00006bb9  __aeabi_uidiv                      
00006bb9  __aeabi_uidivmod                   
00005baf  __aeabi_uldivmod                   
ffffffff  __binit__                          
ffffffff  __c_args__                         
0000666d  __error__                          
UNDEFED   __mpu_init                         
20000270  __stack                            
20000000  __start___llvm_prf_cnts            
20000000  __stop___llvm_prf_cnts             
00006fb5  _c_int00_noargs                    
00007508  _ctypes_                           
20001270  _sys_memory                        
UNDEFED   _system_post_cinit                 
000074ff  _system_pre_init                   
00007503  abort                              
00006a5d  atoi                               
ffffffff  binit                              
20002ae0  buzDuration                        
00007247  copysign                           
00007247  copysignl                          
20002ae2  count                              
20002920  dev                                
20002aa8  dutyOf                             
20002b4c  errno                              
000053a9  floor                              
000053a9  floorl                             
20002b53  frameGapChNo                       
00006541  frexp                              
00006541  frexpl                             
20000000  g_pfnRAMVectors                    
00000000  g_pfnVectors                       
20002ad8  g_uiSysFlags                       
00004f91  ldexp                              
00004f91  ldexpl                             
000022bd  main                               
00007211  memccpy                            
00005b13  memcpy                             
00006089  memset                             
20002800  mixer                              
20002b14  motion_string                      
20002b54  motorSelect                        
20002ae4  pauseTime                          
000018ed  pow                                
000018ed  powl                               
20002adc  resetCause                         
00005831  round                              
00005831  roundl                             
20002670  rx_data                            
20002a70  rx_text                            
00004f91  scalbn                             
00004f91  scalbnl                            
20002b44  selected_Motion                    
00006bf9  sprintf                            
000044d1  sqrt                               
000044d1  sqrtl                              
0000732f  strchr                             
00007395  strlen                             
000078a8  subtract_Motor                     
000058f5  trunc                              
000058f5  truncl                             
000073f1  wcslen                             


GLOBAL SYMBOLS: SORTED BY Symbol Address 

address   name                               
-------   ----                               
00000000  __TI_static_base__                 
00000000  g_pfnVectors                       
0000026d  Motor_ManMixer                     
00000e9d  __TI_printfi                       
00001000  __STACK_SIZE                       
00001000  __SYSMEM_SIZE                      
000018ed  pow                                
000018ed  powl                               
000022bd  main                               
00002b8d  UARTvprintf                        
00002ee1  OrangeRX_Init                      
00003189  BMP388_compensate_pressure         
00003695  Motor_setDuty                      
000038a9  OrangeRX_extractData               
00003aa1  PWM_Init                           
00003c81  BMP388_showData                    
00004025  __aeabi_dsub                       
0000402f  __aeabi_dadd                       
000041dd  UARTStdioIntHandler                
00004365  GPIOPadConfigSet                   
000044d1  sqrt                               
000044d1  sqrtl                              
00004629  I2C_AddressBruteForcer             
000048a9  UARTStdioConfig                    
000049e1  __aeabi_ddiv                       
00004b17  __aeabi_idiv0                      
00004b17  __aeabi_ldiv0                      
00004b19  OrangeRX_showActData               
00004d65  SysCtlClockGet                     
00004e7d  UARTwrite                          
00004f91  ldexp                              
00004f91  ldexpl                             
00004f91  scalbn                             
00004f91  scalbnl                            
000050a1  BMP388_get_sensor_data             
000051ad  I2C_writeSingleReg                 
000052ad  __aeabi_dmul                       
000053a9  floor                              
000053a9  floorl                             
000054a1  SysCtlClockSet                     
00005595  BUZZ_SM                            
00005685  OrangeRX_receivedChannelReorganizer
00005769  BMX160_setMagnConf                 
00005831  round                              
00005831  roundl                             
000058f5  trunc                              
000058f5  truncl                             
00005a65  BMP388_compensate_data             
00005b13  __aeabi_memcpy                     
00005b13  __aeabi_memcpy4                    
00005b13  __aeabi_memcpy8                    
00005b13  memcpy                             
00005baf  __aeabi_uldivmod                   
00005c45  BMX160_softReset                   
00005d6d  BMP388_get_regs                    
00005df5  __aeabi_cdcmpeq                    
00005df5  __aeabi_cdcmple                    
00005e7b  __aeabi_cdrcmple                   
00005f01  PCF8574A_Read                      
00005f85  UART0_STDIO_Init                   
00006005  BMP388_readAltitude                
00006081  __aeabi_memclr                     
00006081  __aeabi_memclr4                    
00006081  __aeabi_memclr8                    
00006083  __aeabi_memset                     
00006083  __aeabi_memset4                    
00006083  __aeabi_memset8                    
00006089  memset                             
000060fd  BMP388_readCalibratedAltitude      
00006175  BMP388_readSeaLevel                
000061e5  BMP388_compensate_temperature      
000062c1  __aeabi_d2f                        
0000632f  BMP388_parse_sensor_data           
0000639d  I2C_ReadByte                       
00006409  IntEnable                          
00006471  __TI_decompress_lzss               
000064d9  BMP388_readTemperature             
00006541  frexp                              
00006541  frexpl                             
000065a5  BMP388_readPressure                
00006609  BMX160_writeBmxReg                 
0000666d  __error__                          
000066d1  PCF8574A_Write                     
00006731  TimerConfigure                     
000067e7  __TI_ltoa                          
0000683b  BMX160_defaultParamSettg           
000068e1  GPIOPinConfigure                   
0000692d  SWITCH_Init                        
00006979  SYSTICK_Delay                      
000069c5  UARTFlushTx                        
00006a5d  atoi                               
00006aa9  __aeabi_d2iz                       
00006af1  __TI_auto_init_nobinit_nopinit     
00006b35  BMX160_wakeUp                      
00006bb9  __aeabi_uidiv                      
00006bb9  __aeabi_uidivmod                   
00006bf9  sprintf                            
00006c79  BUZZ_BUZZER                        
00006cf1  UARTgetc                           
00006d2d  SysCtlPeripheralReady              
00006d65  SysFlag_Check                      
00006d9d  SystemInitialize                   
00006dd5  UART0_STDIO_IntHandler             
00006e0d  __aeabi_f2d                        
00006e45  BMX160_softResetWorker             
00006e7d  IntRegister                        
00006eb1  LED_LEDInit                        
00006ee5  SysCtlPeripheralEnable             
00006f19  SysFlag_Clear                      
00006f4d  SysFlag_Set                        
00006f81  UARTFlushRx                        
00006fb5  _c_int00_noargs                    
00006fe9  __aeabi_i2d                        
00007019  BUZZ_BUZZ                          
00007045  GPIODirModeSet                     
0000709d  UARTEchoSet                        
000070c9  SWITCH_SW1_Pressed                 
000070ed  SWITCH_SW2_Pressed                 
00007111  UARTprintf                         
00007135  PWMGenConfigure                    
00007159  OrangeRX_IntHandler                
00007179  SysTick_Init                       
00007199  __aeabi_ui2d                       
000071b9  PWMPulseWidthGet                   
000071d7  PWMPulseWidthSet                   
000071f5  SysTickIntRegister                 
00007211  memccpy                            
0000722d  GPIOPinTypeGPIOOutput              
00007247  copysign                           
00007247  copysignl                          
00007261  SysCtlPWMClockGet                  
00007279  TimerIntRegister                   
00007291  UARTIntRegister                    
000072c1  GPIOPinTypePWM                     
000072d7  GPIOPinTypeTimer                   
000072ed  GPIOPinTypeUART                    
00007303  I2CMasterErr                       
00007319  TimerControlEvent                  
0000732f  strchr                             
00007345  SysCtlPWMClockSet                  
00007359  SysCtlResetCauseClear              
0000736d  SysTickEnable                      
00007381  SysTickIntEnable                   
00007395  strlen                             
000073a9  PWMGenPeriodGet                    
000073bb  PWMOutputState                     
000073cd  TimerLoadSet                       
000073df  TimerMatchSet                      
000073f1  wcslen                             
00007403  PWMGenPeriodSet                    
00007415  SysClk_Init                        
00007425  SysTickPeriodSet                   
00007435  TimerEnable                        
00007443  __TI_decompress_none               
00007451  PWMGenEnable                       
0000745d  SysCtlResetCauseGet                
00007469  SysFlag_Init                       
00007475  __TI_zero_init                     
00007481  SysTick_IntHandler                 
0000748b  TimerValueGet                      
00007495  UARTIntStatus                      
000074a9  I2CMasterBusy                      
000074b1  I2CMasterSlaveAddrSet              
000074b9  TimerIntEnable                     
000074c1  UARTIntEnable                      
000074c9  __aeabi_errno_addr                 
000074d1  GPIOPinRead                        
000074d7  GPIOPinWrite                       
000074dd  ResetISR                           
000074e3  SysCtlDelay                        
000074e9  UARTClockSourceSet                 
000074ef  I2CMasterControl                   
000074f3  I2CMasterDataGet                   
000074f7  I2CMasterDataPut                   
000074fb  TimerIntClear                      
000074ff  _system_pre_init                   
00007503  C$$EXIT                            
00007503  abort                              
00007508  _ctypes_                           
000078a8  subtract_Motor                     
0000795c  __TI_Handler_Table_Base            
00007968  __TI_Handler_Table_Limit           
00007978  __TI_CINIT_Base                    
00007990  __TI_CINIT_Limit                   
20000000  __start___llvm_prf_cnts            
20000000  __stop___llvm_prf_cnts             
20000000  g_pfnRAMVectors                    
20000270  __stack                            
20000470  __STACK_TOP                        
20001270  __STACK_END                        
20001270  _sys_memory                        
20002670  rx_data                            
20002800  mixer                              
20002920  dev                                
20002a70  rx_text                            
20002aa8  dutyOf                             
20002ad4  Obmx160                            
20002ad8  g_uiSysFlags                       
20002adc  resetCause                         
20002ae0  buzDuration                        
20002ae2  count                              
20002ae4  pauseTime                          
20002b14  motion_string                      
20002b34  Channel_Tune_Variable              
20002b44  selected_Motion                    
20002b4c  errno                              
20002b53  frameGapChNo                       
20002b54  motorSelect                        
ffffffff  __TI_pprof_out_hndl                
ffffffff  __TI_prof_data_size                
ffffffff  __TI_prof_data_start               
ffffffff  __binit__                          
ffffffff  __c_args__                         
ffffffff  binit                              
UNDEFED   __mpu_init                         
UNDEFED   _system_post_cinit                 

[216 symbols]
