******************************************************************************
                  TI ARM Linker PC v20.2.5                     
******************************************************************************
>> Linked Wed Mar  2 20:43:57 2022

OUTPUT FILE NAME:   <DroneProject.out>
ENTRY POINT SYMBOL: "_c_int00_noargs"  address: 00007cf1


MEMORY CONFIGURATION

         name            origin    length      used     unused   attr    fill
----------------------  --------  ---------  --------  --------  ----  --------
  FLASH                 00000000   00040000  0000894e  000376b2  R  X
  SRAM                  20000000   00008000  00002b50  000054b0  RW X


SEGMENT ALLOCATION MAP

run origin  load origin   length   init length attrs members
----------  ----------- ---------- ----------- ----- -------
00000000    00000000    00008950   00008950    r-x
  00000000    00000000    0000026c   0000026c    r-- .intvecs
  0000026c    0000026c    0000813a   0000813a    r-x .text
  000083a8    000083a8    00000540   00000540    r-- .const
  000088e8    000088e8    00000068   00000068    r-- .cinit
20000000    20000000    00002b55   00000000    rw-
  20000000    20000000    0000026c   00000000    rw- .vtable
  20000270    20000270    00001000   00000000    rw- .stack
  20001270    20001270    00001000   00000000    rw- .sysmem
  20002270    20002270    00000883   00000000    rw- .bss
  20002af4    20002af4    00000061   00000000    rw- .data


SECTION ALLOCATION MAP

 output                                  attributes/
section   page    origin      length       input sections
--------  ----  ----------  ----------   ----------------
.intvecs   0    00000000    0000026c     
                  00000000    0000026c     startup_ccs.obj (.intvecs)

.text      0    0000026c    0000813a     
                  0000026c    00000a4e     rtsv7M4_T_le_v4SPD16_eabi.lib : _printfi.c.obj (.text:__TI_printfi)
                  00000cba    00000002     startup_ccs.obj (.text:FaultISR)
                  00000cbc    000009d0     rtsv7M4_T_le_v4SPD16_eabi.lib : e_pow.c.obj (.text:pow)
                  0000168c    00000923     main.obj (.text:main)
                  00001faf    00000001     --HOLE-- [fill = 0]
                  00001fb0    00000354     main.obj (.text:UARTvprintf)
                  00002304    0000031c     BMP388.obj (.text:BMP388_parse_calib_data)
                  00002620    000002a8     OrangeRX.obj (.text:OrangeRX_Init)
                  000028c8    0000029a     BMP388.obj (.text:BMP388_compensate_pressure)
                  00002b62    00000002     startup_ccs.obj (.text:IntDefaultHandler)
                  00002b64    00000270     BMP388.obj (.text:BMP388_begin)
                  00002dd4    00000270     rtsv7M4_T_le_v4SPD16_eabi.lib : _printfi.c.obj (.text:_pconv_a)
                  00003044    00000230     BMX160.obj (.text:BMX160_getAllData)
                  00003274    00000214     PWM.obj (.text:Motor_setDuty)
                  00003488    00000208     BMP388.obj (.text:BMP388_showData)
                  00003690    00000201     BMP388.obj (.text:BMP388_set_config)
                  00003891    00000001     --HOLE-- [fill = 0]
                  00003892    00000002     startup_ccs.obj (.text:NmiSR)
                  00003894    000001f8     BMX160.obj (.text:BMX160_showData)
                  00003a8c    000001f8     OrangeRX.obj (.text:OrangeRX_extractData)
                  00003c84    000001e0     PWM.obj (.text:PWM_Init)
                  00003e64    000001dc     BMP388.obj (.text:BMP388_user_i2c_read)
                  00004040    000001d0     rtsv7M4_T_le_v4SPD16_eabi.lib : _printfi.c.obj (.text:_pconv_g)
                  00004210    000001b6                                   : fd_add_t2.asm.obj (.text)
                  000043c6    00000002                                   : _lock.c.obj (.text:_nop)
                  000043c8    000001a0     BMP388.obj (.text:BMP388_reset)
                  00004568    00000188     main.obj (.text:UARTStdioIntHandler)
                  000046f0    0000016c     driverlib.lib : gpio.obj (.text:GPIOPadConfigSet)
                  0000485c    00000158     rtsv7M4_T_le_v4SPD16_eabi.lib : e_sqrt.c.obj (.text:sqrt)
                  000049b4    00000143     i2c.obj (.text:I2C_AddressBruteForcer)
                  00004af7    00000001     --HOLE-- [fill = 0]
                  00004af8    0000013c     rtsv7M4_T_le_v4SPD16_eabi.lib : _printfi.c.obj (.text:_pconv_e)
                  00004c34    00000138     main.obj (.text:UARTStdioConfig)
                  00004d6c    00000136     rtsv7M4_T_le_v4SPD16_eabi.lib : fd_div_t2.asm.obj (.text)
                  00004ea2    00000002                                   : div0.asm.obj (.text)
                  00004ea4    00000134     BMP388.obj (.text:BMP388_Init)
                  00004fd8    00000128     OrangeRX.obj (.text:OrangeRX_showActData)
                  00005100    00000124     rtsv7M4_T_le_v4SPD16_eabi.lib : _printfi.c.obj (.text:fcvt)
                  00005224    00000118     BMP388.obj (.text:BMP388_user_i2c_write)
                  0000533c    00000118     driverlib.lib : sysctl.obj (.text:SysCtlClockGet)
                  00005454    00000114     main.obj (.text:UARTwrite)
                  00005568    00000110     rtsv7M4_T_le_v4SPD16_eabi.lib : s_scalbn.c.obj (.text:scalbn)
                  00005678    0000010c     BMP388.obj (.text:BMP388_get_sensor_data)
                  00005784    00000100     i2c.obj (.text:I2C_writeSingleReg)
                  00005884    00000100     rtsv7M4_T_le_v4SPD16_eabi.lib : memory.c.obj (.text:aligned_alloc)
                  00005984    000000fc     BMX160.obj (.text:BMX160_Init)
                  00005a80    000000fc     rtsv7M4_T_le_v4SPD16_eabi.lib : fd_mul_t2.asm.obj (.text)
                  00005b7c    000000f8                                   : s_floor.c.obj (.text:floor)
                  00005c74    000000f4     driverlib.lib : sysctl.obj (.text:SysCtlClockSet)
                  00005d68    000000f0     buzzer.obj (.text:BUZZ_SM)
                  00005e58    000000e4     OrangeRX.obj (.text:OrangeRX_receivedChannelReorganizer)
                  00005f3c    000000d6     BMX160.obj (.text:BMX160_setMagnConf)
                  00006012    00000002     --HOLE-- [fill = 0]
                  00006014    000000c4     rtsv7M4_T_le_v4SPD16_eabi.lib : s_round.c.obj (.text:round)
                  000060d8    000000be     BMX160.obj (.text:BMX160_begin)
                  00006196    00000002     --HOLE-- [fill = 0]
                  00006198    000000bc     rtsv7M4_T_le_v4SPD16_eabi.lib : s_trunc.c.obj (.text:trunc)
                  00006254    000000b1                                   : _printfi.c.obj (.text:_ltostr)
                  00006305    00000003     --HOLE-- [fill = 0]
                  00006308    000000ad     BMP388.obj (.text:BMP388_compensate_data)
                  000063b5    00000003     --HOLE-- [fill = 0]
                  000063b8    000000ab     BMP388.obj (.text:BMP388_get_calib_data)
                  00006463    00000001     --HOLE-- [fill = 0]
                  00006464    000000a4     BMP388.obj (.text:BMP388_set_regs)
                  00006508    0000009c     rtsv7M4_T_le_v4SPD16_eabi.lib : memcpy_t2.asm.obj (.text)
                  000065a4    00000096                                   : ull_div_t2.asm.obj (.text)
                  0000663a    00000002     --HOLE-- [fill = 0]
                  0000663c    00000094     BMX160.obj (.text:BMX160_softReset)
                  000066d0    00000094     main.obj (.text:UARTPrimeTransmit)
                  00006764    0000008a     BMX160.obj (.text:BMX160_defaultParamSettg)
                  000067ee    00000002     --HOLE-- [fill = 0]
                  000067f0    00000088     BMP388.obj (.text:BMP388_get_regs)
                  00006878    00000086     rtsv7M4_T_le_v4SPD16_eabi.lib : fd_cmp_t2.asm.obj (.text:__aeabi_cdcmple)
                  000068fe    00000086                                   : fd_cmp_t2.asm.obj (.text:__aeabi_cdrcmple)
                  00006984    00000084     i2c.obj (.text:PCF8574A_Read)
                  00006a08    00000080     uart.obj (.text:UART0_STDIO_Init)
                  00006a88    0000007c     BMP388.obj (.text:BMP388_readAltitude)
                  00006b04    0000007a     rtsv7M4_T_le_v4SPD16_eabi.lib : memset_t2.asm.obj (.text)
                  00006b7e    00000002     --HOLE-- [fill = 0]
                  00006b80    00000078     BMP388.obj (.text:BMP388_readCalibratedAltitude)
                  00006bf8    00000078     i2c.obj (.text:I2C0_Init)
                  00006c70    00000070     BMP388.obj (.text:BMP388_readSeaLevel)
                  00006ce0    00000070     rtsv7M4_T_le_v4SPD16_eabi.lib : memory.c.obj (.text:split)
                  00006d50    0000006e     BMP388.obj (.text:BMP388_compensate_temperature)
                  00006dbe    0000006e     rtsv7M4_T_le_v4SPD16_eabi.lib : _printfi.c.obj (.text:_mcpy)
                  00006e2c    0000006e                                   : fd_tos_t2.asm.obj (.text)
                  00006e9a    0000006c     BMP388.obj (.text:BMP388_parse_sensor_data)
                  00006f06    00000002     --HOLE-- [fill = 0]
                  00006f08    0000006c     i2c.obj (.text:I2C_ReadByte)
                  00006f74    00000068     driverlib.lib : interrupt.obj (.text:IntEnable)
                  00006fdc    00000068     rtsv7M4_T_le_v4SPD16_eabi.lib : copy_decompress_lzss.c.obj (.text:decompress:lzss:__TI_decompress_lzss)
                  00007044    00000066     BMP388.obj (.text:BMP388_readTemperature)
                  000070aa    00000002     --HOLE-- [fill = 0]
                  000070ac    00000064     BMP388.obj (.text:BMP388_Int_Handler)
                  00007110    00000064     rtsv7M4_T_le_v4SPD16_eabi.lib : s_frexp.c.obj (.text:frexp)
                  00007174    00000063     BMP388.obj (.text:BMP388_readPressure)
                  000071d7    00000001     --HOLE-- [fill = 0]
                  000071d8    00000063     BMX160.obj (.text:BMX160_writeBmxReg)
                  0000723b    00000001     --HOLE-- [fill = 0]
                  0000723c    00000061     main.obj (.text:__error__)
                  0000729d    00000003     --HOLE-- [fill = 0]
                  000072a0    00000060     i2c.obj (.text:PCF8574A_Write)
                  00007300    00000060     driverlib.lib : timer.obj (.text:TimerConfigure)
                  00007360    00000058                   : gpio.obj (.text:GPIOIntTypeSet)
                  000073b8    00000056     i2c.obj (.text:I2C_readReg)
                  0000740e    00000056     rtsv7M4_T_le_v4SPD16_eabi.lib : _printfi.c.obj (.text:_pconv_f)
                  00007464    00000054                                   : _ltoa.c.obj (.text:__TI_ltoa)
                  000074b8    00000052                                   : _printfi.c.obj (.text:_ecpy)
                  0000750a    00000002     --HOLE-- [fill = 0]
                  0000750c    0000004c     driverlib.lib : gpio.obj (.text:GPIOPinConfigure)
                  00007558    0000004c                   : i2c.obj (.text:I2CMasterInitExpClk)
                  000075a4    0000004c     onBoardSwitch.obj (.text:SWITCH_Init)
                  000075f0    0000004c     SysTick.obj (.text:SYSTICK_Delay)
                  0000763c    0000004c     main.obj (.text:SystemInitialize)
                  00007688    0000004c     main.obj (.text:UARTFlushTx)
                  000076d4    0000004c     driverlib.lib : timer.obj (.text:_TimerIntNumberGet)
                  00007720    0000004c     rtsv7M4_T_le_v4SPD16_eabi.lib : atoi.c.obj (.text:atoi)
                  0000776c    00000048                                   : fd_toi_t2.asm.obj (.text)
                  000077b4    00000044     driverlib.lib : gpio.obj (.text:_GPIOIntNumberGet)
                  000077f8    00000044     rtsv7M4_T_le_v4SPD16_eabi.lib : autoinit.c.obj (.text:__TI_auto_init_nobinit_nopinit:__TI_auto_init_nobinit_nopinit)
                  0000783c    00000040     driverlib.lib : uart.obj (.text:_UARTIntNumberGet)
                  0000787c    00000040     rtsv7M4_T_le_v4SPD16_eabi.lib : u_divt2.asm.obj (.text)
                  000078bc    00000040                                   : sprintf.c.obj (.text:sprintf)
                  000078fc    0000003e     i2c.obj (.text:PCF8574A_Init)
                  0000793a    0000003e     rtsv7M4_T_le_v4SPD16_eabi.lib : _printfi.c.obj (.text:_fcpy)
                  00007978    0000003c     buzzer.obj (.text:BUZZ_BUZZER)
                  000079b4    0000003c     main.obj (.text:IsBufferFull)
                  000079f0    0000003c     main.obj (.text:UARTgetc)
                  00007a2c    0000003a     BMP388.obj (.text:BMP388_read_all_regs)
                  00007a66    00000002     --HOLE-- [fill = 0]
                  00007a68    00000038     BMP388.obj (.text:BMP388_Int_Configure)
                  00007aa0    00000038     driverlib.lib : sysctl.obj (.text:SysCtlPeripheralReady)
                  00007ad8    00000038     SysFlag.obj (.text:SysFlag_Check)
                  00007b10    00000038     uart.obj (.text:UART0_STDIO_IntHandler)
                  00007b48    00000038     rtsv7M4_T_le_v4SPD16_eabi.lib : fs_tod_t2.asm.obj (.text)
                  00007b80    00000036     BMX160.obj (.text:BMX160_softResetWorker)
                  00007bb6    00000002     --HOLE-- [fill = 0]
                  00007bb8    00000034     driverlib.lib : interrupt.obj (.text:IntRegister)
                  00007bec    00000034     led.obj (.text:LED_LEDInit)
                  00007c20    00000034     driverlib.lib : sysctl.obj (.text:SysCtlPeripheralEnable)
                  00007c54    00000034     SysFlag.obj (.text:SysFlag_Clear)
                  00007c88    00000034     SysFlag.obj (.text:SysFlag_Set)
                  00007cbc    00000034     main.obj (.text:UARTFlushRx)
                  00007cf0    00000034     rtsv7M4_T_le_v4SPD16_eabi.lib : boot_cortex_m.c.obj (.text:_c_int00_noargs:_c_int00_noargs)
                  00007d24    00000034     buzzer.obj (.text:init_Buzzer)
                  00007d58    0000002e     rtsv7M4_T_le_v4SPD16_eabi.lib : i_tofd_t2.asm.obj (.text)
                  00007d86    00000002     --HOLE-- [fill = 0]
                  00007d88    0000002c     buzzer.obj (.text:BUZZ_BUZZ)
                  00007db4    0000002c     driverlib.lib : gpio.obj (.text:GPIODirModeSet)
                  00007de0    0000002c     main.obj (.text:IsBufferEmpty)
                  00007e0c    0000002c     main.obj (.text:UARTEchoSet)
                  00007e38    00000028     rtsv7M4_T_le_v4SPD16_eabi.lib : memory.c.obj (.text:free_list_insert)
                  00007e60    00000026     BMX160.obj (.text:BMX160_readReg)
                  00007e86    00000026     BMX160.obj (.text:BMX160_scan)
                  00007eac    00000024     onBoardSwitch.obj (.text:SWITCH_SW1_Pressed)
                  00007ed0    00000024     onBoardSwitch.obj (.text:SWITCH_SW2_Pressed)
                  00007ef4    00000024     main.obj (.text:UARTprintf)
                  00007f18    00000022     driverlib.lib : pwm.obj (.text:PWMGenConfigure)
                  00007f3a    00000002     --HOLE-- [fill = 0]
                  00007f3c    00000020     OrangeRX.obj (.text:OrangeRX_IntHandler)
                  00007f5c    00000020     SysTick.obj (.text:SysTick_Init)
                  00007f7c    00000020     rtsv7M4_T_le_v4SPD16_eabi.lib : u_tofd_t2.asm.obj (.text)
                  00007f9c    0000001e     driverlib.lib : pwm.obj (.text:PWMPulseWidthGet)
                  00007fba    0000001e                   : pwm.obj (.text:PWMPulseWidthSet)
                  00007fd8    0000001c                   : systick.obj (.text:SysTickIntRegister)
                  00007ff4    0000001c     rtsv7M4_T_le_v4SPD16_eabi.lib : memory.c.obj (.text:free_list_remove)
                  00008010    0000001c                                   : memccpy.c.obj (.text:memccpy)
                  0000802c    0000001a     driverlib.lib : gpio.obj (.text:GPIOPinTypeGPIOOutput)
                  00008046    0000001a     rtsv7M4_T_le_v4SPD16_eabi.lib : s_copysign.c.obj (.text:copysign)
                  00008060    00000018     BMP388.obj (.text:BMP388_set_i2c_addr)
                  00008078    00000018     driverlib.lib : gpio.obj (.text:GPIOIntRegister)
                  00008090    00000018                   : sysctl.obj (.text:SysCtlPWMClockGet)
                  000080a8    00000018                   : timer.obj (.text:TimerIntRegister)
                  000080c0    00000018                   : uart.obj (.text:UARTIntRegister)
                  000080d8    00000018     rtsv7M4_T_le_v4SPD16_eabi.lib : sprintf.c.obj (.text:_outs)
                  000080f0    00000016     driverlib.lib : gpio.obj (.text:GPIOPinTypeGPIOInput)
                  00008106    00000016                   : gpio.obj (.text:GPIOPinTypeI2C)
                  0000811c    00000016                   : gpio.obj (.text:GPIOPinTypeI2CSCL)
                  00008132    00000016                   : gpio.obj (.text:GPIOPinTypePWM)
                  00008148    00000016                   : gpio.obj (.text:GPIOPinTypeTimer)
                  0000815e    00000016                   : gpio.obj (.text:GPIOPinTypeUART)
                  00008174    00000016                   : i2c.obj (.text:I2CMasterErr)
                  0000818a    00000016                   : timer.obj (.text:TimerControlEvent)
                  000081a0    00000016     rtsv7M4_T_le_v4SPD16_eabi.lib : strchr.c.obj (.text:strchr)
                  000081b6    00000002     --HOLE-- [fill = 0]
                  000081b8    00000014     driverlib.lib : sysctl.obj (.text:SysCtlPWMClockSet)
                  000081cc    00000014                   : sysctl.obj (.text:SysCtlResetCauseClear)
                  000081e0    00000014                   : systick.obj (.text:SysTickEnable)
                  000081f4    00000014                   : systick.obj (.text:SysTickIntEnable)
                  00008208    00000014     rtsv7M4_T_le_v4SPD16_eabi.lib : strlen.c.obj (.text:strlen)
                  0000821c    00000012     driverlib.lib : pwm.obj (.text:PWMGenPeriodGet)
                  0000822e    00000012                   : pwm.obj (.text:PWMOutputState)
                  00008240    00000012                   : timer.obj (.text:TimerLoadSet)
                  00008252    00000012                   : timer.obj (.text:TimerMatchSet)
                  00008264    00000012     rtsv7M4_T_le_v4SPD16_eabi.lib : wcslen.c.obj (.text:wcslen)
                  00008276    00000010     driverlib.lib : pwm.obj (.text:PWMGenPeriodSet)
                  00008286    00000002     --HOLE-- [fill = 0]
                  00008288    00000010     sysclk.obj (.text:SysClk_Init)
                  00008298    00000010     driverlib.lib : systick.obj (.text:SysTickPeriodSet)
                  000082a8    0000000e                   : timer.obj (.text:TimerEnable)
                  000082b6    0000000e     rtsv7M4_T_le_v4SPD16_eabi.lib : copy_decompress_none.c.obj (.text:decompress:none:__TI_decompress_none)
                  000082c4    0000000c     BMP388.obj (.text:BMP388_user_delay_ms)
                  000082d0    0000000c     driverlib.lib : gpio.obj (.text:GPIOIntEnable)
                  000082dc    0000000c                   : pwm.obj (.text:PWMGenEnable)
                  000082e8    0000000c                   : sysctl.obj (.text:SysCtlResetCauseGet)
                  000082f4    0000000c     SysFlag.obj (.text:SysFlag_Init)
                  00008300    0000000c     rtsv7M4_T_le_v4SPD16_eabi.lib : copy_zero_init.c.obj (.text:decompress:ZI:__TI_zero_init)
                  0000830c    0000000a     driverlib.lib : i2c.obj (.text:I2CMasterEnable)
                  00008316    0000000a     SysTick.obj (.text:SysTick_IntHandler)
                  00008320    0000000a     driverlib.lib : timer.obj (.text:TimerValueGet)
                  0000832a    0000000a                   : uart.obj (.text:UARTIntStatus)
                  00008334    0000000a     rtsv7M4_T_le_v4SPD16_eabi.lib : sprintf.c.obj (.text:_outc)
                  0000833e    00000008     driverlib.lib : i2c.obj (.text:I2CMasterBusy)
                  00008346    00000008                   : i2c.obj (.text:I2CMasterSlaveAddrSet)
                  0000834e    00000008                   : timer.obj (.text:TimerIntEnable)
                  00008356    00000008                   : uart.obj (.text:UARTIntEnable)
                  0000835e    00000002     --HOLE-- [fill = 0]
                  00008360    00000008     rtsv7M4_T_le_v4SPD16_eabi.lib : errno.c.obj (.text:__aeabi_errno_addr)
                  00008368    00000008                                   : memory.c.obj (.text:malloc)
                  00008370    00000006     driverlib.lib : gpio.obj (.text:GPIOPinRead)
                  00008376    00000006                   : gpio.obj (.text:GPIOPinWrite)
                  0000837c    00000006     startup_ccs.obj (.text:ResetISR)
                  00008382    00000006     driverlib.lib : sysctl.obj (.text:SysCtlDelay)
                  00008388    00000006                   : uart.obj (.text:UARTClockSourceSet)
                  0000838e    00000004                   : i2c.obj (.text:I2CMasterControl)
                  00008392    00000004                   : i2c.obj (.text:I2CMasterDataGet)
                  00008396    00000004                   : i2c.obj (.text:I2CMasterDataPut)
                  0000839a    00000004                   : timer.obj (.text:TimerIntClear)
                  0000839e    00000004     rtsv7M4_T_le_v4SPD16_eabi.lib : pre_init.c.obj (.text:_system_pre_init)
                  000083a2    00000004                                   : exit.c.obj (.text:abort:abort)

.const     0    000083a8    00000540     
                  000083a8    00000101     rtsv7M4_T_le_v4SPD16_eabi.lib : ctype.c.obj (.const:.string:_ctypes_)
                  000084a9    00000003     --HOLE-- [fill = 0]
                  000084ac    000000d8     driverlib.lib : gpio.obj (.const:g_ppui32GPIOIntMapSnowflake)
                  00008584    000000c0                   : gpio.obj (.const:g_ppui32GPIOIntMapBlizzard)
                  00008644    00000090                   : gpio.obj (.const:g_pui32GPIOBaseAddrs)
                  000086d4    0000006c                   : sysctl.obj (.const:g_pui32Xtals)
                  00008740    00000060                   : timer.obj (.const:g_ppui32TimerIntMap)
                  000087a0    00000040                   : timer.obj (.const:g_ppui32TimerIntMapSnowflake)
                  000087e0    00000040                   : uart.obj (.const:g_ppui32UARTIntMap)
                  00008820    00000040                   : uart.obj (.const:g_ppui32UARTIntMapSnowflake)
                  00008860    00000030     rtsv7M4_T_le_v4SPD16_eabi.lib : e_pow.c.obj (.const:$O1$$)
                  00008890    00000014     driverlib.lib : interrupt.obj (.const:g_pui32EnRegs)
                  000088a4    00000012     main.obj (.const:.string)
                  000088b6    00000002     --HOLE-- [fill = 0]
                  000088b8    0000000c     main.obj (.const:g_ui32UARTBase)
                  000088c4    0000000c     main.obj (.const:g_ui32UARTInt)
                  000088d0    0000000c     main.obj (.const:g_ui32UARTPeriph)
                  000088dc    00000008     BMP388.obj (.const:$P$T0$1)
                  000088e4    00000004     main.obj (.const)

.cinit     0    000088e8    00000068     
                  000088e8    00000030     (.cinit..data.load) [load image, compression = lzss]
                  00008918    0000000c     (__TI_handler_table)
                  00008924    00000004     --HOLE-- [fill = 0]
                  00008928    00000008     (.cinit..bss.load) [load image, compression = zero_init]
                  00008930    00000008     (.cinit..vtable.load) [load image, compression = zero_init]
                  00008938    00000018     (__TI_cinit_table)

.init_array 
*          0    00000000    00000000     UNINITIALIZED

.vtable    0    20000000    0000026c     UNINITIALIZED
                  20000000    0000026c     driverlib.lib : interrupt.obj (.vtable)

.stack     0    20000270    00001000     UNINITIALIZED
                  20000270    00000004     rtsv7M4_T_le_v4SPD16_eabi.lib : boot_cortex_m.c.obj (.stack)
                  20000274    00000ffc     --HOLE--

.sysmem    0    20001270    00001000     UNINITIALIZED
                  20001270    00000010     rtsv7M4_T_le_v4SPD16_eabi.lib : memory.c.obj (.sysmem)
                  20001280    00000ff0     --HOLE--

.bss       0    20002270    00000883     UNINITIALIZED
                  20002270    00000400     main.obj (.bss:g_pcUARTTxBuffer)
                  20002670    00000190     (.common:rx_data)
                  20002800    00000120     (.common:mixer)
                  20002920    000000d0     (.common:dev)
                  200029f0    00000080     main.obj (.bss:g_pcUARTRxBuffer)
                  20002a70    00000038     (.common:rx_text)
                  20002aa8    00000020     (.common:dutyOf)
                  20002ac8    00000008     main.obj (.bss)
                  20002ad0    00000004     buzzer.obj (.bss)
                  20002ad4    00000004     (.common:Oaccel)
                  20002ad8    00000004     (.common:Obmx160)
                  20002adc    00000004     (.common:Ogyro)
                  20002ae0    00000004     (.common:Omagn)
                  20002ae4    00000004     (.common:g_uiSysFlags)
                  20002ae8    00000004     (.common:resetCause)
                  20002aec    00000002     (.common:buzDuration)
                  20002aee    00000002     (.common:count)
                  20002af0    00000002     (.common:pauseTime)
                  20002af2    00000001     (.common:BMP388_addr)

.data      0    20002af4    00000061     UNINITIALIZED
                  20002af4    0000002c     main.obj (.data)
                  20002b20    00000010     PWM.obj (.data:Channel_Tune_Variable)
                  20002b30    00000008     rtsv7M4_T_le_v4SPD16_eabi.lib : _lock.c.obj (.data:$O1$$)
                  20002b38    00000008                                   : memory.c.obj (.data:$O1$$)
                  20002b40    00000008     BMX160.obj (.data)
                  20002b48    00000004     BMP388.obj (.data)
                  20002b4c    00000004     rtsv7M4_T_le_v4SPD16_eabi.lib : errno.c.obj (.data)
                  20002b50    00000003     buzzer.obj (.data)
                  20002b53    00000001     OrangeRX.obj (.data)
                  20002b54    00000001     PWM.obj (.data)

__llvm_prf_cnts 
*          0    20000000    00000000     UNINITIALIZED

.binit     0    00000000    00000000     

MODULE SUMMARY

       Module                       code    ro data   rw data
       ------                       ----    -------   -------
    .\
       main.obj                     4864    58        1208   
       startup_ccs.obj              12      620       0      
    +--+----------------------------+-------+---------+---------+
       Total:                       4876    678       1208   
                                                             
    .\local_Include\
       i2c.obj                      1183    0         0      
       uart.obj                     184     0         0      
       SysFlag.obj                  172     0         4      
       onBoardSwitch.obj            148     0         0      
       SysTick.obj                  118     0         0      
       led.obj                      52      0         0      
       sysclk.obj                   16      0         0      
    +--+----------------------------+-------+---------+---------+
       Total:                       1873    0         4      
                                                             
    .\local_Include\BMP388\
       BMP388.obj                   6536    8         213    
    +--+----------------------------+-------+---------+---------+
       Total:                       6536    8         213    
                                                             
    .\local_Include\BMX160\
       BMX160.obj                   2235    0         24     
    +--+----------------------------+-------+---------+---------+
       Total:                       2235    0         24     
                                                             
    .\local_Include\BUZZER\
       buzzer.obj                   396     0         13     
    +--+----------------------------+-------+---------+---------+
       Total:                       396     0         13     
                                                             
    .\local_Include\OrangeRX\
       OrangeRX.obj                 1740    0         457    
    +--+----------------------------+-------+---------+---------+
       Total:                       1740    0         457    
                                                             
    .\local_Include\PWM\
       PWM.obj                      1012    0         337    
    +--+----------------------------+-------+---------+---------+
       Total:                       1012    0         337    
                                                             
    C:/ti/TivaWare_C_Series-2.2.0.295/driverlib/ccs/Debug/driverlib.lib
       gpio.obj                     846     552       0      
       sysctl.obj                   714     108       0      
       interrupt.obj                156     20        620    
       timer.obj                    290     160       0      
       uart.obj                     112     128       0      
       pwm.obj                      158     0         0      
       i2c.obj                      136     0         0      
       systick.obj                  84      0         0      
    +--+----------------------------+-------+---------+---------+
       Total:                       2496    968       620    
                                                             
    C:\ti\ccs1040\ccs\tools\compiler\ti-cgt-arm_20.2.5.LTS\lib\rtsv7M4_T_le_v4SPD16_eabi.lib
       _printfi.c.obj               4851    0         0      
       e_pow.c.obj                  2512    48        0      
       memory.c.obj                 444     0         8      
       fd_add_t2.asm.obj            438     0         0      
       e_sqrt.c.obj                 344     0         0      
       fd_div_t2.asm.obj            310     0         0      
       s_scalbn.c.obj               272     0         0      
       fd_cmp_t2.asm.obj            268     0         0      
       ctype.c.obj                  0       257       0      
       fd_mul_t2.asm.obj            252     0         0      
       s_floor.c.obj                248     0         0      
       s_round.c.obj                196     0         0      
       s_trunc.c.obj                188     0         0      
       memcpy_t2.asm.obj            156     0         0      
       ull_div_t2.asm.obj           150     0         0      
       memset_t2.asm.obj            122     0         0      
       fd_tos_t2.asm.obj            110     0         0      
       copy_decompress_lzss.c.obj   104     0         0      
       s_frexp.c.obj                100     0         0      
       sprintf.c.obj                98      0         0      
       _ltoa.c.obj                  84      0         0      
       atoi.c.obj                   76      0         0      
       fd_toi_t2.asm.obj            72      0         0      
       autoinit.c.obj               68      0         0      
       u_divt2.asm.obj              64      0         0      
       fs_tod_t2.asm.obj            56      0         0      
       boot_cortex_m.c.obj          52      0         0      
       i_tofd_t2.asm.obj            46      0         0      
       u_tofd_t2.asm.obj            32      0         0      
       memccpy.c.obj                28      0         0      
       s_copysign.c.obj             26      0         0      
       strchr.c.obj                 22      0         0      
       strlen.c.obj                 20      0         0      
       wcslen.c.obj                 18      0         0      
       copy_decompress_none.c.obj   14      0         0      
       copy_zero_init.c.obj         12      0         0      
       errno.c.obj                  8       0         4      
       _lock.c.obj                  2       0         8      
       exit.c.obj                   4       0         0      
       pre_init.c.obj               4       0         0      
       div0.asm.obj                 2       0         0      
    +--+----------------------------+-------+---------+---------+
       Total:                       11873   305       20     
                                                             
       Heap:                        0       0         4096   
       Stack:                       0       0         4096   
       Linker Generated:            0       100       0      
    +--+----------------------------+-------+---------+---------+
       Grand Total:                 33037   2059      11088  


LINKER GENERATED COPY TABLES

__TI_cinit_table @ 00008938 records: 3, size/record: 8, table size: 24
	.data: load addr=000088e8, load size=00000030 bytes, run addr=20002af4, run size=00000061 bytes, compression=lzss
	.bss: load addr=00008928, load size=00000008 bytes, run addr=20002270, run size=00000883 bytes, compression=zero_init
	.vtable: load addr=00008930, load size=00000008 bytes, run addr=20000000, run size=0000026c bytes, compression=zero_init


LINKER GENERATED HANDLER TABLE

__TI_handler_table @ 00008918 records: 3, size/record: 4, table size: 12
	index: 0, handler: __TI_zero_init
	index: 1, handler: __TI_decompress_lzss
	index: 2, handler: __TI_decompress_none


GLOBAL SYMBOLS: SORTED ALPHABETICALLY BY Name 

address   name                               
-------   ----                               
00004ea5  BMP388_Init                        
00007a69  BMP388_Int_Configure               
000070ad  BMP388_Int_Handler                 
20002af2  BMP388_addr                        
00002b65  BMP388_begin                       
00006309  BMP388_compensate_data             
000028c9  BMP388_compensate_pressure         
00006d51  BMP388_compensate_temperature      
000063b9  BMP388_get_calib_data              
000067f1  BMP388_get_regs                    
00005679  BMP388_get_sensor_data             
00002305  BMP388_parse_calib_data            
00006e9b  BMP388_parse_sensor_data           
00006a89  BMP388_readAltitude                
00006b81  BMP388_readCalibratedAltitude      
00007175  BMP388_readPressure                
00006c71  BMP388_readSeaLevel                
00007045  BMP388_readTemperature             
00007a2d  BMP388_read_all_regs               
000043c9  BMP388_reset                       
00003691  BMP388_set_config                  
00008061  BMP388_set_i2c_addr                
00006465  BMP388_set_regs                    
00003489  BMP388_showData                    
000082c5  BMP388_user_delay_ms               
00003e65  BMP388_user_i2c_read               
00005225  BMP388_user_i2c_write              
00005985  BMX160_Init                        
000060d9  BMX160_begin                       
00006765  BMX160_defaultParamSettg           
00003045  BMX160_getAllData                  
00007e61  BMX160_readReg                     
00007e87  BMX160_scan                        
00005f3d  BMX160_setMagnConf                 
00003895  BMX160_showData                    
0000663d  BMX160_softReset                   
00007b81  BMX160_softResetWorker             
000071d9  BMX160_writeBmxReg                 
00007d89  BUZZ_BUZZ                          
00007979  BUZZ_BUZZER                        
00005d69  BUZZ_SM                            
000083a3  C$$EXIT                            
20002b20  Channel_Tune_Variable              
00007db5  GPIODirModeSet                     
000082d1  GPIOIntEnable                      
00008079  GPIOIntRegister                    
00007361  GPIOIntTypeSet                     
000046f1  GPIOPadConfigSet                   
0000750d  GPIOPinConfigure                   
00008371  GPIOPinRead                        
000080f1  GPIOPinTypeGPIOInput               
0000802d  GPIOPinTypeGPIOOutput              
00008107  GPIOPinTypeI2C                     
0000811d  GPIOPinTypeI2CSCL                  
00008133  GPIOPinTypePWM                     
00008149  GPIOPinTypeTimer                   
0000815f  GPIOPinTypeUART                    
00008377  GPIOPinWrite                       
00006bf9  I2C0_Init                          
0000833f  I2CMasterBusy                      
0000838f  I2CMasterControl                   
00008393  I2CMasterDataGet                   
00008397  I2CMasterDataPut                   
0000830d  I2CMasterEnable                    
00008175  I2CMasterErr                       
00007559  I2CMasterInitExpClk                
00008347  I2CMasterSlaveAddrSet              
000049b5  I2C_AddressBruteForcer             
00006f09  I2C_ReadByte                       
000073b9  I2C_readReg                        
00005785  I2C_writeSingleReg                 
00006f75  IntEnable                          
00007bb9  IntRegister                        
00007bed  LED_LEDInit                        
00003275  Motor_setDuty                      
20002ad4  Oaccel                             
20002ad8  Obmx160                            
20002adc  Ogyro                              
20002ae0  Omagn                              
00002621  OrangeRX_Init                      
00007f3d  OrangeRX_IntHandler                
00003a8d  OrangeRX_extractData               
00005e59  OrangeRX_receivedChannelReorganizer
00004fd9  OrangeRX_showActData               
000078fd  PCF8574A_Init                      
00006985  PCF8574A_Read                      
000072a1  PCF8574A_Write                     
00007f19  PWMGenConfigure                    
000082dd  PWMGenEnable                       
0000821d  PWMGenPeriodGet                    
00008277  PWMGenPeriodSet                    
0000822f  PWMOutputState                     
00007f9d  PWMPulseWidthGet                   
00007fbb  PWMPulseWidthSet                   
00003c85  PWM_Init                           
0000837d  ResetISR                           
000075a5  SWITCH_Init                        
00007ead  SWITCH_SW1_Pressed                 
00007ed1  SWITCH_SW2_Pressed                 
000075f1  SYSTICK_Delay                      
00008289  SysClk_Init                        
0000533d  SysCtlClockGet                     
00005c75  SysCtlClockSet                     
00008383  SysCtlDelay                        
00008091  SysCtlPWMClockGet                  
000081b9  SysCtlPWMClockSet                  
00007c21  SysCtlPeripheralEnable             
00007aa1  SysCtlPeripheralReady              
000081cd  SysCtlResetCauseClear              
000082e9  SysCtlResetCauseGet                
00007ad9  SysFlag_Check                      
00007c55  SysFlag_Clear                      
000082f5  SysFlag_Init                       
00007c89  SysFlag_Set                        
000081e1  SysTickEnable                      
000081f5  SysTickIntEnable                   
00007fd9  SysTickIntRegister                 
00008299  SysTickPeriodSet                   
00007f5d  SysTick_Init                       
00008317  SysTick_IntHandler                 
0000763d  SystemInitialize                   
00007301  TimerConfigure                     
0000818b  TimerControlEvent                  
000082a9  TimerEnable                        
0000839b  TimerIntClear                      
0000834f  TimerIntEnable                     
000080a9  TimerIntRegister                   
00008241  TimerLoadSet                       
00008253  TimerMatchSet                      
00008321  TimerValueGet                      
00006a09  UART0_STDIO_Init                   
00007b11  UART0_STDIO_IntHandler             
00008389  UARTClockSourceSet                 
00007e0d  UARTEchoSet                        
00007cbd  UARTFlushRx                        
00007689  UARTFlushTx                        
00008357  UARTIntEnable                      
000080c1  UARTIntRegister                    
0000832b  UARTIntStatus                      
00004c35  UARTStdioConfig                    
00004569  UARTStdioIntHandler                
000079f1  UARTgetc                           
00007ef5  UARTprintf                         
00001fb1  UARTvprintf                        
00005455  UARTwrite                          
20001270  __STACK_END                        
00001000  __STACK_SIZE                       
20000470  __STACK_TOP                        
00001000  __SYSMEM_SIZE                      
00008938  __TI_CINIT_Base                    
00008950  __TI_CINIT_Limit                   
00008918  __TI_Handler_Table_Base            
00008924  __TI_Handler_Table_Limit           
000077f9  __TI_auto_init_nobinit_nopinit     
00006fdd  __TI_decompress_lzss               
000082b7  __TI_decompress_none               
00007465  __TI_ltoa                          
ffffffff  __TI_pprof_out_hndl                
0000026d  __TI_printfi                       
ffffffff  __TI_prof_data_size                
ffffffff  __TI_prof_data_start               
00000000  __TI_static_base__                 
00008301  __TI_zero_init                     
00006879  __aeabi_cdcmpeq                    
00006879  __aeabi_cdcmple                    
000068ff  __aeabi_cdrcmple                   
00006e2d  __aeabi_d2f                        
0000776d  __aeabi_d2iz                       
0000421b  __aeabi_dadd                       
00004d6d  __aeabi_ddiv                       
00005a81  __aeabi_dmul                       
00004211  __aeabi_dsub                       
00008361  __aeabi_errno_addr                 
00007b49  __aeabi_f2d                        
00007d59  __aeabi_i2d                        
00004ea3  __aeabi_idiv0                      
00004ea3  __aeabi_ldiv0                      
00006b05  __aeabi_memclr                     
00006b05  __aeabi_memclr4                    
00006b05  __aeabi_memclr8                    
00006509  __aeabi_memcpy                     
00006509  __aeabi_memcpy4                    
00006509  __aeabi_memcpy8                    
00006b07  __aeabi_memset                     
00006b07  __aeabi_memset4                    
00006b07  __aeabi_memset8                    
00007f7d  __aeabi_ui2d                       
0000787d  __aeabi_uidiv                      
0000787d  __aeabi_uidivmod                   
000065a5  __aeabi_uldivmod                   
ffffffff  __binit__                          
ffffffff  __c_args__                         
0000723d  __error__                          
UNDEFED   __mpu_init                         
20000270  __stack                            
20000000  __start___llvm_prf_cnts            
20000000  __stop___llvm_prf_cnts             
00007cf1  _c_int00_noargs                    
000083a8  _ctypes_                           
20002b30  _lock                              
000043c7  _nop                               
20001270  _sys_memory                        
UNDEFED   _system_post_cinit                 
0000839f  _system_pre_init                   
20002b34  _unlock                            
000083a3  abort                              
20002b40  accelRange                         
00005885  aligned_alloc                      
00007721  atoi                               
20002b48  base_altitude                      
ffffffff  binit                              
20002aec  buzDuration                        
00008047  copysign                           
00008047  copysignl                          
20002aee  count                              
20002920  dev                                
20002aa8  dutyOf                             
20002b4c  errno                              
00005b7d  floor                              
00005b7d  floorl                             
20002b53  frameGapChNo                       
00007111  frexp                              
00007111  frexpl                             
20000000  g_pfnRAMVectors                    
00000000  g_pfnVectors                       
20002ae4  g_uiSysFlags                       
20002b44  gyroRange                          
00007d25  init_Buzzer                        
00005569  ldexp                              
00005569  ldexpl                             
0000168d  main                               
00008369  malloc                             
00005885  memalign                           
00008011  memccpy                            
00006509  memcpy                             
00006b0d  memset                             
20002800  mixer                              
20002b54  motorSelect                        
20002af0  pauseTime                          
00000cbd  pow                                
00000cbd  powl                               
20002ae8  resetCause                         
00006015  round                              
00006015  roundl                             
20002670  rx_data                            
20002a70  rx_text                            
00005569  scalbn                             
00005569  scalbnl                            
000078bd  sprintf                            
0000485d  sqrt                               
0000485d  sqrtl                              
000081a1  strchr                             
00008209  strlen                             
00006199  trunc                              
00006199  truncl                             
00008265  wcslen                             


GLOBAL SYMBOLS: SORTED BY Symbol Address 

address   name                               
-------   ----                               
00000000  __TI_static_base__                 
00000000  g_pfnVectors                       
0000026d  __TI_printfi                       
00000cbd  pow                                
00000cbd  powl                               
00001000  __STACK_SIZE                       
00001000  __SYSMEM_SIZE                      
0000168d  main                               
00001fb1  UARTvprintf                        
00002305  BMP388_parse_calib_data            
00002621  OrangeRX_Init                      
000028c9  BMP388_compensate_pressure         
00002b65  BMP388_begin                       
00003045  BMX160_getAllData                  
00003275  Motor_setDuty                      
00003489  BMP388_showData                    
00003691  BMP388_set_config                  
00003895  BMX160_showData                    
00003a8d  OrangeRX_extractData               
00003c85  PWM_Init                           
00003e65  BMP388_user_i2c_read               
00004211  __aeabi_dsub                       
0000421b  __aeabi_dadd                       
000043c7  _nop                               
000043c9  BMP388_reset                       
00004569  UARTStdioIntHandler                
000046f1  GPIOPadConfigSet                   
0000485d  sqrt                               
0000485d  sqrtl                              
000049b5  I2C_AddressBruteForcer             
00004c35  UARTStdioConfig                    
00004d6d  __aeabi_ddiv                       
00004ea3  __aeabi_idiv0                      
00004ea3  __aeabi_ldiv0                      
00004ea5  BMP388_Init                        
00004fd9  OrangeRX_showActData               
00005225  BMP388_user_i2c_write              
0000533d  SysCtlClockGet                     
00005455  UARTwrite                          
00005569  ldexp                              
00005569  ldexpl                             
00005569  scalbn                             
00005569  scalbnl                            
00005679  BMP388_get_sensor_data             
00005785  I2C_writeSingleReg                 
00005885  aligned_alloc                      
00005885  memalign                           
00005985  BMX160_Init                        
00005a81  __aeabi_dmul                       
00005b7d  floor                              
00005b7d  floorl                             
00005c75  SysCtlClockSet                     
00005d69  BUZZ_SM                            
00005e59  OrangeRX_receivedChannelReorganizer
00005f3d  BMX160_setMagnConf                 
00006015  round                              
00006015  roundl                             
000060d9  BMX160_begin                       
00006199  trunc                              
00006199  truncl                             
00006309  BMP388_compensate_data             
000063b9  BMP388_get_calib_data              
00006465  BMP388_set_regs                    
00006509  __aeabi_memcpy                     
00006509  __aeabi_memcpy4                    
00006509  __aeabi_memcpy8                    
00006509  memcpy                             
000065a5  __aeabi_uldivmod                   
0000663d  BMX160_softReset                   
00006765  BMX160_defaultParamSettg           
000067f1  BMP388_get_regs                    
00006879  __aeabi_cdcmpeq                    
00006879  __aeabi_cdcmple                    
000068ff  __aeabi_cdrcmple                   
00006985  PCF8574A_Read                      
00006a09  UART0_STDIO_Init                   
00006a89  BMP388_readAltitude                
00006b05  __aeabi_memclr                     
00006b05  __aeabi_memclr4                    
00006b05  __aeabi_memclr8                    
00006b07  __aeabi_memset                     
00006b07  __aeabi_memset4                    
00006b07  __aeabi_memset8                    
00006b0d  memset                             
00006b81  BMP388_readCalibratedAltitude      
00006bf9  I2C0_Init                          
00006c71  BMP388_readSeaLevel                
00006d51  BMP388_compensate_temperature      
00006e2d  __aeabi_d2f                        
00006e9b  BMP388_parse_sensor_data           
00006f09  I2C_ReadByte                       
00006f75  IntEnable                          
00006fdd  __TI_decompress_lzss               
00007045  BMP388_readTemperature             
000070ad  BMP388_Int_Handler                 
00007111  frexp                              
00007111  frexpl                             
00007175  BMP388_readPressure                
000071d9  BMX160_writeBmxReg                 
0000723d  __error__                          
000072a1  PCF8574A_Write                     
00007301  TimerConfigure                     
00007361  GPIOIntTypeSet                     
000073b9  I2C_readReg                        
00007465  __TI_ltoa                          
0000750d  GPIOPinConfigure                   
00007559  I2CMasterInitExpClk                
000075a5  SWITCH_Init                        
000075f1  SYSTICK_Delay                      
0000763d  SystemInitialize                   
00007689  UARTFlushTx                        
00007721  atoi                               
0000776d  __aeabi_d2iz                       
000077f9  __TI_auto_init_nobinit_nopinit     
0000787d  __aeabi_uidiv                      
0000787d  __aeabi_uidivmod                   
000078bd  sprintf                            
000078fd  PCF8574A_Init                      
00007979  BUZZ_BUZZER                        
000079f1  UARTgetc                           
00007a2d  BMP388_read_all_regs               
00007a69  BMP388_Int_Configure               
00007aa1  SysCtlPeripheralReady              
00007ad9  SysFlag_Check                      
00007b11  UART0_STDIO_IntHandler             
00007b49  __aeabi_f2d                        
00007b81  BMX160_softResetWorker             
00007bb9  IntRegister                        
00007bed  LED_LEDInit                        
00007c21  SysCtlPeripheralEnable             
00007c55  SysFlag_Clear                      
00007c89  SysFlag_Set                        
00007cbd  UARTFlushRx                        
00007cf1  _c_int00_noargs                    
00007d25  init_Buzzer                        
00007d59  __aeabi_i2d                        
00007d89  BUZZ_BUZZ                          
00007db5  GPIODirModeSet                     
00007e0d  UARTEchoSet                        
00007e61  BMX160_readReg                     
00007e87  BMX160_scan                        
00007ead  SWITCH_SW1_Pressed                 
00007ed1  SWITCH_SW2_Pressed                 
00007ef5  UARTprintf                         
00007f19  PWMGenConfigure                    
00007f3d  OrangeRX_IntHandler                
00007f5d  SysTick_Init                       
00007f7d  __aeabi_ui2d                       
00007f9d  PWMPulseWidthGet                   
00007fbb  PWMPulseWidthSet                   
00007fd9  SysTickIntRegister                 
00008011  memccpy                            
0000802d  GPIOPinTypeGPIOOutput              
00008047  copysign                           
00008047  copysignl                          
00008061  BMP388_set_i2c_addr                
00008079  GPIOIntRegister                    
00008091  SysCtlPWMClockGet                  
000080a9  TimerIntRegister                   
000080c1  UARTIntRegister                    
000080f1  GPIOPinTypeGPIOInput               
00008107  GPIOPinTypeI2C                     
0000811d  GPIOPinTypeI2CSCL                  
00008133  GPIOPinTypePWM                     
00008149  GPIOPinTypeTimer                   
0000815f  GPIOPinTypeUART                    
00008175  I2CMasterErr                       
0000818b  TimerControlEvent                  
000081a1  strchr                             
000081b9  SysCtlPWMClockSet                  
000081cd  SysCtlResetCauseClear              
000081e1  SysTickEnable                      
000081f5  SysTickIntEnable                   
00008209  strlen                             
0000821d  PWMGenPeriodGet                    
0000822f  PWMOutputState                     
00008241  TimerLoadSet                       
00008253  TimerMatchSet                      
00008265  wcslen                             
00008277  PWMGenPeriodSet                    
00008289  SysClk_Init                        
00008299  SysTickPeriodSet                   
000082a9  TimerEnable                        
000082b7  __TI_decompress_none               
000082c5  BMP388_user_delay_ms               
000082d1  GPIOIntEnable                      
000082dd  PWMGenEnable                       
000082e9  SysCtlResetCauseGet                
000082f5  SysFlag_Init                       
00008301  __TI_zero_init                     
0000830d  I2CMasterEnable                    
00008317  SysTick_IntHandler                 
00008321  TimerValueGet                      
0000832b  UARTIntStatus                      
0000833f  I2CMasterBusy                      
00008347  I2CMasterSlaveAddrSet              
0000834f  TimerIntEnable                     
00008357  UARTIntEnable                      
00008361  __aeabi_errno_addr                 
00008369  malloc                             
00008371  GPIOPinRead                        
00008377  GPIOPinWrite                       
0000837d  ResetISR                           
00008383  SysCtlDelay                        
00008389  UARTClockSourceSet                 
0000838f  I2CMasterControl                   
00008393  I2CMasterDataGet                   
00008397  I2CMasterDataPut                   
0000839b  TimerIntClear                      
0000839f  _system_pre_init                   
000083a3  C$$EXIT                            
000083a3  abort                              
000083a8  _ctypes_                           
00008918  __TI_Handler_Table_Base            
00008924  __TI_Handler_Table_Limit           
00008938  __TI_CINIT_Base                    
00008950  __TI_CINIT_Limit                   
20000000  __start___llvm_prf_cnts            
20000000  __stop___llvm_prf_cnts             
20000000  g_pfnRAMVectors                    
20000270  __stack                            
20000470  __STACK_TOP                        
20001270  __STACK_END                        
20001270  _sys_memory                        
20002670  rx_data                            
20002800  mixer                              
20002920  dev                                
20002a70  rx_text                            
20002aa8  dutyOf                             
20002ad4  Oaccel                             
20002ad8  Obmx160                            
20002adc  Ogyro                              
20002ae0  Omagn                              
20002ae4  g_uiSysFlags                       
20002ae8  resetCause                         
20002aec  buzDuration                        
20002aee  count                              
20002af0  pauseTime                          
20002af2  BMP388_addr                        
20002b20  Channel_Tune_Variable              
20002b30  _lock                              
20002b34  _unlock                            
20002b40  accelRange                         
20002b44  gyroRange                          
20002b48  base_altitude                      
20002b4c  errno                              
20002b53  frameGapChNo                       
20002b54  motorSelect                        
ffffffff  __TI_pprof_out_hndl                
ffffffff  __TI_prof_data_size                
ffffffff  __TI_prof_data_start               
ffffffff  __binit__                          
ffffffff  __c_args__                         
ffffffff  binit                              
UNDEFED   __mpu_init                         
UNDEFED   _system_post_cinit                 

[256 symbols]
