******************************************************************************
                  TI ARM Linker PC v20.2.5                     
******************************************************************************
>> Linked Sat Feb 12 22:56:30 2022

OUTPUT FILE NAME:   <DroneProject.out>
ENTRY POINT SYMBOL: "_c_int00_noargs"  address: 00005621


MEMORY CONFIGURATION

         name            origin    length      used     unused   attr    fill
----------------------  --------  ---------  --------  --------  ----  --------
  FLASH                 00000000   00040000  00005e82  0003a17e  R  X
  SRAM                  20000000   00008000  000028b2  0000574e  RW X


SEGMENT ALLOCATION MAP

run origin  load origin   length   init length attrs members
----------  ----------- ---------- ----------- ----- -------
00000000    00000000    00005e88   00005e88    r-x
  00000000    00000000    0000026c   0000026c    r-- .intvecs
  0000026c    0000026c    00005826   00005826    r-x .text
  00005a98    00005a98    000003a8   000003a8    r-- .const
  00005e40    00005e40    00000048   00000048    r-- .cinit
20000000    20000000    000028b8   00000000    rw-
  20000000    20000000    0000026c   00000000    rw- .vtable
  20000270    20000270    00001000   00000000    rw- .stack
  20001270    20001270    00001000   00000000    rw- .sysmem
  20002270    20002270    00000616   00000000    rw- .bss
  20002888    20002888    00000030   00000000    rw- .data


SECTION ALLOCATION MAP

 output                                  attributes/
section   page    origin      length       input sections
--------  ----  ----------  ----------   ----------------
.intvecs   0    00000000    0000026c     
                  00000000    0000026c     startup_ccs.obj (.intvecs)

.text      0    0000026c    00005826     
                  0000026c    00000a4e     rtsv7M4_T_le_v4SPD16_eabi.lib : _printfi.c.obj (.text:__TI_printfi)
                  00000cba    00000002     startup_ccs.obj (.text:FaultISR)
                  00000cbc    000009d0     rtsv7M4_T_le_v4SPD16_eabi.lib : e_pow.c.obj (.text:pow)
                  0000168c    000005a0     main.obj (.text:main)
                  00001c2c    00000354     main.obj (.text:UARTvprintf)
                  00001f80    0000029a     BMP388.obj (.text:BMP388_compensate_pressure)
                  0000221a    00000002     startup_ccs.obj (.text:IntDefaultHandler)
                  0000221c    00000270     rtsv7M4_T_le_v4SPD16_eabi.lib : _printfi.c.obj (.text:_pconv_a)
                  0000248c    000001d4     BMP388.obj (.text:BMP388_showData)
                  00002660    000001d0     rtsv7M4_T_le_v4SPD16_eabi.lib : _printfi.c.obj (.text:_pconv_g)
                  00002830    000001b6                                   : fd_add_t2.asm.obj (.text)
                  000029e6    00000002     startup_ccs.obj (.text:NmiSR)
                  000029e8    00000188     main.obj (.text:UARTStdioIntHandler)
                  00002b70    00000178     OrangeRX.obj (.text:OrangeRX_showData)
                  00002ce8    0000016c     driverlib.lib : gpio.obj (.text:GPIOPadConfigSet)
                  00002e54    00000158     rtsv7M4_T_le_v4SPD16_eabi.lib : e_sqrt.c.obj (.text:sqrt)
                  00002fac    00000143     i2c.obj (.text:I2C_AddressBruteForcer)
                  000030ef    00000001     --HOLE-- [fill = 0]
                  000030f0    0000013c     rtsv7M4_T_le_v4SPD16_eabi.lib : _printfi.c.obj (.text:_pconv_e)
                  0000322c    00000138     main.obj (.text:UARTStdioConfig)
                  00003364    00000136     rtsv7M4_T_le_v4SPD16_eabi.lib : fd_div_t2.asm.obj (.text)
                  0000349a    00000002                                   : div0.asm.obj (.text)
                  0000349c    00000124                                   : _printfi.c.obj (.text:fcvt)
                  000035c0    00000118     driverlib.lib : sysctl.obj (.text:SysCtlClockGet)
                  000036d8    00000114     main.obj (.text:UARTwrite)
                  000037ec    00000110     rtsv7M4_T_le_v4SPD16_eabi.lib : s_scalbn.c.obj (.text:scalbn)
                  000038fc    0000010c     BMP388.obj (.text:BMP388_get_sensor_data)
                  00003a08    00000100     i2c.obj (.text:I2C_writeSingleReg)
                  00003b08    000000fc     rtsv7M4_T_le_v4SPD16_eabi.lib : fd_mul_t2.asm.obj (.text)
                  00003c04    000000f4     driverlib.lib : sysctl.obj (.text:SysCtlClockSet)
                  00003cf8    000000f0     buzzer.obj (.text:BUZZ_SM)
                  00003de8    000000e4     OrangeRX.obj (.text:OrangeRX_receivedChannelReorganizer)
                  00003ecc    000000c6     BMX160.obj (.text:BMX160_setMagnConf)
                  00003f92    00000002     --HOLE-- [fill = 0]
                  00003f94    000000b1     rtsv7M4_T_le_v4SPD16_eabi.lib : _printfi.c.obj (.text:_ltostr)
                  00004045    00000003     --HOLE-- [fill = 0]
                  00004048    000000ad     BMP388.obj (.text:BMP388_compensate_data)
                  000040f5    00000001     --HOLE-- [fill = 0]
                  000040f6    0000009c     rtsv7M4_T_le_v4SPD16_eabi.lib : memcpy_t2.asm.obj (.text)
                  00004192    00000096                                   : ull_div_t2.asm.obj (.text)
                  00004228    00000094     BMX160.obj (.text:BMX160_softReset)
                  000042bc    00000094     main.obj (.text:UARTPrimeTransmit)
                  00004350    0000008c     OrangeRX.obj (.text:OrangeRX_Init)
                  000043dc    00000088     BMP388.obj (.text:BMP388_get_regs)
                  00004464    00000086     rtsv7M4_T_le_v4SPD16_eabi.lib : fd_cmp_t2.asm.obj (.text:__aeabi_cdcmple)
                  000044ea    00000086                                   : fd_cmp_t2.asm.obj (.text:__aeabi_cdrcmple)
                  00004570    00000084     i2c.obj (.text:PCF8574A_Read)
                  000045f4    00000080     uart.obj (.text:UART0_STDIO_Init)
                  00004674    0000007c     BMP388.obj (.text:BMP388_readAltitude)
                  000046f0    0000007a     rtsv7M4_T_le_v4SPD16_eabi.lib : memset_t2.asm.obj (.text)
                  0000476a    00000002     --HOLE-- [fill = 0]
                  0000476c    00000078     BMP388.obj (.text:BMP388_readCalibratedAltitude)
                  000047e4    00000070     BMP388.obj (.text:BMP388_readSeaLevel)
                  00004854    0000006e     BMP388.obj (.text:BMP388_compensate_temperature)
                  000048c2    0000006e     rtsv7M4_T_le_v4SPD16_eabi.lib : _printfi.c.obj (.text:_mcpy)
                  00004930    0000006e                                   : fd_tos_t2.asm.obj (.text)
                  0000499e    0000006c     BMP388.obj (.text:BMP388_parse_sensor_data)
                  00004a0a    00000002     --HOLE-- [fill = 0]
                  00004a0c    0000006c     i2c.obj (.text:I2C_ReadByte)
                  00004a78    00000068     driverlib.lib : interrupt.obj (.text:IntEnable)
                  00004ae0    00000068     rtsv7M4_T_le_v4SPD16_eabi.lib : copy_decompress_lzss.c.obj (.text:decompress:lzss:__TI_decompress_lzss)
                  00004b48    00000066     BMP388.obj (.text:BMP388_readTemperature)
                  00004bae    00000002     --HOLE-- [fill = 0]
                  00004bb0    00000064     rtsv7M4_T_le_v4SPD16_eabi.lib : s_frexp.c.obj (.text:frexp)
                  00004c14    00000063     BMP388.obj (.text:BMP388_readPressure)
                  00004c77    00000001     --HOLE-- [fill = 0]
                  00004c78    00000063     BMX160.obj (.text:BMX160_writeBmxReg)
                  00004cdb    00000001     --HOLE-- [fill = 0]
                  00004cdc    00000061     main.obj (.text:__error__)
                  00004d3d    00000003     --HOLE-- [fill = 0]
                  00004d40    00000060     i2c.obj (.text:PCF8574A_Write)
                  00004da0    00000060     driverlib.lib : timer.obj (.text:TimerConfigure)
                  00004e00    00000056     rtsv7M4_T_le_v4SPD16_eabi.lib : _printfi.c.obj (.text:_pconv_f)
                  00004e56    00000054                                   : _ltoa.c.obj (.text:__TI_ltoa)
                  00004eaa    00000052     BMX160.obj (.text:BMX160_defaultParamSettg)
                  00004efc    00000052     rtsv7M4_T_le_v4SPD16_eabi.lib : _printfi.c.obj (.text:_ecpy)
                  00004f4e    00000002     --HOLE-- [fill = 0]
                  00004f50    0000004c     driverlib.lib : gpio.obj (.text:GPIOPinConfigure)
                  00004f9c    0000004c     onBoardSwitch.obj (.text:SWITCH_Init)
                  00004fe8    0000004c     SysTick.obj (.text:SYSTICK_Delay)
                  00005034    0000004c     main.obj (.text:UARTFlushTx)
                  00005080    0000004c     driverlib.lib : timer.obj (.text:_TimerIntNumberGet)
                  000050cc    0000004c     rtsv7M4_T_le_v4SPD16_eabi.lib : atoi.c.obj (.text:atoi)
                  00005118    00000048                                   : fd_toi_t2.asm.obj (.text)
                  00005160    00000044                                   : autoinit.c.obj (.text:__TI_auto_init_nobinit_nopinit:__TI_auto_init_nobinit_nopinit)
                  000051a4    00000042     BMX160.obj (.text:BMX160_wakeUp)
                  000051e6    00000002     --HOLE-- [fill = 0]
                  000051e8    00000040     driverlib.lib : uart.obj (.text:_UARTIntNumberGet)
                  00005228    00000040     rtsv7M4_T_le_v4SPD16_eabi.lib : u_divt2.asm.obj (.text)
                  00005268    00000040                                   : sprintf.c.obj (.text:sprintf)
                  000052a8    0000003e                                   : _printfi.c.obj (.text:_fcpy)
                  000052e6    00000002     --HOLE-- [fill = 0]
                  000052e8    0000003c     buzzer.obj (.text:BUZZ_BUZZER)
                  00005324    0000003c     main.obj (.text:IsBufferFull)
                  00005360    0000003c     main.obj (.text:UARTgetc)
                  0000539c    00000038     driverlib.lib : sysctl.obj (.text:SysCtlPeripheralReady)
                  000053d4    00000038     SysFlag.obj (.text:SysFlag_Check)
                  0000540c    00000038     uart.obj (.text:UART0_STDIO_IntHandler)
                  00005444    00000038     rtsv7M4_T_le_v4SPD16_eabi.lib : fs_tod_t2.asm.obj (.text)
                  0000547c    00000036     BMX160.obj (.text:BMX160_softResetWorker)
                  000054b2    00000002     --HOLE-- [fill = 0]
                  000054b4    00000034     driverlib.lib : interrupt.obj (.text:IntRegister)
                  000054e8    00000034     led.obj (.text:LED_LEDInit)
                  0000551c    00000034     driverlib.lib : sysctl.obj (.text:SysCtlPeripheralEnable)
                  00005550    00000034     SysFlag.obj (.text:SysFlag_Clear)
                  00005584    00000034     SysFlag.obj (.text:SysFlag_Set)
                  000055b8    00000034     main.obj (.text:SystemInitialize)
                  000055ec    00000034     main.obj (.text:UARTFlushRx)
                  00005620    00000034     rtsv7M4_T_le_v4SPD16_eabi.lib : boot_cortex_m.c.obj (.text:_c_int00_noargs:_c_int00_noargs)
                  00005654    0000002e                                   : i_tofd_t2.asm.obj (.text)
                  00005682    00000002     --HOLE-- [fill = 0]
                  00005684    0000002c     buzzer.obj (.text:BUZZ_BUZZ)
                  000056b0    0000002c     driverlib.lib : gpio.obj (.text:GPIODirModeSet)
                  000056dc    0000002c     main.obj (.text:IsBufferEmpty)
                  00005708    0000002c     main.obj (.text:UARTEchoSet)
                  00005734    00000024     onBoardSwitch.obj (.text:SWITCH_SW1_Pressed)
                  00005758    00000024     onBoardSwitch.obj (.text:SWITCH_SW2_Pressed)
                  0000577c    00000024     main.obj (.text:UARTprintf)
                  000057a0    00000020     OrangeRX.obj (.text:OrangeRX_IntHandler)
                  000057c0    00000020     SysTick.obj (.text:SysTick_Init)
                  000057e0    00000020     rtsv7M4_T_le_v4SPD16_eabi.lib : u_tofd_t2.asm.obj (.text)
                  00005800    0000001c     driverlib.lib : systick.obj (.text:SysTickIntRegister)
                  0000581c    0000001c     rtsv7M4_T_le_v4SPD16_eabi.lib : memccpy.c.obj (.text:memccpy)
                  00005838    0000001a     driverlib.lib : gpio.obj (.text:GPIOPinTypeGPIOOutput)
                  00005852    0000001a     rtsv7M4_T_le_v4SPD16_eabi.lib : s_copysign.c.obj (.text:copysign)
                  0000586c    00000018     driverlib.lib : timer.obj (.text:TimerIntRegister)
                  00005884    00000018                   : uart.obj (.text:UARTIntRegister)
                  0000589c    00000018     rtsv7M4_T_le_v4SPD16_eabi.lib : sprintf.c.obj (.text:_outs)
                  000058b4    00000016     driverlib.lib : gpio.obj (.text:GPIOPinTypeTimer)
                  000058ca    00000016                   : gpio.obj (.text:GPIOPinTypeUART)
                  000058e0    00000016                   : i2c.obj (.text:I2CMasterErr)
                  000058f6    00000016                   : timer.obj (.text:TimerControlEvent)
                  0000590c    00000016     rtsv7M4_T_le_v4SPD16_eabi.lib : strchr.c.obj (.text:strchr)
                  00005922    00000002     --HOLE-- [fill = 0]
                  00005924    00000014     driverlib.lib : sysctl.obj (.text:SysCtlResetCauseClear)
                  00005938    00000014                   : systick.obj (.text:SysTickEnable)
                  0000594c    00000014                   : systick.obj (.text:SysTickIntEnable)
                  00005960    00000014     rtsv7M4_T_le_v4SPD16_eabi.lib : strlen.c.obj (.text:strlen)
                  00005974    00000012     driverlib.lib : timer.obj (.text:TimerLoadSet)
                  00005986    00000012                   : timer.obj (.text:TimerMatchSet)
                  00005998    00000012     rtsv7M4_T_le_v4SPD16_eabi.lib : wcslen.c.obj (.text:wcslen)
                  000059aa    00000002     --HOLE-- [fill = 0]
                  000059ac    00000010     sysclk.obj (.text:SysClk_Init)
                  000059bc    00000010     driverlib.lib : systick.obj (.text:SysTickPeriodSet)
                  000059cc    0000000e                   : timer.obj (.text:TimerEnable)
                  000059da    0000000e     rtsv7M4_T_le_v4SPD16_eabi.lib : copy_decompress_none.c.obj (.text:decompress:none:__TI_decompress_none)
                  000059e8    0000000c     driverlib.lib : sysctl.obj (.text:SysCtlResetCauseGet)
                  000059f4    0000000c     SysFlag.obj (.text:SysFlag_Init)
                  00005a00    0000000c     rtsv7M4_T_le_v4SPD16_eabi.lib : copy_zero_init.c.obj (.text:decompress:ZI:__TI_zero_init)
                  00005a0c    0000000a     SysTick.obj (.text:SysTick_IntHandler)
                  00005a16    0000000a     driverlib.lib : timer.obj (.text:TimerValueGet)
                  00005a20    0000000a                   : uart.obj (.text:UARTIntStatus)
                  00005a2a    0000000a     rtsv7M4_T_le_v4SPD16_eabi.lib : sprintf.c.obj (.text:_outc)
                  00005a34    00000008     driverlib.lib : i2c.obj (.text:I2CMasterBusy)
                  00005a3c    00000008                   : i2c.obj (.text:I2CMasterSlaveAddrSet)
                  00005a44    00000008                   : timer.obj (.text:TimerIntEnable)
                  00005a4c    00000008                   : uart.obj (.text:UARTIntEnable)
                  00005a54    00000008     rtsv7M4_T_le_v4SPD16_eabi.lib : errno.c.obj (.text:__aeabi_errno_addr)
                  00005a5c    00000006     driverlib.lib : gpio.obj (.text:GPIOPinRead)
                  00005a62    00000006                   : gpio.obj (.text:GPIOPinWrite)
                  00005a68    00000006     startup_ccs.obj (.text:ResetISR)
                  00005a6e    00000006     driverlib.lib : sysctl.obj (.text:SysCtlDelay)
                  00005a74    00000006                   : uart.obj (.text:UARTClockSourceSet)
                  00005a7a    00000004                   : i2c.obj (.text:I2CMasterControl)
                  00005a7e    00000004                   : i2c.obj (.text:I2CMasterDataGet)
                  00005a82    00000004                   : i2c.obj (.text:I2CMasterDataPut)
                  00005a86    00000004                   : timer.obj (.text:TimerIntClear)
                  00005a8a    00000004     rtsv7M4_T_le_v4SPD16_eabi.lib : pre_init.c.obj (.text:_system_pre_init)
                  00005a8e    00000004                                   : exit.c.obj (.text:abort:abort)

.const     0    00005a98    000003a8     
                  00005a98    00000101     rtsv7M4_T_le_v4SPD16_eabi.lib : ctype.c.obj (.const:.string:_ctypes_)
                  00005b99    00000003     --HOLE-- [fill = 0]
                  00005b9c    00000090     driverlib.lib : gpio.obj (.const:g_pui32GPIOBaseAddrs)
                  00005c2c    0000006c                   : sysctl.obj (.const:g_pui32Xtals)
                  00005c98    00000060                   : timer.obj (.const:g_ppui32TimerIntMap)
                  00005cf8    00000040                   : timer.obj (.const:g_ppui32TimerIntMapSnowflake)
                  00005d38    00000040                   : uart.obj (.const:g_ppui32UARTIntMap)
                  00005d78    00000040                   : uart.obj (.const:g_ppui32UARTIntMapSnowflake)
                  00005db8    00000030     rtsv7M4_T_le_v4SPD16_eabi.lib : e_pow.c.obj (.const:$O1$$)
                  00005de8    00000014     driverlib.lib : interrupt.obj (.const:g_pui32EnRegs)
                  00005dfc    00000012     main.obj (.const:.string)
                  00005e0e    00000002     --HOLE-- [fill = 0]
                  00005e10    0000000c     main.obj (.const:g_ui32UARTBase)
                  00005e1c    0000000c     main.obj (.const:g_ui32UARTInt)
                  00005e28    0000000c     main.obj (.const:g_ui32UARTPeriph)
                  00005e34    00000008     BMP388.obj (.const:$P$T0$1)
                  00005e3c    00000004     main.obj (.const)

.cinit     0    00005e40    00000048     
                  00005e40    00000010     (.cinit..data.load) [load image, compression = lzss]
                  00005e50    0000000c     (__TI_handler_table)
                  00005e5c    00000004     --HOLE-- [fill = 0]
                  00005e60    00000008     (.cinit..bss.load) [load image, compression = zero_init]
                  00005e68    00000008     (.cinit..vtable.load) [load image, compression = zero_init]
                  00005e70    00000018     (__TI_cinit_table)

.init_array 
*          0    00000000    00000000     UNINITIALIZED

.vtable    0    20000000    0000026c     UNINITIALIZED
                  20000000    0000026c     driverlib.lib : interrupt.obj (.vtable)

.stack     0    20000270    00001000     UNINITIALIZED
                  20000270    00000004     rtsv7M4_T_le_v4SPD16_eabi.lib : boot_cortex_m.c.obj (.stack)
                  20000274    00000ffc     --HOLE--

.sysmem    0    20001270    00001000     UNINITIALIZED
                  20001270    00000010     rtsv7M4_T_le_v4SPD16_eabi.lib : memory.c.obj (.sysmem)
                  20001280    00000ff0     --HOLE--

.bss       0    20002270    00000616     UNINITIALIZED
                  20002270    00000400     main.obj (.bss:g_pcUARTTxBuffer)
                  20002670    000000d0     (.common:dev)
                  20002740    000000a8     (.common:rx_data)
                  200027e8    00000080     main.obj (.bss:g_pcUARTRxBuffer)
                  20002868    00000008     main.obj (.bss)
                  20002870    00000004     buzzer.obj (.bss)
                  20002874    00000004     (.common:Obmx160)
                  20002878    00000004     (.common:g_uiSysFlags)
                  2000287c    00000004     (.common:resetCause)
                  20002880    00000002     (.common:buzDuration)
                  20002882    00000002     (.common:count)
                  20002884    00000002     (.common:pauseTime)

.data      0    20002888    00000030     UNINITIALIZED
                  20002888    00000028     main.obj (.data)
                  200028b0    00000004     rtsv7M4_T_le_v4SPD16_eabi.lib : errno.c.obj (.data)
                  200028b4    00000003     buzzer.obj (.data)
                  200028b7    00000001     OrangeRX.obj (.data)

__llvm_prf_cnts 
*          0    20000000    00000000     UNINITIALIZED

.binit     0    00000000    00000000     

MODULE SUMMARY

       Module                       code    ro data   rw data
       ------                       ----    -------   -------
    .\
       main.obj                     3941    58        1204   
       startup_ccs.obj              12      620       0      
    +--+----------------------------+-------+---------+---------+
       Total:                       3953    678       1204   
                                                             
    .\local_Include\
       i2c.obj                      915     0         0      
       uart.obj                     184     0         0      
       SysFlag.obj                  172     0         4      
       onBoardSwitch.obj            148     0         0      
       SysTick.obj                  118     0         0      
       led.obj                      52      0         0      
       sysclk.obj                   16      0         0      
    +--+----------------------------+-------+---------+---------+
       Total:                       1605    0         4      
                                                             
    .\local_Include\BMP388\
       BMP388.obj                   2486    8         208    
    +--+----------------------------+-------+---------+---------+
       Total:                       2486    8         208    
                                                             
    .\local_Include\BMX160\
       BMX160.obj                   647     0         4      
    +--+----------------------------+-------+---------+---------+
       Total:                       647     0         4      
                                                             
    .\local_Include\BUZZER\
       buzzer.obj                   344     0         13     
    +--+----------------------------+-------+---------+---------+
       Total:                       344     0         13     
                                                             
    .\local_Include\OrangeRX\
       OrangeRX.obj                 776     0         169    
    +--+----------------------------+-------+---------+---------+
       Total:                       776     0         169    
                                                             
    C:/ti/TivaWare_C_Series-2.2.0.295/driverlib/ccs/Debug/driverlib.lib
       interrupt.obj                156     20        620    
       sysctl.obj                   670     108       0      
       gpio.obj                     566     144       0      
       timer.obj                    290     160       0      
       uart.obj                     112     128       0      
       systick.obj                  84      0         0      
       i2c.obj                      50      0         0      
    +--+----------------------------+-------+---------+---------+
       Total:                       1928    560       620    
                                                             
    C:\ti\ccs1040\ccs\tools\compiler\ti-cgt-arm_20.2.5.LTS\lib\rtsv7M4_T_le_v4SPD16_eabi.lib
       _printfi.c.obj               4851    0         0      
       e_pow.c.obj                  2512    48        0      
       fd_add_t2.asm.obj            438     0         0      
       e_sqrt.c.obj                 344     0         0      
       fd_div_t2.asm.obj            310     0         0      
       s_scalbn.c.obj               272     0         0      
       fd_cmp_t2.asm.obj            268     0         0      
       ctype.c.obj                  0       257       0      
       fd_mul_t2.asm.obj            252     0         0      
       memcpy_t2.asm.obj            156     0         0      
       ull_div_t2.asm.obj           150     0         0      
       memset_t2.asm.obj            122     0         0      
       fd_tos_t2.asm.obj            110     0         0      
       copy_decompress_lzss.c.obj   104     0         0      
       s_frexp.c.obj                100     0         0      
       sprintf.c.obj                98      0         0      
       _ltoa.c.obj                  84      0         0      
       atoi.c.obj                   76      0         0      
       fd_toi_t2.asm.obj            72      0         0      
       autoinit.c.obj               68      0         0      
       u_divt2.asm.obj              64      0         0      
       fs_tod_t2.asm.obj            56      0         0      
       boot_cortex_m.c.obj          52      0         0      
       i_tofd_t2.asm.obj            46      0         0      
       u_tofd_t2.asm.obj            32      0         0      
       memccpy.c.obj                28      0         0      
       s_copysign.c.obj             26      0         0      
       strchr.c.obj                 22      0         0      
       strlen.c.obj                 20      0         0      
       wcslen.c.obj                 18      0         0      
       copy_decompress_none.c.obj   14      0         0      
       copy_zero_init.c.obj         12      0         0      
       errno.c.obj                  8       0         4      
       exit.c.obj                   4       0         0      
       pre_init.c.obj               4       0         0      
       div0.asm.obj                 2       0         0      
    +--+----------------------------+-------+---------+---------+
       Total:                       10795   305       4      
                                                             
       Heap:                        0       0         4096   
       Stack:                       0       0         4096   
       Linker Generated:            0       68        0      
    +--+----------------------------+-------+---------+---------+
       Grand Total:                 22534   1619      10418  


LINKER GENERATED COPY TABLES

__TI_cinit_table @ 00005e70 records: 3, size/record: 8, table size: 24
	.data: load addr=00005e40, load size=00000010 bytes, run addr=20002888, run size=00000030 bytes, compression=lzss
	.bss: load addr=00005e60, load size=00000008 bytes, run addr=20002270, run size=00000616 bytes, compression=zero_init
	.vtable: load addr=00005e68, load size=00000008 bytes, run addr=20000000, run size=0000026c bytes, compression=zero_init


LINKER GENERATED HANDLER TABLE

__TI_handler_table @ 00005e50 records: 3, size/record: 4, table size: 12
	index: 0, handler: __TI_zero_init
	index: 1, handler: __TI_decompress_lzss
	index: 2, handler: __TI_decompress_none


GLOBAL SYMBOLS: SORTED ALPHABETICALLY BY Name 

address   name                               
-------   ----                               
00004049  BMP388_compensate_data             
00001f81  BMP388_compensate_pressure         
00004855  BMP388_compensate_temperature      
000043dd  BMP388_get_regs                    
000038fd  BMP388_get_sensor_data             
0000499f  BMP388_parse_sensor_data           
00004675  BMP388_readAltitude                
0000476d  BMP388_readCalibratedAltitude      
00004c15  BMP388_readPressure                
000047e5  BMP388_readSeaLevel                
00004b49  BMP388_readTemperature             
0000248d  BMP388_showData                    
00004eab  BMX160_defaultParamSettg           
00003ecd  BMX160_setMagnConf                 
00004229  BMX160_softReset                   
0000547d  BMX160_softResetWorker             
000051a5  BMX160_wakeUp                      
00004c79  BMX160_writeBmxReg                 
00005685  BUZZ_BUZZ                          
000052e9  BUZZ_BUZZER                        
00003cf9  BUZZ_SM                            
00005a8f  C$$EXIT                            
000056b1  GPIODirModeSet                     
00002ce9  GPIOPadConfigSet                   
00004f51  GPIOPinConfigure                   
00005a5d  GPIOPinRead                        
00005839  GPIOPinTypeGPIOOutput              
000058b5  GPIOPinTypeTimer                   
000058cb  GPIOPinTypeUART                    
00005a63  GPIOPinWrite                       
00005a35  I2CMasterBusy                      
00005a7b  I2CMasterControl                   
00005a7f  I2CMasterDataGet                   
00005a83  I2CMasterDataPut                   
000058e1  I2CMasterErr                       
00005a3d  I2CMasterSlaveAddrSet              
00002fad  I2C_AddressBruteForcer             
00004a0d  I2C_ReadByte                       
00003a09  I2C_writeSingleReg                 
00004a79  IntEnable                          
000054b5  IntRegister                        
000054e9  LED_LEDInit                        
20002874  Obmx160                            
00004351  OrangeRX_Init                      
000057a1  OrangeRX_IntHandler                
00003de9  OrangeRX_receivedChannelReorganizer
00002b71  OrangeRX_showData                  
00004571  PCF8574A_Read                      
00004d41  PCF8574A_Write                     
00005a69  ResetISR                           
00004f9d  SWITCH_Init                        
00005735  SWITCH_SW1_Pressed                 
00005759  SWITCH_SW2_Pressed                 
00004fe9  SYSTICK_Delay                      
000059ad  SysClk_Init                        
000035c1  SysCtlClockGet                     
00003c05  SysCtlClockSet                     
00005a6f  SysCtlDelay                        
0000551d  SysCtlPeripheralEnable             
0000539d  SysCtlPeripheralReady              
00005925  SysCtlResetCauseClear              
000059e9  SysCtlResetCauseGet                
000053d5  SysFlag_Check                      
00005551  SysFlag_Clear                      
000059f5  SysFlag_Init                       
00005585  SysFlag_Set                        
00005939  SysTickEnable                      
0000594d  SysTickIntEnable                   
00005801  SysTickIntRegister                 
000059bd  SysTickPeriodSet                   
000057c1  SysTick_Init                       
00005a0d  SysTick_IntHandler                 
000055b9  SystemInitialize                   
00004da1  TimerConfigure                     
000058f7  TimerControlEvent                  
000059cd  TimerEnable                        
00005a87  TimerIntClear                      
00005a45  TimerIntEnable                     
0000586d  TimerIntRegister                   
00005975  TimerLoadSet                       
00005987  TimerMatchSet                      
00005a17  TimerValueGet                      
000045f5  UART0_STDIO_Init                   
0000540d  UART0_STDIO_IntHandler             
00005a75  UARTClockSourceSet                 
00005709  UARTEchoSet                        
000055ed  UARTFlushRx                        
00005035  UARTFlushTx                        
00005a4d  UARTIntEnable                      
00005885  UARTIntRegister                    
00005a21  UARTIntStatus                      
0000322d  UARTStdioConfig                    
000029e9  UARTStdioIntHandler                
00005361  UARTgetc                           
0000577d  UARTprintf                         
00001c2d  UARTvprintf                        
000036d9  UARTwrite                          
20001270  __STACK_END                        
00001000  __STACK_SIZE                       
20000470  __STACK_TOP                        
00001000  __SYSMEM_SIZE                      
00005e70  __TI_CINIT_Base                    
00005e88  __TI_CINIT_Limit                   
00005e50  __TI_Handler_Table_Base            
00005e5c  __TI_Handler_Table_Limit           
00005161  __TI_auto_init_nobinit_nopinit     
00004ae1  __TI_decompress_lzss               
000059db  __TI_decompress_none               
00004e57  __TI_ltoa                          
ffffffff  __TI_pprof_out_hndl                
0000026d  __TI_printfi                       
ffffffff  __TI_prof_data_size                
ffffffff  __TI_prof_data_start               
00000000  __TI_static_base__                 
00005a01  __TI_zero_init                     
00004465  __aeabi_cdcmpeq                    
00004465  __aeabi_cdcmple                    
000044eb  __aeabi_cdrcmple                   
00004931  __aeabi_d2f                        
00005119  __aeabi_d2iz                       
0000283b  __aeabi_dadd                       
00003365  __aeabi_ddiv                       
00003b09  __aeabi_dmul                       
00002831  __aeabi_dsub                       
00005a55  __aeabi_errno_addr                 
00005445  __aeabi_f2d                        
00005655  __aeabi_i2d                        
0000349b  __aeabi_idiv0                      
0000349b  __aeabi_ldiv0                      
000046f1  __aeabi_memclr                     
000046f1  __aeabi_memclr4                    
000046f1  __aeabi_memclr8                    
000040f7  __aeabi_memcpy                     
000040f7  __aeabi_memcpy4                    
000040f7  __aeabi_memcpy8                    
000046f3  __aeabi_memset                     
000046f3  __aeabi_memset4                    
000046f3  __aeabi_memset8                    
000057e1  __aeabi_ui2d                       
00005229  __aeabi_uidiv                      
00005229  __aeabi_uidivmod                   
00004193  __aeabi_uldivmod                   
ffffffff  __binit__                          
ffffffff  __c_args__                         
00004cdd  __error__                          
UNDEFED   __mpu_init                         
20000270  __stack                            
20000000  __start___llvm_prf_cnts            
20000000  __stop___llvm_prf_cnts             
00005621  _c_int00_noargs                    
00005a98  _ctypes_                           
20001270  _sys_memory                        
UNDEFED   _system_post_cinit                 
00005a8b  _system_pre_init                   
00005a8f  abort                              
000050cd  atoi                               
ffffffff  binit                              
20002880  buzDuration                        
00005853  copysign                           
00005853  copysignl                          
20002882  count                              
20002670  dev                                
200028b0  errno                              
200028b7  frameGapChNo                       
00004bb1  frexp                              
00004bb1  frexpl                             
20000000  g_pfnRAMVectors                    
00000000  g_pfnVectors                       
20002878  g_uiSysFlags                       
000037ed  ldexp                              
000037ed  ldexpl                             
0000168d  main                               
0000581d  memccpy                            
000040f7  memcpy                             
000046f9  memset                             
20002884  pauseTime                          
00000cbd  pow                                
00000cbd  powl                               
2000287c  resetCause                         
20002740  rx_data                            
000037ed  scalbn                             
000037ed  scalbnl                            
00005269  sprintf                            
00002e55  sqrt                               
00002e55  sqrtl                              
0000590d  strchr                             
00005961  strlen                             
00005999  wcslen                             


GLOBAL SYMBOLS: SORTED BY Symbol Address 

address   name                               
-------   ----                               
00000000  __TI_static_base__                 
00000000  g_pfnVectors                       
0000026d  __TI_printfi                       
00000cbd  pow                                
00000cbd  powl                               
00001000  __STACK_SIZE                       
00001000  __SYSMEM_SIZE                      
0000168d  main                               
00001c2d  UARTvprintf                        
00001f81  BMP388_compensate_pressure         
0000248d  BMP388_showData                    
00002831  __aeabi_dsub                       
0000283b  __aeabi_dadd                       
000029e9  UARTStdioIntHandler                
00002b71  OrangeRX_showData                  
00002ce9  GPIOPadConfigSet                   
00002e55  sqrt                               
00002e55  sqrtl                              
00002fad  I2C_AddressBruteForcer             
0000322d  UARTStdioConfig                    
00003365  __aeabi_ddiv                       
0000349b  __aeabi_idiv0                      
0000349b  __aeabi_ldiv0                      
000035c1  SysCtlClockGet                     
000036d9  UARTwrite                          
000037ed  ldexp                              
000037ed  ldexpl                             
000037ed  scalbn                             
000037ed  scalbnl                            
000038fd  BMP388_get_sensor_data             
00003a09  I2C_writeSingleReg                 
00003b09  __aeabi_dmul                       
00003c05  SysCtlClockSet                     
00003cf9  BUZZ_SM                            
00003de9  OrangeRX_receivedChannelReorganizer
00003ecd  BMX160_setMagnConf                 
00004049  BMP388_compensate_data             
000040f7  __aeabi_memcpy                     
000040f7  __aeabi_memcpy4                    
000040f7  __aeabi_memcpy8                    
000040f7  memcpy                             
00004193  __aeabi_uldivmod                   
00004229  BMX160_softReset                   
00004351  OrangeRX_Init                      
000043dd  BMP388_get_regs                    
00004465  __aeabi_cdcmpeq                    
00004465  __aeabi_cdcmple                    
000044eb  __aeabi_cdrcmple                   
00004571  PCF8574A_Read                      
000045f5  UART0_STDIO_Init                   
00004675  BMP388_readAltitude                
000046f1  __aeabi_memclr                     
000046f1  __aeabi_memclr4                    
000046f1  __aeabi_memclr8                    
000046f3  __aeabi_memset                     
000046f3  __aeabi_memset4                    
000046f3  __aeabi_memset8                    
000046f9  memset                             
0000476d  BMP388_readCalibratedAltitude      
000047e5  BMP388_readSeaLevel                
00004855  BMP388_compensate_temperature      
00004931  __aeabi_d2f                        
0000499f  BMP388_parse_sensor_data           
00004a0d  I2C_ReadByte                       
00004a79  IntEnable                          
00004ae1  __TI_decompress_lzss               
00004b49  BMP388_readTemperature             
00004bb1  frexp                              
00004bb1  frexpl                             
00004c15  BMP388_readPressure                
00004c79  BMX160_writeBmxReg                 
00004cdd  __error__                          
00004d41  PCF8574A_Write                     
00004da1  TimerConfigure                     
00004e57  __TI_ltoa                          
00004eab  BMX160_defaultParamSettg           
00004f51  GPIOPinConfigure                   
00004f9d  SWITCH_Init                        
00004fe9  SYSTICK_Delay                      
00005035  UARTFlushTx                        
000050cd  atoi                               
00005119  __aeabi_d2iz                       
00005161  __TI_auto_init_nobinit_nopinit     
000051a5  BMX160_wakeUp                      
00005229  __aeabi_uidiv                      
00005229  __aeabi_uidivmod                   
00005269  sprintf                            
000052e9  BUZZ_BUZZER                        
00005361  UARTgetc                           
0000539d  SysCtlPeripheralReady              
000053d5  SysFlag_Check                      
0000540d  UART0_STDIO_IntHandler             
00005445  __aeabi_f2d                        
0000547d  BMX160_softResetWorker             
000054b5  IntRegister                        
000054e9  LED_LEDInit                        
0000551d  SysCtlPeripheralEnable             
00005551  SysFlag_Clear                      
00005585  SysFlag_Set                        
000055b9  SystemInitialize                   
000055ed  UARTFlushRx                        
00005621  _c_int00_noargs                    
00005655  __aeabi_i2d                        
00005685  BUZZ_BUZZ                          
000056b1  GPIODirModeSet                     
00005709  UARTEchoSet                        
00005735  SWITCH_SW1_Pressed                 
00005759  SWITCH_SW2_Pressed                 
0000577d  UARTprintf                         
000057a1  OrangeRX_IntHandler                
000057c1  SysTick_Init                       
000057e1  __aeabi_ui2d                       
00005801  SysTickIntRegister                 
0000581d  memccpy                            
00005839  GPIOPinTypeGPIOOutput              
00005853  copysign                           
00005853  copysignl                          
0000586d  TimerIntRegister                   
00005885  UARTIntRegister                    
000058b5  GPIOPinTypeTimer                   
000058cb  GPIOPinTypeUART                    
000058e1  I2CMasterErr                       
000058f7  TimerControlEvent                  
0000590d  strchr                             
00005925  SysCtlResetCauseClear              
00005939  SysTickEnable                      
0000594d  SysTickIntEnable                   
00005961  strlen                             
00005975  TimerLoadSet                       
00005987  TimerMatchSet                      
00005999  wcslen                             
000059ad  SysClk_Init                        
000059bd  SysTickPeriodSet                   
000059cd  TimerEnable                        
000059db  __TI_decompress_none               
000059e9  SysCtlResetCauseGet                
000059f5  SysFlag_Init                       
00005a01  __TI_zero_init                     
00005a0d  SysTick_IntHandler                 
00005a17  TimerValueGet                      
00005a21  UARTIntStatus                      
00005a35  I2CMasterBusy                      
00005a3d  I2CMasterSlaveAddrSet              
00005a45  TimerIntEnable                     
00005a4d  UARTIntEnable                      
00005a55  __aeabi_errno_addr                 
00005a5d  GPIOPinRead                        
00005a63  GPIOPinWrite                       
00005a69  ResetISR                           
00005a6f  SysCtlDelay                        
00005a75  UARTClockSourceSet                 
00005a7b  I2CMasterControl                   
00005a7f  I2CMasterDataGet                   
00005a83  I2CMasterDataPut                   
00005a87  TimerIntClear                      
00005a8b  _system_pre_init                   
00005a8f  C$$EXIT                            
00005a8f  abort                              
00005a98  _ctypes_                           
00005e50  __TI_Handler_Table_Base            
00005e5c  __TI_Handler_Table_Limit           
00005e70  __TI_CINIT_Base                    
00005e88  __TI_CINIT_Limit                   
20000000  __start___llvm_prf_cnts            
20000000  __stop___llvm_prf_cnts             
20000000  g_pfnRAMVectors                    
20000270  __stack                            
20000470  __STACK_TOP                        
20001270  __STACK_END                        
20001270  _sys_memory                        
20002670  dev                                
20002740  rx_data                            
20002874  Obmx160                            
20002878  g_uiSysFlags                       
2000287c  resetCause                         
20002880  buzDuration                        
20002882  count                              
20002884  pauseTime                          
200028b0  errno                              
200028b7  frameGapChNo                       
ffffffff  __TI_pprof_out_hndl                
ffffffff  __TI_prof_data_size                
ffffffff  __TI_prof_data_start               
ffffffff  __binit__                          
ffffffff  __c_args__                         
ffffffff  binit                              
UNDEFED   __mpu_init                         
UNDEFED   _system_post_cinit                 

[188 symbols]
