******************************************************************************
                  TI ARM Linker PC v20.2.5                     
******************************************************************************
>> Linked Mon Feb  7 05:45:36 2022

OUTPUT FILE NAME:   <DroneProject.out>
ENTRY POINT SYMBOL: "_c_int00_noargs"  address: 00005d71


MEMORY CONFIGURATION

         name            origin    length      used     unused   attr    fill
----------------------  --------  ---------  --------  --------  ----  --------
  FLASH                 00000000   00040000  000064a8  00039b58  R  X
  SRAM                  20000000   00008000  000027f1  0000580f  RW X


SEGMENT ALLOCATION MAP

run origin  load origin   length   init length attrs members
----------  ----------- ---------- ----------- ----- -------
00000000    00000000    000064a8   000064a8    r-x
  00000000    00000000    0000026c   0000026c    r-- .intvecs
  0000026c    0000026c    00005ef4   00005ef4    r-x .text
  00006160    00006160    00000308   00000308    r-- .const
  00006468    00006468    00000040   00000040    r-- .cinit
20000000    20000000    000027f8   00000000    rw-
  20000000    20000000    0000026c   00000000    rw- .vtable
  20000270    20000270    00001000   00000000    rw- .stack
  20001270    20001270    00001000   00000000    rw- .sysmem
  20002270    20002270    00000565   00000000    rw- .bss
  200027d8    200027d8    00000020   00000000    rw- .data


SECTION ALLOCATION MAP

 output                                  attributes/
section   page    origin      length       input sections
--------  ----  ----------  ----------   ----------------
.intvecs   0    00000000    0000026c     
                  00000000    0000026c     startup_ccs.obj (.intvecs)

.text      0    0000026c    00005ef4     
                  0000026c    00000a4e     rtsv7M4_T_le_v4SPD16_eabi.lib : _printfi.c.obj (.text:__TI_printfi)
                  00000cba    00000002     startup_ccs.obj (.text:FaultISR)
                  00000cbc    000009d0     rtsv7M4_T_le_v4SPD16_eabi.lib : e_pow.c.obj (.text:pow)
                  0000168c    00000354     main.obj (.text:UARTvprintf)
                  000019e0    0000031c     BMP388.obj (.text:BMP388_parse_calib_data)
                  00001cfc    00000304     main.obj (.text:main)
                  00002000    0000029a     BMP388.obj (.text:BMP388_compensate_pressure)
                  0000229a    00000002     startup_ccs.obj (.text:IntDefaultHandler)
                  0000229c    00000270     rtsv7M4_T_le_v4SPD16_eabi.lib : _printfi.c.obj (.text:_pconv_a)
                  0000250c    0000026c     BMP388.obj (.text:BMP388_begin)
                  00002778    000001dc     BMP388.obj (.text:BMP388_user_i2c_read)
                  00002954    000001d0     rtsv7M4_T_le_v4SPD16_eabi.lib : _printfi.c.obj (.text:_pconv_g)
                  00002b24    000001b8     BMP388.obj (.text:BMP388_showData)
                  00002cdc    000001b6     rtsv7M4_T_le_v4SPD16_eabi.lib : fd_add_t2.asm.obj (.text)
                  00002e92    00000002     startup_ccs.obj (.text:NmiSR)
                  00002e94    000001a0     BMP388.obj (.text:BMP388_reset)
                  00003034    000001a0     BMP388.obj (.text:BMP388_set_config)
                  000031d4    00000188     main.obj (.text:UARTStdioIntHandler)
                  0000335c    0000016c     driverlib.lib : gpio.obj (.text:GPIOPadConfigSet)
                  000034c8    00000158     rtsv7M4_T_le_v4SPD16_eabi.lib : e_sqrt.c.obj (.text:sqrt)
                  00003620    0000013c                                   : _printfi.c.obj (.text:_pconv_e)
                  0000375c    00000138     main.obj (.text:UARTStdioConfig)
                  00003894    00000136     rtsv7M4_T_le_v4SPD16_eabi.lib : fd_div_t2.asm.obj (.text)
                  000039ca    00000002                                   : div0.asm.obj (.text)
                  000039cc    0000012b     i2c.obj (.text:I2C_AddressBruteForcer)
                  00003af7    00000001     --HOLE-- [fill = 0]
                  00003af8    00000124     rtsv7M4_T_le_v4SPD16_eabi.lib : _printfi.c.obj (.text:fcvt)
                  00003c1c    00000118     BMP388.obj (.text:BMP388_user_i2c_write)
                  00003d34    00000118     driverlib.lib : sysctl.obj (.text:SysCtlClockGet)
                  00003e4c    00000114     main.obj (.text:UARTwrite)
                  00003f60    00000110     rtsv7M4_T_le_v4SPD16_eabi.lib : s_scalbn.c.obj (.text:scalbn)
                  00004070    0000010c     BMP388.obj (.text:BMP388_get_sensor_data)
                  0000417c    00000100     i2c.obj (.text:I2C_writeSingleReg)
                  0000427c    000000fc     rtsv7M4_T_le_v4SPD16_eabi.lib : fd_mul_t2.asm.obj (.text)
                  00004378    000000f4     driverlib.lib : sysctl.obj (.text:SysCtlClockSet)
                  0000446c    000000c6     BMX160.obj (.text:BMX160_setMagnConf)
                  00004532    00000002     --HOLE-- [fill = 0]
                  00004534    000000b1     rtsv7M4_T_le_v4SPD16_eabi.lib : _printfi.c.obj (.text:_ltostr)
                  000045e5    00000003     --HOLE-- [fill = 0]
                  000045e8    000000ad     BMP388.obj (.text:BMP388_compensate_data)
                  00004695    00000003     --HOLE-- [fill = 0]
                  00004698    000000ab     BMP388.obj (.text:BMP388_get_calib_data)
                  00004743    00000001     --HOLE-- [fill = 0]
                  00004744    000000a4     BMP388.obj (.text:BMP388_set_regs)
                  000047e8    0000009c     rtsv7M4_T_le_v4SPD16_eabi.lib : memcpy_t2.asm.obj (.text)
                  00004884    00000096                                   : ull_div_t2.asm.obj (.text)
                  0000491a    00000002     --HOLE-- [fill = 0]
                  0000491c    00000094     BMX160.obj (.text:BMX160_softReset)
                  000049b0    00000094     main.obj (.text:UARTPrimeTransmit)
                  00004a44    0000008c     BMP388.obj (.text:BMP388_Init)
                  00004ad0    00000088     BMP388.obj (.text:BMP388_get_regs)
                  00004b58    00000086     rtsv7M4_T_le_v4SPD16_eabi.lib : fd_cmp_t2.asm.obj (.text:__aeabi_cdcmple)
                  00004bde    00000086                                   : fd_cmp_t2.asm.obj (.text:__aeabi_cdrcmple)
                  00004c64    00000084     i2c.obj (.text:PCF8574A_Read)
                  00004ce8    00000080     uart.obj (.text:UART0_STDIO_Init)
                  00004d68    0000007c     BMP388.obj (.text:BMP388_readAltitude)
                  00004de4    0000007a     rtsv7M4_T_le_v4SPD16_eabi.lib : memset_t2.asm.obj (.text)
                  00004e5e    00000002     --HOLE-- [fill = 0]
                  00004e60    00000078     BMP388.obj (.text:BMP388_readCalibratedAltitude)
                  00004ed8    00000078     i2c.obj (.text:I2C0_Init)
                  00004f50    00000070     BMP388.obj (.text:BMP388_readSeaLevel)
                  00004fc0    0000006e     BMP388.obj (.text:BMP388_compensate_temperature)
                  0000502e    0000006e     rtsv7M4_T_le_v4SPD16_eabi.lib : _printfi.c.obj (.text:_mcpy)
                  0000509c    0000006e                                   : fd_tos_t2.asm.obj (.text)
                  0000510a    0000006c     BMP388.obj (.text:BMP388_parse_sensor_data)
                  00005176    00000002     --HOLE-- [fill = 0]
                  00005178    0000006c     i2c.obj (.text:I2C_ReadByte)
                  000051e4    00000068     driverlib.lib : interrupt.obj (.text:IntEnable)
                  0000524c    00000068     rtsv7M4_T_le_v4SPD16_eabi.lib : copy_decompress_lzss.c.obj (.text:decompress:lzss:__TI_decompress_lzss)
                  000052b4    00000066     BMP388.obj (.text:BMP388_readTemperature)
                  0000531a    00000002     --HOLE-- [fill = 0]
                  0000531c    00000064     rtsv7M4_T_le_v4SPD16_eabi.lib : s_frexp.c.obj (.text:frexp)
                  00005380    00000063     BMP388.obj (.text:BMP388_readPressure)
                  000053e3    00000001     --HOLE-- [fill = 0]
                  000053e4    00000063     BMX160.obj (.text:BMX160_writeBmxReg)
                  00005447    00000001     --HOLE-- [fill = 0]
                  00005448    00000061     main.obj (.text:__error__)
                  000054a9    00000003     --HOLE-- [fill = 0]
                  000054ac    00000060     i2c.obj (.text:PCF8574A_Write)
                  0000550c    00000056     rtsv7M4_T_le_v4SPD16_eabi.lib : _printfi.c.obj (.text:_pconv_f)
                  00005562    00000054                                   : _ltoa.c.obj (.text:__TI_ltoa)
                  000055b6    00000052     BMX160.obj (.text:BMX160_defaultParamSettg)
                  00005608    00000052     rtsv7M4_T_le_v4SPD16_eabi.lib : _printfi.c.obj (.text:_ecpy)
                  0000565a    00000002     --HOLE-- [fill = 0]
                  0000565c    0000004c     driverlib.lib : gpio.obj (.text:GPIOPinConfigure)
                  000056a8    0000004c                   : i2c.obj (.text:I2CMasterInitExpClk)
                  000056f4    0000004c     onBoardSwitch.obj (.text:SWITCH_Init)
                  00005740    0000004c     SysTick.obj (.text:SYSTICK_Delay)
                  0000578c    0000004c     main.obj (.text:UARTFlushTx)
                  000057d8    0000004c     rtsv7M4_T_le_v4SPD16_eabi.lib : atoi.c.obj (.text:atoi)
                  00005824    00000048                                   : fd_toi_t2.asm.obj (.text)
                  0000586c    00000044                                   : autoinit.c.obj (.text:__TI_auto_init_nobinit_nopinit:__TI_auto_init_nobinit_nopinit)
                  000058b0    00000042     BMX160.obj (.text:BMX160_wakeUp)
                  000058f2    00000002     --HOLE-- [fill = 0]
                  000058f4    00000040     driverlib.lib : uart.obj (.text:_UARTIntNumberGet)
                  00005934    00000040     rtsv7M4_T_le_v4SPD16_eabi.lib : u_divt2.asm.obj (.text)
                  00005974    00000040                                   : sprintf.c.obj (.text:sprintf)
                  000059b4    0000003e     i2c.obj (.text:PCF8574A_Init)
                  000059f2    0000003e     rtsv7M4_T_le_v4SPD16_eabi.lib : _printfi.c.obj (.text:_fcpy)
                  00005a30    0000003c     main.obj (.text:IsBufferFull)
                  00005a6c    0000003c     main.obj (.text:SystemInitialize)
                  00005aa8    0000003c     main.obj (.text:UARTgetc)
                  00005ae4    0000003a     BMP388.obj (.text:BMP388_read_all_regs)
                  00005b1e    00000002     --HOLE-- [fill = 0]
                  00005b20    00000038     driverlib.lib : sysctl.obj (.text:SysCtlPeripheralReady)
                  00005b58    00000038     SysFlag.obj (.text:SysFlag_Check)
                  00005b90    00000038     uart.obj (.text:UART0_STDIO_IntHandler)
                  00005bc8    00000038     rtsv7M4_T_le_v4SPD16_eabi.lib : fs_tod_t2.asm.obj (.text)
                  00005c00    00000036     BMX160.obj (.text:BMX160_softResetWorker)
                  00005c36    00000002     --HOLE-- [fill = 0]
                  00005c38    00000034     driverlib.lib : interrupt.obj (.text:IntRegister)
                  00005c6c    00000034     led.obj (.text:LED_LEDInit)
                  00005ca0    00000034     driverlib.lib : sysctl.obj (.text:SysCtlPeripheralEnable)
                  00005cd4    00000034     SysFlag.obj (.text:SysFlag_Clear)
                  00005d08    00000034     SysFlag.obj (.text:SysFlag_Set)
                  00005d3c    00000034     main.obj (.text:UARTFlushRx)
                  00005d70    00000034     rtsv7M4_T_le_v4SPD16_eabi.lib : boot_cortex_m.c.obj (.text:_c_int00_noargs:_c_int00_noargs)
                  00005da4    0000002e                                   : i_tofd_t2.asm.obj (.text)
                  00005dd2    0000002c     driverlib.lib : gpio.obj (.text:GPIODirModeSet)
                  00005dfe    0000002c     main.obj (.text:IsBufferEmpty)
                  00005e2a    00000002     --HOLE-- [fill = 0]
                  00005e2c    0000002c     main.obj (.text:UARTEchoSet)
                  00005e58    00000024     onBoardSwitch.obj (.text:SWITCH_SW1_Pressed)
                  00005e7c    00000024     onBoardSwitch.obj (.text:SWITCH_SW2_Pressed)
                  00005ea0    00000024     main.obj (.text:UARTprintf)
                  00005ec4    00000020     SysTick.obj (.text:SysTick_Init)
                  00005ee4    00000020     rtsv7M4_T_le_v4SPD16_eabi.lib : u_tofd_t2.asm.obj (.text)
                  00005f04    0000001c     driverlib.lib : systick.obj (.text:SysTickIntRegister)
                  00005f20    0000001c     rtsv7M4_T_le_v4SPD16_eabi.lib : memccpy.c.obj (.text:memccpy)
                  00005f3c    0000001a     driverlib.lib : gpio.obj (.text:GPIOPinTypeGPIOOutput)
                  00005f56    0000001a     rtsv7M4_T_le_v4SPD16_eabi.lib : s_copysign.c.obj (.text:copysign)
                  00005f70    00000018     BMP388.obj (.text:BMP388_set_i2c_addr)
                  00005f88    00000018     driverlib.lib : uart.obj (.text:UARTIntRegister)
                  00005fa0    00000018     rtsv7M4_T_le_v4SPD16_eabi.lib : sprintf.c.obj (.text:_outs)
                  00005fb8    00000016     driverlib.lib : gpio.obj (.text:GPIOPinTypeI2C)
                  00005fce    00000016                   : gpio.obj (.text:GPIOPinTypeI2CSCL)
                  00005fe4    00000016                   : gpio.obj (.text:GPIOPinTypeUART)
                  00005ffa    00000016                   : i2c.obj (.text:I2CMasterErr)
                  00006010    00000016     rtsv7M4_T_le_v4SPD16_eabi.lib : strchr.c.obj (.text:strchr)
                  00006026    00000002     --HOLE-- [fill = 0]
                  00006028    00000014     driverlib.lib : sysctl.obj (.text:SysCtlResetCauseClear)
                  0000603c    00000014                   : systick.obj (.text:SysTickEnable)
                  00006050    00000014                   : systick.obj (.text:SysTickIntEnable)
                  00006064    00000014     rtsv7M4_T_le_v4SPD16_eabi.lib : strlen.c.obj (.text:strlen)
                  00006078    00000012                                   : wcslen.c.obj (.text:wcslen)
                  0000608a    00000002     --HOLE-- [fill = 0]
                  0000608c    00000010     sysclk.obj (.text:SysClk_Init)
                  0000609c    00000010     driverlib.lib : systick.obj (.text:SysTickPeriodSet)
                  000060ac    0000000e     rtsv7M4_T_le_v4SPD16_eabi.lib : copy_decompress_none.c.obj (.text:decompress:none:__TI_decompress_none)
                  000060ba    0000000c     BMP388.obj (.text:BMP388_user_delay_ms)
                  000060c6    00000002     --HOLE-- [fill = 0]
                  000060c8    0000000c     driverlib.lib : sysctl.obj (.text:SysCtlResetCauseGet)
                  000060d4    0000000c     SysFlag.obj (.text:SysFlag_Init)
                  000060e0    0000000c     rtsv7M4_T_le_v4SPD16_eabi.lib : copy_zero_init.c.obj (.text:decompress:ZI:__TI_zero_init)
                  000060ec    0000000a     driverlib.lib : i2c.obj (.text:I2CMasterEnable)
                  000060f6    0000000a     SysTick.obj (.text:SysTick_IntHandler)
                  00006100    0000000a     driverlib.lib : uart.obj (.text:UARTIntStatus)
                  0000610a    0000000a     rtsv7M4_T_le_v4SPD16_eabi.lib : sprintf.c.obj (.text:_outc)
                  00006114    00000008     driverlib.lib : i2c.obj (.text:I2CMasterBusy)
                  0000611c    00000008                   : i2c.obj (.text:I2CMasterSlaveAddrSet)
                  00006124    00000008                   : uart.obj (.text:UARTIntEnable)
                  0000612c    00000008     rtsv7M4_T_le_v4SPD16_eabi.lib : errno.c.obj (.text:__aeabi_errno_addr)
                  00006134    00000006     driverlib.lib : gpio.obj (.text:GPIOPinRead)
                  0000613a    00000006     startup_ccs.obj (.text:ResetISR)
                  00006140    00000006     driverlib.lib : sysctl.obj (.text:SysCtlDelay)
                  00006146    00000006                   : uart.obj (.text:UARTClockSourceSet)
                  0000614c    00000004                   : i2c.obj (.text:I2CMasterControl)
                  00006150    00000004                   : i2c.obj (.text:I2CMasterDataGet)
                  00006154    00000004                   : i2c.obj (.text:I2CMasterDataPut)
                  00006158    00000004     rtsv7M4_T_le_v4SPD16_eabi.lib : pre_init.c.obj (.text:_system_pre_init)
                  0000615c    00000004                                   : exit.c.obj (.text:abort:abort)

.const     0    00006160    00000308     
                  00006160    00000101     rtsv7M4_T_le_v4SPD16_eabi.lib : ctype.c.obj (.const:.string:_ctypes_)
                  00006261    00000003     --HOLE-- [fill = 0]
                  00006264    00000090     driverlib.lib : gpio.obj (.const:g_pui32GPIOBaseAddrs)
                  000062f4    0000006c                   : sysctl.obj (.const:g_pui32Xtals)
                  00006360    00000040                   : uart.obj (.const:g_ppui32UARTIntMap)
                  000063a0    00000040                   : uart.obj (.const:g_ppui32UARTIntMapSnowflake)
                  000063e0    00000030     rtsv7M4_T_le_v4SPD16_eabi.lib : e_pow.c.obj (.const:$O1$$)
                  00006410    00000014     driverlib.lib : interrupt.obj (.const:g_pui32EnRegs)
                  00006424    00000012     main.obj (.const:.string)
                  00006436    00000002     --HOLE-- [fill = 0]
                  00006438    0000000c     main.obj (.const:g_ui32UARTBase)
                  00006444    0000000c     main.obj (.const:g_ui32UARTInt)
                  00006450    0000000c     main.obj (.const:g_ui32UARTPeriph)
                  0000645c    00000008     BMP388.obj (.const:$P$T0$1)
                  00006464    00000004     main.obj (.const)

.cinit     0    00006468    00000040     
                  00006468    0000000c     (__TI_handler_table)
                  00006474    0000000b     (.cinit..data.load) [load image, compression = lzss]
                  0000647f    00000001     --HOLE-- [fill = 0]
                  00006480    00000008     (.cinit..bss.load) [load image, compression = zero_init]
                  00006488    00000008     (.cinit..vtable.load) [load image, compression = zero_init]
                  00006490    00000018     (__TI_cinit_table)

.init_array 
*          0    00000000    00000000     UNINITIALIZED

.vtable    0    20000000    0000026c     UNINITIALIZED
                  20000000    0000026c     driverlib.lib : interrupt.obj (.vtable)

.stack     0    20000270    00001000     UNINITIALIZED
                  20000270    00000004     rtsv7M4_T_le_v4SPD16_eabi.lib : boot_cortex_m.c.obj (.stack)
                  20000274    00000ffc     --HOLE--

.sysmem    0    20001270    00001000     UNINITIALIZED
                  20001270    00000010     rtsv7M4_T_le_v4SPD16_eabi.lib : memory.c.obj (.sysmem)
                  20001280    00000ff0     --HOLE--

.bss       0    20002270    00000565     UNINITIALIZED
                  20002270    00000400     main.obj (.bss:g_pcUARTTxBuffer)
                  20002670    000000d0     (.common:dev)
                  20002740    00000080     main.obj (.bss:g_pcUARTRxBuffer)
                  200027c0    00000008     main.obj (.bss)
                  200027c8    00000004     (.common:Obmx160)
                  200027cc    00000004     (.common:g_uiSysFlags)
                  200027d0    00000004     (.common:resetCause)
                  200027d4    00000001     (.common:BMP388_addr)

.data      0    200027d8    00000020     UNINITIALIZED
                  200027d8    0000001c     main.obj (.data)
                  200027f4    00000004     rtsv7M4_T_le_v4SPD16_eabi.lib : errno.c.obj (.data)

__llvm_prf_cnts 
*          0    20000000    00000000     UNINITIALIZED

.binit     0    00000000    00000000     

MODULE SUMMARY

       Module                       code    ro data   rw data
       ------                       ----    -------   -------
    .\
       main.obj                     3281    58        1192   
       startup_ccs.obj              12      620       0      
    +--+----------------------------+-------+---------+---------+
       Total:                       3293    678       1192   
                                                             
    .\local_Include\
       i2c.obj                      1073    0         0      
       uart.obj                     184     0         0      
       SysFlag.obj                  172     0         4      
       onBoardSwitch.obj            148     0         0      
       SysTick.obj                  118     0         0      
       led.obj                      52      0         0      
       sysclk.obj                   16      0         0      
    +--+----------------------------+-------+---------+---------+
       Total:                       1763    0         4      
                                                             
    .\local_Include\BMP388\
       BMP388.obj                   6031    8         209    
    +--+----------------------------+-------+---------+---------+
       Total:                       6031    8         209    
                                                             
    .\local_Include\BMX160\
       BMX160.obj                   647     0         4      
    +--+----------------------------+-------+---------+---------+
       Total:                       647     0         4      
                                                             
    C:/ti/TivaWare_C_Series-2.2.0.295/driverlib/ccs/Debug/driverlib.lib
       interrupt.obj                156     20        620    
       sysctl.obj                   670     108       0      
       gpio.obj                     582     144       0      
       uart.obj                     112     128       0      
       i2c.obj                      136     0         0      
       systick.obj                  84      0         0      
    +--+----------------------------+-------+---------+---------+
       Total:                       1740    400       620    
                                                             
    C:\ti\ccs1040\ccs\tools\compiler\ti-cgt-arm_20.2.5.LTS\lib\rtsv7M4_T_le_v4SPD16_eabi.lib
       _printfi.c.obj               4851    0         0      
       e_pow.c.obj                  2512    48        0      
       fd_add_t2.asm.obj            438     0         0      
       e_sqrt.c.obj                 344     0         0      
       fd_div_t2.asm.obj            310     0         0      
       s_scalbn.c.obj               272     0         0      
       fd_cmp_t2.asm.obj            268     0         0      
       ctype.c.obj                  0       257       0      
       fd_mul_t2.asm.obj            252     0         0      
       memcpy_t2.asm.obj            156     0         0      
       ull_div_t2.asm.obj           150     0         0      
       memset_t2.asm.obj            122     0         0      
       fd_tos_t2.asm.obj            110     0         0      
       copy_decompress_lzss.c.obj   104     0         0      
       s_frexp.c.obj                100     0         0      
       sprintf.c.obj                98      0         0      
       _ltoa.c.obj                  84      0         0      
       atoi.c.obj                   76      0         0      
       fd_toi_t2.asm.obj            72      0         0      
       autoinit.c.obj               68      0         0      
       u_divt2.asm.obj              64      0         0      
       fs_tod_t2.asm.obj            56      0         0      
       boot_cortex_m.c.obj          52      0         0      
       i_tofd_t2.asm.obj            46      0         0      
       u_tofd_t2.asm.obj            32      0         0      
       memccpy.c.obj                28      0         0      
       s_copysign.c.obj             26      0         0      
       strchr.c.obj                 22      0         0      
       strlen.c.obj                 20      0         0      
       wcslen.c.obj                 18      0         0      
       copy_decompress_none.c.obj   14      0         0      
       copy_zero_init.c.obj         12      0         0      
       errno.c.obj                  8       0         4      
       exit.c.obj                   4       0         0      
       pre_init.c.obj               4       0         0      
       div0.asm.obj                 2       0         0      
    +--+----------------------------+-------+---------+---------+
       Total:                       10795   305       4      
                                                             
       Heap:                        0       0         4096   
       Stack:                       0       0         4096   
       Linker Generated:            0       63        0      
    +--+----------------------------+-------+---------+---------+
       Grand Total:                 24269   1454      10225  


LINKER GENERATED COPY TABLES

__TI_cinit_table @ 00006490 records: 3, size/record: 8, table size: 24
	.data: load addr=00006474, load size=0000000b bytes, run addr=200027d8, run size=00000020 bytes, compression=lzss
	.bss: load addr=00006480, load size=00000008 bytes, run addr=20002270, run size=00000565 bytes, compression=zero_init
	.vtable: load addr=00006488, load size=00000008 bytes, run addr=20000000, run size=0000026c bytes, compression=zero_init


LINKER GENERATED HANDLER TABLE

__TI_handler_table @ 00006468 records: 3, size/record: 4, table size: 12
	index: 0, handler: __TI_zero_init
	index: 1, handler: __TI_decompress_lzss
	index: 2, handler: __TI_decompress_none


GLOBAL SYMBOLS: SORTED ALPHABETICALLY BY Name 

address   name                          
-------   ----                          
00004a45  BMP388_Init                   
200027d4  BMP388_addr                   
0000250d  BMP388_begin                  
000045e9  BMP388_compensate_data        
00002001  BMP388_compensate_pressure    
00004fc1  BMP388_compensate_temperature 
00004699  BMP388_get_calib_data         
00004ad1  BMP388_get_regs               
00004071  BMP388_get_sensor_data        
000019e1  BMP388_parse_calib_data       
0000510b  BMP388_parse_sensor_data      
00004d69  BMP388_readAltitude           
00004e61  BMP388_readCalibratedAltitude 
00005381  BMP388_readPressure           
00004f51  BMP388_readSeaLevel           
000052b5  BMP388_readTemperature        
00005ae5  BMP388_read_all_regs          
00002e95  BMP388_reset                  
00003035  BMP388_set_config             
00005f71  BMP388_set_i2c_addr           
00004745  BMP388_set_regs               
00002b25  BMP388_showData               
000060bb  BMP388_user_delay_ms          
00002779  BMP388_user_i2c_read          
00003c1d  BMP388_user_i2c_write         
000055b7  BMX160_defaultParamSettg      
0000446d  BMX160_setMagnConf            
0000491d  BMX160_softReset              
00005c01  BMX160_softResetWorker        
000058b1  BMX160_wakeUp                 
000053e5  BMX160_writeBmxReg            
0000615d  C$$EXIT                       
00005dd3  GPIODirModeSet                
0000335d  GPIOPadConfigSet              
0000565d  GPIOPinConfigure              
00006135  GPIOPinRead                   
00005f3d  GPIOPinTypeGPIOOutput         
00005fb9  GPIOPinTypeI2C                
00005fcf  GPIOPinTypeI2CSCL             
00005fe5  GPIOPinTypeUART               
00004ed9  I2C0_Init                     
00006115  I2CMasterBusy                 
0000614d  I2CMasterControl              
00006151  I2CMasterDataGet              
00006155  I2CMasterDataPut              
000060ed  I2CMasterEnable               
00005ffb  I2CMasterErr                  
000056a9  I2CMasterInitExpClk           
0000611d  I2CMasterSlaveAddrSet         
000039cd  I2C_AddressBruteForcer        
00005179  I2C_ReadByte                  
0000417d  I2C_writeSingleReg            
000051e5  IntEnable                     
00005c39  IntRegister                   
00005c6d  LED_LEDInit                   
200027c8  Obmx160                       
000059b5  PCF8574A_Init                 
00004c65  PCF8574A_Read                 
000054ad  PCF8574A_Write                
0000613b  ResetISR                      
000056f5  SWITCH_Init                   
00005e59  SWITCH_SW1_Pressed            
00005e7d  SWITCH_SW2_Pressed            
00005741  SYSTICK_Delay                 
0000608d  SysClk_Init                   
00003d35  SysCtlClockGet                
00004379  SysCtlClockSet                
00006141  SysCtlDelay                   
00005ca1  SysCtlPeripheralEnable        
00005b21  SysCtlPeripheralReady         
00006029  SysCtlResetCauseClear         
000060c9  SysCtlResetCauseGet           
00005b59  SysFlag_Check                 
00005cd5  SysFlag_Clear                 
000060d5  SysFlag_Init                  
00005d09  SysFlag_Set                   
0000603d  SysTickEnable                 
00006051  SysTickIntEnable              
00005f05  SysTickIntRegister            
0000609d  SysTickPeriodSet              
00005ec5  SysTick_Init                  
000060f7  SysTick_IntHandler            
00005a6d  SystemInitialize              
00004ce9  UART0_STDIO_Init              
00005b91  UART0_STDIO_IntHandler        
00006147  UARTClockSourceSet            
00005e2d  UARTEchoSet                   
00005d3d  UARTFlushRx                   
0000578d  UARTFlushTx                   
00006125  UARTIntEnable                 
00005f89  UARTIntRegister               
00006101  UARTIntStatus                 
0000375d  UARTStdioConfig               
000031d5  UARTStdioIntHandler           
00005aa9  UARTgetc                      
00005ea1  UARTprintf                    
0000168d  UARTvprintf                   
00003e4d  UARTwrite                     
20001270  __STACK_END                   
00001000  __STACK_SIZE                  
20000470  __STACK_TOP                   
00001000  __SYSMEM_SIZE                 
00006490  __TI_CINIT_Base               
000064a8  __TI_CINIT_Limit              
00006468  __TI_Handler_Table_Base       
00006474  __TI_Handler_Table_Limit      
0000586d  __TI_auto_init_nobinit_nopinit
0000524d  __TI_decompress_lzss          
000060ad  __TI_decompress_none          
00005563  __TI_ltoa                     
ffffffff  __TI_pprof_out_hndl           
0000026d  __TI_printfi                  
ffffffff  __TI_prof_data_size           
ffffffff  __TI_prof_data_start          
00000000  __TI_static_base__            
000060e1  __TI_zero_init                
00004b59  __aeabi_cdcmpeq               
00004b59  __aeabi_cdcmple               
00004bdf  __aeabi_cdrcmple              
0000509d  __aeabi_d2f                   
00005825  __aeabi_d2iz                  
00002ce7  __aeabi_dadd                  
00003895  __aeabi_ddiv                  
0000427d  __aeabi_dmul                  
00002cdd  __aeabi_dsub                  
0000612d  __aeabi_errno_addr            
00005bc9  __aeabi_f2d                   
00005da5  __aeabi_i2d                   
000039cb  __aeabi_idiv0                 
000039cb  __aeabi_ldiv0                 
00004de5  __aeabi_memclr                
00004de5  __aeabi_memclr4               
00004de5  __aeabi_memclr8               
000047e9  __aeabi_memcpy                
000047e9  __aeabi_memcpy4               
000047e9  __aeabi_memcpy8               
00004de7  __aeabi_memset                
00004de7  __aeabi_memset4               
00004de7  __aeabi_memset8               
00005ee5  __aeabi_ui2d                  
00005935  __aeabi_uidiv                 
00005935  __aeabi_uidivmod              
00004885  __aeabi_uldivmod              
ffffffff  __binit__                     
ffffffff  __c_args__                    
00005449  __error__                     
UNDEFED   __mpu_init                    
20000270  __stack                       
20000000  __start___llvm_prf_cnts       
20000000  __stop___llvm_prf_cnts        
00005d71  _c_int00_noargs               
00006160  _ctypes_                      
20001270  _sys_memory                   
UNDEFED   _system_post_cinit            
00006159  _system_pre_init              
0000615d  abort                         
000057d9  atoi                          
ffffffff  binit                         
00005f57  copysign                      
00005f57  copysignl                     
20002670  dev                           
200027f4  errno                         
0000531d  frexp                         
0000531d  frexpl                        
20000000  g_pfnRAMVectors               
00000000  g_pfnVectors                  
200027cc  g_uiSysFlags                  
00003f61  ldexp                         
00003f61  ldexpl                        
00001cfd  main                          
00005f21  memccpy                       
000047e9  memcpy                        
00004ded  memset                        
00000cbd  pow                           
00000cbd  powl                          
200027d0  resetCause                    
00003f61  scalbn                        
00003f61  scalbnl                       
00005975  sprintf                       
000034c9  sqrt                          
000034c9  sqrtl                         
00006011  strchr                        
00006065  strlen                        
00006079  wcslen                        


GLOBAL SYMBOLS: SORTED BY Symbol Address 

address   name                          
-------   ----                          
00000000  __TI_static_base__            
00000000  g_pfnVectors                  
0000026d  __TI_printfi                  
00000cbd  pow                           
00000cbd  powl                          
00001000  __STACK_SIZE                  
00001000  __SYSMEM_SIZE                 
0000168d  UARTvprintf                   
000019e1  BMP388_parse_calib_data       
00001cfd  main                          
00002001  BMP388_compensate_pressure    
0000250d  BMP388_begin                  
00002779  BMP388_user_i2c_read          
00002b25  BMP388_showData               
00002cdd  __aeabi_dsub                  
00002ce7  __aeabi_dadd                  
00002e95  BMP388_reset                  
00003035  BMP388_set_config             
000031d5  UARTStdioIntHandler           
0000335d  GPIOPadConfigSet              
000034c9  sqrt                          
000034c9  sqrtl                         
0000375d  UARTStdioConfig               
00003895  __aeabi_ddiv                  
000039cb  __aeabi_idiv0                 
000039cb  __aeabi_ldiv0                 
000039cd  I2C_AddressBruteForcer        
00003c1d  BMP388_user_i2c_write         
00003d35  SysCtlClockGet                
00003e4d  UARTwrite                     
00003f61  ldexp                         
00003f61  ldexpl                        
00003f61  scalbn                        
00003f61  scalbnl                       
00004071  BMP388_get_sensor_data        
0000417d  I2C_writeSingleReg            
0000427d  __aeabi_dmul                  
00004379  SysCtlClockSet                
0000446d  BMX160_setMagnConf            
000045e9  BMP388_compensate_data        
00004699  BMP388_get_calib_data         
00004745  BMP388_set_regs               
000047e9  __aeabi_memcpy                
000047e9  __aeabi_memcpy4               
000047e9  __aeabi_memcpy8               
000047e9  memcpy                        
00004885  __aeabi_uldivmod              
0000491d  BMX160_softReset              
00004a45  BMP388_Init                   
00004ad1  BMP388_get_regs               
00004b59  __aeabi_cdcmpeq               
00004b59  __aeabi_cdcmple               
00004bdf  __aeabi_cdrcmple              
00004c65  PCF8574A_Read                 
00004ce9  UART0_STDIO_Init              
00004d69  BMP388_readAltitude           
00004de5  __aeabi_memclr                
00004de5  __aeabi_memclr4               
00004de5  __aeabi_memclr8               
00004de7  __aeabi_memset                
00004de7  __aeabi_memset4               
00004de7  __aeabi_memset8               
00004ded  memset                        
00004e61  BMP388_readCalibratedAltitude 
00004ed9  I2C0_Init                     
00004f51  BMP388_readSeaLevel           
00004fc1  BMP388_compensate_temperature 
0000509d  __aeabi_d2f                   
0000510b  BMP388_parse_sensor_data      
00005179  I2C_ReadByte                  
000051e5  IntEnable                     
0000524d  __TI_decompress_lzss          
000052b5  BMP388_readTemperature        
0000531d  frexp                         
0000531d  frexpl                        
00005381  BMP388_readPressure           
000053e5  BMX160_writeBmxReg            
00005449  __error__                     
000054ad  PCF8574A_Write                
00005563  __TI_ltoa                     
000055b7  BMX160_defaultParamSettg      
0000565d  GPIOPinConfigure              
000056a9  I2CMasterInitExpClk           
000056f5  SWITCH_Init                   
00005741  SYSTICK_Delay                 
0000578d  UARTFlushTx                   
000057d9  atoi                          
00005825  __aeabi_d2iz                  
0000586d  __TI_auto_init_nobinit_nopinit
000058b1  BMX160_wakeUp                 
00005935  __aeabi_uidiv                 
00005935  __aeabi_uidivmod              
00005975  sprintf                       
000059b5  PCF8574A_Init                 
00005a6d  SystemInitialize              
00005aa9  UARTgetc                      
00005ae5  BMP388_read_all_regs          
00005b21  SysCtlPeripheralReady         
00005b59  SysFlag_Check                 
00005b91  UART0_STDIO_IntHandler        
00005bc9  __aeabi_f2d                   
00005c01  BMX160_softResetWorker        
00005c39  IntRegister                   
00005c6d  LED_LEDInit                   
00005ca1  SysCtlPeripheralEnable        
00005cd5  SysFlag_Clear                 
00005d09  SysFlag_Set                   
00005d3d  UARTFlushRx                   
00005d71  _c_int00_noargs               
00005da5  __aeabi_i2d                   
00005dd3  GPIODirModeSet                
00005e2d  UARTEchoSet                   
00005e59  SWITCH_SW1_Pressed            
00005e7d  SWITCH_SW2_Pressed            
00005ea1  UARTprintf                    
00005ec5  SysTick_Init                  
00005ee5  __aeabi_ui2d                  
00005f05  SysTickIntRegister            
00005f21  memccpy                       
00005f3d  GPIOPinTypeGPIOOutput         
00005f57  copysign                      
00005f57  copysignl                     
00005f71  BMP388_set_i2c_addr           
00005f89  UARTIntRegister               
00005fb9  GPIOPinTypeI2C                
00005fcf  GPIOPinTypeI2CSCL             
00005fe5  GPIOPinTypeUART               
00005ffb  I2CMasterErr                  
00006011  strchr                        
00006029  SysCtlResetCauseClear         
0000603d  SysTickEnable                 
00006051  SysTickIntEnable              
00006065  strlen                        
00006079  wcslen                        
0000608d  SysClk_Init                   
0000609d  SysTickPeriodSet              
000060ad  __TI_decompress_none          
000060bb  BMP388_user_delay_ms          
000060c9  SysCtlResetCauseGet           
000060d5  SysFlag_Init                  
000060e1  __TI_zero_init                
000060ed  I2CMasterEnable               
000060f7  SysTick_IntHandler            
00006101  UARTIntStatus                 
00006115  I2CMasterBusy                 
0000611d  I2CMasterSlaveAddrSet         
00006125  UARTIntEnable                 
0000612d  __aeabi_errno_addr            
00006135  GPIOPinRead                   
0000613b  ResetISR                      
00006141  SysCtlDelay                   
00006147  UARTClockSourceSet            
0000614d  I2CMasterControl              
00006151  I2CMasterDataGet              
00006155  I2CMasterDataPut              
00006159  _system_pre_init              
0000615d  C$$EXIT                       
0000615d  abort                         
00006160  _ctypes_                      
00006468  __TI_Handler_Table_Base       
00006474  __TI_Handler_Table_Limit      
00006490  __TI_CINIT_Base               
000064a8  __TI_CINIT_Limit              
20000000  __start___llvm_prf_cnts       
20000000  __stop___llvm_prf_cnts        
20000000  g_pfnRAMVectors               
20000270  __stack                       
20000470  __STACK_TOP                   
20001270  __STACK_END                   
20001270  _sys_memory                   
20002670  dev                           
200027c8  Obmx160                       
200027cc  g_uiSysFlags                  
200027d0  resetCause                    
200027d4  BMP388_addr                   
200027f4  errno                         
ffffffff  __TI_pprof_out_hndl           
ffffffff  __TI_prof_data_size           
ffffffff  __TI_prof_data_start          
ffffffff  __binit__                     
ffffffff  __c_args__                    
ffffffff  binit                         
UNDEFED   __mpu_init                    
UNDEFED   _system_post_cinit            

[184 symbols]
