******************************************************************************
                  TI ARM Linker PC v20.2.5                     
******************************************************************************
>> Linked Sat Jan 29 16:40:04 2022

OUTPUT FILE NAME:   <DroneProject.out>
ENTRY POINT SYMBOL: "_c_int00_noargs"  address: 00001d99


MEMORY CONFIGURATION

         name            origin    length      used     unused   attr    fill
----------------------  --------  ---------  --------  --------  ----  --------
  FLASH                 00000000   00040000  0000224e  0003ddb2  R  X
  SRAM                  20000000   00008000  00002718  000058e8  RW X


SEGMENT ALLOCATION MAP

run origin  load origin   length   init length attrs members
----------  ----------- ---------- ----------- ----- -------
00000000    00000000    00002250   00002250    r-x
  00000000    00000000    0000026c   0000026c    r-- .intvecs
  0000026c    0000026c    00001dce   00001dce    r-x .text
  0000203c    0000203c    000001cc   000001cc    r-- .const
  00002208    00002208    00000048   00000048    r-- .cinit
20000000    20000000    0000271c   00000000    rw-
  20000000    20000000    0000026c   00000000    rw- .vtable
  20000270    20000270    00001000   00000000    rw- .stack
  20001270    20001270    00001000   00000000    rw- .sysmem
  20002270    20002270    00000490   00000000    rw- .bss
  20002700    20002700    0000001c   00000000    rw- .data


SECTION ALLOCATION MAP

 output                                  attributes/
section   page    origin      length       input sections
--------  ----  ----------  ----------   ----------------
.intvecs   0    00000000    0000026c     
                  00000000    0000026c     startup_ccs.obj (.intvecs)

.text      0    0000026c    00001dce     
                  0000026c    0000057c     main.obj (.text:main)
                  000007e8    00000354     main.obj (.text:UARTvprintf)
                  00000b3c    00000188     main.obj (.text:UARTStdioIntHandler)
                  00000cc4    0000016c     driverlib.lib : gpio.obj (.text:GPIOPadConfigSet)
                  00000e30    00000138     main.obj (.text:UARTStdioConfig)
                  00000f68    00000123     i2c.obj (.text:I2C_AddressBruteForcer)
                  0000108b    00000001     --HOLE-- [fill = 0]
                  0000108c    00000118     driverlib.lib : sysctl.obj (.text:SysCtlClockGet)
                  000011a4    00000114     main.obj (.text:UARTwrite)
                  000012b8    000000f4     driverlib.lib : sysctl.obj (.text:SysCtlClockSet)
                  000013ac    0000009c     rtsv7M4_T_le_v4SPD16_eabi.lib : memcpy_t2.asm.obj (.text)
                  00001448    00000094     main.obj (.text:UARTPrimeTransmit)
                  000014dc    00000084     i2c.obj (.text:PCF8574A_Read)
                  00001560    00000080     uart.obj (.text:UART0_STDIO_Init)
                  000015e0    0000007a     rtsv7M4_T_le_v4SPD16_eabi.lib : memset_t2.asm.obj (.text)
                  0000165a    00000002     startup_ccs.obj (.text:FaultISR)
                  0000165c    00000078     i2c.obj (.text:I2C0_Init)
                  000016d4    0000006c     i2c.obj (.text:I2C_ReadByte)
                  00001740    00000068     driverlib.lib : interrupt.obj (.text:IntEnable)
                  000017a8    00000068     rtsv7M4_T_le_v4SPD16_eabi.lib : copy_decompress_lzss.c.obj (.text:decompress:lzss:__TI_decompress_lzss)
                  00001810    00000061     main.obj (.text:__error__)
                  00001871    00000001     --HOLE-- [fill = 0]
                  00001872    00000002     startup_ccs.obj (.text:IntDefaultHandler)
                  00001874    00000060     i2c.obj (.text:PCF8574A_Write)
                  000018d4    0000004c     driverlib.lib : gpio.obj (.text:GPIOPinConfigure)
                  00001920    0000004c                   : i2c.obj (.text:I2CMasterInitExpClk)
                  0000196c    0000004c     onBoardSwitch.obj (.text:SWITCH_Init)
                  000019b8    0000004c     main.obj (.text:UARTFlushTx)
                  00001a04    00000044     rtsv7M4_T_le_v4SPD16_eabi.lib : autoinit.c.obj (.text:__TI_auto_init_nobinit_nopinit:__TI_auto_init_nobinit_nopinit)
                  00001a48    00000040     driverlib.lib : uart.obj (.text:_UARTIntNumberGet)
                  00001a88    00000040     rtsv7M4_T_le_v4SPD16_eabi.lib : u_divt2.asm.obj (.text)
                  00001ac8    0000003e     i2c.obj (.text:PCF8574A_Init)
                  00001b06    0000003c     main.obj (.text:IsBufferFull)
                  00001b42    00000002     startup_ccs.obj (.text:NmiSR)
                  00001b44    0000003c     main.obj (.text:UARTgetc)
                  00001b80    00000038     driverlib.lib : sysctl.obj (.text:SysCtlPeripheralReady)
                  00001bb8    00000038     SysFlag.obj (.text:SysFlag_Check)
                  00001bf0    00000038     main.obj (.text:SystemInitialize)
                  00001c28    00000038     uart.obj (.text:UART0_STDIO_IntHandler)
                  00001c60    00000034     driverlib.lib : interrupt.obj (.text:IntRegister)
                  00001c94    00000034     led.obj (.text:LED_LEDInit)
                  00001cc8    00000034     driverlib.lib : sysctl.obj (.text:SysCtlPeripheralEnable)
                  00001cfc    00000034     SysFlag.obj (.text:SysFlag_Clear)
                  00001d30    00000034     SysFlag.obj (.text:SysFlag_Set)
                  00001d64    00000034     main.obj (.text:UARTFlushRx)
                  00001d98    00000034     rtsv7M4_T_le_v4SPD16_eabi.lib : boot_cortex_m.c.obj (.text:_c_int00_noargs:_c_int00_noargs)
                  00001dcc    0000002c     driverlib.lib : gpio.obj (.text:GPIODirModeSet)
                  00001df8    0000002c     main.obj (.text:IsBufferEmpty)
                  00001e24    0000002c     main.obj (.text:UARTEchoSet)
                  00001e50    00000024     onBoardSwitch.obj (.text:SWITCH_SW2_Pressed)
                  00001e74    00000024     main.obj (.text:UARTprintf)
                  00001e98    00000020     SysTick.obj (.text:SysTick_Init)
                  00001eb8    0000001c     driverlib.lib : systick.obj (.text:SysTickIntRegister)
                  00001ed4    0000001a                   : gpio.obj (.text:GPIOPinTypeGPIOOutput)
                  00001eee    00000018                   : uart.obj (.text:UARTIntRegister)
                  00001f06    00000016                   : gpio.obj (.text:GPIOPinTypeI2C)
                  00001f1c    00000016                   : gpio.obj (.text:GPIOPinTypeI2CSCL)
                  00001f32    00000016                   : gpio.obj (.text:GPIOPinTypeUART)
                  00001f48    00000014                   : sysctl.obj (.text:SysCtlResetCauseClear)
                  00001f5c    00000014                   : systick.obj (.text:SysTickEnable)
                  00001f70    00000014                   : systick.obj (.text:SysTickIntEnable)
                  00001f84    00000010     sysclk.obj (.text:SysClk_Init)
                  00001f94    00000010     driverlib.lib : systick.obj (.text:SysTickPeriodSet)
                  00001fa4    0000000e     rtsv7M4_T_le_v4SPD16_eabi.lib : copy_decompress_none.c.obj (.text:decompress:none:__TI_decompress_none)
                  00001fb2    00000002                                   : div0.asm.obj (.text)
                  00001fb4    0000000c     driverlib.lib : sysctl.obj (.text:SysCtlResetCauseGet)
                  00001fc0    0000000c     SysFlag.obj (.text:SysFlag_Init)
                  00001fcc    0000000c     rtsv7M4_T_le_v4SPD16_eabi.lib : copy_zero_init.c.obj (.text:decompress:ZI:__TI_zero_init)
                  00001fd8    0000000a     driverlib.lib : i2c.obj (.text:I2CMasterEnable)
                  00001fe2    0000000a     SysTick.obj (.text:SysTick_IntHandler)
                  00001fec    0000000a     driverlib.lib : uart.obj (.text:UARTIntStatus)
                  00001ff6    00000008                   : i2c.obj (.text:I2CMasterBusy)
                  00001ffe    00000008                   : i2c.obj (.text:I2CMasterSlaveAddrSet)
                  00002006    00000008                   : uart.obj (.text:UARTIntEnable)
                  0000200e    00000006                   : gpio.obj (.text:GPIOPinRead)
                  00002014    00000006     startup_ccs.obj (.text:ResetISR)
                  0000201a    00000006     driverlib.lib : sysctl.obj (.text:SysCtlDelay)
                  00002020    00000006                   : uart.obj (.text:UARTClockSourceSet)
                  00002026    00000004                   : i2c.obj (.text:I2CMasterControl)
                  0000202a    00000004                   : i2c.obj (.text:I2CMasterDataGet)
                  0000202e    00000004                   : i2c.obj (.text:I2CMasterDataPut)
                  00002032    00000004     rtsv7M4_T_le_v4SPD16_eabi.lib : pre_init.c.obj (.text:_system_pre_init)
                  00002036    00000004                                   : exit.c.obj (.text:abort:abort)

.const     0    0000203c    000001cc     
                  0000203c    00000090     driverlib.lib : gpio.obj (.const:g_pui32GPIOBaseAddrs)
                  000020cc    0000006c                   : sysctl.obj (.const:g_pui32Xtals)
                  00002138    00000040                   : uart.obj (.const:g_ppui32UARTIntMap)
                  00002178    00000040                   : uart.obj (.const:g_ppui32UARTIntMapSnowflake)
                  000021b8    00000014                   : interrupt.obj (.const:g_pui32EnRegs)
                  000021cc    00000012     main.obj (.const:.string)
                  000021de    00000002     --HOLE-- [fill = 0]
                  000021e0    0000000c     main.obj (.const:g_ui32UARTBase)
                  000021ec    0000000c     main.obj (.const:g_ui32UARTInt)
                  000021f8    0000000c     main.obj (.const:g_ui32UARTPeriph)
                  00002204    00000004     main.obj (.const)

.cinit     0    00002208    00000048     
                  00002208    0000000d     (.cinit..data.load) [load image, compression = lzss]
                  00002215    00000003     --HOLE-- [fill = 0]
                  00002218    0000000c     (__TI_handler_table)
                  00002224    00000004     --HOLE-- [fill = 0]
                  00002228    00000008     (.cinit..bss.load) [load image, compression = zero_init]
                  00002230    00000008     (.cinit..vtable.load) [load image, compression = zero_init]
                  00002238    00000018     (__TI_cinit_table)

.init_array 
*          0    00000000    00000000     UNINITIALIZED

.vtable    0    20000000    0000026c     UNINITIALIZED
                  20000000    0000026c     driverlib.lib : interrupt.obj (.vtable)

.stack     0    20000270    00001000     UNINITIALIZED
                  20000270    00000004     rtsv7M4_T_le_v4SPD16_eabi.lib : boot_cortex_m.c.obj (.stack)
                  20000274    00000ffc     --HOLE--

.sysmem    0    20001270    00001000     UNINITIALIZED
                  20001270    00000010     rtsv7M4_T_le_v4SPD16_eabi.lib : memory.c.obj (.sysmem)
                  20001280    00000ff0     --HOLE--

.bss       0    20002270    00000490     UNINITIALIZED
                  20002270    00000400     main.obj (.bss:g_pcUARTTxBuffer)
                  20002670    00000080     main.obj (.bss:g_pcUARTRxBuffer)
                  200026f0    00000008     main.obj (.bss)
                  200026f8    00000004     (.common:g_uiSysFlags)
                  200026fc    00000004     (.common:resetCause)

.data      0    20002700    0000001c     UNINITIALIZED
                  20002700    0000001c     main.obj (.data)

__llvm_prf_cnts 
*          0    20000000    00000000     UNINITIALIZED

.binit     0    00000000    00000000     

MODULE SUMMARY

       Module                       code   ro data   rw data
       ------                       ----   -------   -------
    .\
       main.obj                     3909   58        1192   
       startup_ccs.obj              12     620       0      
    +--+----------------------------+------+---------+---------+
       Total:                       3921   678       1192   
                                                            
    .\local_Include\
       i2c.obj                      809    0         0      
       uart.obj                     184    0         0      
       SysFlag.obj                  172    0         4      
       onBoardSwitch.obj            112    0         0      
       led.obj                      52     0         0      
       SysTick.obj                  42     0         0      
       sysclk.obj                   16     0         0      
    +--+----------------------------+------+---------+---------+
       Total:                       1387   0         4      
                                                            
    C:/ti/TivaWare_C_Series-2.2.0.295/driverlib/ccs/Debug/driverlib.lib
       interrupt.obj                156    20        620    
       sysctl.obj                   670    108       0      
       gpio.obj                     582    144       0      
       uart.obj                     112    128       0      
       i2c.obj                      114    0         0      
       systick.obj                  84     0         0      
    +--+----------------------------+------+---------+---------+
       Total:                       1718   400       620    
                                                            
    C:\ti\ccs1040\ccs\tools\compiler\ti-cgt-arm_20.2.5.LTS\lib\rtsv7M4_T_le_v4SPD16_eabi.lib
       memcpy_t2.asm.obj            156    0         0      
       memset_t2.asm.obj            122    0         0      
       copy_decompress_lzss.c.obj   104    0         0      
       autoinit.c.obj               68     0         0      
       u_divt2.asm.obj              64     0         0      
       boot_cortex_m.c.obj          52     0         0      
       copy_decompress_none.c.obj   14     0         0      
       copy_zero_init.c.obj         12     0         0      
       exit.c.obj                   4      0         0      
       pre_init.c.obj               4      0         0      
       div0.asm.obj                 2      0         0      
    +--+----------------------------+------+---------+---------+
       Total:                       602    0         0      
                                                            
       Heap:                        0      0         4096   
       Stack:                       0      0         4096   
       Linker Generated:            0      65        0      
    +--+----------------------------+------+---------+---------+
       Grand Total:                 7628   1143      10008  


LINKER GENERATED COPY TABLES

__TI_cinit_table @ 00002238 records: 3, size/record: 8, table size: 24
	.data: load addr=00002208, load size=0000000d bytes, run addr=20002700, run size=0000001c bytes, compression=lzss
	.bss: load addr=00002228, load size=00000008 bytes, run addr=20002270, run size=00000490 bytes, compression=zero_init
	.vtable: load addr=00002230, load size=00000008 bytes, run addr=20000000, run size=0000026c bytes, compression=zero_init


LINKER GENERATED HANDLER TABLE

__TI_handler_table @ 00002218 records: 3, size/record: 4, table size: 12
	index: 0, handler: __TI_zero_init
	index: 1, handler: __TI_decompress_lzss
	index: 2, handler: __TI_decompress_none


GLOBAL SYMBOLS: SORTED ALPHABETICALLY BY Name 

address   name                          
-------   ----                          
00002037  C$$EXIT                       
00001dcd  GPIODirModeSet                
00000cc5  GPIOPadConfigSet              
000018d5  GPIOPinConfigure              
0000200f  GPIOPinRead                   
00001ed5  GPIOPinTypeGPIOOutput         
00001f07  GPIOPinTypeI2C                
00001f1d  GPIOPinTypeI2CSCL             
00001f33  GPIOPinTypeUART               
0000165d  I2C0_Init                     
00001ff7  I2CMasterBusy                 
00002027  I2CMasterControl              
0000202b  I2CMasterDataGet              
0000202f  I2CMasterDataPut              
00001fd9  I2CMasterEnable               
00001921  I2CMasterInitExpClk           
00001fff  I2CMasterSlaveAddrSet         
00000f69  I2C_AddressBruteForcer        
000016d5  I2C_ReadByte                  
00001741  IntEnable                     
00001c61  IntRegister                   
00001c95  LED_LEDInit                   
00001ac9  PCF8574A_Init                 
000014dd  PCF8574A_Read                 
00001875  PCF8574A_Write                
00002015  ResetISR                      
0000196d  SWITCH_Init                   
00001e51  SWITCH_SW2_Pressed            
00001f85  SysClk_Init                   
0000108d  SysCtlClockGet                
000012b9  SysCtlClockSet                
0000201b  SysCtlDelay                   
00001cc9  SysCtlPeripheralEnable        
00001b81  SysCtlPeripheralReady         
00001f49  SysCtlResetCauseClear         
00001fb5  SysCtlResetCauseGet           
00001bb9  SysFlag_Check                 
00001cfd  SysFlag_Clear                 
00001fc1  SysFlag_Init                  
00001d31  SysFlag_Set                   
00001f5d  SysTickEnable                 
00001f71  SysTickIntEnable              
00001eb9  SysTickIntRegister            
00001f95  SysTickPeriodSet              
00001e99  SysTick_Init                  
00001fe3  SysTick_IntHandler            
00001bf1  SystemInitialize              
00001561  UART0_STDIO_Init              
00001c29  UART0_STDIO_IntHandler        
00002021  UARTClockSourceSet            
00001e25  UARTEchoSet                   
00001d65  UARTFlushRx                   
000019b9  UARTFlushTx                   
00002007  UARTIntEnable                 
00001eef  UARTIntRegister               
00001fed  UARTIntStatus                 
00000e31  UARTStdioConfig               
00000b3d  UARTStdioIntHandler           
00001b45  UARTgetc                      
00001e75  UARTprintf                    
000007e9  UARTvprintf                   
000011a5  UARTwrite                     
20001270  __STACK_END                   
00001000  __STACK_SIZE                  
20000470  __STACK_TOP                   
00001000  __SYSMEM_SIZE                 
00002238  __TI_CINIT_Base               
00002250  __TI_CINIT_Limit              
00002218  __TI_Handler_Table_Base       
00002224  __TI_Handler_Table_Limit      
00001a05  __TI_auto_init_nobinit_nopinit
000017a9  __TI_decompress_lzss          
00001fa5  __TI_decompress_none          
ffffffff  __TI_pprof_out_hndl           
ffffffff  __TI_prof_data_size           
ffffffff  __TI_prof_data_start          
00000000  __TI_static_base__            
00001fcd  __TI_zero_init                
00001fb3  __aeabi_idiv0                 
00001fb3  __aeabi_ldiv0                 
000015e1  __aeabi_memclr                
000015e1  __aeabi_memclr4               
000015e1  __aeabi_memclr8               
000013ad  __aeabi_memcpy                
000013ad  __aeabi_memcpy4               
000013ad  __aeabi_memcpy8               
000015e3  __aeabi_memset                
000015e3  __aeabi_memset4               
000015e3  __aeabi_memset8               
00001a89  __aeabi_uidiv                 
00001a89  __aeabi_uidivmod              
ffffffff  __binit__                     
ffffffff  __c_args__                    
00001811  __error__                     
UNDEFED   __mpu_init                    
20000270  __stack                       
20000000  __start___llvm_prf_cnts       
20000000  __stop___llvm_prf_cnts        
00001d99  _c_int00_noargs               
20001270  _sys_memory                   
UNDEFED   _system_post_cinit            
00002033  _system_pre_init              
00002037  abort                         
ffffffff  binit                         
20000000  g_pfnRAMVectors               
00000000  g_pfnVectors                  
200026f8  g_uiSysFlags                  
0000026d  main                          
000013ad  memcpy                        
000015e9  memset                        
200026fc  resetCause                    


GLOBAL SYMBOLS: SORTED BY Symbol Address 

address   name                          
-------   ----                          
00000000  __TI_static_base__            
00000000  g_pfnVectors                  
0000026d  main                          
000007e9  UARTvprintf                   
00000b3d  UARTStdioIntHandler           
00000cc5  GPIOPadConfigSet              
00000e31  UARTStdioConfig               
00000f69  I2C_AddressBruteForcer        
00001000  __STACK_SIZE                  
00001000  __SYSMEM_SIZE                 
0000108d  SysCtlClockGet                
000011a5  UARTwrite                     
000012b9  SysCtlClockSet                
000013ad  __aeabi_memcpy                
000013ad  __aeabi_memcpy4               
000013ad  __aeabi_memcpy8               
000013ad  memcpy                        
000014dd  PCF8574A_Read                 
00001561  UART0_STDIO_Init              
000015e1  __aeabi_memclr                
000015e1  __aeabi_memclr4               
000015e1  __aeabi_memclr8               
000015e3  __aeabi_memset                
000015e3  __aeabi_memset4               
000015e3  __aeabi_memset8               
000015e9  memset                        
0000165d  I2C0_Init                     
000016d5  I2C_ReadByte                  
00001741  IntEnable                     
000017a9  __TI_decompress_lzss          
00001811  __error__                     
00001875  PCF8574A_Write                
000018d5  GPIOPinConfigure              
00001921  I2CMasterInitExpClk           
0000196d  SWITCH_Init                   
000019b9  UARTFlushTx                   
00001a05  __TI_auto_init_nobinit_nopinit
00001a89  __aeabi_uidiv                 
00001a89  __aeabi_uidivmod              
00001ac9  PCF8574A_Init                 
00001b45  UARTgetc                      
00001b81  SysCtlPeripheralReady         
00001bb9  SysFlag_Check                 
00001bf1  SystemInitialize              
00001c29  UART0_STDIO_IntHandler        
00001c61  IntRegister                   
00001c95  LED_LEDInit                   
00001cc9  SysCtlPeripheralEnable        
00001cfd  SysFlag_Clear                 
00001d31  SysFlag_Set                   
00001d65  UARTFlushRx                   
00001d99  _c_int00_noargs               
00001dcd  GPIODirModeSet                
00001e25  UARTEchoSet                   
00001e51  SWITCH_SW2_Pressed            
00001e75  UARTprintf                    
00001e99  SysTick_Init                  
00001eb9  SysTickIntRegister            
00001ed5  GPIOPinTypeGPIOOutput         
00001eef  UARTIntRegister               
00001f07  GPIOPinTypeI2C                
00001f1d  GPIOPinTypeI2CSCL             
00001f33  GPIOPinTypeUART               
00001f49  SysCtlResetCauseClear         
00001f5d  SysTickEnable                 
00001f71  SysTickIntEnable              
00001f85  SysClk_Init                   
00001f95  SysTickPeriodSet              
00001fa5  __TI_decompress_none          
00001fb3  __aeabi_idiv0                 
00001fb3  __aeabi_ldiv0                 
00001fb5  SysCtlResetCauseGet           
00001fc1  SysFlag_Init                  
00001fcd  __TI_zero_init                
00001fd9  I2CMasterEnable               
00001fe3  SysTick_IntHandler            
00001fed  UARTIntStatus                 
00001ff7  I2CMasterBusy                 
00001fff  I2CMasterSlaveAddrSet         
00002007  UARTIntEnable                 
0000200f  GPIOPinRead                   
00002015  ResetISR                      
0000201b  SysCtlDelay                   
00002021  UARTClockSourceSet            
00002027  I2CMasterControl              
0000202b  I2CMasterDataGet              
0000202f  I2CMasterDataPut              
00002033  _system_pre_init              
00002037  C$$EXIT                       
00002037  abort                         
00002218  __TI_Handler_Table_Base       
00002224  __TI_Handler_Table_Limit      
00002238  __TI_CINIT_Base               
00002250  __TI_CINIT_Limit              
20000000  __start___llvm_prf_cnts       
20000000  __stop___llvm_prf_cnts        
20000000  g_pfnRAMVectors               
20000270  __stack                       
20000470  __STACK_TOP                   
20001270  __STACK_END                   
20001270  _sys_memory                   
200026f8  g_uiSysFlags                  
200026fc  resetCause                    
ffffffff  __TI_pprof_out_hndl           
ffffffff  __TI_prof_data_size           
ffffffff  __TI_prof_data_start          
ffffffff  __binit__                     
ffffffff  __c_args__                    
ffffffff  binit                         
UNDEFED   __mpu_init                    
UNDEFED   _system_post_cinit            

[111 symbols]
