******************************************************************************
                  TI ARM Linker PC v20.2.5                     
******************************************************************************
>> Linked Fri Mar 11 07:46:27 2022

OUTPUT FILE NAME:   <DroneProject.out>
ENTRY POINT SYMBOL: "_c_int00_noargs"  address: 00006989


MEMORY CONFIGURATION

         name            origin    length      used     unused   attr    fill
----------------------  --------  ---------  --------  --------  ----  --------
  FLASH                 00000000   00040000  0000730e  00038cf2  R  X
  SRAM                  20000000   00008000  00002b35  000054cb  RW X


SEGMENT ALLOCATION MAP

run origin  load origin   length   init length attrs members
----------  ----------- ---------- ----------- ----- -------
00000000    00000000    00007310   00007310    r-x
  00000000    00000000    0000026c   0000026c    r-- .intvecs
  0000026c    0000026c    00006c82   00006c82    r-x .text
  00006ef0    00006ef0    000003c8   000003c8    r-- .const
  000072b8    000072b8    00000058   00000058    r-- .cinit
20000000    20000000    00002b3b   00000000    rw-
  20000000    20000000    0000026c   00000000    rw- .vtable
  20000270    20000270    00001000   00000000    rw- .stack
  20001270    20001270    00001000   00000000    rw- .sysmem
  20002270    20002270    00000872   00000000    rw- .bss
  20002ae4    20002ae4    00000057   00000000    rw- .data


SECTION ALLOCATION MAP

 output                                  attributes/
section   page    origin      length       input sections
--------  ----  ----------  ----------   ----------------
.intvecs   0    00000000    0000026c     
                  00000000    0000026c     startup_ccs.obj (.intvecs)

.text      0    0000026c    00006c82     
                  0000026c    00000a4e     rtsv7M4_T_le_v4SPD16_eabi.lib : _printfi.c.obj (.text:__TI_printfi)
                  00000cba    00000002     startup_ccs.obj (.text:FaultISR)
                  00000cbc    000009d0     rtsv7M4_T_le_v4SPD16_eabi.lib : e_pow.c.obj (.text:pow)
                  0000168c    0000096c     PWM.obj (.text:Motor_ManMixer)
                  00001ff8    0000092b     main.obj (.text:main)
                  00002923    00000001     --HOLE-- [fill = 0]
                  00002924    00000354     main.obj (.text:UARTvprintf)
                  00002c78    000002a8     OrangeRX.obj (.text:OrangeRX_Init)
                  00002f20    0000029a     BMP388.obj (.text:BMP388_compensate_pressure)
                  000031ba    00000002     startup_ccs.obj (.text:IntDefaultHandler)
                  000031bc    00000270     rtsv7M4_T_le_v4SPD16_eabi.lib : _printfi.c.obj (.text:_pconv_a)
                  0000342c    00000214     PWM.obj (.text:Motor_setDuty)
                  00003640    000001f8     BMP388.obj (.text:BMP388_showData)
                  00003838    000001f8     OrangeRX.obj (.text:OrangeRX_extractData)
                  00003a30    000001e0     PWM.obj (.text:PWM_Init)
                  00003c10    000001d0     rtsv7M4_T_le_v4SPD16_eabi.lib : _printfi.c.obj (.text:_pconv_g)
                  00003de0    000001b6                                   : fd_add_t2.asm.obj (.text)
                  00003f96    00000002     startup_ccs.obj (.text:NmiSR)
                  00003f98    00000188     main.obj (.text:UARTStdioIntHandler)
                  00004120    0000016c     driverlib.lib : gpio.obj (.text:GPIOPadConfigSet)
                  0000428c    00000158     rtsv7M4_T_le_v4SPD16_eabi.lib : e_sqrt.c.obj (.text:sqrt)
                  000043e4    00000143     i2c.obj (.text:I2C_AddressBruteForcer)
                  00004527    00000001     --HOLE-- [fill = 0]
                  00004528    0000013c     rtsv7M4_T_le_v4SPD16_eabi.lib : _printfi.c.obj (.text:_pconv_e)
                  00004664    00000138     main.obj (.text:UARTStdioConfig)
                  0000479c    00000136     rtsv7M4_T_le_v4SPD16_eabi.lib : fd_div_t2.asm.obj (.text)
                  000048d2    00000002                                   : div0.asm.obj (.text)
                  000048d4    00000128     OrangeRX.obj (.text:OrangeRX_showActData)
                  000049fc    00000124     rtsv7M4_T_le_v4SPD16_eabi.lib : _printfi.c.obj (.text:fcvt)
                  00004b20    00000118     driverlib.lib : sysctl.obj (.text:SysCtlClockGet)
                  00004c38    00000114     main.obj (.text:UARTwrite)
                  00004d4c    00000110     rtsv7M4_T_le_v4SPD16_eabi.lib : s_scalbn.c.obj (.text:scalbn)
                  00004e5c    0000010c     BMP388.obj (.text:BMP388_get_sensor_data)
                  00004f68    000000fc     rtsv7M4_T_le_v4SPD16_eabi.lib : fd_mul_t2.asm.obj (.text)
                  00005064    000000f8                                   : s_floor.c.obj (.text:floor)
                  0000515c    000000f4     driverlib.lib : sysctl.obj (.text:SysCtlClockSet)
                  00005250    000000f0     buzzer.obj (.text:BUZZ_SM)
                  00005340    000000f0     PID.obj (.text:PID_altitude_adjust)
                  00005430    000000e4     OrangeRX.obj (.text:OrangeRX_receivedChannelReorganizer)
                  00005514    000000c4     rtsv7M4_T_le_v4SPD16_eabi.lib : s_round.c.obj (.text:round)
                  000055d8    000000bc                                   : s_trunc.c.obj (.text:trunc)
                  00005694    000000b1                                   : _printfi.c.obj (.text:_ltostr)
                  00005745    00000003     --HOLE-- [fill = 0]
                  00005748    000000ad     BMP388.obj (.text:BMP388_compensate_data)
                  000057f5    00000001     --HOLE-- [fill = 0]
                  000057f6    0000009c     rtsv7M4_T_le_v4SPD16_eabi.lib : memcpy_t2.asm.obj (.text)
                  00005892    00000096                                   : ull_div_t2.asm.obj (.text)
                  00005928    00000094     main.obj (.text:UARTPrimeTransmit)
                  000059bc    00000088     BMP388.obj (.text:BMP388_get_regs)
                  00005a44    00000086     rtsv7M4_T_le_v4SPD16_eabi.lib : fd_cmp_t2.asm.obj (.text:__aeabi_cdcmple)
                  00005aca    00000086                                   : fd_cmp_t2.asm.obj (.text:__aeabi_cdrcmple)
                  00005b50    00000084     i2c.obj (.text:PCF8574A_Read)
                  00005bd4    00000080     uart.obj (.text:UART0_STDIO_Init)
                  00005c54    0000007c     BMP388.obj (.text:BMP388_readAltitude)
                  00005cd0    0000007a     rtsv7M4_T_le_v4SPD16_eabi.lib : memset_t2.asm.obj (.text)
                  00005d4a    0000006e     BMP388.obj (.text:BMP388_compensate_temperature)
                  00005db8    0000006e     rtsv7M4_T_le_v4SPD16_eabi.lib : _printfi.c.obj (.text:_mcpy)
                  00005e26    0000006e                                   : fd_tos_t2.asm.obj (.text)
                  00005e94    0000006c     BMP388.obj (.text:BMP388_parse_sensor_data)
                  00005f00    0000006c     i2c.obj (.text:I2C_ReadByte)
                  00005f6c    00000068     driverlib.lib : interrupt.obj (.text:IntEnable)
                  00005fd4    00000068     rtsv7M4_T_le_v4SPD16_eabi.lib : copy_decompress_lzss.c.obj (.text:decompress:lzss:__TI_decompress_lzss)
                  0000603c    00000064                                   : s_frexp.c.obj (.text:frexp)
                  000060a0    00000063     BMP388.obj (.text:BMP388_readPressure)
                  00006103    00000001     --HOLE-- [fill = 0]
                  00006104    00000061     main.obj (.text:__error__)
                  00006165    00000003     --HOLE-- [fill = 0]
                  00006168    00000060     i2c.obj (.text:PCF8574A_Write)
                  000061c8    00000060     driverlib.lib : timer.obj (.text:TimerConfigure)
                  00006228    00000056     i2c.obj (.text:I2C_readReg)
                  0000627e    00000056     rtsv7M4_T_le_v4SPD16_eabi.lib : _printfi.c.obj (.text:_pconv_f)
                  000062d4    00000054                                   : _ltoa.c.obj (.text:__TI_ltoa)
                  00006328    00000052                                   : _printfi.c.obj (.text:_ecpy)
                  0000637a    00000002     --HOLE-- [fill = 0]
                  0000637c    0000004c     driverlib.lib : gpio.obj (.text:GPIOPinConfigure)
                  000063c8    0000004c     onBoardSwitch.obj (.text:SWITCH_Init)
                  00006414    0000004c     main.obj (.text:UARTFlushTx)
                  00006460    0000004c     driverlib.lib : timer.obj (.text:_TimerIntNumberGet)
                  000064ac    0000004c     rtsv7M4_T_le_v4SPD16_eabi.lib : atoi.c.obj (.text:atoi)
                  000064f8    00000048                                   : fd_toi_t2.asm.obj (.text)
                  00006540    00000044                                   : autoinit.c.obj (.text:__TI_auto_init_nobinit_nopinit:__TI_auto_init_nobinit_nopinit)
                  00006584    00000040     driverlib.lib : uart.obj (.text:_UARTIntNumberGet)
                  000065c4    00000040     rtsv7M4_T_le_v4SPD16_eabi.lib : u_divt2.asm.obj (.text)
                  00006604    00000040                                   : sprintf.c.obj (.text:sprintf)
                  00006644    0000003e                                   : _printfi.c.obj (.text:_fcpy)
                  00006682    00000002     --HOLE-- [fill = 0]
                  00006684    0000003c     buzzer.obj (.text:BUZZ_BUZZER)
                  000066c0    0000003c     main.obj (.text:IsBufferFull)
                  000066fc    0000003c     main.obj (.text:UARTgetc)
                  00006738    00000038     driverlib.lib : sysctl.obj (.text:SysCtlPeripheralReady)
                  00006770    00000038     SysFlag.obj (.text:SysFlag_Check)
                  000067a8    00000038     main.obj (.text:SystemInitialize)
                  000067e0    00000038     uart.obj (.text:UART0_STDIO_IntHandler)
                  00006818    00000038     rtsv7M4_T_le_v4SPD16_eabi.lib : fs_tod_t2.asm.obj (.text)
                  00006850    00000034     driverlib.lib : interrupt.obj (.text:IntRegister)
                  00006884    00000034     led.obj (.text:LED_LEDInit)
                  000068b8    00000034     driverlib.lib : sysctl.obj (.text:SysCtlPeripheralEnable)
                  000068ec    00000034     SysFlag.obj (.text:SysFlag_Clear)
                  00006920    00000034     SysFlag.obj (.text:SysFlag_Set)
                  00006954    00000034     main.obj (.text:UARTFlushRx)
                  00006988    00000034     rtsv7M4_T_le_v4SPD16_eabi.lib : boot_cortex_m.c.obj (.text:_c_int00_noargs:_c_int00_noargs)
                  000069bc    0000002e                                   : i_tofd_t2.asm.obj (.text)
                  000069ea    00000002     --HOLE-- [fill = 0]
                  000069ec    0000002c     buzzer.obj (.text:BUZZ_BUZZ)
                  00006a18    0000002c     driverlib.lib : gpio.obj (.text:GPIODirModeSet)
                  00006a44    0000002c     main.obj (.text:IsBufferEmpty)
                  00006a70    0000002c     main.obj (.text:UARTEchoSet)
                  00006a9c    00000026     BMX160.obj (.text:BMX160_readReg)
                  00006ac2    00000002     --HOLE-- [fill = 0]
                  00006ac4    00000024     onBoardSwitch.obj (.text:SWITCH_SW1_Pressed)
                  00006ae8    00000024     onBoardSwitch.obj (.text:SWITCH_SW2_Pressed)
                  00006b0c    00000024     main.obj (.text:UARTprintf)
                  00006b30    00000022     driverlib.lib : pwm.obj (.text:PWMGenConfigure)
                  00006b52    00000002     --HOLE-- [fill = 0]
                  00006b54    00000020     OrangeRX.obj (.text:OrangeRX_IntHandler)
                  00006b74    00000020     SysTick.obj (.text:SysTick_Init)
                  00006b94    00000020     rtsv7M4_T_le_v4SPD16_eabi.lib : u_tofd_t2.asm.obj (.text)
                  00006bb4    0000001e     driverlib.lib : pwm.obj (.text:PWMPulseWidthGet)
                  00006bd2    0000001e                   : pwm.obj (.text:PWMPulseWidthSet)
                  00006bf0    0000001c                   : systick.obj (.text:SysTickIntRegister)
                  00006c0c    0000001c     rtsv7M4_T_le_v4SPD16_eabi.lib : memccpy.c.obj (.text:memccpy)
                  00006c28    0000001a     driverlib.lib : gpio.obj (.text:GPIOPinTypeGPIOOutput)
                  00006c42    0000001a     rtsv7M4_T_le_v4SPD16_eabi.lib : s_copysign.c.obj (.text:copysign)
                  00006c5c    00000018     driverlib.lib : sysctl.obj (.text:SysCtlPWMClockGet)
                  00006c74    00000018                   : timer.obj (.text:TimerIntRegister)
                  00006c8c    00000018                   : uart.obj (.text:UARTIntRegister)
                  00006ca4    00000018     rtsv7M4_T_le_v4SPD16_eabi.lib : sprintf.c.obj (.text:_outs)
                  00006cbc    00000016     driverlib.lib : gpio.obj (.text:GPIOPinTypePWM)
                  00006cd2    00000016                   : gpio.obj (.text:GPIOPinTypeTimer)
                  00006ce8    00000016                   : gpio.obj (.text:GPIOPinTypeUART)
                  00006cfe    00000016                   : timer.obj (.text:TimerControlEvent)
                  00006d14    00000016     rtsv7M4_T_le_v4SPD16_eabi.lib : strchr.c.obj (.text:strchr)
                  00006d2a    00000002     --HOLE-- [fill = 0]
                  00006d2c    00000014     driverlib.lib : sysctl.obj (.text:SysCtlPWMClockSet)
                  00006d40    00000014                   : sysctl.obj (.text:SysCtlResetCauseClear)
                  00006d54    00000014                   : systick.obj (.text:SysTickEnable)
                  00006d68    00000014                   : systick.obj (.text:SysTickIntEnable)
                  00006d7c    00000014     rtsv7M4_T_le_v4SPD16_eabi.lib : strlen.c.obj (.text:strlen)
                  00006d90    00000012     driverlib.lib : pwm.obj (.text:PWMGenPeriodGet)
                  00006da2    00000012                   : pwm.obj (.text:PWMOutputState)
                  00006db4    00000012                   : timer.obj (.text:TimerLoadSet)
                  00006dc6    00000012                   : timer.obj (.text:TimerMatchSet)
                  00006dd8    00000012     rtsv7M4_T_le_v4SPD16_eabi.lib : wcslen.c.obj (.text:wcslen)
                  00006dea    00000010     driverlib.lib : pwm.obj (.text:PWMGenPeriodSet)
                  00006dfa    00000002     --HOLE-- [fill = 0]
                  00006dfc    00000010     sysclk.obj (.text:SysClk_Init)
                  00006e0c    00000010     driverlib.lib : systick.obj (.text:SysTickPeriodSet)
                  00006e1c    0000000e                   : timer.obj (.text:TimerEnable)
                  00006e2a    0000000e     rtsv7M4_T_le_v4SPD16_eabi.lib : copy_decompress_none.c.obj (.text:decompress:none:__TI_decompress_none)
                  00006e38    0000000c     driverlib.lib : pwm.obj (.text:PWMGenEnable)
                  00006e44    0000000c                   : sysctl.obj (.text:SysCtlResetCauseGet)
                  00006e50    0000000c     SysFlag.obj (.text:SysFlag_Init)
                  00006e5c    0000000c     rtsv7M4_T_le_v4SPD16_eabi.lib : copy_zero_init.c.obj (.text:decompress:ZI:__TI_zero_init)
                  00006e68    0000000a     SysTick.obj (.text:SysTick_IntHandler)
                  00006e72    0000000a     driverlib.lib : timer.obj (.text:TimerValueGet)
                  00006e7c    0000000a                   : uart.obj (.text:UARTIntStatus)
                  00006e86    0000000a     rtsv7M4_T_le_v4SPD16_eabi.lib : sprintf.c.obj (.text:_outc)
                  00006e90    00000008     driverlib.lib : i2c.obj (.text:I2CMasterBusy)
                  00006e98    00000008                   : i2c.obj (.text:I2CMasterSlaveAddrSet)
                  00006ea0    00000008                   : timer.obj (.text:TimerIntEnable)
                  00006ea8    00000008                   : uart.obj (.text:UARTIntEnable)
                  00006eb0    00000008     rtsv7M4_T_le_v4SPD16_eabi.lib : errno.c.obj (.text:__aeabi_errno_addr)
                  00006eb8    00000006     driverlib.lib : gpio.obj (.text:GPIOPinRead)
                  00006ebe    00000006                   : gpio.obj (.text:GPIOPinWrite)
                  00006ec4    00000006     startup_ccs.obj (.text:ResetISR)
                  00006eca    00000006     driverlib.lib : sysctl.obj (.text:SysCtlDelay)
                  00006ed0    00000006                   : uart.obj (.text:UARTClockSourceSet)
                  00006ed6    00000004                   : i2c.obj (.text:I2CMasterControl)
                  00006eda    00000004                   : i2c.obj (.text:I2CMasterDataGet)
                  00006ede    00000004                   : i2c.obj (.text:I2CMasterDataPut)
                  00006ee2    00000004                   : timer.obj (.text:TimerIntClear)
                  00006ee6    00000004     rtsv7M4_T_le_v4SPD16_eabi.lib : pre_init.c.obj (.text:_system_pre_init)
                  00006eea    00000004                                   : exit.c.obj (.text:abort:abort)

.const     0    00006ef0    000003c8     
                  00006ef0    00000101     rtsv7M4_T_le_v4SPD16_eabi.lib : ctype.c.obj (.const:.string:_ctypes_)
                  00006ff1    00000003     --HOLE-- [fill = 0]
                  00006ff4    00000090     driverlib.lib : gpio.obj (.const:g_pui32GPIOBaseAddrs)
                  00007084    0000006c                   : sysctl.obj (.const:g_pui32Xtals)
                  000070f0    00000060                   : timer.obj (.const:g_ppui32TimerIntMap)
                  00007150    00000040                   : timer.obj (.const:g_ppui32TimerIntMapSnowflake)
                  00007190    00000040                   : uart.obj (.const:g_ppui32UARTIntMap)
                  000071d0    00000040                   : uart.obj (.const:g_ppui32UARTIntMapSnowflake)
                  00007210    00000030     rtsv7M4_T_le_v4SPD16_eabi.lib : e_pow.c.obj (.const:$O1$$)
                  00007240    00000020     PWM.obj (.const:subtract_Motor)
                  00007260    00000014     driverlib.lib : interrupt.obj (.const:g_pui32EnRegs)
                  00007274    00000012     main.obj (.const:.string)
                  00007286    00000002     --HOLE-- [fill = 0]
                  00007288    0000000c     main.obj (.const:g_ui32UARTBase)
                  00007294    0000000c     main.obj (.const:g_ui32UARTInt)
                  000072a0    0000000c     main.obj (.const:g_ui32UARTPeriph)
                  000072ac    00000008     BMP388.obj (.const:$P$T0$2)
                  000072b4    00000004     main.obj (.const)

.cinit     0    000072b8    00000058     
                  000072b8    00000020     (.cinit..data.load) [load image, compression = lzss]
                  000072d8    0000000c     (__TI_handler_table)
                  000072e4    00000004     --HOLE-- [fill = 0]
                  000072e8    00000008     (.cinit..bss.load) [load image, compression = zero_init]
                  000072f0    00000008     (.cinit..vtable.load) [load image, compression = zero_init]
                  000072f8    00000018     (__TI_cinit_table)

.init_array 
*          0    00000000    00000000     UNINITIALIZED

.vtable    0    20000000    0000026c     UNINITIALIZED
                  20000000    0000026c     driverlib.lib : interrupt.obj (.vtable)

.stack     0    20000270    00001000     UNINITIALIZED
                  20000270    00000004     rtsv7M4_T_le_v4SPD16_eabi.lib : boot_cortex_m.c.obj (.stack)
                  20000274    00000ffc     --HOLE--

.sysmem    0    20001270    00001000     UNINITIALIZED
                  20001270    00000010     rtsv7M4_T_le_v4SPD16_eabi.lib : memory.c.obj (.sysmem)
                  20001280    00000ff0     --HOLE--

.bss       0    20002270    00000872     UNINITIALIZED
                  20002270    00000400     main.obj (.bss:g_pcUARTTxBuffer)
                  20002670    00000190     (.common:rx_data)
                  20002800    00000120     (.common:mixer)
                  20002920    000000d0     (.common:dev)
                  200029f0    00000080     main.obj (.bss:g_pcUARTRxBuffer)
                  20002a70    00000038     (.common:rx_text)
                  20002aa8    00000020     (.common:dutyOf)
                  20002ac8    00000008     main.obj (.bss)
                  20002ad0    00000004     buzzer.obj (.bss)
                  20002ad4    00000004     (.common:g_uiSysFlags)
                  20002ad8    00000004     (.common:resetCause)
                  20002adc    00000002     (.common:buzDuration)
                  20002ade    00000002     (.common:count)
                  20002ae0    00000002     (.common:pauseTime)

.data      0    20002ae4    00000057     UNINITIALIZED
                  20002ae4    0000002c     main.obj (.data)
                  20002b10    00000010     PWM.obj (.data:Channel_Tune_Variable)
                  20002b20    00000008     BMP388.obj (.data)
                  20002b28    00000008     PWM.obj (.data:selected_Motion)
                  20002b30    00000004     rtsv7M4_T_le_v4SPD16_eabi.lib : errno.c.obj (.data)
                  20002b34    00000003     buzzer.obj (.data)
                  20002b37    00000001     OrangeRX.obj (.data)
                  20002b38    00000002     PID.obj (.data)
                  20002b3a    00000001     PWM.obj (.data)

__llvm_prf_cnts 
*          0    20000000    00000000     UNINITIALIZED

.binit     0    00000000    00000000     

MODULE SUMMARY

       Module                       code    ro data   rw data
       ------                       ----    -------   -------
    .\
       main.obj                     4852    58        1208   
       startup_ccs.obj              12      620       0      
    +--+----------------------------+-------+---------+---------+
       Total:                       4864    678       1208   
                                                             
    .\local_Include\
       i2c.obj                      745     0         0      
       uart.obj                     184     0         0      
       SysFlag.obj                  172     0         4      
       onBoardSwitch.obj            148     0         0      
       led.obj                      52      0         0      
       SysTick.obj                  42      0         0      
       sysclk.obj                   16      0         0      
    +--+----------------------------+-------+---------+---------+
       Total:                       1359    0         4      
                                                             
    .\local_Include\BMP388\
       BMP388.obj                   2188    8         216    
    +--+----------------------------+-------+---------+---------+
       Total:                       2188    8         216    
                                                             
    .\local_Include\BMX160\
       BMX160.obj                   38      0         0      
    +--+----------------------------+-------+---------+---------+
       Total:                       38      0         0      
                                                             
    .\local_Include\BUZZER\
       buzzer.obj                   344     0         13     
    +--+----------------------------+-------+---------+---------+
       Total:                       344     0         13     
                                                             
    .\local_Include\OrangeRX\
       OrangeRX.obj                 1740    0         457    
    +--+----------------------------+-------+---------+---------+
       Total:                       1740    0         457    
                                                             
    .\local_Include\PID\
       PID.obj                      240     0         2      
    +--+----------------------------+-------+---------+---------+
       Total:                       240     0         2      
                                                             
    .\local_Include\PWM\
       PWM.obj                      3424    32        345    
    +--+----------------------------+-------+---------+---------+
       Total:                       3424    32        345    
                                                             
    C:/ti/TivaWare_C_Series-2.2.0.295/driverlib/ccs/Debug/driverlib.lib
       sysctl.obj                   714     108       0      
       interrupt.obj                156     20        620    
       gpio.obj                     588     144       0      
       timer.obj                    290     160       0      
       uart.obj                     112     128       0      
       pwm.obj                      158     0         0      
       systick.obj                  84      0         0      
       i2c.obj                      28      0         0      
    +--+----------------------------+-------+---------+---------+
       Total:                       2130    560       620    
                                                             
    C:\ti\ccs1040\ccs\tools\compiler\ti-cgt-arm_20.2.5.LTS\lib\rtsv7M4_T_le_v4SPD16_eabi.lib
       _printfi.c.obj               4851    0         0      
       e_pow.c.obj                  2512    48        0      
       fd_add_t2.asm.obj            438     0         0      
       e_sqrt.c.obj                 344     0         0      
       fd_div_t2.asm.obj            310     0         0      
       s_scalbn.c.obj               272     0         0      
       fd_cmp_t2.asm.obj            268     0         0      
       ctype.c.obj                  0       257       0      
       fd_mul_t2.asm.obj            252     0         0      
       s_floor.c.obj                248     0         0      
       s_round.c.obj                196     0         0      
       s_trunc.c.obj                188     0         0      
       memcpy_t2.asm.obj            156     0         0      
       ull_div_t2.asm.obj           150     0         0      
       memset_t2.asm.obj            122     0         0      
       fd_tos_t2.asm.obj            110     0         0      
       copy_decompress_lzss.c.obj   104     0         0      
       s_frexp.c.obj                100     0         0      
       sprintf.c.obj                98      0         0      
       _ltoa.c.obj                  84      0         0      
       atoi.c.obj                   76      0         0      
       fd_toi_t2.asm.obj            72      0         0      
       autoinit.c.obj               68      0         0      
       u_divt2.asm.obj              64      0         0      
       fs_tod_t2.asm.obj            56      0         0      
       boot_cortex_m.c.obj          52      0         0      
       i_tofd_t2.asm.obj            46      0         0      
       u_tofd_t2.asm.obj            32      0         0      
       memccpy.c.obj                28      0         0      
       s_copysign.c.obj             26      0         0      
       strchr.c.obj                 22      0         0      
       strlen.c.obj                 20      0         0      
       wcslen.c.obj                 18      0         0      
       copy_decompress_none.c.obj   14      0         0      
       copy_zero_init.c.obj         12      0         0      
       errno.c.obj                  8       0         4      
       exit.c.obj                   4       0         0      
       pre_init.c.obj               4       0         0      
       div0.asm.obj                 2       0         0      
    +--+----------------------------+-------+---------+---------+
       Total:                       11427   305       4      
                                                             
       Heap:                        0       0         4096   
       Stack:                       0       0         4096   
       Linker Generated:            0       84        0      
    +--+----------------------------+-------+---------+---------+
       Grand Total:                 27754   1667      11061  


LINKER GENERATED COPY TABLES

__TI_cinit_table @ 000072f8 records: 3, size/record: 8, table size: 24
	.data: load addr=000072b8, load size=00000020 bytes, run addr=20002ae4, run size=00000057 bytes, compression=lzss
	.bss: load addr=000072e8, load size=00000008 bytes, run addr=20002270, run size=00000872 bytes, compression=zero_init
	.vtable: load addr=000072f0, load size=00000008 bytes, run addr=20000000, run size=0000026c bytes, compression=zero_init


LINKER GENERATED HANDLER TABLE

__TI_handler_table @ 000072d8 records: 3, size/record: 4, table size: 12
	index: 0, handler: __TI_zero_init
	index: 1, handler: __TI_decompress_lzss
	index: 2, handler: __TI_decompress_none


GLOBAL SYMBOLS: SORTED ALPHABETICALLY BY Name 

address   name                               
-------   ----                               
00005749  BMP388_compensate_data             
00002f21  BMP388_compensate_pressure         
00005d4b  BMP388_compensate_temperature      
000059bd  BMP388_get_regs                    
00004e5d  BMP388_get_sensor_data             
00005e95  BMP388_parse_sensor_data           
00005c55  BMP388_readAltitude                
000060a1  BMP388_readPressure                
00003641  BMP388_showData                    
00006a9d  BMX160_readReg                     
000069ed  BUZZ_BUZZ                          
00006685  BUZZ_BUZZER                        
00005251  BUZZ_SM                            
00006eeb  C$$EXIT                            
20002b10  Channel_Tune_Variable              
00006a19  GPIODirModeSet                     
00004121  GPIOPadConfigSet                   
0000637d  GPIOPinConfigure                   
00006eb9  GPIOPinRead                        
00006c29  GPIOPinTypeGPIOOutput              
00006cbd  GPIOPinTypePWM                     
00006cd3  GPIOPinTypeTimer                   
00006ce9  GPIOPinTypeUART                    
00006ebf  GPIOPinWrite                       
00006e91  I2CMasterBusy                      
00006ed7  I2CMasterControl                   
00006edb  I2CMasterDataGet                   
00006edf  I2CMasterDataPut                   
00006e99  I2CMasterSlaveAddrSet              
000043e5  I2C_AddressBruteForcer             
00005f01  I2C_ReadByte                       
00006229  I2C_readReg                        
00005f6d  IntEnable                          
00006851  IntRegister                        
00006885  LED_LEDInit                        
0000168d  Motor_ManMixer                     
0000342d  Motor_setDuty                      
00002c79  OrangeRX_Init                      
00006b55  OrangeRX_IntHandler                
00003839  OrangeRX_extractData               
00005431  OrangeRX_receivedChannelReorganizer
000048d5  OrangeRX_showActData               
00005b51  PCF8574A_Read                      
00006169  PCF8574A_Write                     
00005341  PID_altitude_adjust                
00006b31  PWMGenConfigure                    
00006e39  PWMGenEnable                       
00006d91  PWMGenPeriodGet                    
00006deb  PWMGenPeriodSet                    
00006da3  PWMOutputState                     
00006bb5  PWMPulseWidthGet                   
00006bd3  PWMPulseWidthSet                   
00003a31  PWM_Init                           
00006ec5  ResetISR                           
000063c9  SWITCH_Init                        
00006ac5  SWITCH_SW1_Pressed                 
00006ae9  SWITCH_SW2_Pressed                 
00006dfd  SysClk_Init                        
00004b21  SysCtlClockGet                     
0000515d  SysCtlClockSet                     
00006ecb  SysCtlDelay                        
00006c5d  SysCtlPWMClockGet                  
00006d2d  SysCtlPWMClockSet                  
000068b9  SysCtlPeripheralEnable             
00006739  SysCtlPeripheralReady              
00006d41  SysCtlResetCauseClear              
00006e45  SysCtlResetCauseGet                
00006771  SysFlag_Check                      
000068ed  SysFlag_Clear                      
00006e51  SysFlag_Init                       
00006921  SysFlag_Set                        
00006d55  SysTickEnable                      
00006d69  SysTickIntEnable                   
00006bf1  SysTickIntRegister                 
00006e0d  SysTickPeriodSet                   
00006b75  SysTick_Init                       
00006e69  SysTick_IntHandler                 
000067a9  SystemInitialize                   
000061c9  TimerConfigure                     
00006cff  TimerControlEvent                  
00006e1d  TimerEnable                        
00006ee3  TimerIntClear                      
00006ea1  TimerIntEnable                     
00006c75  TimerIntRegister                   
00006db5  TimerLoadSet                       
00006dc7  TimerMatchSet                      
00006e73  TimerValueGet                      
00005bd5  UART0_STDIO_Init                   
000067e1  UART0_STDIO_IntHandler             
00006ed1  UARTClockSourceSet                 
00006a71  UARTEchoSet                        
00006955  UARTFlushRx                        
00006415  UARTFlushTx                        
00006ea9  UARTIntEnable                      
00006c8d  UARTIntRegister                    
00006e7d  UARTIntStatus                      
00004665  UARTStdioConfig                    
00003f99  UARTStdioIntHandler                
000066fd  UARTgetc                           
00006b0d  UARTprintf                         
00002925  UARTvprintf                        
00004c39  UARTwrite                          
20001270  __STACK_END                        
00001000  __STACK_SIZE                       
20000470  __STACK_TOP                        
00001000  __SYSMEM_SIZE                      
000072f8  __TI_CINIT_Base                    
00007310  __TI_CINIT_Limit                   
000072d8  __TI_Handler_Table_Base            
000072e4  __TI_Handler_Table_Limit           
00006541  __TI_auto_init_nobinit_nopinit     
00005fd5  __TI_decompress_lzss               
00006e2b  __TI_decompress_none               
000062d5  __TI_ltoa                          
ffffffff  __TI_pprof_out_hndl                
0000026d  __TI_printfi                       
ffffffff  __TI_prof_data_size                
ffffffff  __TI_prof_data_start               
00000000  __TI_static_base__                 
00006e5d  __TI_zero_init                     
00005a45  __aeabi_cdcmpeq                    
00005a45  __aeabi_cdcmple                    
00005acb  __aeabi_cdrcmple                   
00005e27  __aeabi_d2f                        
000064f9  __aeabi_d2iz                       
00003deb  __aeabi_dadd                       
0000479d  __aeabi_ddiv                       
00004f69  __aeabi_dmul                       
00003de1  __aeabi_dsub                       
00006eb1  __aeabi_errno_addr                 
00006819  __aeabi_f2d                        
000069bd  __aeabi_i2d                        
000048d3  __aeabi_idiv0                      
000048d3  __aeabi_ldiv0                      
00005cd1  __aeabi_memclr                     
00005cd1  __aeabi_memclr4                    
00005cd1  __aeabi_memclr8                    
000057f7  __aeabi_memcpy                     
000057f7  __aeabi_memcpy4                    
000057f7  __aeabi_memcpy8                    
00005cd3  __aeabi_memset                     
00005cd3  __aeabi_memset4                    
00005cd3  __aeabi_memset8                    
00006b95  __aeabi_ui2d                       
000065c5  __aeabi_uidiv                      
000065c5  __aeabi_uidivmod                   
00005893  __aeabi_uldivmod                   
ffffffff  __binit__                          
ffffffff  __c_args__                         
00006105  __error__                          
UNDEFED   __mpu_init                         
20000270  __stack                            
20000000  __start___llvm_prf_cnts            
20000000  __stop___llvm_prf_cnts             
00006989  _c_int00_noargs                    
00006ef0  _ctypes_                           
20001270  _sys_memory                        
UNDEFED   _system_post_cinit                 
00006ee7  _system_pre_init                   
00006eeb  abort                              
000064ad  atoi                               
20002b20  base_altitude                      
ffffffff  binit                              
20002adc  buzDuration                        
00006c43  copysign                           
00006c43  copysignl                          
20002ade  count                              
20002920  dev                                
20002aa8  dutyOf                             
20002b30  errno                              
00005065  floor                              
00005065  floorl                             
20002b37  frameGapChNo                       
0000603d  frexp                              
0000603d  frexpl                             
20000000  g_pfnRAMVectors                    
00000000  g_pfnVectors                       
20002ad4  g_uiSysFlags                       
00004d4d  ldexp                              
00004d4d  ldexpl                             
00001ff9  main                               
00006c0d  memccpy                            
000057f7  memcpy                             
00005cd9  memset                             
20002800  mixer                              
20002b3a  motorSelect                        
20002ae0  pauseTime                          
00000cbd  pow                                
00000cbd  powl                               
20002b38  pv_height                          
20002ad8  resetCause                         
00005515  round                              
00005515  roundl                             
20002670  rx_data                            
20002a70  rx_text                            
00004d4d  scalbn                             
00004d4d  scalbnl                            
20002b28  selected_Motion                    
00006605  sprintf                            
0000428d  sqrt                               
0000428d  sqrtl                              
00006d15  strchr                             
00006d7d  strlen                             
00007240  subtract_Motor                     
000055d9  trunc                              
000055d9  truncl                             
00006dd9  wcslen                             


GLOBAL SYMBOLS: SORTED BY Symbol Address 

address   name                               
-------   ----                               
00000000  __TI_static_base__                 
00000000  g_pfnVectors                       
0000026d  __TI_printfi                       
00000cbd  pow                                
00000cbd  powl                               
00001000  __STACK_SIZE                       
00001000  __SYSMEM_SIZE                      
0000168d  Motor_ManMixer                     
00001ff9  main                               
00002925  UARTvprintf                        
00002c79  OrangeRX_Init                      
00002f21  BMP388_compensate_pressure         
0000342d  Motor_setDuty                      
00003641  BMP388_showData                    
00003839  OrangeRX_extractData               
00003a31  PWM_Init                           
00003de1  __aeabi_dsub                       
00003deb  __aeabi_dadd                       
00003f99  UARTStdioIntHandler                
00004121  GPIOPadConfigSet                   
0000428d  sqrt                               
0000428d  sqrtl                              
000043e5  I2C_AddressBruteForcer             
00004665  UARTStdioConfig                    
0000479d  __aeabi_ddiv                       
000048d3  __aeabi_idiv0                      
000048d3  __aeabi_ldiv0                      
000048d5  OrangeRX_showActData               
00004b21  SysCtlClockGet                     
00004c39  UARTwrite                          
00004d4d  ldexp                              
00004d4d  ldexpl                             
00004d4d  scalbn                             
00004d4d  scalbnl                            
00004e5d  BMP388_get_sensor_data             
00004f69  __aeabi_dmul                       
00005065  floor                              
00005065  floorl                             
0000515d  SysCtlClockSet                     
00005251  BUZZ_SM                            
00005341  PID_altitude_adjust                
00005431  OrangeRX_receivedChannelReorganizer
00005515  round                              
00005515  roundl                             
000055d9  trunc                              
000055d9  truncl                             
00005749  BMP388_compensate_data             
000057f7  __aeabi_memcpy                     
000057f7  __aeabi_memcpy4                    
000057f7  __aeabi_memcpy8                    
000057f7  memcpy                             
00005893  __aeabi_uldivmod                   
000059bd  BMP388_get_regs                    
00005a45  __aeabi_cdcmpeq                    
00005a45  __aeabi_cdcmple                    
00005acb  __aeabi_cdrcmple                   
00005b51  PCF8574A_Read                      
00005bd5  UART0_STDIO_Init                   
00005c55  BMP388_readAltitude                
00005cd1  __aeabi_memclr                     
00005cd1  __aeabi_memclr4                    
00005cd1  __aeabi_memclr8                    
00005cd3  __aeabi_memset                     
00005cd3  __aeabi_memset4                    
00005cd3  __aeabi_memset8                    
00005cd9  memset                             
00005d4b  BMP388_compensate_temperature      
00005e27  __aeabi_d2f                        
00005e95  BMP388_parse_sensor_data           
00005f01  I2C_ReadByte                       
00005f6d  IntEnable                          
00005fd5  __TI_decompress_lzss               
0000603d  frexp                              
0000603d  frexpl                             
000060a1  BMP388_readPressure                
00006105  __error__                          
00006169  PCF8574A_Write                     
000061c9  TimerConfigure                     
00006229  I2C_readReg                        
000062d5  __TI_ltoa                          
0000637d  GPIOPinConfigure                   
000063c9  SWITCH_Init                        
00006415  UARTFlushTx                        
000064ad  atoi                               
000064f9  __aeabi_d2iz                       
00006541  __TI_auto_init_nobinit_nopinit     
000065c5  __aeabi_uidiv                      
000065c5  __aeabi_uidivmod                   
00006605  sprintf                            
00006685  BUZZ_BUZZER                        
000066fd  UARTgetc                           
00006739  SysCtlPeripheralReady              
00006771  SysFlag_Check                      
000067a9  SystemInitialize                   
000067e1  UART0_STDIO_IntHandler             
00006819  __aeabi_f2d                        
00006851  IntRegister                        
00006885  LED_LEDInit                        
000068b9  SysCtlPeripheralEnable             
000068ed  SysFlag_Clear                      
00006921  SysFlag_Set                        
00006955  UARTFlushRx                        
00006989  _c_int00_noargs                    
000069bd  __aeabi_i2d                        
000069ed  BUZZ_BUZZ                          
00006a19  GPIODirModeSet                     
00006a71  UARTEchoSet                        
00006a9d  BMX160_readReg                     
00006ac5  SWITCH_SW1_Pressed                 
00006ae9  SWITCH_SW2_Pressed                 
00006b0d  UARTprintf                         
00006b31  PWMGenConfigure                    
00006b55  OrangeRX_IntHandler                
00006b75  SysTick_Init                       
00006b95  __aeabi_ui2d                       
00006bb5  PWMPulseWidthGet                   
00006bd3  PWMPulseWidthSet                   
00006bf1  SysTickIntRegister                 
00006c0d  memccpy                            
00006c29  GPIOPinTypeGPIOOutput              
00006c43  copysign                           
00006c43  copysignl                          
00006c5d  SysCtlPWMClockGet                  
00006c75  TimerIntRegister                   
00006c8d  UARTIntRegister                    
00006cbd  GPIOPinTypePWM                     
00006cd3  GPIOPinTypeTimer                   
00006ce9  GPIOPinTypeUART                    
00006cff  TimerControlEvent                  
00006d15  strchr                             
00006d2d  SysCtlPWMClockSet                  
00006d41  SysCtlResetCauseClear              
00006d55  SysTickEnable                      
00006d69  SysTickIntEnable                   
00006d7d  strlen                             
00006d91  PWMGenPeriodGet                    
00006da3  PWMOutputState                     
00006db5  TimerLoadSet                       
00006dc7  TimerMatchSet                      
00006dd9  wcslen                             
00006deb  PWMGenPeriodSet                    
00006dfd  SysClk_Init                        
00006e0d  SysTickPeriodSet                   
00006e1d  TimerEnable                        
00006e2b  __TI_decompress_none               
00006e39  PWMGenEnable                       
00006e45  SysCtlResetCauseGet                
00006e51  SysFlag_Init                       
00006e5d  __TI_zero_init                     
00006e69  SysTick_IntHandler                 
00006e73  TimerValueGet                      
00006e7d  UARTIntStatus                      
00006e91  I2CMasterBusy                      
00006e99  I2CMasterSlaveAddrSet              
00006ea1  TimerIntEnable                     
00006ea9  UARTIntEnable                      
00006eb1  __aeabi_errno_addr                 
00006eb9  GPIOPinRead                        
00006ebf  GPIOPinWrite                       
00006ec5  ResetISR                           
00006ecb  SysCtlDelay                        
00006ed1  UARTClockSourceSet                 
00006ed7  I2CMasterControl                   
00006edb  I2CMasterDataGet                   
00006edf  I2CMasterDataPut                   
00006ee3  TimerIntClear                      
00006ee7  _system_pre_init                   
00006eeb  C$$EXIT                            
00006eeb  abort                              
00006ef0  _ctypes_                           
00007240  subtract_Motor                     
000072d8  __TI_Handler_Table_Base            
000072e4  __TI_Handler_Table_Limit           
000072f8  __TI_CINIT_Base                    
00007310  __TI_CINIT_Limit                   
20000000  __start___llvm_prf_cnts            
20000000  __stop___llvm_prf_cnts             
20000000  g_pfnRAMVectors                    
20000270  __stack                            
20000470  __STACK_TOP                        
20001270  __STACK_END                        
20001270  _sys_memory                        
20002670  rx_data                            
20002800  mixer                              
20002920  dev                                
20002a70  rx_text                            
20002aa8  dutyOf                             
20002ad4  g_uiSysFlags                       
20002ad8  resetCause                         
20002adc  buzDuration                        
20002ade  count                              
20002ae0  pauseTime                          
20002b10  Channel_Tune_Variable              
20002b20  base_altitude                      
20002b28  selected_Motion                    
20002b30  errno                              
20002b37  frameGapChNo                       
20002b38  pv_height                          
20002b3a  motorSelect                        
ffffffff  __TI_pprof_out_hndl                
ffffffff  __TI_prof_data_size                
ffffffff  __TI_prof_data_start               
ffffffff  __binit__                          
ffffffff  __c_args__                         
ffffffff  binit                              
UNDEFED   __mpu_init                         
UNDEFED   _system_post_cinit                 

[207 symbols]
