******************************************************************************
                  TI ARM Linker PC v20.2.5                     
******************************************************************************
>> Linked Fri Jan 28 18:33:28 2022

OUTPUT FILE NAME:   <DroneProject.out>
ENTRY POINT SYMBOL: "_c_int00_noargs"  address: 00001e09


MEMORY CONFIGURATION

         name            origin    length      used     unused   attr    fill
----------------------  --------  ---------  --------  --------  ----  --------
  FLASH                 00000000   00040000  000022be  0003dd42  R  X
  SRAM                  20000000   00008000  00001718  000068e8  RW X


SEGMENT ALLOCATION MAP

run origin  load origin   length   init length attrs members
----------  ----------- ---------- ----------- ----- -------
00000000    00000000    000022c0   000022c0    r-x
  00000000    00000000    0000026c   0000026c    r-- .intvecs
  0000026c    0000026c    00001e3e   00001e3e    r-x .text
  000020ac    000020ac    000001cc   000001cc    r-- .const
  00002278    00002278    00000048   00000048    r-- .cinit
20000000    20000000    0000171c   00000000    rw-
  20000000    20000000    0000026c   00000000    rw- .vtable
  20000270    20000270    00001000   00000000    rw- .stack
  20001270    20001270    00000490   00000000    rw- .bss
  20001700    20001700    0000001c   00000000    rw- .data


SECTION ALLOCATION MAP

 output                                  attributes/
section   page    origin      length       input sections
--------  ----  ----------  ----------   ----------------
.intvecs   0    00000000    0000026c     
                  00000000    0000026c     startup_ccs.obj (.intvecs)

.text      0    0000026c    00001e3e     
                  0000026c    0000057c     main.obj (.text:main)
                  000007e8    00000354     main.obj (.text:UARTvprintf)
                  00000b3c    00000188     main.obj (.text:UARTStdioIntHandler)
                  00000cc4    0000016c     driverlib.lib : gpio.obj (.text:GPIOPadConfigSet)
                  00000e30    00000138     main.obj (.text:UARTStdioConfig)
                  00000f68    0000011f     i2c.obj (.text:I2C_AddressBruteForcer)
                  00001087    00000001     --HOLE-- [fill = 0]
                  00001088    00000118     driverlib.lib : sysctl.obj (.text:SysCtlClockGet)
                  000011a0    00000114     main.obj (.text:UARTwrite)
                  000012b4    000000f4     driverlib.lib : sysctl.obj (.text:SysCtlClockSet)
                  000013a8    0000009c     rtsv7M4_T_le_v4SPD16_eabi.lib : memcpy_t2.asm.obj (.text)
                  00001444    00000094     main.obj (.text:UARTPrimeTransmit)
                  000014d8    00000084     i2c.obj (.text:PCF8574A_Read)
                  0000155c    00000080     uart.obj (.text:UART0_STDIO_Init)
                  000015dc    0000007a     rtsv7M4_T_le_v4SPD16_eabi.lib : memset_t2.asm.obj (.text)
                  00001656    00000002     startup_ccs.obj (.text:FaultISR)
                  00001658    00000078     i2c.obj (.text:I2C0_Init)
                  000016d0    00000070     MPU9250.obj (.text:MPU9250_Init)
                  00001740    0000006c     i2c.obj (.text:I2C_ReadByte)
                  000017ac    00000068     driverlib.lib : interrupt.obj (.text:IntEnable)
                  00001814    00000068     rtsv7M4_T_le_v4SPD16_eabi.lib : copy_decompress_lzss.c.obj (.text:decompress:lzss:__TI_decompress_lzss)
                  0000187c    00000061     main.obj (.text:__error__)
                  000018dd    00000001     --HOLE-- [fill = 0]
                  000018de    00000002     startup_ccs.obj (.text:IntDefaultHandler)
                  000018e0    00000060     i2c.obj (.text:PCF8574A_Write)
                  00001940    0000004c     driverlib.lib : gpio.obj (.text:GPIOPinConfigure)
                  0000198c    0000004c                   : i2c.obj (.text:I2CMasterInitExpClk)
                  000019d8    0000004c     onBoardSwitch.obj (.text:SWITCH_Init)
                  00001a24    0000004c     main.obj (.text:UARTFlushTx)
                  00001a70    00000044     rtsv7M4_T_le_v4SPD16_eabi.lib : autoinit.c.obj (.text:__TI_auto_init_nobinit_nopinit:__TI_auto_init_nobinit_nopinit)
                  00001ab4    00000040     driverlib.lib : uart.obj (.text:_UARTIntNumberGet)
                  00001af4    00000040     rtsv7M4_T_le_v4SPD16_eabi.lib : u_divt2.asm.obj (.text)
                  00001b34    0000003e     i2c.obj (.text:PCF8574A_Init)
                  00001b72    0000003c     main.obj (.text:IsBufferFull)
                  00001bae    00000002     startup_ccs.obj (.text:NmiSR)
                  00001bb0    0000003c     main.obj (.text:SystemInitialize)
                  00001bec    0000003c     main.obj (.text:UARTgetc)
                  00001c28    00000038     driverlib.lib : sysctl.obj (.text:SysCtlPeripheralReady)
                  00001c60    00000038     SysFlag.obj (.text:SysFlag_Check)
                  00001c98    00000038     uart.obj (.text:UART0_STDIO_IntHandler)
                  00001cd0    00000034     driverlib.lib : interrupt.obj (.text:IntRegister)
                  00001d04    00000034     led.obj (.text:LED_LEDInit)
                  00001d38    00000034     driverlib.lib : sysctl.obj (.text:SysCtlPeripheralEnable)
                  00001d6c    00000034     SysFlag.obj (.text:SysFlag_Clear)
                  00001da0    00000034     SysFlag.obj (.text:SysFlag_Set)
                  00001dd4    00000034     main.obj (.text:UARTFlushRx)
                  00001e08    00000034     rtsv7M4_T_le_v4SPD16_eabi.lib : boot_cortex_m.c.obj (.text:_c_int00_noargs:_c_int00_noargs)
                  00001e3c    0000002c     driverlib.lib : gpio.obj (.text:GPIODirModeSet)
                  00001e68    0000002c     main.obj (.text:IsBufferEmpty)
                  00001e94    0000002c     main.obj (.text:UARTEchoSet)
                  00001ec0    00000024     onBoardSwitch.obj (.text:SWITCH_SW2_Pressed)
                  00001ee4    00000024     main.obj (.text:UARTprintf)
                  00001f08    00000020     SysTick.obj (.text:SysTick_Init)
                  00001f28    0000001c     driverlib.lib : systick.obj (.text:SysTickIntRegister)
                  00001f44    0000001a                   : gpio.obj (.text:GPIOPinTypeGPIOOutput)
                  00001f5e    00000018                   : uart.obj (.text:UARTIntRegister)
                  00001f76    00000016                   : gpio.obj (.text:GPIOPinTypeI2C)
                  00001f8c    00000016                   : gpio.obj (.text:GPIOPinTypeI2CSCL)
                  00001fa2    00000016                   : gpio.obj (.text:GPIOPinTypeUART)
                  00001fb8    00000014                   : sysctl.obj (.text:SysCtlResetCauseClear)
                  00001fcc    00000014                   : systick.obj (.text:SysTickEnable)
                  00001fe0    00000014                   : systick.obj (.text:SysTickIntEnable)
                  00001ff4    00000010     sysclk.obj (.text:SysClk_Init)
                  00002004    00000010     driverlib.lib : systick.obj (.text:SysTickPeriodSet)
                  00002014    0000000e     rtsv7M4_T_le_v4SPD16_eabi.lib : copy_decompress_none.c.obj (.text:decompress:none:__TI_decompress_none)
                  00002022    00000002                                   : div0.asm.obj (.text)
                  00002024    0000000c     driverlib.lib : sysctl.obj (.text:SysCtlResetCauseGet)
                  00002030    0000000c     SysFlag.obj (.text:SysFlag_Init)
                  0000203c    0000000c     rtsv7M4_T_le_v4SPD16_eabi.lib : copy_zero_init.c.obj (.text:decompress:ZI:__TI_zero_init)
                  00002048    0000000a     driverlib.lib : i2c.obj (.text:I2CMasterEnable)
                  00002052    0000000a     SysTick.obj (.text:SysTick_IntHandler)
                  0000205c    0000000a     driverlib.lib : uart.obj (.text:UARTIntStatus)
                  00002066    00000008                   : i2c.obj (.text:I2CMasterBusy)
                  0000206e    00000008                   : i2c.obj (.text:I2CMasterSlaveAddrSet)
                  00002076    00000008                   : uart.obj (.text:UARTIntEnable)
                  0000207e    00000006                   : gpio.obj (.text:GPIOPinRead)
                  00002084    00000006     startup_ccs.obj (.text:ResetISR)
                  0000208a    00000006     driverlib.lib : sysctl.obj (.text:SysCtlDelay)
                  00002090    00000006                   : uart.obj (.text:UARTClockSourceSet)
                  00002096    00000004                   : i2c.obj (.text:I2CMasterControl)
                  0000209a    00000004                   : i2c.obj (.text:I2CMasterDataGet)
                  0000209e    00000004                   : i2c.obj (.text:I2CMasterDataPut)
                  000020a2    00000004     rtsv7M4_T_le_v4SPD16_eabi.lib : pre_init.c.obj (.text:_system_pre_init)
                  000020a6    00000004                                   : exit.c.obj (.text:abort:abort)

.const     0    000020ac    000001cc     
                  000020ac    00000090     driverlib.lib : gpio.obj (.const:g_pui32GPIOBaseAddrs)
                  0000213c    0000006c                   : sysctl.obj (.const:g_pui32Xtals)
                  000021a8    00000040                   : uart.obj (.const:g_ppui32UARTIntMap)
                  000021e8    00000040                   : uart.obj (.const:g_ppui32UARTIntMapSnowflake)
                  00002228    00000014                   : interrupt.obj (.const:g_pui32EnRegs)
                  0000223c    00000012     main.obj (.const:.string)
                  0000224e    00000002     --HOLE-- [fill = 0]
                  00002250    0000000c     main.obj (.const:g_ui32UARTBase)
                  0000225c    0000000c     main.obj (.const:g_ui32UARTInt)
                  00002268    0000000c     main.obj (.const:g_ui32UARTPeriph)
                  00002274    00000004     main.obj (.const)

.cinit     0    00002278    00000048     
                  00002278    0000000d     (.cinit..data.load) [load image, compression = lzss]
                  00002285    00000003     --HOLE-- [fill = 0]
                  00002288    0000000c     (__TI_handler_table)
                  00002294    00000004     --HOLE-- [fill = 0]
                  00002298    00000008     (.cinit..bss.load) [load image, compression = zero_init]
                  000022a0    00000008     (.cinit..vtable.load) [load image, compression = zero_init]
                  000022a8    00000018     (__TI_cinit_table)

.init_array 
*          0    00000000    00000000     UNINITIALIZED

.vtable    0    20000000    0000026c     UNINITIALIZED
                  20000000    0000026c     driverlib.lib : interrupt.obj (.vtable)

.bss       0    20001270    00000490     UNINITIALIZED
                  20001270    00000400     main.obj (.bss:g_pcUARTTxBuffer)
                  20001670    00000080     main.obj (.bss:g_pcUARTRxBuffer)
                  200016f0    00000008     main.obj (.bss)
                  200016f8    00000004     (.common:g_uiSysFlags)
                  200016fc    00000004     (.common:resetCause)

.data      0    20001700    0000001c     UNINITIALIZED
                  20001700    0000001c     main.obj (.data)

.stack     0    20000270    00001000     UNINITIALIZED
                  20000270    00000004     rtsv7M4_T_le_v4SPD16_eabi.lib : boot_cortex_m.c.obj (.stack)
                  20000274    00000ffc     --HOLE--

__llvm_prf_cnts 
*          0    20000000    00000000     UNINITIALIZED

.binit     0    00000000    00000000     

MODULE SUMMARY

       Module                       code   ro data   rw data
       ------                       ----   -------   -------
    .\
       main.obj                     3913   58        1192   
       startup_ccs.obj              12     620       0      
    +--+----------------------------+------+---------+---------+
       Total:                       3925   678       1192   
                                                            
    .\local_Include\
       i2c.obj                      805    0         0      
       uart.obj                     184    0         0      
       SysFlag.obj                  172    0         4      
       MPU9250.obj                  112    0         0      
       onBoardSwitch.obj            112    0         0      
       led.obj                      52     0         0      
       SysTick.obj                  42     0         0      
       sysclk.obj                   16     0         0      
    +--+----------------------------+------+---------+---------+
       Total:                       1495   0         4      
                                                            
    C:/ti/TivaWare_C_Series-2.2.0.295/driverlib/ccs/Debug/driverlib.lib
       interrupt.obj                156    20        620    
       sysctl.obj                   670    108       0      
       gpio.obj                     582    144       0      
       uart.obj                     112    128       0      
       i2c.obj                      114    0         0      
       systick.obj                  84     0         0      
    +--+----------------------------+------+---------+---------+
       Total:                       1718   400       620    
                                                            
    C:\ti\ccs1040\ccs\tools\compiler\ti-cgt-arm_20.2.5.LTS\lib\rtsv7M4_T_le_v4SPD16_eabi.lib
       memcpy_t2.asm.obj            156    0         0      
       memset_t2.asm.obj            122    0         0      
       copy_decompress_lzss.c.obj   104    0         0      
       autoinit.c.obj               68     0         0      
       u_divt2.asm.obj              64     0         0      
       boot_cortex_m.c.obj          52     0         0      
       copy_decompress_none.c.obj   14     0         0      
       copy_zero_init.c.obj         12     0         0      
       exit.c.obj                   4      0         0      
       pre_init.c.obj               4      0         0      
       div0.asm.obj                 2      0         0      
    +--+----------------------------+------+---------+---------+
       Total:                       602    0         0      
                                                            
       Stack:                       0      0         4096   
       Linker Generated:            0      65        0      
    +--+----------------------------+------+---------+---------+
       Grand Total:                 7740   1143      5912   


LINKER GENERATED COPY TABLES

__TI_cinit_table @ 000022a8 records: 3, size/record: 8, table size: 24
	.data: load addr=00002278, load size=0000000d bytes, run addr=20001700, run size=0000001c bytes, compression=lzss
	.bss: load addr=00002298, load size=00000008 bytes, run addr=20001270, run size=00000490 bytes, compression=zero_init
	.vtable: load addr=000022a0, load size=00000008 bytes, run addr=20000000, run size=0000026c bytes, compression=zero_init


LINKER GENERATED HANDLER TABLE

__TI_handler_table @ 00002288 records: 3, size/record: 4, table size: 12
	index: 0, handler: __TI_zero_init
	index: 1, handler: __TI_decompress_lzss
	index: 2, handler: __TI_decompress_none


GLOBAL SYMBOLS: SORTED ALPHABETICALLY BY Name 

address   name                          
-------   ----                          
000020a7  C$$EXIT                       
00001e3d  GPIODirModeSet                
00000cc5  GPIOPadConfigSet              
00001941  GPIOPinConfigure              
0000207f  GPIOPinRead                   
00001f45  GPIOPinTypeGPIOOutput         
00001f77  GPIOPinTypeI2C                
00001f8d  GPIOPinTypeI2CSCL             
00001fa3  GPIOPinTypeUART               
00001659  I2C0_Init                     
00002067  I2CMasterBusy                 
00002097  I2CMasterControl              
0000209b  I2CMasterDataGet              
0000209f  I2CMasterDataPut              
00002049  I2CMasterEnable               
0000198d  I2CMasterInitExpClk           
0000206f  I2CMasterSlaveAddrSet         
00000f69  I2C_AddressBruteForcer        
00001741  I2C_ReadByte                  
000017ad  IntEnable                     
00001cd1  IntRegister                   
00001d05  LED_LEDInit                   
000016d1  MPU9250_Init                  
00001b35  PCF8574A_Init                 
000014d9  PCF8574A_Read                 
000018e1  PCF8574A_Write                
00002085  ResetISR                      
000019d9  SWITCH_Init                   
00001ec1  SWITCH_SW2_Pressed            
00001ff5  SysClk_Init                   
00001089  SysCtlClockGet                
000012b5  SysCtlClockSet                
0000208b  SysCtlDelay                   
00001d39  SysCtlPeripheralEnable        
00001c29  SysCtlPeripheralReady         
00001fb9  SysCtlResetCauseClear         
00002025  SysCtlResetCauseGet           
00001c61  SysFlag_Check                 
00001d6d  SysFlag_Clear                 
00002031  SysFlag_Init                  
00001da1  SysFlag_Set                   
00001fcd  SysTickEnable                 
00001fe1  SysTickIntEnable              
00001f29  SysTickIntRegister            
00002005  SysTickPeriodSet              
00001f09  SysTick_Init                  
00002053  SysTick_IntHandler            
00001bb1  SystemInitialize              
0000155d  UART0_STDIO_Init              
00001c99  UART0_STDIO_IntHandler        
00002091  UARTClockSourceSet            
00001e95  UARTEchoSet                   
00001dd5  UARTFlushRx                   
00001a25  UARTFlushTx                   
00002077  UARTIntEnable                 
00001f5f  UARTIntRegister               
0000205d  UARTIntStatus                 
00000e31  UARTStdioConfig               
00000b3d  UARTStdioIntHandler           
00001bed  UARTgetc                      
00001ee5  UARTprintf                    
000007e9  UARTvprintf                   
000011a1  UARTwrite                     
20001270  __STACK_END                   
00001000  __STACK_SIZE                  
20000470  __STACK_TOP                   
000022a8  __TI_CINIT_Base               
000022c0  __TI_CINIT_Limit              
00002288  __TI_Handler_Table_Base       
00002294  __TI_Handler_Table_Limit      
00001a71  __TI_auto_init_nobinit_nopinit
00001815  __TI_decompress_lzss          
00002015  __TI_decompress_none          
ffffffff  __TI_pprof_out_hndl           
ffffffff  __TI_prof_data_size           
ffffffff  __TI_prof_data_start          
00000000  __TI_static_base__            
0000203d  __TI_zero_init                
00002023  __aeabi_idiv0                 
00002023  __aeabi_ldiv0                 
000015dd  __aeabi_memclr                
000015dd  __aeabi_memclr4               
000015dd  __aeabi_memclr8               
000013a9  __aeabi_memcpy                
000013a9  __aeabi_memcpy4               
000013a9  __aeabi_memcpy8               
000015df  __aeabi_memset                
000015df  __aeabi_memset4               
000015df  __aeabi_memset8               
00001af5  __aeabi_uidiv                 
00001af5  __aeabi_uidivmod              
ffffffff  __binit__                     
ffffffff  __c_args__                    
0000187d  __error__                     
UNDEFED   __mpu_init                    
20000270  __stack                       
20000000  __start___llvm_prf_cnts       
20000000  __stop___llvm_prf_cnts        
00001e09  _c_int00_noargs               
UNDEFED   _system_post_cinit            
000020a3  _system_pre_init              
000020a7  abort                         
ffffffff  binit                         
20000000  g_pfnRAMVectors               
00000000  g_pfnVectors                  
200016f8  g_uiSysFlags                  
0000026d  main                          
000013a9  memcpy                        
000015e5  memset                        
200016fc  resetCause                    


GLOBAL SYMBOLS: SORTED BY Symbol Address 

address   name                          
-------   ----                          
00000000  __TI_static_base__            
00000000  g_pfnVectors                  
0000026d  main                          
000007e9  UARTvprintf                   
00000b3d  UARTStdioIntHandler           
00000cc5  GPIOPadConfigSet              
00000e31  UARTStdioConfig               
00000f69  I2C_AddressBruteForcer        
00001000  __STACK_SIZE                  
00001089  SysCtlClockGet                
000011a1  UARTwrite                     
000012b5  SysCtlClockSet                
000013a9  __aeabi_memcpy                
000013a9  __aeabi_memcpy4               
000013a9  __aeabi_memcpy8               
000013a9  memcpy                        
000014d9  PCF8574A_Read                 
0000155d  UART0_STDIO_Init              
000015dd  __aeabi_memclr                
000015dd  __aeabi_memclr4               
000015dd  __aeabi_memclr8               
000015df  __aeabi_memset                
000015df  __aeabi_memset4               
000015df  __aeabi_memset8               
000015e5  memset                        
00001659  I2C0_Init                     
000016d1  MPU9250_Init                  
00001741  I2C_ReadByte                  
000017ad  IntEnable                     
00001815  __TI_decompress_lzss          
0000187d  __error__                     
000018e1  PCF8574A_Write                
00001941  GPIOPinConfigure              
0000198d  I2CMasterInitExpClk           
000019d9  SWITCH_Init                   
00001a25  UARTFlushTx                   
00001a71  __TI_auto_init_nobinit_nopinit
00001af5  __aeabi_uidiv                 
00001af5  __aeabi_uidivmod              
00001b35  PCF8574A_Init                 
00001bb1  SystemInitialize              
00001bed  UARTgetc                      
00001c29  SysCtlPeripheralReady         
00001c61  SysFlag_Check                 
00001c99  UART0_STDIO_IntHandler        
00001cd1  IntRegister                   
00001d05  LED_LEDInit                   
00001d39  SysCtlPeripheralEnable        
00001d6d  SysFlag_Clear                 
00001da1  SysFlag_Set                   
00001dd5  UARTFlushRx                   
00001e09  _c_int00_noargs               
00001e3d  GPIODirModeSet                
00001e95  UARTEchoSet                   
00001ec1  SWITCH_SW2_Pressed            
00001ee5  UARTprintf                    
00001f09  SysTick_Init                  
00001f29  SysTickIntRegister            
00001f45  GPIOPinTypeGPIOOutput         
00001f5f  UARTIntRegister               
00001f77  GPIOPinTypeI2C                
00001f8d  GPIOPinTypeI2CSCL             
00001fa3  GPIOPinTypeUART               
00001fb9  SysCtlResetCauseClear         
00001fcd  SysTickEnable                 
00001fe1  SysTickIntEnable              
00001ff5  SysClk_Init                   
00002005  SysTickPeriodSet              
00002015  __TI_decompress_none          
00002023  __aeabi_idiv0                 
00002023  __aeabi_ldiv0                 
00002025  SysCtlResetCauseGet           
00002031  SysFlag_Init                  
0000203d  __TI_zero_init                
00002049  I2CMasterEnable               
00002053  SysTick_IntHandler            
0000205d  UARTIntStatus                 
00002067  I2CMasterBusy                 
0000206f  I2CMasterSlaveAddrSet         
00002077  UARTIntEnable                 
0000207f  GPIOPinRead                   
00002085  ResetISR                      
0000208b  SysCtlDelay                   
00002091  UARTClockSourceSet            
00002097  I2CMasterControl              
0000209b  I2CMasterDataGet              
0000209f  I2CMasterDataPut              
000020a3  _system_pre_init              
000020a7  C$$EXIT                       
000020a7  abort                         
00002288  __TI_Handler_Table_Base       
00002294  __TI_Handler_Table_Limit      
000022a8  __TI_CINIT_Base               
000022c0  __TI_CINIT_Limit              
20000000  __start___llvm_prf_cnts       
20000000  __stop___llvm_prf_cnts        
20000000  g_pfnRAMVectors               
20000270  __stack                       
20000470  __STACK_TOP                   
20001270  __STACK_END                   
200016f8  g_uiSysFlags                  
200016fc  resetCause                    
ffffffff  __TI_pprof_out_hndl           
ffffffff  __TI_prof_data_size           
ffffffff  __TI_prof_data_start          
ffffffff  __binit__                     
ffffffff  __c_args__                    
ffffffff  binit                         
UNDEFED   __mpu_init                    
UNDEFED   _system_post_cinit            

[110 symbols]
