******************************************************************************
                  TI ARM Linker PC v20.2.5                     
******************************************************************************
>> Linked Fri Feb 11 10:23:19 2022

OUTPUT FILE NAME:   <DroneProject.out>
ENTRY POINT SYMBOL: "_c_int00_noargs"  address: 00005229


MEMORY CONFIGURATION

         name            origin    length      used     unused   attr    fill
----------------------  --------  ---------  --------  --------  ----  --------
  FLASH                 00000000   00040000  00005a96  0003a56a  R  X
  SRAM                  20000000   00008000  00002809  000057f7  RW X


SEGMENT ALLOCATION MAP

run origin  load origin   length   init length attrs members
----------  ----------- ---------- ----------- ----- -------
00000000    00000000    00005a98   00005a98    r-x
  00000000    00000000    0000026c   0000026c    r-- .intvecs
  0000026c    0000026c    0000543a   0000543a    r-x .text
  000056a8    000056a8    000003a8   000003a8    r-- .const
  00005a50    00005a50    00000048   00000048    r-- .cinit
20000000    20000000    0000280f   00000000    rw-
  20000000    20000000    0000026c   00000000    rw- .vtable
  20000270    20000270    00001000   00000000    rw- .stack
  20001270    20001270    00001000   00000000    rw- .sysmem
  20002270    20002270    0000056e   00000000    rw- .bss
  200027e0    200027e0    0000002f   00000000    rw- .data


SECTION ALLOCATION MAP

 output                                  attributes/
section   page    origin      length       input sections
--------  ----  ----------  ----------   ----------------
.intvecs   0    00000000    0000026c     
                  00000000    0000026c     startup_ccs.obj (.intvecs)

.text      0    0000026c    0000543a     
                  0000026c    00000a4e     rtsv7M4_T_le_v4SPD16_eabi.lib : _printfi.c.obj (.text:__TI_printfi)
                  00000cba    00000002     startup_ccs.obj (.text:FaultISR)
                  00000cbc    000009d0     rtsv7M4_T_le_v4SPD16_eabi.lib : e_pow.c.obj (.text:pow)
                  0000168c    00000364     main.obj (.text:main)
                  000019f0    00000354     main.obj (.text:UARTvprintf)
                  00001d44    0000029a     BMP388.obj (.text:BMP388_compensate_pressure)
                  00001fde    00000002     startup_ccs.obj (.text:IntDefaultHandler)
                  00001fe0    00000270     rtsv7M4_T_le_v4SPD16_eabi.lib : _printfi.c.obj (.text:_pconv_a)
                  00002250    000001d4     BMP388.obj (.text:BMP388_showData)
                  00002424    000001d0     rtsv7M4_T_le_v4SPD16_eabi.lib : _printfi.c.obj (.text:_pconv_g)
                  000025f4    000001b6                                   : fd_add_t2.asm.obj (.text)
                  000027aa    00000002     startup_ccs.obj (.text:NmiSR)
                  000027ac    00000188     main.obj (.text:UARTStdioIntHandler)
                  00002934    0000016c     driverlib.lib : gpio.obj (.text:GPIOPadConfigSet)
                  00002aa0    00000158     rtsv7M4_T_le_v4SPD16_eabi.lib : e_sqrt.c.obj (.text:sqrt)
                  00002bf8    00000143     i2c.obj (.text:I2C_AddressBruteForcer)
                  00002d3b    00000001     --HOLE-- [fill = 0]
                  00002d3c    0000013c     rtsv7M4_T_le_v4SPD16_eabi.lib : _printfi.c.obj (.text:_pconv_e)
                  00002e78    00000138     main.obj (.text:UARTStdioConfig)
                  00002fb0    00000136     rtsv7M4_T_le_v4SPD16_eabi.lib : fd_div_t2.asm.obj (.text)
                  000030e6    00000002                                   : div0.asm.obj (.text)
                  000030e8    00000124                                   : _printfi.c.obj (.text:fcvt)
                  0000320c    00000118     driverlib.lib : sysctl.obj (.text:SysCtlClockGet)
                  00003324    00000114     main.obj (.text:UARTwrite)
                  00003438    00000110     rtsv7M4_T_le_v4SPD16_eabi.lib : s_scalbn.c.obj (.text:scalbn)
                  00003548    0000010c     BMP388.obj (.text:BMP388_get_sensor_data)
                  00003654    00000100     i2c.obj (.text:I2C_writeSingleReg)
                  00003754    000000fc     rtsv7M4_T_le_v4SPD16_eabi.lib : fd_mul_t2.asm.obj (.text)
                  00003850    000000f4     driverlib.lib : sysctl.obj (.text:SysCtlClockSet)
                  00003944    000000f0     buzzer.obj (.text:BUZZ_SM)
                  00003a34    000000c6     BMX160.obj (.text:BMX160_setMagnConf)
                  00003afa    00000002     --HOLE-- [fill = 0]
                  00003afc    000000b1     rtsv7M4_T_le_v4SPD16_eabi.lib : _printfi.c.obj (.text:_ltostr)
                  00003bad    00000003     --HOLE-- [fill = 0]
                  00003bb0    000000ad     BMP388.obj (.text:BMP388_compensate_data)
                  00003c5d    00000003     --HOLE-- [fill = 0]
                  00003c60    0000009c     OrangeRX.obj (.text:OrangeRX_IntHandler)
                  00003cfc    0000009c     rtsv7M4_T_le_v4SPD16_eabi.lib : memcpy_t2.asm.obj (.text)
                  00003d98    00000096                                   : ull_div_t2.asm.obj (.text)
                  00003e2e    00000002     --HOLE-- [fill = 0]
                  00003e30    00000094     BMX160.obj (.text:BMX160_softReset)
                  00003ec4    00000094     main.obj (.text:UARTPrimeTransmit)
                  00003f58    0000008c     OrangeRX.obj (.text:OrangeRX_Init)
                  00003fe4    00000088     BMP388.obj (.text:BMP388_get_regs)
                  0000406c    00000086     rtsv7M4_T_le_v4SPD16_eabi.lib : fd_cmp_t2.asm.obj (.text:__aeabi_cdcmple)
                  000040f2    00000086                                   : fd_cmp_t2.asm.obj (.text:__aeabi_cdrcmple)
                  00004178    00000084     i2c.obj (.text:PCF8574A_Read)
                  000041fc    00000080     uart.obj (.text:UART0_STDIO_Init)
                  0000427c    0000007c     BMP388.obj (.text:BMP388_readAltitude)
                  000042f8    0000007a     rtsv7M4_T_le_v4SPD16_eabi.lib : memset_t2.asm.obj (.text)
                  00004372    00000002     --HOLE-- [fill = 0]
                  00004374    00000078     BMP388.obj (.text:BMP388_readCalibratedAltitude)
                  000043ec    00000070     BMP388.obj (.text:BMP388_readSeaLevel)
                  0000445c    0000006e     BMP388.obj (.text:BMP388_compensate_temperature)
                  000044ca    0000006e     rtsv7M4_T_le_v4SPD16_eabi.lib : _printfi.c.obj (.text:_mcpy)
                  00004538    0000006e                                   : fd_tos_t2.asm.obj (.text)
                  000045a6    0000006c     BMP388.obj (.text:BMP388_parse_sensor_data)
                  00004612    00000002     --HOLE-- [fill = 0]
                  00004614    0000006c     i2c.obj (.text:I2C_ReadByte)
                  00004680    00000068     driverlib.lib : interrupt.obj (.text:IntEnable)
                  000046e8    00000068     rtsv7M4_T_le_v4SPD16_eabi.lib : copy_decompress_lzss.c.obj (.text:decompress:lzss:__TI_decompress_lzss)
                  00004750    00000066     BMP388.obj (.text:BMP388_readTemperature)
                  000047b6    00000002     --HOLE-- [fill = 0]
                  000047b8    00000064     rtsv7M4_T_le_v4SPD16_eabi.lib : s_frexp.c.obj (.text:frexp)
                  0000481c    00000063     BMP388.obj (.text:BMP388_readPressure)
                  0000487f    00000001     --HOLE-- [fill = 0]
                  00004880    00000063     BMX160.obj (.text:BMX160_writeBmxReg)
                  000048e3    00000001     --HOLE-- [fill = 0]
                  000048e4    00000061     main.obj (.text:__error__)
                  00004945    00000003     --HOLE-- [fill = 0]
                  00004948    00000060     i2c.obj (.text:PCF8574A_Write)
                  000049a8    00000060     driverlib.lib : timer.obj (.text:TimerConfigure)
                  00004a08    00000056     rtsv7M4_T_le_v4SPD16_eabi.lib : _printfi.c.obj (.text:_pconv_f)
                  00004a5e    00000054                                   : _ltoa.c.obj (.text:__TI_ltoa)
                  00004ab2    00000052     BMX160.obj (.text:BMX160_defaultParamSettg)
                  00004b04    00000052     rtsv7M4_T_le_v4SPD16_eabi.lib : _printfi.c.obj (.text:_ecpy)
                  00004b56    00000002     --HOLE-- [fill = 0]
                  00004b58    0000004c     driverlib.lib : gpio.obj (.text:GPIOPinConfigure)
                  00004ba4    0000004c     onBoardSwitch.obj (.text:SWITCH_Init)
                  00004bf0    0000004c     SysTick.obj (.text:SYSTICK_Delay)
                  00004c3c    0000004c     main.obj (.text:UARTFlushTx)
                  00004c88    0000004c     driverlib.lib : timer.obj (.text:_TimerIntNumberGet)
                  00004cd4    0000004c     rtsv7M4_T_le_v4SPD16_eabi.lib : atoi.c.obj (.text:atoi)
                  00004d20    00000048                                   : fd_toi_t2.asm.obj (.text)
                  00004d68    00000044                                   : autoinit.c.obj (.text:__TI_auto_init_nobinit_nopinit:__TI_auto_init_nobinit_nopinit)
                  00004dac    00000042     BMX160.obj (.text:BMX160_wakeUp)
                  00004dee    00000002     --HOLE-- [fill = 0]
                  00004df0    00000040     driverlib.lib : uart.obj (.text:_UARTIntNumberGet)
                  00004e30    00000040     rtsv7M4_T_le_v4SPD16_eabi.lib : u_divt2.asm.obj (.text)
                  00004e70    00000040                                   : sprintf.c.obj (.text:sprintf)
                  00004eb0    0000003e                                   : _printfi.c.obj (.text:_fcpy)
                  00004eee    00000002     --HOLE-- [fill = 0]
                  00004ef0    0000003c     buzzer.obj (.text:BUZZ_BUZZER)
                  00004f2c    0000003c     main.obj (.text:IsBufferFull)
                  00004f68    0000003c     main.obj (.text:UARTgetc)
                  00004fa4    00000038     driverlib.lib : sysctl.obj (.text:SysCtlPeripheralReady)
                  00004fdc    00000038     SysFlag.obj (.text:SysFlag_Check)
                  00005014    00000038     uart.obj (.text:UART0_STDIO_IntHandler)
                  0000504c    00000038     rtsv7M4_T_le_v4SPD16_eabi.lib : fs_tod_t2.asm.obj (.text)
                  00005084    00000036     BMX160.obj (.text:BMX160_softResetWorker)
                  000050ba    00000002     --HOLE-- [fill = 0]
                  000050bc    00000034     driverlib.lib : interrupt.obj (.text:IntRegister)
                  000050f0    00000034     led.obj (.text:LED_LEDInit)
                  00005124    00000034     driverlib.lib : sysctl.obj (.text:SysCtlPeripheralEnable)
                  00005158    00000034     SysFlag.obj (.text:SysFlag_Clear)
                  0000518c    00000034     SysFlag.obj (.text:SysFlag_Set)
                  000051c0    00000034     main.obj (.text:SystemInitialize)
                  000051f4    00000034     main.obj (.text:UARTFlushRx)
                  00005228    00000034     rtsv7M4_T_le_v4SPD16_eabi.lib : boot_cortex_m.c.obj (.text:_c_int00_noargs:_c_int00_noargs)
                  0000525c    0000002e                                   : i_tofd_t2.asm.obj (.text)
                  0000528a    00000002     --HOLE-- [fill = 0]
                  0000528c    0000002c     buzzer.obj (.text:BUZZ_BUZZ)
                  000052b8    0000002c     driverlib.lib : gpio.obj (.text:GPIODirModeSet)
                  000052e4    0000002c     main.obj (.text:IsBufferEmpty)
                  00005310    0000002c     led.obj (.text:LED_LED1)
                  0000533c    0000002c     main.obj (.text:UARTEchoSet)
                  00005368    00000024     onBoardSwitch.obj (.text:SWITCH_SW1_Pressed)
                  0000538c    00000024     onBoardSwitch.obj (.text:SWITCH_SW2_Pressed)
                  000053b0    00000024     main.obj (.text:UARTprintf)
                  000053d4    00000020     SysTick.obj (.text:SysTick_Init)
                  000053f4    00000020     rtsv7M4_T_le_v4SPD16_eabi.lib : u_tofd_t2.asm.obj (.text)
                  00005414    0000001c     driverlib.lib : systick.obj (.text:SysTickIntRegister)
                  00005430    0000001c     rtsv7M4_T_le_v4SPD16_eabi.lib : memccpy.c.obj (.text:memccpy)
                  0000544c    0000001a     driverlib.lib : gpio.obj (.text:GPIOPinTypeGPIOOutput)
                  00005466    0000001a     rtsv7M4_T_le_v4SPD16_eabi.lib : s_copysign.c.obj (.text:copysign)
                  00005480    00000018     driverlib.lib : timer.obj (.text:TimerIntRegister)
                  00005498    00000018                   : uart.obj (.text:UARTIntRegister)
                  000054b0    00000018     rtsv7M4_T_le_v4SPD16_eabi.lib : sprintf.c.obj (.text:_outs)
                  000054c8    00000016     driverlib.lib : gpio.obj (.text:GPIOPinTypeTimer)
                  000054de    00000016                   : gpio.obj (.text:GPIOPinTypeUART)
                  000054f4    00000016                   : i2c.obj (.text:I2CMasterErr)
                  0000550a    00000016                   : timer.obj (.text:TimerControlEvent)
                  00005520    00000016     rtsv7M4_T_le_v4SPD16_eabi.lib : strchr.c.obj (.text:strchr)
                  00005536    00000002     --HOLE-- [fill = 0]
                  00005538    00000014     driverlib.lib : sysctl.obj (.text:SysCtlResetCauseClear)
                  0000554c    00000014                   : systick.obj (.text:SysTickEnable)
                  00005560    00000014                   : systick.obj (.text:SysTickIntEnable)
                  00005574    00000014     rtsv7M4_T_le_v4SPD16_eabi.lib : strlen.c.obj (.text:strlen)
                  00005588    00000012     driverlib.lib : timer.obj (.text:TimerLoadSet)
                  0000559a    00000012                   : timer.obj (.text:TimerMatchSet)
                  000055ac    00000012     rtsv7M4_T_le_v4SPD16_eabi.lib : wcslen.c.obj (.text:wcslen)
                  000055be    00000002     --HOLE-- [fill = 0]
                  000055c0    00000010     sysclk.obj (.text:SysClk_Init)
                  000055d0    00000010     driverlib.lib : systick.obj (.text:SysTickPeriodSet)
                  000055e0    0000000e                   : timer.obj (.text:TimerEnable)
                  000055ee    0000000e     rtsv7M4_T_le_v4SPD16_eabi.lib : copy_decompress_none.c.obj (.text:decompress:none:__TI_decompress_none)
                  000055fc    0000000c     driverlib.lib : sysctl.obj (.text:SysCtlResetCauseGet)
                  00005608    0000000c     SysFlag.obj (.text:SysFlag_Init)
                  00005614    0000000c     rtsv7M4_T_le_v4SPD16_eabi.lib : copy_zero_init.c.obj (.text:decompress:ZI:__TI_zero_init)
                  00005620    0000000a     SysTick.obj (.text:SysTick_IntHandler)
                  0000562a    0000000a     driverlib.lib : timer.obj (.text:TimerValueGet)
                  00005634    0000000a                   : uart.obj (.text:UARTIntStatus)
                  0000563e    0000000a     rtsv7M4_T_le_v4SPD16_eabi.lib : sprintf.c.obj (.text:_outc)
                  00005648    00000008     driverlib.lib : i2c.obj (.text:I2CMasterBusy)
                  00005650    00000008                   : i2c.obj (.text:I2CMasterSlaveAddrSet)
                  00005658    00000008                   : timer.obj (.text:TimerIntEnable)
                  00005660    00000008                   : uart.obj (.text:UARTIntEnable)
                  00005668    00000008     rtsv7M4_T_le_v4SPD16_eabi.lib : errno.c.obj (.text:__aeabi_errno_addr)
                  00005670    00000006     driverlib.lib : gpio.obj (.text:GPIOPinRead)
                  00005676    00000006                   : gpio.obj (.text:GPIOPinWrite)
                  0000567c    00000006     startup_ccs.obj (.text:ResetISR)
                  00005682    00000006     driverlib.lib : sysctl.obj (.text:SysCtlDelay)
                  00005688    00000006                   : uart.obj (.text:UARTClockSourceSet)
                  0000568e    00000004                   : i2c.obj (.text:I2CMasterControl)
                  00005692    00000004                   : i2c.obj (.text:I2CMasterDataGet)
                  00005696    00000004                   : i2c.obj (.text:I2CMasterDataPut)
                  0000569a    00000004                   : timer.obj (.text:TimerIntClear)
                  0000569e    00000004     rtsv7M4_T_le_v4SPD16_eabi.lib : pre_init.c.obj (.text:_system_pre_init)
                  000056a2    00000004                                   : exit.c.obj (.text:abort:abort)

.const     0    000056a8    000003a8     
                  000056a8    00000101     rtsv7M4_T_le_v4SPD16_eabi.lib : ctype.c.obj (.const:.string:_ctypes_)
                  000057a9    00000003     --HOLE-- [fill = 0]
                  000057ac    00000090     driverlib.lib : gpio.obj (.const:g_pui32GPIOBaseAddrs)
                  0000583c    0000006c                   : sysctl.obj (.const:g_pui32Xtals)
                  000058a8    00000060                   : timer.obj (.const:g_ppui32TimerIntMap)
                  00005908    00000040                   : timer.obj (.const:g_ppui32TimerIntMapSnowflake)
                  00005948    00000040                   : uart.obj (.const:g_ppui32UARTIntMap)
                  00005988    00000040                   : uart.obj (.const:g_ppui32UARTIntMapSnowflake)
                  000059c8    00000030     rtsv7M4_T_le_v4SPD16_eabi.lib : e_pow.c.obj (.const:$O1$$)
                  000059f8    00000014     driverlib.lib : interrupt.obj (.const:g_pui32EnRegs)
                  00005a0c    00000012     main.obj (.const:.string)
                  00005a1e    00000002     --HOLE-- [fill = 0]
                  00005a20    0000000c     main.obj (.const:g_ui32UARTBase)
                  00005a2c    0000000c     main.obj (.const:g_ui32UARTInt)
                  00005a38    0000000c     main.obj (.const:g_ui32UARTPeriph)
                  00005a44    00000008     BMP388.obj (.const:$P$T0$1)
                  00005a4c    00000004     main.obj (.const)

.cinit     0    00005a50    00000048     
                  00005a50    00000010     (.cinit..data.load) [load image, compression = lzss]
                  00005a60    0000000c     (__TI_handler_table)
                  00005a6c    00000004     --HOLE-- [fill = 0]
                  00005a70    00000008     (.cinit..bss.load) [load image, compression = zero_init]
                  00005a78    00000008     (.cinit..vtable.load) [load image, compression = zero_init]
                  00005a80    00000018     (__TI_cinit_table)

.init_array 
*          0    00000000    00000000     UNINITIALIZED

.vtable    0    20000000    0000026c     UNINITIALIZED
                  20000000    0000026c     driverlib.lib : interrupt.obj (.vtable)

.stack     0    20000270    00001000     UNINITIALIZED
                  20000270    00000004     rtsv7M4_T_le_v4SPD16_eabi.lib : boot_cortex_m.c.obj (.stack)
                  20000274    00000ffc     --HOLE--

.sysmem    0    20001270    00001000     UNINITIALIZED
                  20001270    00000010     rtsv7M4_T_le_v4SPD16_eabi.lib : memory.c.obj (.sysmem)
                  20001280    00000ff0     --HOLE--

.bss       0    20002270    0000056e     UNINITIALIZED
                  20002270    00000400     main.obj (.bss:g_pcUARTTxBuffer)
                  20002670    000000d0     (.common:dev)
                  20002740    00000080     main.obj (.bss:g_pcUARTRxBuffer)
                  200027c0    00000008     main.obj (.bss)
                  200027c8    00000004     buzzer.obj (.bss)
                  200027cc    00000004     (.common:Obmx160)
                  200027d0    00000004     (.common:g_uiSysFlags)
                  200027d4    00000004     (.common:resetCause)
                  200027d8    00000002     (.common:buzDuration)
                  200027da    00000002     (.common:count)
                  200027dc    00000002     (.common:pauseTime)

.data      0    200027e0    0000002f     UNINITIALIZED
                  200027e0    0000001c     main.obj (.data)
                  200027fc    0000000c     OrangeRX.obj (.data)
                  20002808    00000004     rtsv7M4_T_le_v4SPD16_eabi.lib : errno.c.obj (.data)
                  2000280c    00000003     buzzer.obj (.data)

__llvm_prf_cnts 
*          0    20000000    00000000     UNINITIALIZED

.binit     0    00000000    00000000     

MODULE SUMMARY

       Module                       code    ro data   rw data
       ------                       ----    -------   -------
    .\
       main.obj                     3369    58        1192   
       startup_ccs.obj              12      620       0      
    +--+----------------------------+-------+---------+---------+
       Total:                       3381    678       1192   
                                                             
    .\local_Include\
       i2c.obj                      915     0         0      
       uart.obj                     184     0         0      
       SysFlag.obj                  172     0         4      
       onBoardSwitch.obj            148     0         0      
       SysTick.obj                  118     0         0      
       led.obj                      96      0         0      
       sysclk.obj                   16      0         0      
    +--+----------------------------+-------+---------+---------+
       Total:                       1649    0         4      
                                                             
    .\local_Include\BMP388\
       BMP388.obj                   2486    8         208    
    +--+----------------------------+-------+---------+---------+
       Total:                       2486    8         208    
                                                             
    .\local_Include\BMX160\
       BMX160.obj                   647     0         4      
    +--+----------------------------+-------+---------+---------+
       Total:                       647     0         4      
                                                             
    .\local_Include\BUZZER\
       buzzer.obj                   344     0         13     
    +--+----------------------------+-------+---------+---------+
       Total:                       344     0         13     
                                                             
    .\local_Include\OrangeRX\
       OrangeRX.obj                 296     0         12     
    +--+----------------------------+-------+---------+---------+
       Total:                       296     0         12     
                                                             
    C:/ti/TivaWare_C_Series-2.2.0.295/driverlib/ccs/Debug/driverlib.lib
       interrupt.obj                156     20        620    
       sysctl.obj                   670     108       0      
       gpio.obj                     566     144       0      
       timer.obj                    290     160       0      
       uart.obj                     112     128       0      
       systick.obj                  84      0         0      
       i2c.obj                      50      0         0      
    +--+----------------------------+-------+---------+---------+
       Total:                       1928    560       620    
                                                             
    C:\ti\ccs1040\ccs\tools\compiler\ti-cgt-arm_20.2.5.LTS\lib\rtsv7M4_T_le_v4SPD16_eabi.lib
       _printfi.c.obj               4851    0         0      
       e_pow.c.obj                  2512    48        0      
       fd_add_t2.asm.obj            438     0         0      
       e_sqrt.c.obj                 344     0         0      
       fd_div_t2.asm.obj            310     0         0      
       s_scalbn.c.obj               272     0         0      
       fd_cmp_t2.asm.obj            268     0         0      
       ctype.c.obj                  0       257       0      
       fd_mul_t2.asm.obj            252     0         0      
       memcpy_t2.asm.obj            156     0         0      
       ull_div_t2.asm.obj           150     0         0      
       memset_t2.asm.obj            122     0         0      
       fd_tos_t2.asm.obj            110     0         0      
       copy_decompress_lzss.c.obj   104     0         0      
       s_frexp.c.obj                100     0         0      
       sprintf.c.obj                98      0         0      
       _ltoa.c.obj                  84      0         0      
       atoi.c.obj                   76      0         0      
       fd_toi_t2.asm.obj            72      0         0      
       autoinit.c.obj               68      0         0      
       u_divt2.asm.obj              64      0         0      
       fs_tod_t2.asm.obj            56      0         0      
       boot_cortex_m.c.obj          52      0         0      
       i_tofd_t2.asm.obj            46      0         0      
       u_tofd_t2.asm.obj            32      0         0      
       memccpy.c.obj                28      0         0      
       s_copysign.c.obj             26      0         0      
       strchr.c.obj                 22      0         0      
       strlen.c.obj                 20      0         0      
       wcslen.c.obj                 18      0         0      
       copy_decompress_none.c.obj   14      0         0      
       copy_zero_init.c.obj         12      0         0      
       errno.c.obj                  8       0         4      
       exit.c.obj                   4       0         0      
       pre_init.c.obj               4       0         0      
       div0.asm.obj                 2       0         0      
    +--+----------------------------+-------+---------+---------+
       Total:                       10795   305       4      
                                                             
       Heap:                        0       0         4096   
       Stack:                       0       0         4096   
       Linker Generated:            0       68        0      
    +--+----------------------------+-------+---------+---------+
       Grand Total:                 21526   1619      10249  


LINKER GENERATED COPY TABLES

__TI_cinit_table @ 00005a80 records: 3, size/record: 8, table size: 24
	.data: load addr=00005a50, load size=00000010 bytes, run addr=200027e0, run size=0000002f bytes, compression=lzss
	.bss: load addr=00005a70, load size=00000008 bytes, run addr=20002270, run size=0000056e bytes, compression=zero_init
	.vtable: load addr=00005a78, load size=00000008 bytes, run addr=20000000, run size=0000026c bytes, compression=zero_init


LINKER GENERATED HANDLER TABLE

__TI_handler_table @ 00005a60 records: 3, size/record: 4, table size: 12
	index: 0, handler: __TI_zero_init
	index: 1, handler: __TI_decompress_lzss
	index: 2, handler: __TI_decompress_none


GLOBAL SYMBOLS: SORTED ALPHABETICALLY BY Name 

address   name                          
-------   ----                          
00003bb1  BMP388_compensate_data        
00001d45  BMP388_compensate_pressure    
0000445d  BMP388_compensate_temperature 
00003fe5  BMP388_get_regs               
00003549  BMP388_get_sensor_data        
000045a7  BMP388_parse_sensor_data      
0000427d  BMP388_readAltitude           
00004375  BMP388_readCalibratedAltitude 
0000481d  BMP388_readPressure           
000043ed  BMP388_readSeaLevel           
00004751  BMP388_readTemperature        
00002251  BMP388_showData               
00004ab3  BMX160_defaultParamSettg      
00003a35  BMX160_setMagnConf            
00003e31  BMX160_softReset              
00005085  BMX160_softResetWorker        
00004dad  BMX160_wakeUp                 
00004881  BMX160_writeBmxReg            
0000528d  BUZZ_BUZZ                     
00004ef1  BUZZ_BUZZER                   
00003945  BUZZ_SM                       
000056a3  C$$EXIT                       
000052b9  GPIODirModeSet                
00002935  GPIOPadConfigSet              
00004b59  GPIOPinConfigure              
00005671  GPIOPinRead                   
0000544d  GPIOPinTypeGPIOOutput         
000054c9  GPIOPinTypeTimer              
000054df  GPIOPinTypeUART               
00005677  GPIOPinWrite                  
00005649  I2CMasterBusy                 
0000568f  I2CMasterControl              
00005693  I2CMasterDataGet              
00005697  I2CMasterDataPut              
000054f5  I2CMasterErr                  
00005651  I2CMasterSlaveAddrSet         
00002bf9  I2C_AddressBruteForcer        
00004615  I2C_ReadByte                  
00003655  I2C_writeSingleReg            
00004681  IntEnable                     
000050bd  IntRegister                   
00005311  LED_LED1                      
000050f1  LED_LEDInit                   
200027cc  Obmx160                       
00003f59  OrangeRX_Init                 
00003c61  OrangeRX_IntHandler           
00004179  PCF8574A_Read                 
00004949  PCF8574A_Write                
0000567d  ResetISR                      
00004ba5  SWITCH_Init                   
00005369  SWITCH_SW1_Pressed            
0000538d  SWITCH_SW2_Pressed            
00004bf1  SYSTICK_Delay                 
000055c1  SysClk_Init                   
0000320d  SysCtlClockGet                
00003851  SysCtlClockSet                
00005683  SysCtlDelay                   
00005125  SysCtlPeripheralEnable        
00004fa5  SysCtlPeripheralReady         
00005539  SysCtlResetCauseClear         
000055fd  SysCtlResetCauseGet           
00004fdd  SysFlag_Check                 
00005159  SysFlag_Clear                 
00005609  SysFlag_Init                  
0000518d  SysFlag_Set                   
0000554d  SysTickEnable                 
00005561  SysTickIntEnable              
00005415  SysTickIntRegister            
000055d1  SysTickPeriodSet              
000053d5  SysTick_Init                  
00005621  SysTick_IntHandler            
000051c1  SystemInitialize              
000049a9  TimerConfigure                
0000550b  TimerControlEvent             
000055e1  TimerEnable                   
0000569b  TimerIntClear                 
00005659  TimerIntEnable                
00005481  TimerIntRegister              
00005589  TimerLoadSet                  
0000559b  TimerMatchSet                 
0000562b  TimerValueGet                 
000041fd  UART0_STDIO_Init              
00005015  UART0_STDIO_IntHandler        
00005689  UARTClockSourceSet            
0000533d  UARTEchoSet                   
000051f5  UARTFlushRx                   
00004c3d  UARTFlushTx                   
00005661  UARTIntEnable                 
00005499  UARTIntRegister               
00005635  UARTIntStatus                 
00002e79  UARTStdioConfig               
000027ad  UARTStdioIntHandler           
00004f69  UARTgetc                      
000053b1  UARTprintf                    
000019f1  UARTvprintf                   
00003325  UARTwrite                     
20001270  __STACK_END                   
00001000  __STACK_SIZE                  
20000470  __STACK_TOP                   
00001000  __SYSMEM_SIZE                 
00005a80  __TI_CINIT_Base               
00005a98  __TI_CINIT_Limit              
00005a60  __TI_Handler_Table_Base       
00005a6c  __TI_Handler_Table_Limit      
00004d69  __TI_auto_init_nobinit_nopinit
000046e9  __TI_decompress_lzss          
000055ef  __TI_decompress_none          
00004a5f  __TI_ltoa                     
ffffffff  __TI_pprof_out_hndl           
0000026d  __TI_printfi                  
ffffffff  __TI_prof_data_size           
ffffffff  __TI_prof_data_start          
00000000  __TI_static_base__            
00005615  __TI_zero_init                
0000406d  __aeabi_cdcmpeq               
0000406d  __aeabi_cdcmple               
000040f3  __aeabi_cdrcmple              
00004539  __aeabi_d2f                   
00004d21  __aeabi_d2iz                  
000025ff  __aeabi_dadd                  
00002fb1  __aeabi_ddiv                  
00003755  __aeabi_dmul                  
000025f5  __aeabi_dsub                  
00005669  __aeabi_errno_addr            
0000504d  __aeabi_f2d                   
0000525d  __aeabi_i2d                   
000030e7  __aeabi_idiv0                 
000030e7  __aeabi_ldiv0                 
000042f9  __aeabi_memclr                
000042f9  __aeabi_memclr4               
000042f9  __aeabi_memclr8               
00003cfd  __aeabi_memcpy                
00003cfd  __aeabi_memcpy4               
00003cfd  __aeabi_memcpy8               
000042fb  __aeabi_memset                
000042fb  __aeabi_memset4               
000042fb  __aeabi_memset8               
000053f5  __aeabi_ui2d                  
00004e31  __aeabi_uidiv                 
00004e31  __aeabi_uidivmod              
00003d99  __aeabi_uldivmod              
ffffffff  __binit__                     
ffffffff  __c_args__                    
000048e5  __error__                     
UNDEFED   __mpu_init                    
20000270  __stack                       
20000000  __start___llvm_prf_cnts       
20000000  __stop___llvm_prf_cnts        
00005229  _c_int00_noargs               
000056a8  _ctypes_                      
20001270  _sys_memory                   
UNDEFED   _system_post_cinit            
0000569f  _system_pre_init              
000056a3  abort                         
00004cd5  atoi                          
ffffffff  binit                         
200027d8  buzDuration                   
00005467  copysign                      
00005467  copysignl                     
200027da  count                         
20002670  dev                           
20002808  errno                         
000047b9  frexp                         
000047b9  frexpl                        
20000000  g_pfnRAMVectors               
00000000  g_pfnVectors                  
200027d0  g_uiSysFlags                  
00003439  ldexp                         
00003439  ldexpl                        
0000168d  main                          
00005431  memccpy                       
00003cfd  memcpy                        
00004301  memset                        
200027dc  pauseTime                     
00000cbd  pow                           
00000cbd  powl                          
200027d4  resetCause                    
00003439  scalbn                        
00003439  scalbnl                       
00004e71  sprintf                       
00002aa1  sqrt                          
00002aa1  sqrtl                         
00005521  strchr                        
00005575  strlen                        
000055ad  wcslen                        


GLOBAL SYMBOLS: SORTED BY Symbol Address 

address   name                          
-------   ----                          
00000000  __TI_static_base__            
00000000  g_pfnVectors                  
0000026d  __TI_printfi                  
00000cbd  pow                           
00000cbd  powl                          
00001000  __STACK_SIZE                  
00001000  __SYSMEM_SIZE                 
0000168d  main                          
000019f1  UARTvprintf                   
00001d45  BMP388_compensate_pressure    
00002251  BMP388_showData               
000025f5  __aeabi_dsub                  
000025ff  __aeabi_dadd                  
000027ad  UARTStdioIntHandler           
00002935  GPIOPadConfigSet              
00002aa1  sqrt                          
00002aa1  sqrtl                         
00002bf9  I2C_AddressBruteForcer        
00002e79  UARTStdioConfig               
00002fb1  __aeabi_ddiv                  
000030e7  __aeabi_idiv0                 
000030e7  __aeabi_ldiv0                 
0000320d  SysCtlClockGet                
00003325  UARTwrite                     
00003439  ldexp                         
00003439  ldexpl                        
00003439  scalbn                        
00003439  scalbnl                       
00003549  BMP388_get_sensor_data        
00003655  I2C_writeSingleReg            
00003755  __aeabi_dmul                  
00003851  SysCtlClockSet                
00003945  BUZZ_SM                       
00003a35  BMX160_setMagnConf            
00003bb1  BMP388_compensate_data        
00003c61  OrangeRX_IntHandler           
00003cfd  __aeabi_memcpy                
00003cfd  __aeabi_memcpy4               
00003cfd  __aeabi_memcpy8               
00003cfd  memcpy                        
00003d99  __aeabi_uldivmod              
00003e31  BMX160_softReset              
00003f59  OrangeRX_Init                 
00003fe5  BMP388_get_regs               
0000406d  __aeabi_cdcmpeq               
0000406d  __aeabi_cdcmple               
000040f3  __aeabi_cdrcmple              
00004179  PCF8574A_Read                 
000041fd  UART0_STDIO_Init              
0000427d  BMP388_readAltitude           
000042f9  __aeabi_memclr                
000042f9  __aeabi_memclr4               
000042f9  __aeabi_memclr8               
000042fb  __aeabi_memset                
000042fb  __aeabi_memset4               
000042fb  __aeabi_memset8               
00004301  memset                        
00004375  BMP388_readCalibratedAltitude 
000043ed  BMP388_readSeaLevel           
0000445d  BMP388_compensate_temperature 
00004539  __aeabi_d2f                   
000045a7  BMP388_parse_sensor_data      
00004615  I2C_ReadByte                  
00004681  IntEnable                     
000046e9  __TI_decompress_lzss          
00004751  BMP388_readTemperature        
000047b9  frexp                         
000047b9  frexpl                        
0000481d  BMP388_readPressure           
00004881  BMX160_writeBmxReg            
000048e5  __error__                     
00004949  PCF8574A_Write                
000049a9  TimerConfigure                
00004a5f  __TI_ltoa                     
00004ab3  BMX160_defaultParamSettg      
00004b59  GPIOPinConfigure              
00004ba5  SWITCH_Init                   
00004bf1  SYSTICK_Delay                 
00004c3d  UARTFlushTx                   
00004cd5  atoi                          
00004d21  __aeabi_d2iz                  
00004d69  __TI_auto_init_nobinit_nopinit
00004dad  BMX160_wakeUp                 
00004e31  __aeabi_uidiv                 
00004e31  __aeabi_uidivmod              
00004e71  sprintf                       
00004ef1  BUZZ_BUZZER                   
00004f69  UARTgetc                      
00004fa5  SysCtlPeripheralReady         
00004fdd  SysFlag_Check                 
00005015  UART0_STDIO_IntHandler        
0000504d  __aeabi_f2d                   
00005085  BMX160_softResetWorker        
000050bd  IntRegister                   
000050f1  LED_LEDInit                   
00005125  SysCtlPeripheralEnable        
00005159  SysFlag_Clear                 
0000518d  SysFlag_Set                   
000051c1  SystemInitialize              
000051f5  UARTFlushRx                   
00005229  _c_int00_noargs               
0000525d  __aeabi_i2d                   
0000528d  BUZZ_BUZZ                     
000052b9  GPIODirModeSet                
00005311  LED_LED1                      
0000533d  UARTEchoSet                   
00005369  SWITCH_SW1_Pressed            
0000538d  SWITCH_SW2_Pressed            
000053b1  UARTprintf                    
000053d5  SysTick_Init                  
000053f5  __aeabi_ui2d                  
00005415  SysTickIntRegister            
00005431  memccpy                       
0000544d  GPIOPinTypeGPIOOutput         
00005467  copysign                      
00005467  copysignl                     
00005481  TimerIntRegister              
00005499  UARTIntRegister               
000054c9  GPIOPinTypeTimer              
000054df  GPIOPinTypeUART               
000054f5  I2CMasterErr                  
0000550b  TimerControlEvent             
00005521  strchr                        
00005539  SysCtlResetCauseClear         
0000554d  SysTickEnable                 
00005561  SysTickIntEnable              
00005575  strlen                        
00005589  TimerLoadSet                  
0000559b  TimerMatchSet                 
000055ad  wcslen                        
000055c1  SysClk_Init                   
000055d1  SysTickPeriodSet              
000055e1  TimerEnable                   
000055ef  __TI_decompress_none          
000055fd  SysCtlResetCauseGet           
00005609  SysFlag_Init                  
00005615  __TI_zero_init                
00005621  SysTick_IntHandler            
0000562b  TimerValueGet                 
00005635  UARTIntStatus                 
00005649  I2CMasterBusy                 
00005651  I2CMasterSlaveAddrSet         
00005659  TimerIntEnable                
00005661  UARTIntEnable                 
00005669  __aeabi_errno_addr            
00005671  GPIOPinRead                   
00005677  GPIOPinWrite                  
0000567d  ResetISR                      
00005683  SysCtlDelay                   
00005689  UARTClockSourceSet            
0000568f  I2CMasterControl              
00005693  I2CMasterDataGet              
00005697  I2CMasterDataPut              
0000569b  TimerIntClear                 
0000569f  _system_pre_init              
000056a3  C$$EXIT                       
000056a3  abort                         
000056a8  _ctypes_                      
00005a60  __TI_Handler_Table_Base       
00005a6c  __TI_Handler_Table_Limit      
00005a80  __TI_CINIT_Base               
00005a98  __TI_CINIT_Limit              
20000000  __start___llvm_prf_cnts       
20000000  __stop___llvm_prf_cnts        
20000000  g_pfnRAMVectors               
20000270  __stack                       
20000470  __STACK_TOP                   
20001270  __STACK_END                   
20001270  _sys_memory                   
20002670  dev                           
200027cc  Obmx160                       
200027d0  g_uiSysFlags                  
200027d4  resetCause                    
200027d8  buzDuration                   
200027da  count                         
200027dc  pauseTime                     
20002808  errno                         
ffffffff  __TI_pprof_out_hndl           
ffffffff  __TI_prof_data_size           
ffffffff  __TI_prof_data_start          
ffffffff  __binit__                     
ffffffff  __c_args__                    
ffffffff  binit                         
UNDEFED   __mpu_init                    
UNDEFED   _system_post_cinit            

[185 symbols]
