******************************************************************************
                  TI ARM Linker PC v20.2.5                     
******************************************************************************
>> Linked Mon Jan 24 17:00:09 2022

OUTPUT FILE NAME:   <DroneProject.out>
ENTRY POINT SYMBOL: "_c_int00_noargs"  address: 00001541


MEMORY CONFIGURATION

         name            origin    length      used     unused   attr    fill
----------------------  --------  ---------  --------  --------  ----  --------
  FLASH                 00000000   00040000  00001a38  0003e5c8  R  X
  SRAM                  20000000   00008000  00001711  000068ef  RW X


SEGMENT ALLOCATION MAP

run origin  load origin   length   init length attrs members
----------  ----------- ---------- ----------- ----- -------
00000000    00000000    00001a38   00001a38    r-x
  00000000    00000000    0000026c   0000026c    r-- .intvecs
  0000026c    0000026c    0000158c   0000158c    r-x .text
  000017f8    000017f8    00000200   00000200    r-- .const
  000019f8    000019f8    00000040   00000040    r-- .cinit
20000000    20000000    00001715   00000000    rw-
  20000000    20000000    0000026c   00000000    rw- .vtable
  20000270    20000270    00001000   00000000    rw- .stack
  20001270    20001270    00000490   00000000    rw- .bss
  20001700    20001700    00000015   00000000    rw- .data


SECTION ALLOCATION MAP

 output                                  attributes/
section   page    origin      length       input sections
--------  ----  ----------  ----------   ----------------
.intvecs   0    00000000    0000026c     
                  00000000    0000026c     startup_ccs.obj (.intvecs)

.text      0    0000026c    0000158c     
                  0000026c    0000030c     main.obj (.text:UARTvprintf)
                  00000578    00000188     main.obj (.text:UARTStdioIntHandler)
                  00000700    0000016c     driverlib.lib : gpio.obj (.text:GPIOPadConfigSet)
                  0000086c    00000118                   : sysctl.obj (.text:SysCtlClockGet)
                  00000984    000000f4                   : sysctl.obj (.text:SysCtlClockSet)
                  00000a78    000000f4     main.obj (.text:main)
                  00000b6c    000000d8     main.obj (.text:UARTStdioConfig)
                  00000c44    000000c4     main.obj (.text:UARTwrite)
                  00000d08    0000009c     rtsv7M4_T_le_v4SPD16_eabi.lib : memcpy_t2.asm.obj (.text)
                  00000da4    00000094     main.obj (.text:UARTPrimeTransmit)
                  00000e38    00000080     uart.obj (.text:UART0_STDIO_Init)
                  00000eb8    0000007a     rtsv7M4_T_le_v4SPD16_eabi.lib : memset_t2.asm.obj (.text)
                  00000f32    00000002     startup_ccs.obj (.text:FaultISR)
                  00000f34    0000006c     i2c.obj (.text:I2C0_Init)
                  00000fa0    00000068     driverlib.lib : interrupt.obj (.text:IntEnable)
                  00001008    00000068     rtsv7M4_T_le_v4SPD16_eabi.lib : copy_decompress_lzss.c.obj (.text:decompress:lzss:__TI_decompress_lzss)
                  00001070    0000004c     driverlib.lib : gpio.obj (.text:GPIOPinConfigure)
                  000010bc    0000004c                   : i2c.obj (.text:I2CMasterInitExpClk)
                  00001108    0000004c     MPU9250.obj (.text:PCF8574A_Write)
                  00001154    0000004c     onBoardSwitch.obj (.text:SWITCH_Init)
                  000011a0    0000004c     main.obj (.text:UARTFlushTx)
                  000011ec    00000044     rtsv7M4_T_le_v4SPD16_eabi.lib : autoinit.c.obj (.text:__TI_auto_init_nobinit_nopinit:__TI_auto_init_nobinit_nopinit)
                  00001230    00000040     driverlib.lib : uart.obj (.text:_UARTIntNumberGet)
                  00001270    00000040     rtsv7M4_T_le_v4SPD16_eabi.lib : u_divt2.asm.obj (.text)
                  000012b0    0000003c     main.obj (.text:IsBufferFull)
                  000012ec    0000003c     main.obj (.text:UARTgetc)
                  00001328    00000038     driverlib.lib : sysctl.obj (.text:SysCtlPeripheralReady)
                  00001360    00000038     SysFlag.obj (.text:SysFlag_Check)
                  00001398    00000038     main.obj (.text:SystemInitialize)
                  000013d0    00000038     uart.obj (.text:UART0_STDIO_IntHandler)
                  00001408    00000034     driverlib.lib : interrupt.obj (.text:IntRegister)
                  0000143c    00000034     led.obj (.text:LED_LEDInit)
                  00001470    00000034     driverlib.lib : sysctl.obj (.text:SysCtlPeripheralEnable)
                  000014a4    00000034     SysFlag.obj (.text:SysFlag_Clear)
                  000014d8    00000034     SysFlag.obj (.text:SysFlag_Set)
                  0000150c    00000034     main.obj (.text:UARTFlushRx)
                  00001540    00000034     rtsv7M4_T_le_v4SPD16_eabi.lib : boot_cortex_m.c.obj (.text:_c_int00_noargs:_c_int00_noargs)
                  00001574    0000002c     driverlib.lib : gpio.obj (.text:GPIODirModeSet)
                  000015a0    0000002c     main.obj (.text:IsBufferEmpty)
                  000015cc    0000002c     main.obj (.text:UARTEchoSet)
                  000015f8    00000024     onBoardSwitch.obj (.text:SWITCH_SW2_Pressed)
                  0000161c    00000024     main.obj (.text:UARTprintf)
                  00001640    00000020     SysTick.obj (.text:SysTick_Init)
                  00001660    0000001c     driverlib.lib : systick.obj (.text:SysTickIntRegister)
                  0000167c    0000001a                   : gpio.obj (.text:GPIOPinTypeGPIOOutput)
                  00001696    0000001a     MPU9250.obj (.text:PCF8574A_Init)
                  000016b0    00000018     driverlib.lib : uart.obj (.text:UARTIntRegister)
                  000016c8    00000016                   : gpio.obj (.text:GPIOPinTypeI2C)
                  000016de    00000016                   : gpio.obj (.text:GPIOPinTypeI2CSCL)
                  000016f4    00000016                   : gpio.obj (.text:GPIOPinTypeUART)
                  0000170a    00000002     startup_ccs.obj (.text:IntDefaultHandler)
                  0000170c    00000014     driverlib.lib : sysctl.obj (.text:SysCtlResetCauseClear)
                  00001720    00000014                   : systick.obj (.text:SysTickEnable)
                  00001734    00000014                   : systick.obj (.text:SysTickIntEnable)
                  00001748    00000010     sysclk.obj (.text:SysClk_Init)
                  00001758    00000010     driverlib.lib : systick.obj (.text:SysTickPeriodSet)
                  00001768    0000000e     rtsv7M4_T_le_v4SPD16_eabi.lib : copy_decompress_none.c.obj (.text:decompress:none:__TI_decompress_none)
                  00001776    00000002     startup_ccs.obj (.text:NmiSR)
                  00001778    0000000c     driverlib.lib : sysctl.obj (.text:SysCtlResetCauseGet)
                  00001784    0000000c     SysFlag.obj (.text:SysFlag_Init)
                  00001790    0000000c     rtsv7M4_T_le_v4SPD16_eabi.lib : copy_zero_init.c.obj (.text:decompress:ZI:__TI_zero_init)
                  0000179c    0000000a     driverlib.lib : i2c.obj (.text:I2CMasterEnable)
                  000017a6    0000000a     SysTick.obj (.text:SysTick_IntHandler)
                  000017b0    0000000a     driverlib.lib : uart.obj (.text:UARTIntStatus)
                  000017ba    00000008                   : i2c.obj (.text:I2CMasterBusy)
                  000017c2    00000008                   : i2c.obj (.text:I2CMasterSlaveAddrSet)
                  000017ca    00000008                   : uart.obj (.text:UARTIntEnable)
                  000017d2    00000006                   : gpio.obj (.text:GPIOPinRead)
                  000017d8    00000006     startup_ccs.obj (.text:ResetISR)
                  000017de    00000006     driverlib.lib : sysctl.obj (.text:SysCtlDelay)
                  000017e4    00000006                   : uart.obj (.text:UARTClockSourceSet)
                  000017ea    00000004                   : i2c.obj (.text:I2CMasterControl)
                  000017ee    00000004     rtsv7M4_T_le_v4SPD16_eabi.lib : pre_init.c.obj (.text:_system_pre_init)
                  000017f2    00000004                                   : exit.c.obj (.text:abort:abort)
                  000017f6    00000002                                   : div0.asm.obj (.text)

.const     0    000017f8    00000200     
                  000017f8    00000090     driverlib.lib : gpio.obj (.const:g_pui32GPIOBaseAddrs)
                  00001888    0000006c                   : sysctl.obj (.const:g_pui32Xtals)
                  000018f4    00000040                   : uart.obj (.const:g_ppui32UARTIntMap)
                  00001934    00000040                   : uart.obj (.const:g_ppui32UARTIntMapSnowflake)
                  00001974    00000032     main.obj (.const:.string:$P$T0$2)
                  000019a6    00000002     --HOLE-- [fill = 0]
                  000019a8    00000014     driverlib.lib : interrupt.obj (.const:g_pui32EnRegs)
                  000019bc    00000012     main.obj (.const:.string)
                  000019ce    00000002     --HOLE-- [fill = 0]
                  000019d0    0000000c     main.obj (.const:g_ui32UARTBase)
                  000019dc    0000000c     main.obj (.const:g_ui32UARTInt)
                  000019e8    0000000c     main.obj (.const:g_ui32UARTPeriph)
                  000019f4    00000004     main.obj (.const)

.cinit     0    000019f8    00000040     
                  000019f8    0000000c     (__TI_handler_table)
                  00001a04    00000004     --HOLE-- [fill = 0]
                  00001a08    00000008     (.cinit..bss.load) [load image, compression = zero_init]
                  00001a10    00000008     (.cinit..data.load) [load image, compression = lzss]
                  00001a18    00000008     (.cinit..vtable.load) [load image, compression = zero_init]
                  00001a20    00000018     (__TI_cinit_table)

.init_array 
*          0    00000000    00000000     UNINITIALIZED

.vtable    0    20000000    0000026c     UNINITIALIZED
                  20000000    0000026c     driverlib.lib : interrupt.obj (.vtable)

.bss       0    20001270    00000490     UNINITIALIZED
                  20001270    00000400     main.obj (.bss:g_pcUARTTxBuffer)
                  20001670    00000080     main.obj (.bss:g_pcUARTRxBuffer)
                  200016f0    00000008     main.obj (.bss)
                  200016f8    00000004     (.common:g_uiSysFlags)
                  200016fc    00000004     (.common:resetCause)

.data      0    20001700    00000015     UNINITIALIZED
                  20001700    00000015     main.obj (.data)

.stack     0    20000270    00001000     UNINITIALIZED
                  20000270    00000004     rtsv7M4_T_le_v4SPD16_eabi.lib : boot_cortex_m.c.obj (.stack)
                  20000274    00000ffc     --HOLE--

__llvm_prf_cnts 
*          0    20000000    00000000     UNINITIALIZED

.binit     0    00000000    00000000     

MODULE SUMMARY

       Module                       code   ro data   rw data
       ------                       ----   -------   -------
    .\
       main.obj                     2404   108       1185   
       startup_ccs.obj              12     620       0      
    +--+----------------------------+------+---------+---------+
       Total:                       2416   728       1185   
                                                            
    .\local_Include\
       uart.obj                     184    0         0      
       SysFlag.obj                  172    0         4      
       onBoardSwitch.obj            112    0         0      
       i2c.obj                      108    0         0      
       MPU9250.obj                  102    0         0      
       led.obj                      52     0         0      
       SysTick.obj                  42     0         0      
       sysclk.obj                   16     0         0      
    +--+----------------------------+------+---------+---------+
       Total:                       788    0         4      
                                                            
    C:/ti/TivaWare_C_Series-2.2.0.295/driverlib/ccs/Debug/driverlib.lib
       interrupt.obj                156    20        620    
       sysctl.obj                   670    108       0      
       gpio.obj                     582    144       0      
       uart.obj                     112    128       0      
       i2c.obj                      106    0         0      
       systick.obj                  84     0         0      
    +--+----------------------------+------+---------+---------+
       Total:                       1710   400       620    
                                                            
    C:\ti\ccs1040\ccs\tools\compiler\ti-cgt-arm_20.2.5.LTS\lib\rtsv7M4_T_le_v4SPD16_eabi.lib
       memcpy_t2.asm.obj            156    0         0      
       memset_t2.asm.obj            122    0         0      
       copy_decompress_lzss.c.obj   104    0         0      
       autoinit.c.obj               68     0         0      
       u_divt2.asm.obj              64     0         0      
       boot_cortex_m.c.obj          52     0         0      
       copy_decompress_none.c.obj   14     0         0      
       copy_zero_init.c.obj         12     0         0      
       exit.c.obj                   4      0         0      
       pre_init.c.obj               4      0         0      
       div0.asm.obj                 2      0         0      
    +--+----------------------------+------+---------+---------+
       Total:                       602    0         0      
                                                            
       Stack:                       0      0         4096   
       Linker Generated:            0      60        0      
    +--+----------------------------+------+---------+---------+
       Grand Total:                 5516   1188      5905   


LINKER GENERATED COPY TABLES

__TI_cinit_table @ 00001a20 records: 3, size/record: 8, table size: 24
	.bss: load addr=00001a08, load size=00000008 bytes, run addr=20001270, run size=00000490 bytes, compression=zero_init
	.data: load addr=00001a10, load size=00000008 bytes, run addr=20001700, run size=00000015 bytes, compression=lzss
	.vtable: load addr=00001a18, load size=00000008 bytes, run addr=20000000, run size=0000026c bytes, compression=zero_init


LINKER GENERATED HANDLER TABLE

__TI_handler_table @ 000019f8 records: 3, size/record: 4, table size: 12
	index: 0, handler: __TI_zero_init
	index: 1, handler: __TI_decompress_lzss
	index: 2, handler: __TI_decompress_none


GLOBAL SYMBOLS: SORTED ALPHABETICALLY BY Name 

address   name                          
-------   ----                          
000017f3  C$$EXIT                       
00001575  GPIODirModeSet                
00000701  GPIOPadConfigSet              
00001071  GPIOPinConfigure              
000017d3  GPIOPinRead                   
0000167d  GPIOPinTypeGPIOOutput         
000016c9  GPIOPinTypeI2C                
000016df  GPIOPinTypeI2CSCL             
000016f5  GPIOPinTypeUART               
00000f35  I2C0_Init                     
000017bb  I2CMasterBusy                 
000017eb  I2CMasterControl              
0000179d  I2CMasterEnable               
000010bd  I2CMasterInitExpClk           
000017c3  I2CMasterSlaveAddrSet         
00000fa1  IntEnable                     
00001409  IntRegister                   
0000143d  LED_LEDInit                   
00001697  PCF8574A_Init                 
00001109  PCF8574A_Write                
000017d9  ResetISR                      
00001155  SWITCH_Init                   
000015f9  SWITCH_SW2_Pressed            
00001749  SysClk_Init                   
0000086d  SysCtlClockGet                
00000985  SysCtlClockSet                
000017df  SysCtlDelay                   
00001471  SysCtlPeripheralEnable        
00001329  SysCtlPeripheralReady         
0000170d  SysCtlResetCauseClear         
00001779  SysCtlResetCauseGet           
00001361  SysFlag_Check                 
000014a5  SysFlag_Clear                 
00001785  SysFlag_Init                  
000014d9  SysFlag_Set                   
00001721  SysTickEnable                 
00001735  SysTickIntEnable              
00001661  SysTickIntRegister            
00001759  SysTickPeriodSet              
00001641  SysTick_Init                  
000017a7  SysTick_IntHandler            
00001399  SystemInitialize              
00000e39  UART0_STDIO_Init              
000013d1  UART0_STDIO_IntHandler        
000017e5  UARTClockSourceSet            
000015cd  UARTEchoSet                   
0000150d  UARTFlushRx                   
000011a1  UARTFlushTx                   
000017cb  UARTIntEnable                 
000016b1  UARTIntRegister               
000017b1  UARTIntStatus                 
00000b6d  UARTStdioConfig               
00000579  UARTStdioIntHandler           
000012ed  UARTgetc                      
0000161d  UARTprintf                    
0000026d  UARTvprintf                   
00000c45  UARTwrite                     
20001270  __STACK_END                   
00001000  __STACK_SIZE                  
20000470  __STACK_TOP                   
00001a20  __TI_CINIT_Base               
00001a38  __TI_CINIT_Limit              
000019f8  __TI_Handler_Table_Base       
00001a04  __TI_Handler_Table_Limit      
000011ed  __TI_auto_init_nobinit_nopinit
00001009  __TI_decompress_lzss          
00001769  __TI_decompress_none          
ffffffff  __TI_pprof_out_hndl           
ffffffff  __TI_prof_data_size           
ffffffff  __TI_prof_data_start          
00000000  __TI_static_base__            
00001791  __TI_zero_init                
000017f7  __aeabi_idiv0                 
000017f7  __aeabi_ldiv0                 
00000eb9  __aeabi_memclr                
00000eb9  __aeabi_memclr4               
00000eb9  __aeabi_memclr8               
00000d09  __aeabi_memcpy                
00000d09  __aeabi_memcpy4               
00000d09  __aeabi_memcpy8               
00000ebb  __aeabi_memset                
00000ebb  __aeabi_memset4               
00000ebb  __aeabi_memset8               
00001271  __aeabi_uidiv                 
00001271  __aeabi_uidivmod              
ffffffff  __binit__                     
ffffffff  __c_args__                    
UNDEFED   __mpu_init                    
20000270  __stack                       
20000000  __start___llvm_prf_cnts       
20000000  __stop___llvm_prf_cnts        
00001541  _c_int00_noargs               
UNDEFED   _system_post_cinit            
000017ef  _system_pre_init              
000017f3  abort                         
ffffffff  binit                         
20000000  g_pfnRAMVectors               
00000000  g_pfnVectors                  
200016f8  g_uiSysFlags                  
00000a79  main                          
00000d09  memcpy                        
00000ec1  memset                        
200016fc  resetCause                    


GLOBAL SYMBOLS: SORTED BY Symbol Address 

address   name                          
-------   ----                          
00000000  __TI_static_base__            
00000000  g_pfnVectors                  
0000026d  UARTvprintf                   
00000579  UARTStdioIntHandler           
00000701  GPIOPadConfigSet              
0000086d  SysCtlClockGet                
00000985  SysCtlClockSet                
00000a79  main                          
00000b6d  UARTStdioConfig               
00000c45  UARTwrite                     
00000d09  __aeabi_memcpy                
00000d09  __aeabi_memcpy4               
00000d09  __aeabi_memcpy8               
00000d09  memcpy                        
00000e39  UART0_STDIO_Init              
00000eb9  __aeabi_memclr                
00000eb9  __aeabi_memclr4               
00000eb9  __aeabi_memclr8               
00000ebb  __aeabi_memset                
00000ebb  __aeabi_memset4               
00000ebb  __aeabi_memset8               
00000ec1  memset                        
00000f35  I2C0_Init                     
00000fa1  IntEnable                     
00001000  __STACK_SIZE                  
00001009  __TI_decompress_lzss          
00001071  GPIOPinConfigure              
000010bd  I2CMasterInitExpClk           
00001109  PCF8574A_Write                
00001155  SWITCH_Init                   
000011a1  UARTFlushTx                   
000011ed  __TI_auto_init_nobinit_nopinit
00001271  __aeabi_uidiv                 
00001271  __aeabi_uidivmod              
000012ed  UARTgetc                      
00001329  SysCtlPeripheralReady         
00001361  SysFlag_Check                 
00001399  SystemInitialize              
000013d1  UART0_STDIO_IntHandler        
00001409  IntRegister                   
0000143d  LED_LEDInit                   
00001471  SysCtlPeripheralEnable        
000014a5  SysFlag_Clear                 
000014d9  SysFlag_Set                   
0000150d  UARTFlushRx                   
00001541  _c_int00_noargs               
00001575  GPIODirModeSet                
000015cd  UARTEchoSet                   
000015f9  SWITCH_SW2_Pressed            
0000161d  UARTprintf                    
00001641  SysTick_Init                  
00001661  SysTickIntRegister            
0000167d  GPIOPinTypeGPIOOutput         
00001697  PCF8574A_Init                 
000016b1  UARTIntRegister               
000016c9  GPIOPinTypeI2C                
000016df  GPIOPinTypeI2CSCL             
000016f5  GPIOPinTypeUART               
0000170d  SysCtlResetCauseClear         
00001721  SysTickEnable                 
00001735  SysTickIntEnable              
00001749  SysClk_Init                   
00001759  SysTickPeriodSet              
00001769  __TI_decompress_none          
00001779  SysCtlResetCauseGet           
00001785  SysFlag_Init                  
00001791  __TI_zero_init                
0000179d  I2CMasterEnable               
000017a7  SysTick_IntHandler            
000017b1  UARTIntStatus                 
000017bb  I2CMasterBusy                 
000017c3  I2CMasterSlaveAddrSet         
000017cb  UARTIntEnable                 
000017d3  GPIOPinRead                   
000017d9  ResetISR                      
000017df  SysCtlDelay                   
000017e5  UARTClockSourceSet            
000017eb  I2CMasterControl              
000017ef  _system_pre_init              
000017f3  C$$EXIT                       
000017f3  abort                         
000017f7  __aeabi_idiv0                 
000017f7  __aeabi_ldiv0                 
000019f8  __TI_Handler_Table_Base       
00001a04  __TI_Handler_Table_Limit      
00001a20  __TI_CINIT_Base               
00001a38  __TI_CINIT_Limit              
20000000  __start___llvm_prf_cnts       
20000000  __stop___llvm_prf_cnts        
20000000  g_pfnRAMVectors               
20000270  __stack                       
20000470  __STACK_TOP                   
20001270  __STACK_END                   
200016f8  g_uiSysFlags                  
200016fc  resetCause                    
ffffffff  __TI_pprof_out_hndl           
ffffffff  __TI_prof_data_size           
ffffffff  __TI_prof_data_start          
ffffffff  __binit__                     
ffffffff  __c_args__                    
ffffffff  binit                         
UNDEFED   __mpu_init                    
UNDEFED   _system_post_cinit            

[103 symbols]
