******************************************************************************
                  TI ARM Linker PC v20.2.5                     
******************************************************************************
>> Linked Tue Mar 15 07:42:02 2022

OUTPUT FILE NAME:   <DroneProject.out>
ENTRY POINT SYMBOL: "_c_int00_noargs"  address: 00006145


MEMORY CONFIGURATION

         name            origin    length      used     unused   attr    fill
----------------------  --------  ---------  --------  --------  ----  --------
  FLASH                 00000000   00040000  00006ab2  0003954e  R  X
  SRAM                  20000000   00008000  00002b32  000054ce  RW X


SEGMENT ALLOCATION MAP

run origin  load origin   length   init length attrs members
----------  ----------- ---------- ----------- ----- -------
00000000    00000000    00006ab8   00006ab8    r-x
  00000000    00000000    0000026c   0000026c    r-- .intvecs
  0000026c    0000026c    0000643e   0000643e    r-x .text
  000066b0    000066b0    000003a8   000003a8    r-- .const
  00006a58    00006a58    00000060   00000060    r-- .cinit
20000000    20000000    00002b38   00000000    rw-
  20000000    20000000    0000026c   00000000    rw- .vtable
  20000270    20000270    00001000   00000000    rw- .stack
  20001270    20001270    00001000   00000000    rw- .sysmem
  20002270    20002270    00000872   00000000    rw- .bss
  20002ae4    20002ae4    00000054   00000000    rw- .data


SECTION ALLOCATION MAP

 output                                  attributes/
section   page    origin      length       input sections
--------  ----  ----------  ----------   ----------------
.intvecs   0    00000000    0000026c     
                  00000000    0000026c     startup_ccs.obj (.intvecs)

.text      0    0000026c    0000643e     
                  0000026c    00000a4e     rtsv7M4_T_le_v4SPD16_eabi.lib : _printfi.c.obj (.text:__TI_printfi)
                  00000cba    00000002     startup_ccs.obj (.text:FaultISR)
                  00000cbc    000009d0     rtsv7M4_T_le_v4SPD16_eabi.lib : e_pow.c.obj (.text:pow)
                  0000168c    0000097f     main.obj (.text:main)
                  0000200b    00000001     --HOLE-- [fill = 0]
                  0000200c    00000354     main.obj (.text:UARTvprintf)
                  00002360    000002a8     OrangeRX.obj (.text:OrangeRX_Init)
                  00002608    0000029a     BMP388.obj (.text:BMP388_compensate_pressure)
                  000028a2    00000002     startup_ccs.obj (.text:IntDefaultHandler)
                  000028a4    00000270     rtsv7M4_T_le_v4SPD16_eabi.lib : _printfi.c.obj (.text:_pconv_a)
                  00002b14    00000214     PWM.obj (.text:Motor_setDuty)
                  00002d28    000001f8     BMP388.obj (.text:BMP388_showData)
                  00002f20    000001f8     OrangeRX.obj (.text:OrangeRX_extractData)
                  00003118    000001e0     PWM.obj (.text:PWM_Init)
                  000032f8    000001d0     rtsv7M4_T_le_v4SPD16_eabi.lib : _printfi.c.obj (.text:_pconv_g)
                  000034c8    000001b6                                   : fd_add_t2.asm.obj (.text)
                  0000367e    00000002     startup_ccs.obj (.text:NmiSR)
                  00003680    00000188     main.obj (.text:UARTStdioIntHandler)
                  00003808    0000016c     driverlib.lib : gpio.obj (.text:GPIOPadConfigSet)
                  00003974    00000158     rtsv7M4_T_le_v4SPD16_eabi.lib : e_sqrt.c.obj (.text:sqrt)
                  00003acc    00000143     i2c.obj (.text:I2C_AddressBruteForcer)
                  00003c0f    00000001     --HOLE-- [fill = 0]
                  00003c10    0000013c     rtsv7M4_T_le_v4SPD16_eabi.lib : _printfi.c.obj (.text:_pconv_e)
                  00003d4c    00000138     main.obj (.text:UARTStdioConfig)
                  00003e84    00000136     rtsv7M4_T_le_v4SPD16_eabi.lib : fd_div_t2.asm.obj (.text)
                  00003fba    00000002                                   : div0.asm.obj (.text)
                  00003fbc    00000128     OrangeRX.obj (.text:OrangeRX_showActData)
                  000040e4    00000124     rtsv7M4_T_le_v4SPD16_eabi.lib : _printfi.c.obj (.text:fcvt)
                  00004208    00000118     driverlib.lib : sysctl.obj (.text:SysCtlClockGet)
                  00004320    00000114     main.obj (.text:UARTwrite)
                  00004434    00000110     rtsv7M4_T_le_v4SPD16_eabi.lib : s_scalbn.c.obj (.text:scalbn)
                  00004544    0000010c     BMP388.obj (.text:BMP388_get_sensor_data)
                  00004650    000000fc     rtsv7M4_T_le_v4SPD16_eabi.lib : fd_mul_t2.asm.obj (.text)
                  0000474c    000000f8                                   : s_floor.c.obj (.text:floor)
                  00004844    000000f4     driverlib.lib : sysctl.obj (.text:SysCtlClockSet)
                  00004938    000000f0     buzzer.obj (.text:BUZZ_SM)
                  00004a28    000000e4     OrangeRX.obj (.text:OrangeRX_receivedChannelReorganizer)
                  00004b0c    000000dc     SONAR.obj (.text:SONAR_Init)
                  00004be8    000000c4     rtsv7M4_T_le_v4SPD16_eabi.lib : s_round.c.obj (.text:round)
                  00004cac    000000bc                                   : s_trunc.c.obj (.text:trunc)
                  00004d68    000000b1                                   : _printfi.c.obj (.text:_ltostr)
                  00004e19    00000003     --HOLE-- [fill = 0]
                  00004e1c    000000ad     BMP388.obj (.text:BMP388_compensate_data)
                  00004ec9    00000001     --HOLE-- [fill = 0]
                  00004eca    0000009c     rtsv7M4_T_le_v4SPD16_eabi.lib : memcpy_t2.asm.obj (.text)
                  00004f66    00000096                                   : ull_div_t2.asm.obj (.text)
                  00004ffc    00000094     main.obj (.text:UARTPrimeTransmit)
                  00005090    00000088     BMP388.obj (.text:BMP388_get_regs)
                  00005118    00000086     rtsv7M4_T_le_v4SPD16_eabi.lib : fd_cmp_t2.asm.obj (.text:__aeabi_cdcmple)
                  0000519e    00000086                                   : fd_cmp_t2.asm.obj (.text:__aeabi_cdrcmple)
                  00005224    00000084     i2c.obj (.text:PCF8574A_Read)
                  000052a8    00000080     uart.obj (.text:UART0_STDIO_Init)
                  00005328    0000007c     BMP388.obj (.text:BMP388_readAltitude)
                  000053a4    0000007a     rtsv7M4_T_le_v4SPD16_eabi.lib : memset_t2.asm.obj (.text)
                  0000541e    0000006e     BMP388.obj (.text:BMP388_compensate_temperature)
                  0000548c    0000006e     rtsv7M4_T_le_v4SPD16_eabi.lib : _printfi.c.obj (.text:_mcpy)
                  000054fa    0000006e                                   : fd_tos_t2.asm.obj (.text)
                  00005568    0000006c     BMP388.obj (.text:BMP388_parse_sensor_data)
                  000055d4    0000006c     i2c.obj (.text:I2C_ReadByte)
                  00005640    00000068     driverlib.lib : interrupt.obj (.text:IntEnable)
                  000056a8    00000068     rtsv7M4_T_le_v4SPD16_eabi.lib : copy_decompress_lzss.c.obj (.text:decompress:lzss:__TI_decompress_lzss)
                  00005710    00000064                                   : s_frexp.c.obj (.text:frexp)
                  00005774    00000063     BMP388.obj (.text:BMP388_readPressure)
                  000057d7    00000001     --HOLE-- [fill = 0]
                  000057d8    00000061     main.obj (.text:__error__)
                  00005839    00000003     --HOLE-- [fill = 0]
                  0000583c    00000060     i2c.obj (.text:PCF8574A_Write)
                  0000589c    00000060     SONAR.obj (.text:SONAR_Trigger)
                  000058fc    00000060     driverlib.lib : timer.obj (.text:TimerConfigure)
                  0000595c    00000056     i2c.obj (.text:I2C_readReg)
                  000059b2    00000056     rtsv7M4_T_le_v4SPD16_eabi.lib : _printfi.c.obj (.text:_pconv_f)
                  00005a08    00000054                                   : _ltoa.c.obj (.text:__TI_ltoa)
                  00005a5c    00000052                                   : _printfi.c.obj (.text:_ecpy)
                  00005aae    00000002     --HOLE-- [fill = 0]
                  00005ab0    0000004c     driverlib.lib : gpio.obj (.text:GPIOPinConfigure)
                  00005afc    0000004c     onBoardSwitch.obj (.text:SWITCH_Init)
                  00005b48    0000004c     main.obj (.text:UARTFlushTx)
                  00005b94    0000004c     driverlib.lib : timer.obj (.text:_TimerIntNumberGet)
                  00005be0    0000004c     rtsv7M4_T_le_v4SPD16_eabi.lib : atoi.c.obj (.text:atoi)
                  00005c2c    00000048     SONAR.obj (.text:SONAR_EchoIntHandler)
                  00005c74    00000048     rtsv7M4_T_le_v4SPD16_eabi.lib : fd_toi_t2.asm.obj (.text)
                  00005cbc    00000044                                   : autoinit.c.obj (.text:__TI_auto_init_nobinit_nopinit:__TI_auto_init_nobinit_nopinit)
                  00005d00    00000040     driverlib.lib : uart.obj (.text:_UARTIntNumberGet)
                  00005d40    00000040     rtsv7M4_T_le_v4SPD16_eabi.lib : u_divt2.asm.obj (.text)
                  00005d80    00000040                                   : sprintf.c.obj (.text:sprintf)
                  00005dc0    0000003e                                   : _printfi.c.obj (.text:_fcpy)
                  00005dfe    00000002     --HOLE-- [fill = 0]
                  00005e00    0000003c     buzzer.obj (.text:BUZZ_BUZZER)
                  00005e3c    0000003c     main.obj (.text:IsBufferFull)
                  00005e78    0000003c     SONAR.obj (.text:SONAR_TrigIntHandler)
                  00005eb4    0000003c     main.obj (.text:SystemInitialize)
                  00005ef0    0000003c     main.obj (.text:UARTgetc)
                  00005f2c    00000038     driverlib.lib : sysctl.obj (.text:SysCtlPeripheralReady)
                  00005f64    00000038     SysFlag.obj (.text:SysFlag_Check)
                  00005f9c    00000038     uart.obj (.text:UART0_STDIO_IntHandler)
                  00005fd4    00000038     rtsv7M4_T_le_v4SPD16_eabi.lib : fs_tod_t2.asm.obj (.text)
                  0000600c    00000034     driverlib.lib : interrupt.obj (.text:IntRegister)
                  00006040    00000034     led.obj (.text:LED_LEDInit)
                  00006074    00000034     driverlib.lib : sysctl.obj (.text:SysCtlPeripheralEnable)
                  000060a8    00000034     SysFlag.obj (.text:SysFlag_Clear)
                  000060dc    00000034     SysFlag.obj (.text:SysFlag_Set)
                  00006110    00000034     main.obj (.text:UARTFlushRx)
                  00006144    00000034     rtsv7M4_T_le_v4SPD16_eabi.lib : boot_cortex_m.c.obj (.text:_c_int00_noargs:_c_int00_noargs)
                  00006178    0000002e                                   : i_tofd_t2.asm.obj (.text)
                  000061a6    00000002     --HOLE-- [fill = 0]
                  000061a8    0000002c     buzzer.obj (.text:BUZZ_BUZZ)
                  000061d4    0000002c     driverlib.lib : gpio.obj (.text:GPIODirModeSet)
                  00006200    0000002c     main.obj (.text:IsBufferEmpty)
                  0000622c    0000002c     main.obj (.text:UARTEchoSet)
                  00006258    00000026     BMX160.obj (.text:BMX160_readReg)
                  0000627e    00000002     --HOLE-- [fill = 0]
                  00006280    00000024     onBoardSwitch.obj (.text:SWITCH_SW1_Pressed)
                  000062a4    00000024     onBoardSwitch.obj (.text:SWITCH_SW2_Pressed)
                  000062c8    00000024     main.obj (.text:UARTprintf)
                  000062ec    00000022     driverlib.lib : pwm.obj (.text:PWMGenConfigure)
                  0000630e    00000002     --HOLE-- [fill = 0]
                  00006310    00000020     OrangeRX.obj (.text:OrangeRX_IntHandler)
                  00006330    00000020     SysTick.obj (.text:SysTick_Init)
                  00006350    00000020     rtsv7M4_T_le_v4SPD16_eabi.lib : u_tofd_t2.asm.obj (.text)
                  00006370    0000001e     driverlib.lib : pwm.obj (.text:PWMPulseWidthGet)
                  0000638e    0000001e                   : pwm.obj (.text:PWMPulseWidthSet)
                  000063ac    0000001c                   : systick.obj (.text:SysTickIntRegister)
                  000063c8    0000001c     rtsv7M4_T_le_v4SPD16_eabi.lib : memccpy.c.obj (.text:memccpy)
                  000063e4    0000001a     driverlib.lib : gpio.obj (.text:GPIOPinTypeGPIOOutput)
                  000063fe    0000001a     rtsv7M4_T_le_v4SPD16_eabi.lib : s_copysign.c.obj (.text:copysign)
                  00006418    00000018     driverlib.lib : sysctl.obj (.text:SysCtlPWMClockGet)
                  00006430    00000018                   : timer.obj (.text:TimerIntRegister)
                  00006448    00000018                   : uart.obj (.text:UARTIntRegister)
                  00006460    00000018     rtsv7M4_T_le_v4SPD16_eabi.lib : sprintf.c.obj (.text:_outs)
                  00006478    00000016     driverlib.lib : gpio.obj (.text:GPIOPinTypePWM)
                  0000648e    00000016                   : gpio.obj (.text:GPIOPinTypeTimer)
                  000064a4    00000016                   : gpio.obj (.text:GPIOPinTypeUART)
                  000064ba    00000016                   : timer.obj (.text:TimerControlEvent)
                  000064d0    00000016     rtsv7M4_T_le_v4SPD16_eabi.lib : strchr.c.obj (.text:strchr)
                  000064e6    00000002     --HOLE-- [fill = 0]
                  000064e8    00000014     driverlib.lib : sysctl.obj (.text:SysCtlPWMClockSet)
                  000064fc    00000014                   : sysctl.obj (.text:SysCtlResetCauseClear)
                  00006510    00000014                   : systick.obj (.text:SysTickEnable)
                  00006524    00000014                   : systick.obj (.text:SysTickIntEnable)
                  00006538    00000014     rtsv7M4_T_le_v4SPD16_eabi.lib : strlen.c.obj (.text:strlen)
                  0000654c    00000012     driverlib.lib : pwm.obj (.text:PWMGenPeriodGet)
                  0000655e    00000012                   : pwm.obj (.text:PWMOutputState)
                  00006570    00000012                   : timer.obj (.text:TimerLoadSet)
                  00006582    00000012                   : timer.obj (.text:TimerMatchSet)
                  00006594    00000012     rtsv7M4_T_le_v4SPD16_eabi.lib : wcslen.c.obj (.text:wcslen)
                  000065a6    00000010     driverlib.lib : pwm.obj (.text:PWMGenPeriodSet)
                  000065b6    00000002     --HOLE-- [fill = 0]
                  000065b8    00000010     sysclk.obj (.text:SysClk_Init)
                  000065c8    00000010     driverlib.lib : systick.obj (.text:SysTickPeriodSet)
                  000065d8    0000000e                   : timer.obj (.text:TimerEnable)
                  000065e6    0000000e     rtsv7M4_T_le_v4SPD16_eabi.lib : copy_decompress_none.c.obj (.text:decompress:none:__TI_decompress_none)
                  000065f4    0000000c     driverlib.lib : pwm.obj (.text:PWMGenEnable)
                  00006600    0000000c                   : sysctl.obj (.text:SysCtlResetCauseGet)
                  0000660c    0000000c     SysFlag.obj (.text:SysFlag_Init)
                  00006618    0000000c     rtsv7M4_T_le_v4SPD16_eabi.lib : copy_zero_init.c.obj (.text:decompress:ZI:__TI_zero_init)
                  00006624    0000000a     SysTick.obj (.text:SysTick_IntHandler)
                  0000662e    0000000a     driverlib.lib : timer.obj (.text:TimerValueGet)
                  00006638    0000000a                   : uart.obj (.text:UARTIntStatus)
                  00006642    0000000a     rtsv7M4_T_le_v4SPD16_eabi.lib : sprintf.c.obj (.text:_outc)
                  0000664c    00000008     driverlib.lib : i2c.obj (.text:I2CMasterBusy)
                  00006654    00000008                   : i2c.obj (.text:I2CMasterSlaveAddrSet)
                  0000665c    00000008                   : timer.obj (.text:TimerIntEnable)
                  00006664    00000008                   : uart.obj (.text:UARTIntEnable)
                  0000666c    00000008     rtsv7M4_T_le_v4SPD16_eabi.lib : errno.c.obj (.text:__aeabi_errno_addr)
                  00006674    00000006     driverlib.lib : gpio.obj (.text:GPIOPinRead)
                  0000667a    00000006                   : gpio.obj (.text:GPIOPinWrite)
                  00006680    00000006     startup_ccs.obj (.text:ResetISR)
                  00006686    00000006     driverlib.lib : sysctl.obj (.text:SysCtlDelay)
                  0000668c    00000006                   : uart.obj (.text:UARTClockSourceSet)
                  00006692    00000004                   : i2c.obj (.text:I2CMasterControl)
                  00006696    00000004                   : i2c.obj (.text:I2CMasterDataGet)
                  0000669a    00000004                   : i2c.obj (.text:I2CMasterDataPut)
                  0000669e    00000004                   : timer.obj (.text:TimerIntClear)
                  000066a2    00000004     rtsv7M4_T_le_v4SPD16_eabi.lib : pre_init.c.obj (.text:_system_pre_init)
                  000066a6    00000004                                   : exit.c.obj (.text:abort:abort)

.const     0    000066b0    000003a8     
                  000066b0    00000101     rtsv7M4_T_le_v4SPD16_eabi.lib : ctype.c.obj (.const:.string:_ctypes_)
                  000067b1    00000003     --HOLE-- [fill = 0]
                  000067b4    00000090     driverlib.lib : gpio.obj (.const:g_pui32GPIOBaseAddrs)
                  00006844    0000006c                   : sysctl.obj (.const:g_pui32Xtals)
                  000068b0    00000060                   : timer.obj (.const:g_ppui32TimerIntMap)
                  00006910    00000040                   : timer.obj (.const:g_ppui32TimerIntMapSnowflake)
                  00006950    00000040                   : uart.obj (.const:g_ppui32UARTIntMap)
                  00006990    00000040                   : uart.obj (.const:g_ppui32UARTIntMapSnowflake)
                  000069d0    00000030     rtsv7M4_T_le_v4SPD16_eabi.lib : e_pow.c.obj (.const:$O1$$)
                  00006a00    00000014     driverlib.lib : interrupt.obj (.const:g_pui32EnRegs)
                  00006a14    00000012     main.obj (.const:.string)
                  00006a26    00000002     --HOLE-- [fill = 0]
                  00006a28    0000000c     main.obj (.const:g_ui32UARTBase)
                  00006a34    0000000c     main.obj (.const:g_ui32UARTInt)
                  00006a40    0000000c     main.obj (.const:g_ui32UARTPeriph)
                  00006a4c    00000008     BMP388.obj (.const:$P$T0$2)
                  00006a54    00000004     main.obj (.const)

.cinit     0    00006a58    00000060     
                  00006a58    00000027     (.cinit..data.load) [load image, compression = lzss]
                  00006a7f    00000001     --HOLE-- [fill = 0]
                  00006a80    0000000c     (__TI_handler_table)
                  00006a8c    00000004     --HOLE-- [fill = 0]
                  00006a90    00000008     (.cinit..bss.load) [load image, compression = zero_init]
                  00006a98    00000008     (.cinit..vtable.load) [load image, compression = zero_init]
                  00006aa0    00000018     (__TI_cinit_table)

.init_array 
*          0    00000000    00000000     UNINITIALIZED

.vtable    0    20000000    0000026c     UNINITIALIZED
                  20000000    0000026c     driverlib.lib : interrupt.obj (.vtable)

.stack     0    20000270    00001000     UNINITIALIZED
                  20000270    00000004     rtsv7M4_T_le_v4SPD16_eabi.lib : boot_cortex_m.c.obj (.stack)
                  20000274    00000ffc     --HOLE--

.sysmem    0    20001270    00001000     UNINITIALIZED
                  20001270    00000010     rtsv7M4_T_le_v4SPD16_eabi.lib : memory.c.obj (.sysmem)
                  20001280    00000ff0     --HOLE--

.bss       0    20002270    00000872     UNINITIALIZED
                  20002270    00000400     main.obj (.bss:g_pcUARTTxBuffer)
                  20002670    00000190     (.common:rx_data)
                  20002800    00000120     (.common:mixer)
                  20002920    000000d0     (.common:dev)
                  200029f0    00000080     main.obj (.bss:g_pcUARTRxBuffer)
                  20002a70    00000038     (.common:rx_text)
                  20002aa8    00000020     (.common:dutyOf)
                  20002ac8    00000008     main.obj (.bss)
                  20002ad0    00000004     buzzer.obj (.bss)
                  20002ad4    00000004     (.common:g_uiSysFlags)
                  20002ad8    00000004     (.common:resetCause)
                  20002adc    00000002     (.common:buzDuration)
                  20002ade    00000002     (.common:count)
                  20002ae0    00000002     (.common:pauseTime)

.data      0    20002ae4    00000054     UNINITIALIZED
                  20002ae4    0000002e     main.obj (.data)
                  20002b12    00000002     OrangeRX.obj (.data)
                  20002b14    00000010     PWM.obj (.data:Channel_Tune_Variable)
                  20002b24    00000008     BMP388.obj (.data)
                  20002b2c    00000004     SONAR.obj (.data)
                  20002b30    00000004     rtsv7M4_T_le_v4SPD16_eabi.lib : errno.c.obj (.data)
                  20002b34    00000003     buzzer.obj (.data)
                  20002b37    00000001     PWM.obj (.data)

__llvm_prf_cnts 
*          0    20000000    00000000     UNINITIALIZED

.binit     0    00000000    00000000     

MODULE SUMMARY

       Module                       code    ro data   rw data
       ------                       ----    -------   -------
    .\
       main.obj                     4940    58        1210   
       startup_ccs.obj              12      620       0      
    +--+----------------------------+-------+---------+---------+
       Total:                       4952    678       1210   
                                                             
    .\local_Include\
       i2c.obj                      745     0         0      
       uart.obj                     184     0         0      
       SysFlag.obj                  172     0         4      
       onBoardSwitch.obj            148     0         0      
       led.obj                      52      0         0      
       SysTick.obj                  42      0         0      
       sysclk.obj                   16      0         0      
    +--+----------------------------+-------+---------+---------+
       Total:                       1359    0         4      
                                                             
    .\local_Include\BMP388\
       BMP388.obj                   2188    8         216    
    +--+----------------------------+-------+---------+---------+
       Total:                       2188    8         216    
                                                             
    .\local_Include\BMX160\
       BMX160.obj                   38      0         0      
    +--+----------------------------+-------+---------+---------+
       Total:                       38      0         0      
                                                             
    .\local_Include\BUZZER\
       buzzer.obj                   344     0         13     
    +--+----------------------------+-------+---------+---------+
       Total:                       344     0         13     
                                                             
    .\local_Include\OrangeRX\
       OrangeRX.obj                 1740    0         458    
    +--+----------------------------+-------+---------+---------+
       Total:                       1740    0         458    
                                                             
    .\local_Include\PWM\
       PWM.obj                      1012    0         337    
    +--+----------------------------+-------+---------+---------+
       Total:                       1012    0         337    
                                                             
    .\local_Include\SONAR\
       SONAR.obj                    448     0         4      
    +--+----------------------------+-------+---------+---------+
       Total:                       448     0         4      
                                                             
    C:/ti/TivaWare_C_Series-2.2.0.295/driverlib/ccs/Debug/driverlib.lib
       sysctl.obj                   714     108       0      
       interrupt.obj                156     20        620    
       gpio.obj                     588     144       0      
       timer.obj                    290     160       0      
       uart.obj                     112     128       0      
       pwm.obj                      158     0         0      
       systick.obj                  84      0         0      
       i2c.obj                      28      0         0      
    +--+----------------------------+-------+---------+---------+
       Total:                       2130    560       620    
                                                             
    C:\ti\ccs1040\ccs\tools\compiler\ti-cgt-arm_20.2.5.LTS\lib\rtsv7M4_T_le_v4SPD16_eabi.lib
       _printfi.c.obj               4851    0         0      
       e_pow.c.obj                  2512    48        0      
       fd_add_t2.asm.obj            438     0         0      
       e_sqrt.c.obj                 344     0         0      
       fd_div_t2.asm.obj            310     0         0      
       s_scalbn.c.obj               272     0         0      
       fd_cmp_t2.asm.obj            268     0         0      
       ctype.c.obj                  0       257       0      
       fd_mul_t2.asm.obj            252     0         0      
       s_floor.c.obj                248     0         0      
       s_round.c.obj                196     0         0      
       s_trunc.c.obj                188     0         0      
       memcpy_t2.asm.obj            156     0         0      
       ull_div_t2.asm.obj           150     0         0      
       memset_t2.asm.obj            122     0         0      
       fd_tos_t2.asm.obj            110     0         0      
       copy_decompress_lzss.c.obj   104     0         0      
       s_frexp.c.obj                100     0         0      
       sprintf.c.obj                98      0         0      
       _ltoa.c.obj                  84      0         0      
       atoi.c.obj                   76      0         0      
       fd_toi_t2.asm.obj            72      0         0      
       autoinit.c.obj               68      0         0      
       u_divt2.asm.obj              64      0         0      
       fs_tod_t2.asm.obj            56      0         0      
       boot_cortex_m.c.obj          52      0         0      
       i_tofd_t2.asm.obj            46      0         0      
       u_tofd_t2.asm.obj            32      0         0      
       memccpy.c.obj                28      0         0      
       s_copysign.c.obj             26      0         0      
       strchr.c.obj                 22      0         0      
       strlen.c.obj                 20      0         0      
       wcslen.c.obj                 18      0         0      
       copy_decompress_none.c.obj   14      0         0      
       copy_zero_init.c.obj         12      0         0      
       errno.c.obj                  8       0         4      
       exit.c.obj                   4       0         0      
       pre_init.c.obj               4       0         0      
       div0.asm.obj                 2       0         0      
    +--+----------------------------+-------+---------+---------+
       Total:                       11427   305       4      
                                                             
       Heap:                        0       0         4096   
       Stack:                       0       0         4096   
       Linker Generated:            0       91        0      
    +--+----------------------------+-------+---------+---------+
       Grand Total:                 25638   1642      11058  


LINKER GENERATED COPY TABLES

__TI_cinit_table @ 00006aa0 records: 3, size/record: 8, table size: 24
	.data: load addr=00006a58, load size=00000027 bytes, run addr=20002ae4, run size=00000054 bytes, compression=lzss
	.bss: load addr=00006a90, load size=00000008 bytes, run addr=20002270, run size=00000872 bytes, compression=zero_init
	.vtable: load addr=00006a98, load size=00000008 bytes, run addr=20000000, run size=0000026c bytes, compression=zero_init


LINKER GENERATED HANDLER TABLE

__TI_handler_table @ 00006a80 records: 3, size/record: 4, table size: 12
	index: 0, handler: __TI_zero_init
	index: 1, handler: __TI_decompress_lzss
	index: 2, handler: __TI_decompress_none


GLOBAL SYMBOLS: SORTED ALPHABETICALLY BY Name 

address   name                               
-------   ----                               
00004e1d  BMP388_compensate_data             
00002609  BMP388_compensate_pressure         
0000541f  BMP388_compensate_temperature      
00005091  BMP388_get_regs                    
00004545  BMP388_get_sensor_data             
00005569  BMP388_parse_sensor_data           
00005329  BMP388_readAltitude                
00005775  BMP388_readPressure                
00002d29  BMP388_showData                    
00006259  BMX160_readReg                     
000061a9  BUZZ_BUZZ                          
00005e01  BUZZ_BUZZER                        
00004939  BUZZ_SM                            
000066a7  C$$EXIT                            
20002b14  Channel_Tune_Variable              
000061d5  GPIODirModeSet                     
00003809  GPIOPadConfigSet                   
00005ab1  GPIOPinConfigure                   
00006675  GPIOPinRead                        
000063e5  GPIOPinTypeGPIOOutput              
00006479  GPIOPinTypePWM                     
0000648f  GPIOPinTypeTimer                   
000064a5  GPIOPinTypeUART                    
0000667b  GPIOPinWrite                       
0000664d  I2CMasterBusy                      
00006693  I2CMasterControl                   
00006697  I2CMasterDataGet                   
0000669b  I2CMasterDataPut                   
00006655  I2CMasterSlaveAddrSet              
00003acd  I2C_AddressBruteForcer             
000055d5  I2C_ReadByte                       
0000595d  I2C_readReg                        
00005641  IntEnable                          
0000600d  IntRegister                        
00006041  LED_LEDInit                        
00002b15  Motor_setDuty                      
00002361  OrangeRX_Init                      
00006311  OrangeRX_IntHandler                
00002f21  OrangeRX_extractData               
00004a29  OrangeRX_receivedChannelReorganizer
00003fbd  OrangeRX_showActData               
00005225  PCF8574A_Read                      
0000583d  PCF8574A_Write                     
000062ed  PWMGenConfigure                    
000065f5  PWMGenEnable                       
0000654d  PWMGenPeriodGet                    
000065a7  PWMGenPeriodSet                    
0000655f  PWMOutputState                     
00006371  PWMPulseWidthGet                   
0000638f  PWMPulseWidthSet                   
00003119  PWM_Init                           
00006681  ResetISR                           
00005c2d  SONAR_EchoIntHandler               
00004b0d  SONAR_Init                         
00005e79  SONAR_TrigIntHandler               
0000589d  SONAR_Trigger                      
00005afd  SWITCH_Init                        
00006281  SWITCH_SW1_Pressed                 
000062a5  SWITCH_SW2_Pressed                 
000065b9  SysClk_Init                        
00004209  SysCtlClockGet                     
00004845  SysCtlClockSet                     
00006687  SysCtlDelay                        
00006419  SysCtlPWMClockGet                  
000064e9  SysCtlPWMClockSet                  
00006075  SysCtlPeripheralEnable             
00005f2d  SysCtlPeripheralReady              
000064fd  SysCtlResetCauseClear              
00006601  SysCtlResetCauseGet                
00005f65  SysFlag_Check                      
000060a9  SysFlag_Clear                      
0000660d  SysFlag_Init                       
000060dd  SysFlag_Set                        
00006511  SysTickEnable                      
00006525  SysTickIntEnable                   
000063ad  SysTickIntRegister                 
000065c9  SysTickPeriodSet                   
00006331  SysTick_Init                       
00006625  SysTick_IntHandler                 
00005eb5  SystemInitialize                   
000058fd  TimerConfigure                     
000064bb  TimerControlEvent                  
000065d9  TimerEnable                        
0000669f  TimerIntClear                      
0000665d  TimerIntEnable                     
00006431  TimerIntRegister                   
00006571  TimerLoadSet                       
00006583  TimerMatchSet                      
0000662f  TimerValueGet                      
000052a9  UART0_STDIO_Init                   
00005f9d  UART0_STDIO_IntHandler             
0000668d  UARTClockSourceSet                 
0000622d  UARTEchoSet                        
00006111  UARTFlushRx                        
00005b49  UARTFlushTx                        
00006665  UARTIntEnable                      
00006449  UARTIntRegister                    
00006639  UARTIntStatus                      
00003d4d  UARTStdioConfig                    
00003681  UARTStdioIntHandler                
00005ef1  UARTgetc                           
000062c9  UARTprintf                         
0000200d  UARTvprintf                        
00004321  UARTwrite                          
20001270  __STACK_END                        
00001000  __STACK_SIZE                       
20000470  __STACK_TOP                        
00001000  __SYSMEM_SIZE                      
00006aa0  __TI_CINIT_Base                    
00006ab8  __TI_CINIT_Limit                   
00006a80  __TI_Handler_Table_Base            
00006a8c  __TI_Handler_Table_Limit           
00005cbd  __TI_auto_init_nobinit_nopinit     
000056a9  __TI_decompress_lzss               
000065e7  __TI_decompress_none               
00005a09  __TI_ltoa                          
ffffffff  __TI_pprof_out_hndl                
0000026d  __TI_printfi                       
ffffffff  __TI_prof_data_size                
ffffffff  __TI_prof_data_start               
00000000  __TI_static_base__                 
00006619  __TI_zero_init                     
00005119  __aeabi_cdcmpeq                    
00005119  __aeabi_cdcmple                    
0000519f  __aeabi_cdrcmple                   
000054fb  __aeabi_d2f                        
00005c75  __aeabi_d2iz                       
000034d3  __aeabi_dadd                       
00003e85  __aeabi_ddiv                       
00004651  __aeabi_dmul                       
000034c9  __aeabi_dsub                       
0000666d  __aeabi_errno_addr                 
00005fd5  __aeabi_f2d                        
00006179  __aeabi_i2d                        
00003fbb  __aeabi_idiv0                      
00003fbb  __aeabi_ldiv0                      
000053a5  __aeabi_memclr                     
000053a5  __aeabi_memclr4                    
000053a5  __aeabi_memclr8                    
00004ecb  __aeabi_memcpy                     
00004ecb  __aeabi_memcpy4                    
00004ecb  __aeabi_memcpy8                    
000053a7  __aeabi_memset                     
000053a7  __aeabi_memset4                    
000053a7  __aeabi_memset8                    
00006351  __aeabi_ui2d                       
00005d41  __aeabi_uidiv                      
00005d41  __aeabi_uidivmod                   
00004f67  __aeabi_uldivmod                   
ffffffff  __binit__                          
ffffffff  __c_args__                         
000057d9  __error__                          
UNDEFED   __mpu_init                         
20000270  __stack                            
20000000  __start___llvm_prf_cnts            
20000000  __stop___llvm_prf_cnts             
00006145  _c_int00_noargs                    
000066b0  _ctypes_                           
20001270  _sys_memory                        
UNDEFED   _system_post_cinit                 
000066a3  _system_pre_init                   
000066a7  abort                              
00005be1  atoi                               
20002b24  base_altitude                      
ffffffff  binit                              
20002adc  buzDuration                        
000063ff  copysign                           
000063ff  copysignl                          
20002ade  count                              
20002920  dev                                
20002aa8  dutyOf                             
20002b30  errno                              
0000474d  floor                              
0000474d  floorl                             
20002b12  frameGapChNo                       
00005711  frexp                              
00005711  frexpl                             
20000000  g_pfnRAMVectors                    
00000000  g_pfnVectors                       
20002ad4  g_uiSysFlags                       
00004435  ldexp                              
00004435  ldexpl                             
0000168d  main                               
000063c9  memccpy                            
00004ecb  memcpy                             
000053ad  memset                             
20002800  mixer                              
20002b37  motorSelect                        
20002ae0  pauseTime                          
00000cbd  pow                                
00000cbd  powl                               
20002ad8  resetCause                         
00004be9  round                              
00004be9  roundl                             
20002b13  rx_connection_status               
20002670  rx_data                            
20002a70  rx_text                            
00004435  scalbn                             
00004435  scalbnl                            
00005d81  sprintf                            
00003975  sqrt                               
00003975  sqrtl                              
000064d1  strchr                             
00006539  strlen                             
00004cad  trunc                              
00004cad  truncl                             
00006595  wcslen                             


GLOBAL SYMBOLS: SORTED BY Symbol Address 

address   name                               
-------   ----                               
00000000  __TI_static_base__                 
00000000  g_pfnVectors                       
0000026d  __TI_printfi                       
00000cbd  pow                                
00000cbd  powl                               
00001000  __STACK_SIZE                       
00001000  __SYSMEM_SIZE                      
0000168d  main                               
0000200d  UARTvprintf                        
00002361  OrangeRX_Init                      
00002609  BMP388_compensate_pressure         
00002b15  Motor_setDuty                      
00002d29  BMP388_showData                    
00002f21  OrangeRX_extractData               
00003119  PWM_Init                           
000034c9  __aeabi_dsub                       
000034d3  __aeabi_dadd                       
00003681  UARTStdioIntHandler                
00003809  GPIOPadConfigSet                   
00003975  sqrt                               
00003975  sqrtl                              
00003acd  I2C_AddressBruteForcer             
00003d4d  UARTStdioConfig                    
00003e85  __aeabi_ddiv                       
00003fbb  __aeabi_idiv0                      
00003fbb  __aeabi_ldiv0                      
00003fbd  OrangeRX_showActData               
00004209  SysCtlClockGet                     
00004321  UARTwrite                          
00004435  ldexp                              
00004435  ldexpl                             
00004435  scalbn                             
00004435  scalbnl                            
00004545  BMP388_get_sensor_data             
00004651  __aeabi_dmul                       
0000474d  floor                              
0000474d  floorl                             
00004845  SysCtlClockSet                     
00004939  BUZZ_SM                            
00004a29  OrangeRX_receivedChannelReorganizer
00004b0d  SONAR_Init                         
00004be9  round                              
00004be9  roundl                             
00004cad  trunc                              
00004cad  truncl                             
00004e1d  BMP388_compensate_data             
00004ecb  __aeabi_memcpy                     
00004ecb  __aeabi_memcpy4                    
00004ecb  __aeabi_memcpy8                    
00004ecb  memcpy                             
00004f67  __aeabi_uldivmod                   
00005091  BMP388_get_regs                    
00005119  __aeabi_cdcmpeq                    
00005119  __aeabi_cdcmple                    
0000519f  __aeabi_cdrcmple                   
00005225  PCF8574A_Read                      
000052a9  UART0_STDIO_Init                   
00005329  BMP388_readAltitude                
000053a5  __aeabi_memclr                     
000053a5  __aeabi_memclr4                    
000053a5  __aeabi_memclr8                    
000053a7  __aeabi_memset                     
000053a7  __aeabi_memset4                    
000053a7  __aeabi_memset8                    
000053ad  memset                             
0000541f  BMP388_compensate_temperature      
000054fb  __aeabi_d2f                        
00005569  BMP388_parse_sensor_data           
000055d5  I2C_ReadByte                       
00005641  IntEnable                          
000056a9  __TI_decompress_lzss               
00005711  frexp                              
00005711  frexpl                             
00005775  BMP388_readPressure                
000057d9  __error__                          
0000583d  PCF8574A_Write                     
0000589d  SONAR_Trigger                      
000058fd  TimerConfigure                     
0000595d  I2C_readReg                        
00005a09  __TI_ltoa                          
00005ab1  GPIOPinConfigure                   
00005afd  SWITCH_Init                        
00005b49  UARTFlushTx                        
00005be1  atoi                               
00005c2d  SONAR_EchoIntHandler               
00005c75  __aeabi_d2iz                       
00005cbd  __TI_auto_init_nobinit_nopinit     
00005d41  __aeabi_uidiv                      
00005d41  __aeabi_uidivmod                   
00005d81  sprintf                            
00005e01  BUZZ_BUZZER                        
00005e79  SONAR_TrigIntHandler               
00005eb5  SystemInitialize                   
00005ef1  UARTgetc                           
00005f2d  SysCtlPeripheralReady              
00005f65  SysFlag_Check                      
00005f9d  UART0_STDIO_IntHandler             
00005fd5  __aeabi_f2d                        
0000600d  IntRegister                        
00006041  LED_LEDInit                        
00006075  SysCtlPeripheralEnable             
000060a9  SysFlag_Clear                      
000060dd  SysFlag_Set                        
00006111  UARTFlushRx                        
00006145  _c_int00_noargs                    
00006179  __aeabi_i2d                        
000061a9  BUZZ_BUZZ                          
000061d5  GPIODirModeSet                     
0000622d  UARTEchoSet                        
00006259  BMX160_readReg                     
00006281  SWITCH_SW1_Pressed                 
000062a5  SWITCH_SW2_Pressed                 
000062c9  UARTprintf                         
000062ed  PWMGenConfigure                    
00006311  OrangeRX_IntHandler                
00006331  SysTick_Init                       
00006351  __aeabi_ui2d                       
00006371  PWMPulseWidthGet                   
0000638f  PWMPulseWidthSet                   
000063ad  SysTickIntRegister                 
000063c9  memccpy                            
000063e5  GPIOPinTypeGPIOOutput              
000063ff  copysign                           
000063ff  copysignl                          
00006419  SysCtlPWMClockGet                  
00006431  TimerIntRegister                   
00006449  UARTIntRegister                    
00006479  GPIOPinTypePWM                     
0000648f  GPIOPinTypeTimer                   
000064a5  GPIOPinTypeUART                    
000064bb  TimerControlEvent                  
000064d1  strchr                             
000064e9  SysCtlPWMClockSet                  
000064fd  SysCtlResetCauseClear              
00006511  SysTickEnable                      
00006525  SysTickIntEnable                   
00006539  strlen                             
0000654d  PWMGenPeriodGet                    
0000655f  PWMOutputState                     
00006571  TimerLoadSet                       
00006583  TimerMatchSet                      
00006595  wcslen                             
000065a7  PWMGenPeriodSet                    
000065b9  SysClk_Init                        
000065c9  SysTickPeriodSet                   
000065d9  TimerEnable                        
000065e7  __TI_decompress_none               
000065f5  PWMGenEnable                       
00006601  SysCtlResetCauseGet                
0000660d  SysFlag_Init                       
00006619  __TI_zero_init                     
00006625  SysTick_IntHandler                 
0000662f  TimerValueGet                      
00006639  UARTIntStatus                      
0000664d  I2CMasterBusy                      
00006655  I2CMasterSlaveAddrSet              
0000665d  TimerIntEnable                     
00006665  UARTIntEnable                      
0000666d  __aeabi_errno_addr                 
00006675  GPIOPinRead                        
0000667b  GPIOPinWrite                       
00006681  ResetISR                           
00006687  SysCtlDelay                        
0000668d  UARTClockSourceSet                 
00006693  I2CMasterControl                   
00006697  I2CMasterDataGet                   
0000669b  I2CMasterDataPut                   
0000669f  TimerIntClear                      
000066a3  _system_pre_init                   
000066a7  C$$EXIT                            
000066a7  abort                              
000066b0  _ctypes_                           
00006a80  __TI_Handler_Table_Base            
00006a8c  __TI_Handler_Table_Limit           
00006aa0  __TI_CINIT_Base                    
00006ab8  __TI_CINIT_Limit                   
20000000  __start___llvm_prf_cnts            
20000000  __stop___llvm_prf_cnts             
20000000  g_pfnRAMVectors                    
20000270  __stack                            
20000470  __STACK_TOP                        
20001270  __STACK_END                        
20001270  _sys_memory                        
20002670  rx_data                            
20002800  mixer                              
20002920  dev                                
20002a70  rx_text                            
20002aa8  dutyOf                             
20002ad4  g_uiSysFlags                       
20002ad8  resetCause                         
20002adc  buzDuration                        
20002ade  count                              
20002ae0  pauseTime                          
20002b12  frameGapChNo                       
20002b13  rx_connection_status               
20002b14  Channel_Tune_Variable              
20002b24  base_altitude                      
20002b30  errno                              
20002b37  motorSelect                        
ffffffff  __TI_pprof_out_hndl                
ffffffff  __TI_prof_data_size                
ffffffff  __TI_prof_data_start               
ffffffff  __binit__                          
ffffffff  __c_args__                         
ffffffff  binit                              
UNDEFED   __mpu_init                         
UNDEFED   _system_post_cinit                 

[207 symbols]
