<?xml version="1.0" encoding="ISO-8859-1" ?>
<link_info>
   <banner>TI ARM Linker PC v20.2.5.LTS</banner>
   <copyright>Copyright (c) 1996-2018 Texas Instruments Incorporated</copyright>
   <link_time>0x620cf803</link_time>
   <link_errors>0x0</link_errors>
   <output_file>DroneProject.out</output_file>
   <entry_point>
      <name>_c_int00_noargs</name>
      <address>0x5e21</address>
   </entry_point>
   <input_file_list>
      <input_file id="fl-2">
         <path>.\</path>
         <kind>object</kind>
         <file>main.obj</file>
         <name>main.obj</name>
      </input_file>
      <input_file id="fl-3">
         <path>.\</path>
         <kind>object</kind>
         <file>startup_ccs.obj</file>
         <name>startup_ccs.obj</name>
      </input_file>
      <input_file id="fl-4">
         <path>.\local_Include\BMP388\</path>
         <kind>object</kind>
         <file>BMP388.obj</file>
         <name>BMP388.obj</name>
      </input_file>
      <input_file id="fl-5">
         <path>.\local_Include\BMX160\</path>
         <kind>object</kind>
         <file>BMX160.obj</file>
         <name>BMX160.obj</name>
      </input_file>
      <input_file id="fl-6">
         <path>.\local_Include\BUZZER\</path>
         <kind>object</kind>
         <file>buzzer.obj</file>
         <name>buzzer.obj</name>
      </input_file>
      <input_file id="fl-7">
         <path>.\local_Include\</path>
         <kind>object</kind>
         <file>MPU9250.obj</file>
         <name>MPU9250.obj</name>
      </input_file>
      <input_file id="fl-8">
         <path>.\local_Include\</path>
         <kind>object</kind>
         <file>SampleTemplate.obj</file>
         <name>SampleTemplate.obj</name>
      </input_file>
      <input_file id="fl-9">
         <path>.\local_Include\</path>
         <kind>object</kind>
         <file>SysFlag.obj</file>
         <name>SysFlag.obj</name>
      </input_file>
      <input_file id="fl-a">
         <path>.\local_Include\</path>
         <kind>object</kind>
         <file>SysTick.obj</file>
         <name>SysTick.obj</name>
      </input_file>
      <input_file id="fl-b">
         <path>.\local_Include\</path>
         <kind>object</kind>
         <file>i2c.obj</file>
         <name>i2c.obj</name>
      </input_file>
      <input_file id="fl-c">
         <path>.\local_Include\</path>
         <kind>object</kind>
         <file>led.obj</file>
         <name>led.obj</name>
      </input_file>
      <input_file id="fl-d">
         <path>.\local_Include\</path>
         <kind>object</kind>
         <file>onBoardSwitch.obj</file>
         <name>onBoardSwitch.obj</name>
      </input_file>
      <input_file id="fl-e">
         <path>.\local_Include\</path>
         <kind>object</kind>
         <file>sysclk.obj</file>
         <name>sysclk.obj</name>
      </input_file>
      <input_file id="fl-f">
         <path>.\local_Include\</path>
         <kind>object</kind>
         <file>uart.obj</file>
         <name>uart.obj</name>
      </input_file>
      <input_file id="fl-10">
         <path>.\local_Include\OrangeRX\</path>
         <kind>object</kind>
         <file>OrangeRX.obj</file>
         <name>OrangeRX.obj</name>
      </input_file>
      <input_file id="fl-11">
         <path>.\local_Include\PWM\</path>
         <kind>object</kind>
         <file>PWM.obj</file>
         <name>PWM.obj</name>
      </input_file>
      <input_file id="fl-16">
         <kind>object</kind>
         <file>&lt;internal&gt;</file>
         <name>&lt;internal&gt;</name>
      </input_file>
      <input_file id="fl-17">
         <path>C:\ti\TivaWare_C_Series-2.2.0.295\driverlib\ccs\Debug\</path>
         <kind>archive</kind>
         <file>driverlib.lib</file>
         <name>gpio.obj</name>
      </input_file>
      <input_file id="fl-18">
         <path>C:\ti\TivaWare_C_Series-2.2.0.295\driverlib\ccs\Debug\</path>
         <kind>archive</kind>
         <file>driverlib.lib</file>
         <name>i2c.obj</name>
      </input_file>
      <input_file id="fl-19">
         <path>C:\ti\TivaWare_C_Series-2.2.0.295\driverlib\ccs\Debug\</path>
         <kind>archive</kind>
         <file>driverlib.lib</file>
         <name>interrupt.obj</name>
      </input_file>
      <input_file id="fl-1a">
         <path>C:\ti\TivaWare_C_Series-2.2.0.295\driverlib\ccs\Debug\</path>
         <kind>archive</kind>
         <file>driverlib.lib</file>
         <name>pwm.obj</name>
      </input_file>
      <input_file id="fl-1b">
         <path>C:\ti\TivaWare_C_Series-2.2.0.295\driverlib\ccs\Debug\</path>
         <kind>archive</kind>
         <file>driverlib.lib</file>
         <name>sysctl.obj</name>
      </input_file>
      <input_file id="fl-1c">
         <path>C:\ti\TivaWare_C_Series-2.2.0.295\driverlib\ccs\Debug\</path>
         <kind>archive</kind>
         <file>driverlib.lib</file>
         <name>systick.obj</name>
      </input_file>
      <input_file id="fl-1d">
         <path>C:\ti\TivaWare_C_Series-2.2.0.295\driverlib\ccs\Debug\</path>
         <kind>archive</kind>
         <file>driverlib.lib</file>
         <name>timer.obj</name>
      </input_file>
      <input_file id="fl-1e">
         <path>C:\ti\TivaWare_C_Series-2.2.0.295\driverlib\ccs\Debug\</path>
         <kind>archive</kind>
         <file>driverlib.lib</file>
         <name>uart.obj</name>
      </input_file>
      <input_file id="fl-1f">
         <path>C:\ti\TivaWare_C_Series-2.2.0.295\driverlib\ccs\Debug\</path>
         <kind>archive</kind>
         <file>driverlib.lib</file>
         <name>cpu.obj</name>
      </input_file>
      <input_file id="fl-d5">
         <path>C:\ti\ccs1040\ccs\tools\compiler\ti-cgt-arm_20.2.5.LTS\lib\</path>
         <kind>archive</kind>
         <file>rtsv7M4_T_le_v4SPD16_eabi.lib</file>
         <name>sprintf.c.obj</name>
      </input_file>
      <input_file id="fl-d6">
         <path>C:\ti\ccs1040\ccs\tools\compiler\ti-cgt-arm_20.2.5.LTS\lib\</path>
         <kind>archive</kind>
         <file>rtsv7M4_T_le_v4SPD16_eabi.lib</file>
         <name>e_pow.c.obj</name>
      </input_file>
      <input_file id="fl-d7">
         <path>C:\ti\ccs1040\ccs\tools\compiler\ti-cgt-arm_20.2.5.LTS\lib\</path>
         <kind>archive</kind>
         <file>rtsv7M4_T_le_v4SPD16_eabi.lib</file>
         <name>e_sqrt.c.obj</name>
      </input_file>
      <input_file id="fl-d8">
         <path>C:\ti\ccs1040\ccs\tools\compiler\ti-cgt-arm_20.2.5.LTS\lib\</path>
         <kind>archive</kind>
         <file>rtsv7M4_T_le_v4SPD16_eabi.lib</file>
         <name>s_floor.c.obj</name>
      </input_file>
      <input_file id="fl-d9">
         <path>C:\ti\ccs1040\ccs\tools\compiler\ti-cgt-arm_20.2.5.LTS\lib\</path>
         <kind>archive</kind>
         <file>rtsv7M4_T_le_v4SPD16_eabi.lib</file>
         <name>s_scalbn.c.obj</name>
      </input_file>
      <input_file id="fl-da">
         <path>C:\ti\ccs1040\ccs\tools\compiler\ti-cgt-arm_20.2.5.LTS\lib\</path>
         <kind>archive</kind>
         <file>rtsv7M4_T_le_v4SPD16_eabi.lib</file>
         <name>fd_add_t2.asm.obj</name>
      </input_file>
      <input_file id="fl-db">
         <path>C:\ti\ccs1040\ccs\tools\compiler\ti-cgt-arm_20.2.5.LTS\lib\</path>
         <kind>archive</kind>
         <file>rtsv7M4_T_le_v4SPD16_eabi.lib</file>
         <name>fd_cmp_t2.asm.obj</name>
      </input_file>
      <input_file id="fl-dc">
         <path>C:\ti\ccs1040\ccs\tools\compiler\ti-cgt-arm_20.2.5.LTS\lib\</path>
         <kind>archive</kind>
         <file>rtsv7M4_T_le_v4SPD16_eabi.lib</file>
         <name>fd_div_t2.asm.obj</name>
      </input_file>
      <input_file id="fl-dd">
         <path>C:\ti\ccs1040\ccs\tools\compiler\ti-cgt-arm_20.2.5.LTS\lib\</path>
         <kind>archive</kind>
         <file>rtsv7M4_T_le_v4SPD16_eabi.lib</file>
         <name>fd_mul_t2.asm.obj</name>
      </input_file>
      <input_file id="fl-de">
         <path>C:\ti\ccs1040\ccs\tools\compiler\ti-cgt-arm_20.2.5.LTS\lib\</path>
         <kind>archive</kind>
         <file>rtsv7M4_T_le_v4SPD16_eabi.lib</file>
         <name>fd_toi_t2.asm.obj</name>
      </input_file>
      <input_file id="fl-df">
         <path>C:\ti\ccs1040\ccs\tools\compiler\ti-cgt-arm_20.2.5.LTS\lib\</path>
         <kind>archive</kind>
         <file>rtsv7M4_T_le_v4SPD16_eabi.lib</file>
         <name>fd_tos_t2.asm.obj</name>
      </input_file>
      <input_file id="fl-e0">
         <path>C:\ti\ccs1040\ccs\tools\compiler\ti-cgt-arm_20.2.5.LTS\lib\</path>
         <kind>archive</kind>
         <file>rtsv7M4_T_le_v4SPD16_eabi.lib</file>
         <name>fs_tod_t2.asm.obj</name>
      </input_file>
      <input_file id="fl-e1">
         <path>C:\ti\ccs1040\ccs\tools\compiler\ti-cgt-arm_20.2.5.LTS\lib\</path>
         <kind>archive</kind>
         <file>rtsv7M4_T_le_v4SPD16_eabi.lib</file>
         <name>i_tofd_t2.asm.obj</name>
      </input_file>
      <input_file id="fl-e2">
         <path>C:\ti\ccs1040\ccs\tools\compiler\ti-cgt-arm_20.2.5.LTS\lib\</path>
         <kind>archive</kind>
         <file>rtsv7M4_T_le_v4SPD16_eabi.lib</file>
         <name>memcpy_t2.asm.obj</name>
      </input_file>
      <input_file id="fl-e3">
         <path>C:\ti\ccs1040\ccs\tools\compiler\ti-cgt-arm_20.2.5.LTS\lib\</path>
         <kind>archive</kind>
         <file>rtsv7M4_T_le_v4SPD16_eabi.lib</file>
         <name>u_tofd_t2.asm.obj</name>
      </input_file>
      <input_file id="fl-e4">
         <path>C:\ti\ccs1040\ccs\tools\compiler\ti-cgt-arm_20.2.5.LTS\lib\</path>
         <kind>archive</kind>
         <file>rtsv7M4_T_le_v4SPD16_eabi.lib</file>
         <name>u_divt2.asm.obj</name>
      </input_file>
      <input_file id="fl-e5">
         <path>C:\ti\ccs1040\ccs\tools\compiler\ti-cgt-arm_20.2.5.LTS\lib\</path>
         <kind>archive</kind>
         <file>rtsv7M4_T_le_v4SPD16_eabi.lib</file>
         <name>memset_t2.asm.obj</name>
      </input_file>
      <input_file id="fl-e6">
         <path>C:\ti\ccs1040\ccs\tools\compiler\ti-cgt-arm_20.2.5.LTS\lib\</path>
         <kind>archive</kind>
         <file>rtsv7M4_T_le_v4SPD16_eabi.lib</file>
         <name>copy_zero_init.c.obj</name>
      </input_file>
      <input_file id="fl-e7">
         <path>C:\ti\ccs1040\ccs\tools\compiler\ti-cgt-arm_20.2.5.LTS\lib\</path>
         <kind>archive</kind>
         <file>rtsv7M4_T_le_v4SPD16_eabi.lib</file>
         <name>copy_decompress_none.c.obj</name>
      </input_file>
      <input_file id="fl-e8">
         <path>C:\ti\ccs1040\ccs\tools\compiler\ti-cgt-arm_20.2.5.LTS\lib\</path>
         <kind>archive</kind>
         <file>rtsv7M4_T_le_v4SPD16_eabi.lib</file>
         <name>copy_decompress_lzss.c.obj</name>
      </input_file>
      <input_file id="fl-e9">
         <path>C:\ti\ccs1040\ccs\tools\compiler\ti-cgt-arm_20.2.5.LTS\lib\</path>
         <kind>archive</kind>
         <file>rtsv7M4_T_le_v4SPD16_eabi.lib</file>
         <name>memory.c.obj</name>
      </input_file>
      <input_file id="fl-ea">
         <path>C:\ti\ccs1040\ccs\tools\compiler\ti-cgt-arm_20.2.5.LTS\lib\</path>
         <kind>archive</kind>
         <file>rtsv7M4_T_le_v4SPD16_eabi.lib</file>
         <name>errno.c.obj</name>
      </input_file>
      <input_file id="fl-eb">
         <path>C:\ti\ccs1040\ccs\tools\compiler\ti-cgt-arm_20.2.5.LTS\lib\</path>
         <kind>archive</kind>
         <file>rtsv7M4_T_le_v4SPD16_eabi.lib</file>
         <name>boot_cortex_m.c.obj</name>
      </input_file>
      <input_file id="fl-ec">
         <path>C:\ti\ccs1040\ccs\tools\compiler\ti-cgt-arm_20.2.5.LTS\lib\</path>
         <kind>archive</kind>
         <file>rtsv7M4_T_le_v4SPD16_eabi.lib</file>
         <name>_printfi.c.obj</name>
      </input_file>
      <input_file id="fl-ed">
         <path>C:\ti\ccs1040\ccs\tools\compiler\ti-cgt-arm_20.2.5.LTS\lib\</path>
         <kind>archive</kind>
         <file>rtsv7M4_T_le_v4SPD16_eabi.lib</file>
         <name>s_copysign.c.obj</name>
      </input_file>
      <input_file id="fl-ee">
         <path>C:\ti\ccs1040\ccs\tools\compiler\ti-cgt-arm_20.2.5.LTS\lib\</path>
         <kind>archive</kind>
         <file>rtsv7M4_T_le_v4SPD16_eabi.lib</file>
         <name>s_frexp.c.obj</name>
      </input_file>
      <input_file id="fl-ef">
         <path>C:\ti\ccs1040\ccs\tools\compiler\ti-cgt-arm_20.2.5.LTS\lib\</path>
         <kind>archive</kind>
         <file>rtsv7M4_T_le_v4SPD16_eabi.lib</file>
         <name>wcslen.c.obj</name>
      </input_file>
      <input_file id="fl-f0">
         <path>C:\ti\ccs1040\ccs\tools\compiler\ti-cgt-arm_20.2.5.LTS\lib\</path>
         <kind>archive</kind>
         <file>rtsv7M4_T_le_v4SPD16_eabi.lib</file>
         <name>div0.asm.obj</name>
      </input_file>
      <input_file id="fl-f1">
         <path>C:\ti\ccs1040\ccs\tools\compiler\ti-cgt-arm_20.2.5.LTS\lib\</path>
         <kind>archive</kind>
         <file>rtsv7M4_T_le_v4SPD16_eabi.lib</file>
         <name>ull_div_t2.asm.obj</name>
      </input_file>
      <input_file id="fl-f2">
         <path>C:\ti\ccs1040\ccs\tools\compiler\ti-cgt-arm_20.2.5.LTS\lib\</path>
         <kind>archive</kind>
         <file>rtsv7M4_T_le_v4SPD16_eabi.lib</file>
         <name>autoinit.c.obj</name>
      </input_file>
      <input_file id="fl-f3">
         <path>C:\ti\ccs1040\ccs\tools\compiler\ti-cgt-arm_20.2.5.LTS\lib\</path>
         <kind>archive</kind>
         <file>rtsv7M4_T_le_v4SPD16_eabi.lib</file>
         <name>pre_init.c.obj</name>
      </input_file>
      <input_file id="fl-f4">
         <path>C:\ti\ccs1040\ccs\tools\compiler\ti-cgt-arm_20.2.5.LTS\lib\</path>
         <kind>archive</kind>
         <file>rtsv7M4_T_le_v4SPD16_eabi.lib</file>
         <name>cpy_tbl.c.obj</name>
      </input_file>
      <input_file id="fl-f5">
         <path>C:\ti\ccs1040\ccs\tools\compiler\ti-cgt-arm_20.2.5.LTS\lib\</path>
         <kind>archive</kind>
         <file>rtsv7M4_T_le_v4SPD16_eabi.lib</file>
         <name>exit.c.obj</name>
      </input_file>
      <input_file id="fl-f6">
         <path>C:\ti\ccs1040\ccs\tools\compiler\ti-cgt-arm_20.2.5.LTS\lib\</path>
         <kind>archive</kind>
         <file>rtsv7M4_T_le_v4SPD16_eabi.lib</file>
         <name>_lock.c.obj</name>
      </input_file>
      <input_file id="fl-f7">
         <path>C:\ti\ccs1040\ccs\tools\compiler\ti-cgt-arm_20.2.5.LTS\lib\</path>
         <kind>archive</kind>
         <file>rtsv7M4_T_le_v4SPD16_eabi.lib</file>
         <name>_ltoa.c.obj</name>
      </input_file>
      <input_file id="fl-f8">
         <path>C:\ti\ccs1040\ccs\tools\compiler\ti-cgt-arm_20.2.5.LTS\lib\</path>
         <kind>archive</kind>
         <file>rtsv7M4_T_le_v4SPD16_eabi.lib</file>
         <name>args_main.c.obj</name>
      </input_file>
      <input_file id="fl-f9">
         <path>C:\ti\ccs1040\ccs\tools\compiler\ti-cgt-arm_20.2.5.LTS\lib\</path>
         <kind>archive</kind>
         <file>rtsv7M4_T_le_v4SPD16_eabi.lib</file>
         <name>atoi.c.obj</name>
      </input_file>
      <input_file id="fl-fa">
         <path>C:\ti\ccs1040\ccs\tools\compiler\ti-cgt-arm_20.2.5.LTS\lib\</path>
         <kind>archive</kind>
         <file>rtsv7M4_T_le_v4SPD16_eabi.lib</file>
         <name>ctype.c.obj</name>
      </input_file>
      <input_file id="fl-fb">
         <path>C:\ti\ccs1040\ccs\tools\compiler\ti-cgt-arm_20.2.5.LTS\lib\</path>
         <kind>archive</kind>
         <file>rtsv7M4_T_le_v4SPD16_eabi.lib</file>
         <name>memccpy.c.obj</name>
      </input_file>
      <input_file id="fl-fc">
         <path>C:\ti\ccs1040\ccs\tools\compiler\ti-cgt-arm_20.2.5.LTS\lib\</path>
         <kind>archive</kind>
         <file>rtsv7M4_T_le_v4SPD16_eabi.lib</file>
         <name>strchr.c.obj</name>
      </input_file>
      <input_file id="fl-fd">
         <path>C:\ti\ccs1040\ccs\tools\compiler\ti-cgt-arm_20.2.5.LTS\lib\</path>
         <kind>archive</kind>
         <file>rtsv7M4_T_le_v4SPD16_eabi.lib</file>
         <name>strlen.c.obj</name>
      </input_file>
   </input_file_list>
   <object_component_list>
      <object_component id="oc-13">
         <name>.intvecs</name>
         <load_address>0x0</load_address>
         <run_address>0x0</run_address>
         <size>0x26c</size>
         <input_file_ref idref="fl-3"/>
      </object_component>
      <object_component id="oc-43a">
         <name>.text:__TI_printfi</name>
         <load_address>0x26c</load_address>
         <run_address>0x26c</run_address>
         <size>0xa4e</size>
         <input_file_ref idref="fl-ec"/>
      </object_component>
      <object_component id="oc-37">
         <name>.text:FaultISR</name>
         <load_address>0xcba</load_address>
         <run_address>0xcba</run_address>
         <size>0x2</size>
         <input_file_ref idref="fl-3"/>
      </object_component>
      <object_component id="oc-44f">
         <name>.text:pow</name>
         <load_address>0xcbc</load_address>
         <run_address>0xcbc</run_address>
         <size>0x9d0</size>
         <input_file_ref idref="fl-d6"/>
      </object_component>
      <object_component id="oc-b8">
         <name>.text:main</name>
         <load_address>0x168c</load_address>
         <run_address>0x168c</run_address>
         <size>0x650</size>
         <input_file_ref idref="fl-2"/>
      </object_component>
      <object_component id="oc-22a">
         <name>.text:UARTvprintf</name>
         <load_address>0x1cdc</load_address>
         <run_address>0x1cdc</run_address>
         <size>0x354</size>
         <input_file_ref idref="fl-2"/>
      </object_component>
      <object_component id="oc-213">
         <name>.text:OrangeRX_Init</name>
         <load_address>0x2030</load_address>
         <run_address>0x2030</run_address>
         <size>0x2a8</size>
         <input_file_ref idref="fl-10"/>
      </object_component>
      <object_component id="oc-621">
         <name>.text:BMP388_compensate_pressure</name>
         <load_address>0x22d8</load_address>
         <run_address>0x22d8</run_address>
         <size>0x29a</size>
         <input_file_ref idref="fl-4"/>
      </object_component>
      <object_component id="oc-3d">
         <name>.text:IntDefaultHandler</name>
         <load_address>0x2572</load_address>
         <run_address>0x2572</run_address>
         <size>0x2</size>
         <input_file_ref idref="fl-3"/>
      </object_component>
      <object_component id="oc-57b">
         <name>.text:_pconv_a</name>
         <load_address>0x2574</load_address>
         <run_address>0x2574</run_address>
         <size>0x270</size>
         <input_file_ref idref="fl-ec"/>
      </object_component>
      <object_component id="oc-14e">
         <name>.text:Motor_setDuty</name>
         <load_address>0x27e4</load_address>
         <run_address>0x27e4</run_address>
         <size>0x22c</size>
         <input_file_ref idref="fl-11"/>
      </object_component>
      <object_component id="oc-136">
         <name>.text:BMP388_showData</name>
         <load_address>0x2a10</load_address>
         <run_address>0x2a10</run_address>
         <size>0x1d4</size>
         <input_file_ref idref="fl-4"/>
      </object_component>
      <object_component id="oc-569">
         <name>.text:_pconv_g</name>
         <load_address>0x2be4</load_address>
         <run_address>0x2be4</run_address>
         <size>0x1d0</size>
         <input_file_ref idref="fl-ec"/>
      </object_component>
      <object_component id="oc-126">
         <name>.text</name>
         <load_address>0x2db4</load_address>
         <run_address>0x2db4</run_address>
         <size>0x1b6</size>
         <input_file_ref idref="fl-da"/>
      </object_component>
      <object_component id="oc-31">
         <name>.text:NmiSR</name>
         <load_address>0x2f6a</load_address>
         <run_address>0x2f6a</run_address>
         <size>0x2</size>
         <input_file_ref idref="fl-3"/>
      </object_component>
      <object_component id="oc-505">
         <name>.text:UARTStdioIntHandler</name>
         <load_address>0x2f6c</load_address>
         <run_address>0x2f6c</run_address>
         <size>0x188</size>
         <input_file_ref idref="fl-2"/>
      </object_component>
      <object_component id="oc-219">
         <name>.text:PWM_Init</name>
         <load_address>0x30f4</load_address>
         <run_address>0x30f4</run_address>
         <size>0x174</size>
         <input_file_ref idref="fl-11"/>
      </object_component>
      <object_component id="oc-357">
         <name>.text:GPIOPadConfigSet</name>
         <load_address>0x3268</load_address>
         <run_address>0x3268</run_address>
         <size>0x16c</size>
         <input_file_ref idref="fl-17"/>
      </object_component>
      <object_component id="oc-5a3">
         <name>.text:sqrt</name>
         <load_address>0x33d4</load_address>
         <run_address>0x33d4</run_address>
         <size>0x158</size>
         <input_file_ref idref="fl-d7"/>
      </object_component>
      <object_component id="oc-15a">
         <name>.text:I2C_AddressBruteForcer</name>
         <load_address>0x352c</load_address>
         <run_address>0x352c</run_address>
         <size>0x143</size>
         <input_file_ref idref="fl-b"/>
      </object_component>
      <object_component id="oc-575">
         <name>.text:_pconv_e</name>
         <load_address>0x3670</load_address>
         <run_address>0x3670</run_address>
         <size>0x13c</size>
         <input_file_ref idref="fl-ec"/>
      </object_component>
      <object_component id="oc-376">
         <name>.text:UARTStdioConfig</name>
         <load_address>0x37ac</load_address>
         <run_address>0x37ac</run_address>
         <size>0x138</size>
         <input_file_ref idref="fl-2"/>
      </object_component>
      <object_component id="oc-121">
         <name>.text</name>
         <load_address>0x38e4</load_address>
         <run_address>0x38e4</run_address>
         <size>0x136</size>
         <input_file_ref idref="fl-dc"/>
      </object_component>
      <object_component id="oc-537">
         <name>.text</name>
         <load_address>0x3a1a</load_address>
         <run_address>0x3a1a</run_address>
         <size>0x2</size>
         <input_file_ref idref="fl-f0"/>
      </object_component>
      <object_component id="oc-64b">
         <name>.text:fcvt</name>
         <load_address>0x3a1c</load_address>
         <run_address>0x3a1c</run_address>
         <size>0x124</size>
         <input_file_ref idref="fl-ec"/>
      </object_component>
      <object_component id="oc-f8">
         <name>.text:SysCtlClockGet</name>
         <load_address>0x3b40</load_address>
         <run_address>0x3b40</run_address>
         <size>0x118</size>
         <input_file_ref idref="fl-1b"/>
      </object_component>
      <object_component id="oc-154">
         <name>.text:OrangeRX_showActData</name>
         <load_address>0x3c58</load_address>
         <run_address>0x3c58</run_address>
         <size>0x114</size>
         <input_file_ref idref="fl-10"/>
      </object_component>
      <object_component id="oc-40a">
         <name>.text:UARTwrite</name>
         <load_address>0x3d6c</load_address>
         <run_address>0x3d6c</run_address>
         <size>0x114</size>
         <input_file_ref idref="fl-2"/>
      </object_component>
      <object_component id="oc-5b1">
         <name>.text:scalbn</name>
         <load_address>0x3e80</load_address>
         <run_address>0x3e80</run_address>
         <size>0x110</size>
         <input_file_ref idref="fl-d9"/>
      </object_component>
      <object_component id="oc-42d">
         <name>.text:BMP388_get_sensor_data</name>
         <load_address>0x3f90</load_address>
         <run_address>0x3f90</run_address>
         <size>0x10c</size>
         <input_file_ref idref="fl-4"/>
      </object_component>
      <object_component id="oc-475">
         <name>.text:I2C_writeSingleReg</name>
         <load_address>0x409c</load_address>
         <run_address>0x409c</run_address>
         <size>0x100</size>
         <input_file_ref idref="fl-b"/>
      </object_component>
      <object_component id="oc-188">
         <name>.text:OrangeRX_extractData</name>
         <load_address>0x419c</load_address>
         <run_address>0x419c</run_address>
         <size>0xfc</size>
         <input_file_ref idref="fl-10"/>
      </object_component>
      <object_component id="oc-2e7">
         <name>.text</name>
         <load_address>0x4298</load_address>
         <run_address>0x4298</run_address>
         <size>0xfc</size>
         <input_file_ref idref="fl-dd"/>
      </object_component>
      <object_component id="oc-2ec">
         <name>.text:floor</name>
         <load_address>0x4394</load_address>
         <run_address>0x4394</run_address>
         <size>0xf8</size>
         <input_file_ref idref="fl-d8"/>
      </object_component>
      <object_component id="oc-317">
         <name>.text:SysCtlClockSet</name>
         <load_address>0x448c</load_address>
         <run_address>0x448c</run_address>
         <size>0xf4</size>
         <input_file_ref idref="fl-1b"/>
      </object_component>
      <object_component id="oc-110">
         <name>.text:BUZZ_SM</name>
         <load_address>0x4580</load_address>
         <run_address>0x4580</run_address>
         <size>0xf0</size>
         <input_file_ref idref="fl-6"/>
      </object_component>
      <object_component id="oc-130">
         <name>.text:OrangeRX_receivedChannelReorganizer</name>
         <load_address>0x4670</load_address>
         <run_address>0x4670</run_address>
         <size>0xe4</size>
         <input_file_ref idref="fl-10"/>
      </object_component>
      <object_component id="oc-2b0">
         <name>.text:BMX160_setMagnConf</name>
         <load_address>0x4754</load_address>
         <run_address>0x4754</run_address>
         <size>0xc6</size>
         <input_file_ref idref="fl-5"/>
      </object_component>
      <object_component id="oc-55e">
         <name>.text:_ltostr</name>
         <load_address>0x481c</load_address>
         <run_address>0x481c</run_address>
         <size>0xb1</size>
         <input_file_ref idref="fl-ec"/>
      </object_component>
      <object_component id="oc-547">
         <name>.text:BMP388_compensate_data</name>
         <load_address>0x48d0</load_address>
         <run_address>0x48d0</run_address>
         <size>0xad</size>
         <input_file_ref idref="fl-4"/>
      </object_component>
      <object_component id="oc-51">
         <name>.text</name>
         <load_address>0x497e</load_address>
         <run_address>0x497e</run_address>
         <size>0x9c</size>
         <input_file_ref idref="fl-e2"/>
      </object_component>
      <object_component id="oc-631">
         <name>.text</name>
         <load_address>0x4a1a</load_address>
         <run_address>0x4a1a</run_address>
         <size>0x96</size>
         <input_file_ref idref="fl-f1"/>
      </object_component>
      <object_component id="oc-2a4">
         <name>.text:BMX160_softReset</name>
         <load_address>0x4ab0</load_address>
         <run_address>0x4ab0</run_address>
         <size>0x94</size>
         <input_file_ref idref="fl-5"/>
      </object_component>
      <object_component id="oc-52d">
         <name>.text:UARTPrimeTransmit</name>
         <load_address>0x4b44</load_address>
         <run_address>0x4b44</run_address>
         <size>0x94</size>
         <input_file_ref idref="fl-2"/>
      </object_component>
      <object_component id="oc-142">
         <name>.text:BMP388_get_regs</name>
         <load_address>0x4bd8</load_address>
         <run_address>0x4bd8</run_address>
         <size>0x88</size>
         <input_file_ref idref="fl-4"/>
      </object_component>
      <object_component id="oc-564">
         <name>.text:__aeabi_cdcmple</name>
         <load_address>0x4c60</load_address>
         <run_address>0x4c60</run_address>
         <size>0x86</size>
         <input_file_ref idref="fl-db"/>
      </object_component>
      <object_component id="oc-12b">
         <name>.text:__aeabi_cdrcmple</name>
         <load_address>0x4ce6</load_address>
         <run_address>0x4ce6</run_address>
         <size>0x86</size>
         <input_file_ref idref="fl-db"/>
      </object_component>
      <object_component id="oc-16d">
         <name>.text:PCF8574A_Read</name>
         <load_address>0x4d6c</load_address>
         <run_address>0x4d6c</run_address>
         <size>0x84</size>
         <input_file_ref idref="fl-b"/>
      </object_component>
      <object_component id="oc-20d">
         <name>.text:UART0_STDIO_Init</name>
         <load_address>0x4df0</load_address>
         <run_address>0x4df0</run_address>
         <size>0x80</size>
         <input_file_ref idref="fl-f"/>
      </object_component>
      <object_component id="oc-26a">
         <name>.text:BMP388_readAltitude</name>
         <load_address>0x4e70</load_address>
         <run_address>0x4e70</run_address>
         <size>0x7c</size>
         <input_file_ref idref="fl-4"/>
      </object_component>
      <object_component id="oc-ac">
         <name>.text</name>
         <load_address>0x4eec</load_address>
         <run_address>0x4eec</run_address>
         <size>0x7a</size>
         <input_file_ref idref="fl-e5"/>
      </object_component>
      <object_component id="oc-270">
         <name>.text:BMP388_readCalibratedAltitude</name>
         <load_address>0x4f68</load_address>
         <run_address>0x4f68</run_address>
         <size>0x78</size>
         <input_file_ref idref="fl-4"/>
      </object_component>
      <object_component id="oc-276">
         <name>.text:BMP388_readSeaLevel</name>
         <load_address>0x4fe0</load_address>
         <run_address>0x4fe0</run_address>
         <size>0x70</size>
         <input_file_ref idref="fl-4"/>
      </object_component>
      <object_component id="oc-61b">
         <name>.text:BMP388_compensate_temperature</name>
         <load_address>0x5050</load_address>
         <run_address>0x5050</run_address>
         <size>0x6e</size>
         <input_file_ref idref="fl-4"/>
      </object_component>
      <object_component id="oc-644">
         <name>.text:_mcpy</name>
         <load_address>0x50be</load_address>
         <run_address>0x50be</run_address>
         <size>0x6e</size>
         <input_file_ref idref="fl-ec"/>
      </object_component>
      <object_component id="oc-433">
         <name>.text</name>
         <load_address>0x512c</load_address>
         <run_address>0x512c</run_address>
         <size>0x6e</size>
         <input_file_ref idref="fl-df"/>
      </object_component>
      <object_component id="oc-541">
         <name>.text:BMP388_parse_sensor_data</name>
         <load_address>0x519a</load_address>
         <run_address>0x519a</run_address>
         <size>0x6c</size>
         <input_file_ref idref="fl-4"/>
      </object_component>
      <object_component id="oc-298">
         <name>.text:I2C_ReadByte</name>
         <load_address>0x5208</load_address>
         <run_address>0x5208</run_address>
         <size>0x6c</size>
         <input_file_ref idref="fl-b"/>
      </object_component>
      <object_component id="oc-4db">
         <name>.text:IntEnable</name>
         <load_address>0x5274</load_address>
         <run_address>0x5274</run_address>
         <size>0x68</size>
         <input_file_ref idref="fl-19"/>
      </object_component>
      <object_component id="oc-16">
         <name>.text:decompress:lzss:__TI_decompress_lzss</name>
         <load_address>0x52dc</load_address>
         <run_address>0x52dc</run_address>
         <size>0x68</size>
         <input_file_ref idref="fl-e8"/>
      </object_component>
      <object_component id="oc-264">
         <name>.text:BMP388_readTemperature</name>
         <load_address>0x5344</load_address>
         <run_address>0x5344</run_address>
         <size>0x66</size>
         <input_file_ref idref="fl-4"/>
      </object_component>
      <object_component id="oc-659">
         <name>.text:frexp</name>
         <load_address>0x53ac</load_address>
         <run_address>0x53ac</run_address>
         <size>0x64</size>
         <input_file_ref idref="fl-ee"/>
      </object_component>
      <object_component id="oc-253">
         <name>.text:BMP388_readPressure</name>
         <load_address>0x5410</load_address>
         <run_address>0x5410</run_address>
         <size>0x63</size>
         <input_file_ref idref="fl-4"/>
      </object_component>
      <object_component id="oc-2b6">
         <name>.text:BMX160_writeBmxReg</name>
         <load_address>0x5474</load_address>
         <run_address>0x5474</run_address>
         <size>0x63</size>
         <input_file_ref idref="fl-5"/>
      </object_component>
      <object_component id="oc-404">
         <name>.text:__error__</name>
         <load_address>0x54d8</load_address>
         <run_address>0x54d8</run_address>
         <size>0x61</size>
         <input_file_ref idref="fl-2"/>
      </object_component>
      <object_component id="oc-176">
         <name>.text:PCF8574A_Write</name>
         <load_address>0x553c</load_address>
         <run_address>0x553c</run_address>
         <size>0x60</size>
         <input_file_ref idref="fl-b"/>
      </object_component>
      <object_component id="oc-395">
         <name>.text:TimerConfigure</name>
         <load_address>0x559c</load_address>
         <run_address>0x559c</run_address>
         <size>0x60</size>
         <input_file_ref idref="fl-1d"/>
      </object_component>
      <object_component id="oc-56f">
         <name>.text:_pconv_f</name>
         <load_address>0x55fc</load_address>
         <run_address>0x55fc</run_address>
         <size>0x56</size>
         <input_file_ref idref="fl-ec"/>
      </object_component>
      <object_component id="oc-638">
         <name>.text:__TI_ltoa</name>
         <load_address>0x5652</load_address>
         <run_address>0x5652</run_address>
         <size>0x54</size>
         <input_file_ref idref="fl-f7"/>
      </object_component>
      <object_component id="oc-5bc">
         <name>.text:BMX160_defaultParamSettg</name>
         <load_address>0x56a6</load_address>
         <run_address>0x56a6</run_address>
         <size>0x52</size>
         <input_file_ref idref="fl-5"/>
      </object_component>
      <object_component id="oc-63e">
         <name>.text:_ecpy</name>
         <load_address>0x56f8</load_address>
         <run_address>0x56f8</run_address>
         <size>0x52</size>
         <input_file_ref idref="fl-ec"/>
      </object_component>
      <object_component id="oc-35e">
         <name>.text:GPIOPinConfigure</name>
         <load_address>0x574c</load_address>
         <run_address>0x574c</run_address>
         <size>0x4c</size>
         <input_file_ref idref="fl-17"/>
      </object_component>
      <object_component id="oc-207">
         <name>.text:SWITCH_Init</name>
         <load_address>0x5798</load_address>
         <run_address>0x5798</run_address>
         <size>0x4c</size>
         <input_file_ref idref="fl-d"/>
      </object_component>
      <object_component id="oc-2aa">
         <name>.text:SYSTICK_Delay</name>
         <load_address>0x57e4</load_address>
         <run_address>0x57e4</run_address>
         <size>0x4c</size>
         <input_file_ref idref="fl-a"/>
      </object_component>
      <object_component id="oc-4ea">
         <name>.text:UARTFlushTx</name>
         <load_address>0x5830</load_address>
         <run_address>0x5830</run_address>
         <size>0x4c</size>
         <input_file_ref idref="fl-2"/>
      </object_component>
      <object_component id="oc-50d">
         <name>.text:_TimerIntNumberGet</name>
         <load_address>0x587c</load_address>
         <run_address>0x587c</run_address>
         <size>0x4c</size>
         <input_file_ref idref="fl-1d"/>
      </object_component>
      <object_component id="oc-558">
         <name>.text:atoi</name>
         <load_address>0x58c8</load_address>
         <run_address>0x58c8</run_address>
         <size>0x4c</size>
         <input_file_ref idref="fl-f9"/>
      </object_component>
      <object_component id="oc-18e">
         <name>.text</name>
         <load_address>0x5914</load_address>
         <run_address>0x5914</run_address>
         <size>0x48</size>
         <input_file_ref idref="fl-de"/>
      </object_component>
      <object_component id="oc-1a0">
         <name>.text:__TI_auto_init_nobinit_nopinit:__TI_auto_init_nobinit_nopinit</name>
         <load_address>0x595c</load_address>
         <run_address>0x595c</run_address>
         <size>0x44</size>
         <input_file_ref idref="fl-f2"/>
      </object_component>
      <object_component id="oc-167">
         <name>.text:BMX160_wakeUp</name>
         <load_address>0x59a0</load_address>
         <run_address>0x59a0</run_address>
         <size>0x42</size>
         <input_file_ref idref="fl-5"/>
      </object_component>
      <object_component id="oc-4d5">
         <name>.text:_UARTIntNumberGet</name>
         <load_address>0x59e4</load_address>
         <run_address>0x59e4</run_address>
         <size>0x40</size>
         <input_file_ref idref="fl-1e"/>
      </object_component>
      <object_component id="oc-410">
         <name>.text</name>
         <load_address>0x5a24</load_address>
         <run_address>0x5a24</run_address>
         <size>0x40</size>
         <input_file_ref idref="fl-e4"/>
      </object_component>
      <object_component id="oc-25e">
         <name>.text:sprintf</name>
         <load_address>0x5a64</load_address>
         <run_address>0x5a64</run_address>
         <size>0x40</size>
         <input_file_ref idref="fl-d5"/>
      </object_component>
      <object_component id="oc-651">
         <name>.text:_fcpy</name>
         <load_address>0x5aa4</load_address>
         <run_address>0x5aa4</run_address>
         <size>0x3e</size>
         <input_file_ref idref="fl-ec"/>
      </object_component>
      <object_component id="oc-13c">
         <name>.text:BUZZ_BUZZER</name>
         <load_address>0x5ae4</load_address>
         <run_address>0x5ae4</run_address>
         <size>0x3c</size>
         <input_file_ref idref="fl-6"/>
      </object_component>
      <object_component id="oc-527">
         <name>.text:IsBufferFull</name>
         <load_address>0x5b20</load_address>
         <run_address>0x5b20</run_address>
         <size>0x3c</size>
         <input_file_ref idref="fl-2"/>
      </object_component>
      <object_component id="oc-148">
         <name>.text:UARTgetc</name>
         <load_address>0x5b5c</load_address>
         <run_address>0x5b5c</run_address>
         <size>0x3c</size>
         <input_file_ref idref="fl-2"/>
      </object_component>
      <object_component id="oc-344">
         <name>.text:SysCtlPeripheralReady</name>
         <load_address>0x5b98</load_address>
         <run_address>0x5b98</run_address>
         <size>0x38</size>
         <input_file_ref idref="fl-1b"/>
      </object_component>
      <object_component id="oc-104">
         <name>.text:SysFlag_Check</name>
         <load_address>0x5bd0</load_address>
         <run_address>0x5bd0</run_address>
         <size>0x38</size>
         <input_file_ref idref="fl-9"/>
      </object_component>
      <object_component id="oc-f2">
         <name>.text:SystemInitialize</name>
         <load_address>0x5c08</load_address>
         <run_address>0x5c08</run_address>
         <size>0x38</size>
         <input_file_ref idref="fl-2"/>
      </object_component>
      <object_component id="oc-388">
         <name>.text:UART0_STDIO_IntHandler</name>
         <load_address>0x5c40</load_address>
         <run_address>0x5c40</run_address>
         <size>0x38</size>
         <input_file_ref idref="fl-f"/>
      </object_component>
      <object_component id="oc-259">
         <name>.text</name>
         <load_address>0x5c78</load_address>
         <run_address>0x5c78</run_address>
         <size>0x38</size>
         <input_file_ref idref="fl-e0"/>
      </object_component>
      <object_component id="oc-469">
         <name>.text:BMX160_softResetWorker</name>
         <load_address>0x5cb0</load_address>
         <run_address>0x5cb0</run_address>
         <size>0x36</size>
         <input_file_ref idref="fl-5"/>
      </object_component>
      <object_component id="oc-4bb">
         <name>.text:IntRegister</name>
         <load_address>0x5ce8</load_address>
         <run_address>0x5ce8</run_address>
         <size>0x34</size>
         <input_file_ref idref="fl-19"/>
      </object_component>
      <object_component id="oc-201">
         <name>.text:LED_LEDInit</name>
         <load_address>0x5d1c</load_address>
         <run_address>0x5d1c</run_address>
         <size>0x34</size>
         <input_file_ref idref="fl-c"/>
      </object_component>
      <object_component id="oc-33e">
         <name>.text:SysCtlPeripheralEnable</name>
         <load_address>0x5d50</load_address>
         <run_address>0x5d50</run_address>
         <size>0x34</size>
         <input_file_ref idref="fl-1b"/>
      </object_component>
      <object_component id="oc-10a">
         <name>.text:SysFlag_Clear</name>
         <load_address>0x5d84</load_address>
         <run_address>0x5d84</run_address>
         <size>0x34</size>
         <input_file_ref idref="fl-9"/>
      </object_component>
      <object_component id="oc-4c4">
         <name>.text:SysFlag_Set</name>
         <load_address>0x5db8</load_address>
         <run_address>0x5db8</run_address>
         <size>0x34</size>
         <input_file_ref idref="fl-9"/>
      </object_component>
      <object_component id="oc-4e4">
         <name>.text:UARTFlushRx</name>
         <load_address>0x5dec</load_address>
         <run_address>0x5dec</run_address>
         <size>0x34</size>
         <input_file_ref idref="fl-2"/>
      </object_component>
      <object_component id="oc-6f">
         <name>.text:_c_int00_noargs:_c_int00_noargs</name>
         <load_address>0x5e20</load_address>
         <run_address>0x5e20</run_address>
         <size>0x34</size>
         <input_file_ref idref="fl-eb"/>
      </object_component>
      <object_component id="oc-5a9">
         <name>.text</name>
         <load_address>0x5e54</load_address>
         <run_address>0x5e54</run_address>
         <size>0x2e</size>
         <input_file_ref idref="fl-e1"/>
      </object_component>
      <object_component id="oc-23b">
         <name>.text:BUZZ_BUZZ</name>
         <load_address>0x5e84</load_address>
         <run_address>0x5e84</run_address>
         <size>0x2c</size>
         <input_file_ref idref="fl-6"/>
      </object_component>
      <object_component id="oc-351">
         <name>.text:GPIODirModeSet</name>
         <load_address>0x5eb0</load_address>
         <run_address>0x5eb0</run_address>
         <size>0x2c</size>
         <input_file_ref idref="fl-17"/>
      </object_component>
      <object_component id="oc-282">
         <name>.text:IsBufferEmpty</name>
         <load_address>0x5edc</load_address>
         <run_address>0x5edc</run_address>
         <size>0x2c</size>
         <input_file_ref idref="fl-2"/>
      </object_component>
      <object_component id="oc-382">
         <name>.text:UARTEchoSet</name>
         <load_address>0x5f08</load_address>
         <run_address>0x5f08</run_address>
         <size>0x2c</size>
         <input_file_ref idref="fl-2"/>
      </object_component>
      <object_component id="oc-17c">
         <name>.text:SWITCH_SW1_Pressed</name>
         <load_address>0x5f34</load_address>
         <run_address>0x5f34</run_address>
         <size>0x24</size>
         <input_file_ref idref="fl-d"/>
      </object_component>
      <object_component id="oc-182">
         <name>.text:SWITCH_SW2_Pressed</name>
         <load_address>0x5f58</load_address>
         <run_address>0x5f58</run_address>
         <size>0x24</size>
         <input_file_ref idref="fl-d"/>
      </object_component>
      <object_component id="oc-fe">
         <name>.text:UARTprintf</name>
         <load_address>0x5f7c</load_address>
         <run_address>0x5f7c</run_address>
         <size>0x24</size>
         <input_file_ref idref="fl-2"/>
      </object_component>
      <object_component id="oc-3d2">
         <name>.text:PWMGenConfigure</name>
         <load_address>0x5fa0</load_address>
         <run_address>0x5fa0</run_address>
         <size>0x22</size>
         <input_file_ref idref="fl-1a"/>
      </object_component>
      <object_component id="oc-3bf">
         <name>.text:OrangeRX_IntHandler</name>
         <load_address>0x5fc4</load_address>
         <run_address>0x5fc4</run_address>
         <size>0x20</size>
         <input_file_ref idref="fl-10"/>
      </object_component>
      <object_component id="oc-1f5">
         <name>.text:SysTick_Init</name>
         <load_address>0x5fe4</load_address>
         <run_address>0x5fe4</run_address>
         <size>0x20</size>
         <input_file_ref idref="fl-a"/>
      </object_component>
      <object_component id="oc-11c">
         <name>.text</name>
         <load_address>0x6004</load_address>
         <run_address>0x6004</run_address>
         <size>0x20</size>
         <input_file_ref idref="fl-e3"/>
      </object_component>
      <object_component id="oc-3f6">
         <name>.text:PWMPulseWidthGet</name>
         <load_address>0x6024</load_address>
         <run_address>0x6024</run_address>
         <size>0x1e</size>
         <input_file_ref idref="fl-1a"/>
      </object_component>
      <object_component id="oc-28c">
         <name>.text:PWMPulseWidthSet</name>
         <load_address>0x6042</load_address>
         <run_address>0x6042</run_address>
         <size>0x1e</size>
         <input_file_ref idref="fl-1a"/>
      </object_component>
      <object_component id="oc-324">
         <name>.text:SysTickIntRegister</name>
         <load_address>0x6060</load_address>
         <run_address>0x6060</run_address>
         <size>0x1c</size>
         <input_file_ref idref="fl-1c"/>
      </object_component>
      <object_component id="oc-581">
         <name>.text:memccpy</name>
         <load_address>0x607c</load_address>
         <run_address>0x607c</run_address>
         <size>0x1c</size>
         <input_file_ref idref="fl-fb"/>
      </object_component>
      <object_component id="oc-34a">
         <name>.text:GPIOPinTypeGPIOOutput</name>
         <load_address>0x6098</load_address>
         <run_address>0x6098</run_address>
         <size>0x1a</size>
         <input_file_ref idref="fl-17"/>
      </object_component>
      <object_component id="oc-68a">
         <name>.text:copysign</name>
         <load_address>0x60b2</load_address>
         <run_address>0x60b2</run_address>
         <size>0x1a</size>
         <input_file_ref idref="fl-ed"/>
      </object_component>
      <object_component id="oc-3ea">
         <name>.text:SysCtlPWMClockGet</name>
         <load_address>0x60cc</load_address>
         <run_address>0x60cc</run_address>
         <size>0x18</size>
         <input_file_ref idref="fl-1b"/>
      </object_component>
      <object_component id="oc-3ad">
         <name>.text:TimerIntRegister</name>
         <load_address>0x60e4</load_address>
         <run_address>0x60e4</run_address>
         <size>0x18</size>
         <input_file_ref idref="fl-1d"/>
      </object_component>
      <object_component id="oc-36a">
         <name>.text:UARTIntRegister</name>
         <load_address>0x60fc</load_address>
         <run_address>0x60fc</run_address>
         <size>0x18</size>
         <input_file_ref idref="fl-1e"/>
      </object_component>
      <object_component id="oc-440">
         <name>.text:_outs</name>
         <load_address>0x6114</load_address>
         <run_address>0x6114</run_address>
         <size>0x18</size>
         <input_file_ref idref="fl-d5"/>
      </object_component>
      <object_component id="oc-3cc">
         <name>.text:GPIOPinTypePWM</name>
         <load_address>0x612c</load_address>
         <run_address>0x612c</run_address>
         <size>0x16</size>
         <input_file_ref idref="fl-17"/>
      </object_component>
      <object_component id="oc-38f">
         <name>.text:GPIOPinTypeTimer</name>
         <load_address>0x6142</load_address>
         <run_address>0x6142</run_address>
         <size>0x16</size>
         <input_file_ref idref="fl-17"/>
      </object_component>
      <object_component id="oc-364">
         <name>.text:GPIOPinTypeUART</name>
         <load_address>0x6158</load_address>
         <run_address>0x6158</run_address>
         <size>0x16</size>
         <input_file_ref idref="fl-17"/>
      </object_component>
      <object_component id="oc-5ca">
         <name>.text:I2CMasterErr</name>
         <load_address>0x616e</load_address>
         <run_address>0x616e</run_address>
         <size>0x16</size>
         <input_file_ref idref="fl-18"/>
      </object_component>
      <object_component id="oc-3a7">
         <name>.text:TimerControlEvent</name>
         <load_address>0x6184</load_address>
         <run_address>0x6184</run_address>
         <size>0x16</size>
         <input_file_ref idref="fl-1d"/>
      </object_component>
      <object_component id="oc-65f">
         <name>.text:strchr</name>
         <load_address>0x619a</load_address>
         <run_address>0x619a</run_address>
         <size>0x16</size>
         <input_file_ref idref="fl-fc"/>
      </object_component>
      <object_component id="oc-3c6">
         <name>.text:SysCtlPWMClockSet</name>
         <load_address>0x61b0</load_address>
         <run_address>0x61b0</run_address>
         <size>0x14</size>
         <input_file_ref idref="fl-1b"/>
      </object_component>
      <object_component id="oc-1e9">
         <name>.text:SysCtlResetCauseClear</name>
         <load_address>0x61c4</load_address>
         <run_address>0x61c4</run_address>
         <size>0x14</size>
         <input_file_ref idref="fl-1b"/>
      </object_component>
      <object_component id="oc-330">
         <name>.text:SysTickEnable</name>
         <load_address>0x61d8</load_address>
         <run_address>0x61d8</run_address>
         <size>0x14</size>
         <input_file_ref idref="fl-1c"/>
      </object_component>
      <object_component id="oc-32a">
         <name>.text:SysTickIntEnable</name>
         <load_address>0x61ec</load_address>
         <run_address>0x61ec</run_address>
         <size>0x14</size>
         <input_file_ref idref="fl-1c"/>
      </object_component>
      <object_component id="oc-552">
         <name>.text:strlen</name>
         <load_address>0x6200</load_address>
         <run_address>0x6200</run_address>
         <size>0x14</size>
         <input_file_ref idref="fl-fd"/>
      </object_component>
      <object_component id="oc-3f0">
         <name>.text:PWMGenPeriodGet</name>
         <load_address>0x6214</load_address>
         <run_address>0x6214</run_address>
         <size>0x12</size>
         <input_file_ref idref="fl-1a"/>
      </object_component>
      <object_component id="oc-3de">
         <name>.text:PWMOutputState</name>
         <load_address>0x6226</load_address>
         <run_address>0x6226</run_address>
         <size>0x12</size>
         <input_file_ref idref="fl-1a"/>
      </object_component>
      <object_component id="oc-39b">
         <name>.text:TimerLoadSet</name>
         <load_address>0x6238</load_address>
         <run_address>0x6238</run_address>
         <size>0x12</size>
         <input_file_ref idref="fl-1d"/>
      </object_component>
      <object_component id="oc-3a1">
         <name>.text:TimerMatchSet</name>
         <load_address>0x624a</load_address>
         <run_address>0x624a</run_address>
         <size>0x12</size>
         <input_file_ref idref="fl-1d"/>
      </object_component>
      <object_component id="oc-587">
         <name>.text:wcslen</name>
         <load_address>0x625c</load_address>
         <run_address>0x625c</run_address>
         <size>0x12</size>
         <input_file_ref idref="fl-ef"/>
      </object_component>
      <object_component id="oc-3d8">
         <name>.text:PWMGenPeriodSet</name>
         <load_address>0x626e</load_address>
         <run_address>0x626e</run_address>
         <size>0x10</size>
         <input_file_ref idref="fl-1a"/>
      </object_component>
      <object_component id="oc-1ef">
         <name>.text:SysClk_Init</name>
         <load_address>0x6280</load_address>
         <run_address>0x6280</run_address>
         <size>0x10</size>
         <input_file_ref idref="fl-e"/>
      </object_component>
      <object_component id="oc-31e">
         <name>.text:SysTickPeriodSet</name>
         <load_address>0x6290</load_address>
         <run_address>0x6290</run_address>
         <size>0x10</size>
         <input_file_ref idref="fl-1c"/>
      </object_component>
      <object_component id="oc-3b9">
         <name>.text:TimerEnable</name>
         <load_address>0x62a0</load_address>
         <run_address>0x62a0</run_address>
         <size>0xe</size>
         <input_file_ref idref="fl-1d"/>
      </object_component>
      <object_component id="oc-1c">
         <name>.text:decompress:none:__TI_decompress_none</name>
         <load_address>0x62ae</load_address>
         <run_address>0x62ae</run_address>
         <size>0xe</size>
         <input_file_ref idref="fl-e7"/>
      </object_component>
      <object_component id="oc-3e4">
         <name>.text:PWMGenEnable</name>
         <load_address>0x62bc</load_address>
         <run_address>0x62bc</run_address>
         <size>0xc</size>
         <input_file_ref idref="fl-1a"/>
      </object_component>
      <object_component id="oc-1e3">
         <name>.text:SysCtlResetCauseGet</name>
         <load_address>0x62c8</load_address>
         <run_address>0x62c8</run_address>
         <size>0xc</size>
         <input_file_ref idref="fl-1b"/>
      </object_component>
      <object_component id="oc-1fb">
         <name>.text:SysFlag_Init</name>
         <load_address>0x62d4</load_address>
         <run_address>0x62d4</run_address>
         <size>0xc</size>
         <input_file_ref idref="fl-9"/>
      </object_component>
      <object_component id="oc-63">
         <name>.text:decompress:ZI:__TI_zero_init</name>
         <load_address>0x62e0</load_address>
         <run_address>0x62e0</run_address>
         <size>0xc</size>
         <input_file_ref idref="fl-e6"/>
      </object_component>
      <object_component id="oc-336">
         <name>.text:SysTick_IntHandler</name>
         <load_address>0x62ec</load_address>
         <run_address>0x62ec</run_address>
         <size>0xa</size>
         <input_file_ref idref="fl-a"/>
      </object_component>
      <object_component id="oc-116">
         <name>.text:TimerValueGet</name>
         <load_address>0x62f6</load_address>
         <run_address>0x62f6</run_address>
         <size>0xa</size>
         <input_file_ref idref="fl-1d"/>
      </object_component>
      <object_component id="oc-4ff">
         <name>.text:UARTIntStatus</name>
         <load_address>0x6300</load_address>
         <run_address>0x6300</run_address>
         <size>0xa</size>
         <input_file_ref idref="fl-1e"/>
      </object_component>
      <object_component id="oc-446">
         <name>.text:_outc</name>
         <load_address>0x630a</load_address>
         <run_address>0x630a</run_address>
         <size>0xa</size>
         <input_file_ref idref="fl-d5"/>
      </object_component>
      <object_component id="oc-2c9">
         <name>.text:I2CMasterBusy</name>
         <load_address>0x6314</load_address>
         <run_address>0x6314</run_address>
         <size>0x8</size>
         <input_file_ref idref="fl-18"/>
      </object_component>
      <object_component id="oc-2bd">
         <name>.text:I2CMasterSlaveAddrSet</name>
         <load_address>0x631c</load_address>
         <run_address>0x631c</run_address>
         <size>0x8</size>
         <input_file_ref idref="fl-18"/>
      </object_component>
      <object_component id="oc-3b3">
         <name>.text:TimerIntEnable</name>
         <load_address>0x6324</load_address>
         <run_address>0x6324</run_address>
         <size>0x8</size>
         <input_file_ref idref="fl-1d"/>
      </object_component>
      <object_component id="oc-37c">
         <name>.text:UARTIntEnable</name>
         <load_address>0x632c</load_address>
         <run_address>0x632c</run_address>
         <size>0x8</size>
         <input_file_ref idref="fl-1e"/>
      </object_component>
      <object_component id="oc-58d">
         <name>.text:__aeabi_errno_addr</name>
         <load_address>0x6334</load_address>
         <run_address>0x6334</run_address>
         <size>0x8</size>
         <input_file_ref idref="fl-ea"/>
      </object_component>
      <object_component id="oc-2df">
         <name>.text:GPIOPinRead</name>
         <load_address>0x633c</load_address>
         <run_address>0x633c</run_address>
         <size>0x6</size>
         <input_file_ref idref="fl-17"/>
      </object_component>
      <object_component id="oc-41b">
         <name>.text:GPIOPinWrite</name>
         <load_address>0x6342</load_address>
         <run_address>0x6342</run_address>
         <size>0x6</size>
         <input_file_ref idref="fl-17"/>
      </object_component>
      <object_component id="oc-2b">
         <name>.text:ResetISR</name>
         <load_address>0x6348</load_address>
         <run_address>0x6348</run_address>
         <size>0x6</size>
         <input_file_ref idref="fl-3"/>
      </object_component>
      <object_component id="oc-166">
         <name>.text:SysCtlDelay</name>
         <load_address>0x634e</load_address>
         <run_address>0x634e</run_address>
         <size>0x6</size>
         <input_file_ref idref="fl-1b"/>
      </object_component>
      <object_component id="oc-370">
         <name>.text:UARTClockSourceSet</name>
         <load_address>0x6354</load_address>
         <run_address>0x6354</run_address>
         <size>0x6</size>
         <input_file_ref idref="fl-1e"/>
      </object_component>
      <object_component id="oc-2c3">
         <name>.text:I2CMasterControl</name>
         <load_address>0x635a</load_address>
         <run_address>0x635a</run_address>
         <size>0x4</size>
         <input_file_ref idref="fl-18"/>
      </object_component>
      <object_component id="oc-2cf">
         <name>.text:I2CMasterDataGet</name>
         <load_address>0x635e</load_address>
         <run_address>0x635e</run_address>
         <size>0x4</size>
         <input_file_ref idref="fl-18"/>
      </object_component>
      <object_component id="oc-2d8">
         <name>.text:I2CMasterDataPut</name>
         <load_address>0x6362</load_address>
         <run_address>0x6362</run_address>
         <size>0x4</size>
         <input_file_ref idref="fl-18"/>
      </object_component>
      <object_component id="oc-516">
         <name>.text:TimerIntClear</name>
         <load_address>0x6366</load_address>
         <run_address>0x6366</run_address>
         <size>0x4</size>
         <input_file_ref idref="fl-1d"/>
      </object_component>
      <object_component id="oc-b2">
         <name>.text:_system_pre_init</name>
         <load_address>0x636a</load_address>
         <run_address>0x636a</run_address>
         <size>0x4</size>
         <input_file_ref idref="fl-f3"/>
      </object_component>
      <object_component id="oc-194">
         <name>.text:abort:abort</name>
         <load_address>0x636e</load_address>
         <run_address>0x636e</run_address>
         <size>0x4</size>
         <input_file_ref idref="fl-f5"/>
      </object_component>
      <object_component id="oc-62c">
         <name>.const:.string:_ctypes_</name>
         <load_address>0x6378</load_address>
         <run_address>0x6378</run_address>
         <size>0x101</size>
         <input_file_ref idref="fl-fa"/>
      </object_component>
      <object_component id="oc-4d0">
         <name>.const:g_pui32GPIOBaseAddrs</name>
         <load_address>0x647c</load_address>
         <run_address>0x647c</run_address>
         <size>0x90</size>
         <input_file_ref idref="fl-17"/>
      </object_component>
      <object_component id="oc-221">
         <name>.const:g_pui32Xtals</name>
         <load_address>0x650c</load_address>
         <run_address>0x650c</run_address>
         <size>0x6c</size>
         <input_file_ref idref="fl-1b"/>
      </object_component>
      <object_component id="oc-60d">
         <name>.const:g_ppui32TimerIntMap</name>
         <load_address>0x6578</load_address>
         <run_address>0x6578</run_address>
         <size>0x60</size>
         <input_file_ref idref="fl-1d"/>
      </object_component>
      <object_component id="oc-610">
         <name>.const:g_ppui32TimerIntMapSnowflake</name>
         <load_address>0x65d8</load_address>
         <run_address>0x65d8</run_address>
         <size>0x40</size>
         <input_file_ref idref="fl-1d"/>
      </object_component>
      <object_component id="oc-5f5">
         <name>.const:g_ppui32UARTIntMap</name>
         <load_address>0x6618</load_address>
         <run_address>0x6618</run_address>
         <size>0x40</size>
         <input_file_ref idref="fl-1e"/>
      </object_component>
      <object_component id="oc-5f8">
         <name>.const:g_ppui32UARTIntMapSnowflake</name>
         <load_address>0x6658</load_address>
         <run_address>0x6658</run_address>
         <size>0x40</size>
         <input_file_ref idref="fl-1e"/>
      </object_component>
      <object_component id="oc-5ae">
         <name>.const:$O1$$</name>
         <load_address>0x6698</load_address>
         <run_address>0x6698</run_address>
         <size>0x30</size>
         <input_file_ref idref="fl-d6"/>
      </object_component>
      <object_component id="oc-5fc">
         <name>.const:g_pui32EnRegs</name>
         <load_address>0x66c8</load_address>
         <run_address>0x66c8</run_address>
         <size>0x14</size>
         <input_file_ref idref="fl-19"/>
      </object_component>
      <object_component id="oc-53d">
         <name>.const:.string</name>
         <load_address>0x66dc</load_address>
         <run_address>0x66dc</run_address>
         <size>0x12</size>
         <input_file_ref idref="fl-2"/>
      </object_component>
      <object_component id="oc-4f3">
         <name>.const:g_ui32UARTBase</name>
         <load_address>0x66f0</load_address>
         <run_address>0x66f0</run_address>
         <size>0xc</size>
         <input_file_ref idref="fl-2"/>
      </object_component>
      <object_component id="oc-4f9">
         <name>.const:g_ui32UARTInt</name>
         <load_address>0x66fc</load_address>
         <run_address>0x66fc</run_address>
         <size>0xc</size>
         <input_file_ref idref="fl-2"/>
      </object_component>
      <object_component id="oc-4f0">
         <name>.const:g_ui32UARTPeriph</name>
         <load_address>0x6708</load_address>
         <run_address>0x6708</run_address>
         <size>0xc</size>
         <input_file_ref idref="fl-2"/>
      </object_component>
      <object_component id="oc-54d">
         <name>.const:$P$T0$1</name>
         <load_address>0x6714</load_address>
         <run_address>0x6714</run_address>
         <size>0x8</size>
         <input_file_ref idref="fl-4"/>
      </object_component>
      <object_component id="oc-415">
         <name>.const</name>
         <load_address>0x671c</load_address>
         <run_address>0x671c</run_address>
         <size>0x4</size>
         <input_file_ref idref="fl-2"/>
      </object_component>
      <object_component id="oc-711">
         <name>.cinit..data.load</name>
         <load_address>0x6720</load_address>
         <run_address>0x6720</run_address>
         <size>0x17</size>
      </object_component>
      <object_component id="oc-70e">
         <name>__TI_handler_table</name>
         <load_address>0x6738</load_address>
         <run_address>0x6738</run_address>
         <size>0xc</size>
      </object_component>
      <object_component id="oc-712">
         <name>.cinit..bss.load</name>
         <load_address>0x6748</load_address>
         <run_address>0x6748</run_address>
         <size>0x8</size>
      </object_component>
      <object_component id="oc-710">
         <name>.cinit..vtable.load</name>
         <load_address>0x6750</load_address>
         <run_address>0x6750</run_address>
         <size>0x8</size>
      </object_component>
      <object_component id="oc-70f">
         <name>__TI_cinit_table</name>
         <load_address>0x6758</load_address>
         <run_address>0x6758</run_address>
         <size>0x18</size>
      </object_component>
      <object_component id="oc-5ed">
         <name>.vtable</name>
         <uninitialized>true</uninitialized>
         <run_address>0x20000000</run_address>
         <size>0x26c</size>
         <input_file_ref idref="fl-19"/>
      </object_component>
      <object_component id="oc-160">
         <name>.data</name>
         <load_address>0x200029a4</load_address>
         <run_address>0x200029a4</run_address>
         <size>0x2c</size>
         <input_file_ref idref="fl-2"/>
      </object_component>
      <object_component id="oc-241">
         <name>.data</name>
         <load_address>0x200029d4</load_address>
         <run_address>0x200029d4</run_address>
         <size>0x3</size>
         <input_file_ref idref="fl-6"/>
      </object_component>
      <object_component id="oc-24f">
         <name>.data</name>
         <load_address>0x200029d7</load_address>
         <run_address>0x200029d7</run_address>
         <size>0x1</size>
         <input_file_ref idref="fl-10"/>
      </object_component>
      <object_component id="oc-66f">
         <name>.data</name>
         <load_address>0x200029d0</load_address>
         <run_address>0x200029d0</run_address>
         <size>0x4</size>
         <input_file_ref idref="fl-ea"/>
      </object_component>
      <object_component id="oc-4f6">
         <name>.bss</name>
         <uninitialized>true</uninitialized>
         <run_address>0x20002980</run_address>
         <size>0x8</size>
         <input_file_ref idref="fl-2"/>
      </object_component>
      <object_component id="oc-533">
         <name>.bss:g_pcUARTTxBuffer</name>
         <uninitialized>true</uninitialized>
         <run_address>0x20002270</run_address>
         <size>0x400</size>
         <input_file_ref idref="fl-2"/>
      </object_component>
      <object_component id="oc-288">
         <name>.bss:g_pcUARTRxBuffer</name>
         <uninitialized>true</uninitialized>
         <run_address>0x200028c8</run_address>
         <size>0x80</size>
         <input_file_ref idref="fl-2"/>
      </object_component>
      <object_component id="oc-245">
         <name>.bss</name>
         <uninitialized>true</uninitialized>
         <run_address>0x20002988</run_address>
         <size>0x4</size>
         <input_file_ref idref="fl-6"/>
      </object_component>
      <object_component id="oc-21f">
         <name>.common:resetCause</name>
         <uninitialized>true</uninitialized>
         <run_address>0x20002998</run_address>
         <size>0x4</size>
      </object_component>
      <object_component id="oc-280">
         <name>.common:dev</name>
         <uninitialized>true</uninitialized>
         <run_address>0x200027f8</run_address>
         <size>0xd0</size>
      </object_component>
      <object_component id="oc-46f">
         <name>.common:Obmx160</name>
         <uninitialized>true</uninitialized>
         <run_address>0x2000298c</run_address>
         <size>0x4</size>
      </object_component>
      <object_component id="oc-246">
         <name>.common:buzDuration</name>
         <uninitialized>true</uninitialized>
         <run_address>0x2000299c</run_address>
         <size>0x2</size>
      </object_component>
      <object_component id="oc-242">
         <name>.common:count</name>
         <uninitialized>true</uninitialized>
         <run_address>0x2000299e</run_address>
         <size>0x2</size>
      </object_component>
      <object_component id="oc-247">
         <name>.common:pauseTime</name>
         <uninitialized>true</uninitialized>
         <run_address>0x200029a0</run_address>
         <size>0x2</size>
      </object_component>
      <object_component id="oc-236">
         <name>.common:g_uiSysFlags</name>
         <uninitialized>true</uninitialized>
         <run_address>0x20002994</run_address>
         <size>0x4</size>
      </object_component>
      <object_component id="oc-173">
         <name>.common:rx_data</name>
         <uninitialized>true</uninitialized>
         <run_address>0x20002670</run_address>
         <size>0x188</size>
      </object_component>
      <object_component id="oc-296">
         <name>.common:rx_text</name>
         <uninitialized>true</uninitialized>
         <run_address>0x20002948</run_address>
         <size>0x38</size>
      </object_component>
      <object_component id="oc-292">
         <name>.common:dutyOf</name>
         <uninitialized>true</uninitialized>
         <run_address>0x20002990</run_address>
         <size>0x4</size>
      </object_component>
      <object_component id="oc-25">
         <name>.sysmem</name>
         <uninitialized>true</uninitialized>
         <run_address>0x20001270</run_address>
         <size>0x10</size>
         <input_file_ref idref="fl-e9"/>
      </object_component>
      <object_component id="oc-715">
         <name>.sysmem</name>
         <uninitialized>true</uninitialized>
         <run_address>0x20001270</run_address>
         <size>0x0</size>
      </object_component>
      <object_component id="oc-28">
         <name>.stack</name>
         <uninitialized>true</uninitialized>
         <run_address>0x20000270</run_address>
         <size>0x4</size>
         <input_file_ref idref="fl-eb"/>
      </object_component>
      <object_component id="oc-714">
         <name>.stack</name>
         <uninitialized>true</uninitialized>
         <run_address>0x20000270</run_address>
         <size>0x0</size>
      </object_component>
      <object_component id="oc-e0">
         <name>.debug_info</name>
         <load_address>0x0</load_address>
         <run_address>0x0</run_address>
         <size>0x940</size>
         <input_file_ref idref="fl-2"/>
      </object_component>
      <object_component id="oc-4f7">
         <name>.debug_info</name>
         <load_address>0x940</load_address>
         <run_address>0x940</run_address>
         <size>0x142</size>
         <input_file_ref idref="fl-2"/>
      </object_component>
      <object_component id="oc-534">
         <name>.debug_info</name>
         <load_address>0xa82</load_address>
         <run_address>0xa82</run_address>
         <size>0x11c</size>
         <input_file_ref idref="fl-2"/>
      </object_component>
      <object_component id="oc-161">
         <name>.debug_info</name>
         <load_address>0xb9e</load_address>
         <run_address>0xb9e</run_address>
         <size>0x1fc</size>
         <input_file_ref idref="fl-2"/>
      </object_component>
      <object_component id="oc-289">
         <name>.debug_info</name>
         <load_address>0xd9a</load_address>
         <run_address>0xd9a</run_address>
         <size>0x11c</size>
         <input_file_ref idref="fl-2"/>
      </object_component>
      <object_component id="oc-416">
         <name>.debug_info</name>
         <load_address>0xeb6</load_address>
         <run_address>0xeb6</run_address>
         <size>0x10a</size>
         <input_file_ref idref="fl-2"/>
      </object_component>
      <object_component id="oc-4f4">
         <name>.debug_info</name>
         <load_address>0xfc0</load_address>
         <run_address>0xfc0</run_address>
         <size>0x118</size>
         <input_file_ref idref="fl-2"/>
      </object_component>
      <object_component id="oc-4fa">
         <name>.debug_info</name>
         <load_address>0x10d8</load_address>
         <run_address>0x10d8</run_address>
         <size>0x116</size>
         <input_file_ref idref="fl-2"/>
      </object_component>
      <object_component id="oc-4f1">
         <name>.debug_info</name>
         <load_address>0x11ee</load_address>
         <run_address>0x11ee</run_address>
         <size>0x11c</size>
         <input_file_ref idref="fl-2"/>
      </object_component>
      <object_component id="oc-528">
         <name>.debug_info</name>
         <load_address>0x130a</load_address>
         <run_address>0x130a</run_address>
         <size>0x271</size>
         <input_file_ref idref="fl-2"/>
      </object_component>
      <object_component id="oc-283">
         <name>.debug_info</name>
         <load_address>0x157b</load_address>
         <run_address>0x157b</run_address>
         <size>0x240</size>
         <input_file_ref idref="fl-2"/>
      </object_component>
      <object_component id="oc-52e">
         <name>.debug_info</name>
         <load_address>0x17bb</load_address>
         <run_address>0x17bb</run_address>
         <size>0x216</size>
         <input_file_ref idref="fl-2"/>
      </object_component>
      <object_component id="oc-377">
         <name>.debug_info</name>
         <load_address>0x19d1</load_address>
         <run_address>0x19d1</run_address>
         <size>0x2cd</size>
         <input_file_ref idref="fl-2"/>
      </object_component>
      <object_component id="oc-40b">
         <name>.debug_info</name>
         <load_address>0x1c9e</load_address>
         <run_address>0x1c9e</run_address>
         <size>0x275</size>
         <input_file_ref idref="fl-2"/>
      </object_component>
      <object_component id="oc-149">
         <name>.debug_info</name>
         <load_address>0x1f13</load_address>
         <run_address>0x1f13</run_address>
         <size>0x1ba</size>
         <input_file_ref idref="fl-2"/>
      </object_component>
      <object_component id="oc-22b">
         <name>.debug_info</name>
         <load_address>0x20cd</load_address>
         <run_address>0x20cd</run_address>
         <size>0x37a</size>
         <input_file_ref idref="fl-2"/>
      </object_component>
      <object_component id="oc-ff">
         <name>.debug_info</name>
         <load_address>0x2447</load_address>
         <run_address>0x2447</run_address>
         <size>0x1d5</size>
         <input_file_ref idref="fl-2"/>
      </object_component>
      <object_component id="oc-4e5">
         <name>.debug_info</name>
         <load_address>0x261c</load_address>
         <run_address>0x261c</run_address>
         <size>0x1ba</size>
         <input_file_ref idref="fl-2"/>
      </object_component>
      <object_component id="oc-4eb">
         <name>.debug_info</name>
         <load_address>0x27d6</load_address>
         <run_address>0x27d6</run_address>
         <size>0x201</size>
         <input_file_ref idref="fl-2"/>
      </object_component>
      <object_component id="oc-383">
         <name>.debug_info</name>
         <load_address>0x29d7</load_address>
         <run_address>0x29d7</run_address>
         <size>0x1c3</size>
         <input_file_ref idref="fl-2"/>
      </object_component>
      <object_component id="oc-163">
         <name>.debug_info</name>
         <load_address>0x2b9a</load_address>
         <run_address>0x2b9a</run_address>
         <size>0x2d2</size>
         <input_file_ref idref="fl-2"/>
      </object_component>
      <object_component id="oc-405">
         <name>.debug_info</name>
         <load_address>0x2e6c</load_address>
         <run_address>0x2e6c</run_address>
         <size>0x1b2</size>
         <input_file_ref idref="fl-2"/>
      </object_component>
      <object_component id="oc-f3">
         <name>.debug_info</name>
         <load_address>0x301e</load_address>
         <run_address>0x301e</run_address>
         <size>0x213</size>
         <input_file_ref idref="fl-2"/>
      </object_component>
      <object_component id="oc-b9">
         <name>.debug_info</name>
         <load_address>0x3231</load_address>
         <run_address>0x3231</run_address>
         <size>0x9fb</size>
         <input_file_ref idref="fl-2"/>
      </object_component>
      <object_component id="oc-1d4">
         <name>.debug_info</name>
         <load_address>0x3c2c</load_address>
         <run_address>0x3c2c</run_address>
         <size>0xcf7</size>
         <input_file_ref idref="fl-2"/>
      </object_component>
      <object_component id="oc-1de">
         <name>.debug_info</name>
         <load_address>0x4923</load_address>
         <run_address>0x4923</run_address>
         <size>0x171</size>
         <input_file_ref idref="fl-2"/>
      </object_component>
      <object_component id="oc-8d">
         <name>.debug_info</name>
         <load_address>0x4a94</load_address>
         <run_address>0x4a94</run_address>
         <size>0x26b</size>
         <input_file_ref idref="fl-2"/>
      </object_component>
      <object_component id="oc-461">
         <name>.debug_info</name>
         <load_address>0x4cff</load_address>
         <run_address>0x4cff</run_address>
         <size>0xf7</size>
         <input_file_ref idref="fl-2"/>
      </object_component>
      <object_component id="oc-db">
         <name>.debug_info</name>
         <load_address>0x4df6</load_address>
         <run_address>0x4df6</run_address>
         <size>0x8b</size>
         <input_file_ref idref="fl-2"/>
      </object_component>
      <object_component id="oc-1d9">
         <name>.debug_info</name>
         <load_address>0x4e81</load_address>
         <run_address>0x4e81</run_address>
         <size>0x960</size>
         <input_file_ref idref="fl-2"/>
      </object_component>
      <object_component id="oc-d6">
         <name>.debug_info</name>
         <load_address>0x57e1</load_address>
         <run_address>0x57e1</run_address>
         <size>0x2a4</size>
         <input_file_ref idref="fl-2"/>
      </object_component>
      <object_component id="oc-92">
         <name>.debug_info</name>
         <load_address>0x5a85</load_address>
         <run_address>0x5a85</run_address>
         <size>0xbb</size>
         <input_file_ref idref="fl-2"/>
      </object_component>
      <object_component id="oc-5c5">
         <name>.debug_info</name>
         <load_address>0x5b40</load_address>
         <run_address>0x5b40</run_address>
         <size>0xcc</size>
         <input_file_ref idref="fl-2"/>
      </object_component>
      <object_component id="oc-231">
         <name>.debug_info</name>
         <load_address>0x5c0c</load_address>
         <run_address>0x5c0c</run_address>
         <size>0x2c</size>
         <input_file_ref idref="fl-2"/>
      </object_component>
      <object_component id="oc-45">
         <name>.debug_info</name>
         <load_address>0x5c38</load_address>
         <run_address>0x5c38</run_address>
         <size>0x2dd</size>
         <input_file_ref idref="fl-3"/>
      </object_component>
      <object_component id="oc-14">
         <name>.debug_info</name>
         <load_address>0x5f15</load_address>
         <run_address>0x5f15</run_address>
         <size>0x11c</size>
         <input_file_ref idref="fl-3"/>
      </object_component>
      <object_component id="oc-2e">
         <name>.debug_info</name>
         <load_address>0x6031</load_address>
         <run_address>0x6031</run_address>
         <size>0x14c</size>
         <input_file_ref idref="fl-3"/>
      </object_component>
      <object_component id="oc-34">
         <name>.debug_info</name>
         <load_address>0x617d</load_address>
         <run_address>0x617d</run_address>
         <size>0x13b</size>
         <input_file_ref idref="fl-3"/>
      </object_component>
      <object_component id="oc-38">
         <name>.debug_info</name>
         <load_address>0x62b8</load_address>
         <run_address>0x62b8</run_address>
         <size>0x143</size>
         <input_file_ref idref="fl-3"/>
      </object_component>
      <object_component id="oc-3f">
         <name>.debug_info</name>
         <load_address>0x63fb</load_address>
         <run_address>0x63fb</run_address>
         <size>0x155</size>
         <input_file_ref idref="fl-3"/>
[...]
      <symbol id="sm-551">
         <name>rx_data</name>
         <value>0x20002670</value>
      </symbol>
      <symbol id="sm-552">
         <name>rx_text</name>
         <value>0x20002948</value>
      </symbol>
      <symbol id="sm-553">
         <name>OrangeRX_showActData</name>
         <value>0x3c59</value>
         <object_component_ref idref="oc-154"/>
      </symbol>
      <symbol id="sm-554">
         <name>OrangeRX_Init</name>
         <value>0x2031</value>
         <object_component_ref idref="oc-213"/>
      </symbol>
      <symbol id="sm-555">
         <name>frameGapChNo</name>
         <value>0x200029d7</value>
         <object_component_ref idref="oc-24f"/>
      </symbol>
      <symbol id="sm-556">
         <name>OrangeRX_extractData</name>
         <value>0x419d</value>
         <object_component_ref idref="oc-188"/>
      </symbol>
      <symbol id="sm-557">
         <name>OrangeRX_IntHandler</name>
         <value>0x5fc5</value>
         <object_component_ref idref="oc-3bf"/>
      </symbol>
      <symbol id="sm-558">
         <name>OrangeRX_receivedChannelReorganizer</name>
         <value>0x4671</value>
         <object_component_ref idref="oc-130"/>
      </symbol>
      <symbol id="sm-596">
         <name>dutyOf</name>
         <value>0x20002990</value>
      </symbol>
      <symbol id="sm-597">
         <name>Motor_setDuty</name>
         <value>0x27e5</value>
         <object_component_ref idref="oc-14e"/>
      </symbol>
      <symbol id="sm-598">
         <name>PWM_Init</name>
         <value>0x30f5</value>
         <object_component_ref idref="oc-219"/>
      </symbol>
      <symbol id="sm-60e">
         <name>GPIOPinTypePWM</name>
         <value>0x612d</value>
         <object_component_ref idref="oc-3cc"/>
      </symbol>
      <symbol id="sm-60f">
         <name>GPIOPinConfigure</name>
         <value>0x574d</value>
         <object_component_ref idref="oc-35e"/>
      </symbol>
      <symbol id="sm-610">
         <name>GPIOPinTypeUART</name>
         <value>0x6159</value>
         <object_component_ref idref="oc-364"/>
      </symbol>
      <symbol id="sm-611">
         <name>GPIOPinTypeGPIOOutput</name>
         <value>0x6099</value>
         <object_component_ref idref="oc-34a"/>
      </symbol>
      <symbol id="sm-612">
         <name>GPIOPinRead</name>
         <value>0x633d</value>
         <object_component_ref idref="oc-2df"/>
      </symbol>
      <symbol id="sm-613">
         <name>GPIODirModeSet</name>
         <value>0x5eb1</value>
         <object_component_ref idref="oc-351"/>
      </symbol>
      <symbol id="sm-614">
         <name>GPIOPinWrite</name>
         <value>0x6343</value>
         <object_component_ref idref="oc-41b"/>
      </symbol>
      <symbol id="sm-615">
         <name>GPIOPadConfigSet</name>
         <value>0x3269</value>
         <object_component_ref idref="oc-357"/>
      </symbol>
      <symbol id="sm-616">
         <name>GPIOPinTypeTimer</name>
         <value>0x6143</value>
         <object_component_ref idref="oc-38f"/>
      </symbol>
      <symbol id="sm-64d">
         <name>I2CMasterDataPut</name>
         <value>0x6363</value>
         <object_component_ref idref="oc-2d8"/>
      </symbol>
      <symbol id="sm-64e">
         <name>I2CMasterSlaveAddrSet</name>
         <value>0x631d</value>
         <object_component_ref idref="oc-2bd"/>
      </symbol>
      <symbol id="sm-64f">
         <name>I2CMasterDataGet</name>
         <value>0x635f</value>
         <object_component_ref idref="oc-2cf"/>
      </symbol>
      <symbol id="sm-650">
         <name>I2CMasterErr</name>
         <value>0x616f</value>
         <object_component_ref idref="oc-5ca"/>
      </symbol>
      <symbol id="sm-651">
         <name>I2CMasterControl</name>
         <value>0x635b</value>
         <object_component_ref idref="oc-2c3"/>
      </symbol>
      <symbol id="sm-652">
         <name>I2CMasterBusy</name>
         <value>0x6315</value>
         <object_component_ref idref="oc-2c9"/>
      </symbol>
      <symbol id="sm-683">
         <name>IntEnable</name>
         <value>0x5275</value>
         <object_component_ref idref="oc-4db"/>
      </symbol>
      <symbol id="sm-684">
         <name>IntRegister</name>
         <value>0x5ce9</value>
         <object_component_ref idref="oc-4bb"/>
      </symbol>
      <symbol id="sm-685">
         <name>g_pfnRAMVectors</name>
         <value>0x20000000</value>
         <object_component_ref idref="oc-5ed"/>
      </symbol>
      <symbol id="sm-6c2">
         <name>PWMGenPeriodSet</name>
         <value>0x626f</value>
         <object_component_ref idref="oc-3d8"/>
      </symbol>
      <symbol id="sm-6c3">
         <name>PWMPulseWidthSet</name>
         <value>0x6043</value>
         <object_component_ref idref="oc-28c"/>
      </symbol>
      <symbol id="sm-6c4">
         <name>PWMGenPeriodGet</name>
         <value>0x6215</value>
         <object_component_ref idref="oc-3f0"/>
      </symbol>
      <symbol id="sm-6c5">
         <name>PWMOutputState</name>
         <value>0x6227</value>
         <object_component_ref idref="oc-3de"/>
      </symbol>
      <symbol id="sm-6c6">
         <name>PWMGenEnable</name>
         <value>0x62bd</value>
         <object_component_ref idref="oc-3e4"/>
      </symbol>
      <symbol id="sm-6c7">
         <name>PWMGenConfigure</name>
         <value>0x5fa1</value>
         <object_component_ref idref="oc-3d2"/>
      </symbol>
      <symbol id="sm-6c8">
         <name>PWMPulseWidthGet</name>
         <value>0x6025</value>
         <object_component_ref idref="oc-3f6"/>
      </symbol>
      <symbol id="sm-74e">
         <name>SysCtlClockSet</name>
         <value>0x448d</value>
         <object_component_ref idref="oc-317"/>
      </symbol>
      <symbol id="sm-74f">
         <name>SysCtlResetCauseGet</name>
         <value>0x62c9</value>
         <object_component_ref idref="oc-1e3"/>
      </symbol>
      <symbol id="sm-750">
         <name>SysCtlPWMClockGet</name>
         <value>0x60cd</value>
         <object_component_ref idref="oc-3ea"/>
      </symbol>
      <symbol id="sm-751">
         <name>SysCtlDelay</name>
         <value>0x634f</value>
         <object_component_ref idref="oc-166"/>
      </symbol>
      <symbol id="sm-752">
         <name>SysCtlPeripheralEnable</name>
         <value>0x5d51</value>
         <object_component_ref idref="oc-33e"/>
      </symbol>
      <symbol id="sm-753">
         <name>SysCtlClockGet</name>
         <value>0x3b41</value>
         <object_component_ref idref="oc-f8"/>
      </symbol>
      <symbol id="sm-754">
         <name>SysCtlPWMClockSet</name>
         <value>0x61b1</value>
         <object_component_ref idref="oc-3c6"/>
      </symbol>
      <symbol id="sm-755">
         <name>SysCtlPeripheralReady</name>
         <value>0x5b99</value>
         <object_component_ref idref="oc-344"/>
      </symbol>
      <symbol id="sm-756">
         <name>SysCtlResetCauseClear</name>
         <value>0x61c5</value>
         <object_component_ref idref="oc-1e9"/>
      </symbol>
      <symbol id="sm-783">
         <name>SysTickEnable</name>
         <value>0x61d9</value>
         <object_component_ref idref="oc-330"/>
      </symbol>
      <symbol id="sm-784">
         <name>SysTickIntRegister</name>
         <value>0x6061</value>
         <object_component_ref idref="oc-324"/>
      </symbol>
      <symbol id="sm-785">
         <name>SysTickIntEnable</name>
         <value>0x61ed</value>
         <object_component_ref idref="oc-32a"/>
      </symbol>
      <symbol id="sm-786">
         <name>SysTickPeriodSet</name>
         <value>0x6291</value>
         <object_component_ref idref="oc-31e"/>
      </symbol>
      <symbol id="sm-7f9">
         <name>TimerMatchSet</name>
         <value>0x624b</value>
         <object_component_ref idref="oc-3a1"/>
      </symbol>
      <symbol id="sm-7fa">
         <name>TimerLoadSet</name>
         <value>0x6239</value>
         <object_component_ref idref="oc-39b"/>
      </symbol>
      <symbol id="sm-7fb">
         <name>TimerIntRegister</name>
         <value>0x60e5</value>
         <object_component_ref idref="oc-3ad"/>
      </symbol>
      <symbol id="sm-7fc">
         <name>TimerEnable</name>
         <value>0x62a1</value>
         <object_component_ref idref="oc-3b9"/>
      </symbol>
      <symbol id="sm-7fd">
         <name>TimerValueGet</name>
         <value>0x62f7</value>
         <object_component_ref idref="oc-116"/>
      </symbol>
      <symbol id="sm-7fe">
         <name>TimerIntEnable</name>
         <value>0x6325</value>
         <object_component_ref idref="oc-3b3"/>
      </symbol>
      <symbol id="sm-7ff">
         <name>TimerConfigure</name>
         <value>0x559d</value>
         <object_component_ref idref="oc-395"/>
      </symbol>
      <symbol id="sm-800">
         <name>TimerControlEvent</name>
         <value>0x6185</value>
         <object_component_ref idref="oc-3a7"/>
      </symbol>
      <symbol id="sm-801">
         <name>TimerIntClear</name>
         <value>0x6367</value>
         <object_component_ref idref="oc-516"/>
      </symbol>
      <symbol id="sm-845">
         <name>UARTIntEnable</name>
         <value>0x632d</value>
         <object_component_ref idref="oc-37c"/>
      </symbol>
      <symbol id="sm-846">
         <name>UARTClockSourceSet</name>
         <value>0x6355</value>
         <object_component_ref idref="oc-370"/>
      </symbol>
      <symbol id="sm-847">
         <name>UARTIntStatus</name>
         <value>0x6301</value>
         <object_component_ref idref="oc-4ff"/>
      </symbol>
      <symbol id="sm-848">
         <name>UARTIntRegister</name>
         <value>0x60fd</value>
         <object_component_ref idref="oc-36a"/>
      </symbol>
      <symbol id="sm-870">
         <name>sprintf</name>
         <value>0x5a65</value>
         <object_component_ref idref="oc-25e"/>
      </symbol>
      <symbol id="sm-906">
         <name>pow</name>
         <value>0xcbd</value>
         <object_component_ref idref="oc-44f"/>
      </symbol>
      <symbol id="sm-907">
         <name>powl</name>
         <value>0xcbd</value>
         <object_component_ref idref="oc-44f"/>
      </symbol>
      <symbol id="sm-929">
         <name>sqrtl</name>
         <value>0x33d5</value>
         <object_component_ref idref="oc-5a3"/>
      </symbol>
      <symbol id="sm-92a">
         <name>sqrt</name>
         <value>0x33d5</value>
         <object_component_ref idref="oc-5a3"/>
      </symbol>
      <symbol id="sm-947">
         <name>floorl</name>
         <value>0x4395</value>
         <object_component_ref idref="oc-2ec"/>
      </symbol>
      <symbol id="sm-948">
         <name>floor</name>
         <value>0x4395</value>
         <object_component_ref idref="oc-2ec"/>
      </symbol>
      <symbol id="sm-96f">
         <name>scalbn</name>
         <value>0x3e81</value>
         <object_component_ref idref="oc-5b1"/>
      </symbol>
      <symbol id="sm-970">
         <name>scalbnl</name>
         <value>0x3e81</value>
         <object_component_ref idref="oc-5b1"/>
      </symbol>
      <symbol id="sm-971">
         <name>ldexpl</name>
         <value>0x3e81</value>
         <object_component_ref idref="oc-5b1"/>
      </symbol>
      <symbol id="sm-972">
         <name>ldexp</name>
         <value>0x3e81</value>
         <object_component_ref idref="oc-5b1"/>
      </symbol>
      <symbol id="sm-989">
         <name>__aeabi_dsub</name>
         <value>0x2db5</value>
         <object_component_ref idref="oc-126"/>
      </symbol>
      <symbol id="sm-98a">
         <name>__aeabi_dadd</name>
         <value>0x2dbf</value>
         <object_component_ref idref="oc-126"/>
      </symbol>
      <symbol id="sm-9ac">
         <name>__aeabi_cdcmpeq</name>
         <value>0x4c61</value>
         <object_component_ref idref="oc-564"/>
      </symbol>
      <symbol id="sm-9ad">
         <name>__aeabi_cdcmple</name>
         <value>0x4c61</value>
         <object_component_ref idref="oc-564"/>
      </symbol>
      <symbol id="sm-9ae">
         <name>__aeabi_cdrcmple</name>
         <value>0x4ce7</value>
         <object_component_ref idref="oc-12b"/>
      </symbol>
      <symbol id="sm-9c2">
         <name>__aeabi_ddiv</name>
         <value>0x38e5</value>
         <object_component_ref idref="oc-121"/>
      </symbol>
      <symbol id="sm-9cd">
         <name>__aeabi_dmul</name>
         <value>0x4299</value>
         <object_component_ref idref="oc-2e7"/>
      </symbol>
      <symbol id="sm-9d7">
         <name>__aeabi_d2iz</name>
         <value>0x5915</value>
         <object_component_ref idref="oc-18e"/>
      </symbol>
      <symbol id="sm-9e3">
         <name>__aeabi_d2f</name>
         <value>0x512d</value>
         <object_component_ref idref="oc-433"/>
      </symbol>
      <symbol id="sm-9ee">
         <name>__aeabi_f2d</name>
         <value>0x5c79</value>
         <object_component_ref idref="oc-259"/>
      </symbol>
      <symbol id="sm-9f8">
         <name>__aeabi_i2d</name>
         <value>0x5e55</value>
         <object_component_ref idref="oc-5a9"/>
      </symbol>
      <symbol id="sm-a13">
         <name>memcpy</name>
         <value>0x497f</value>
         <object_component_ref idref="oc-51"/>
      </symbol>
      <symbol id="sm-a14">
         <name>__aeabi_memcpy</name>
         <value>0x497f</value>
         <object_component_ref idref="oc-51"/>
      </symbol>
      <symbol id="sm-a15">
         <name>__aeabi_memcpy8</name>
         <value>0x497f</value>
         <object_component_ref idref="oc-51"/>
      </symbol>
      <symbol id="sm-a16">
         <name>__aeabi_memcpy4</name>
         <value>0x497f</value>
         <object_component_ref idref="oc-51"/>
      </symbol>
      <symbol id="sm-a20">
         <name>__aeabi_ui2d</name>
         <value>0x6005</value>
         <object_component_ref idref="oc-11c"/>
      </symbol>
      <symbol id="sm-a2f">
         <name>__aeabi_uidivmod</name>
         <value>0x5a25</value>
         <object_component_ref idref="oc-410"/>
      </symbol>
      <symbol id="sm-a30">
         <name>__aeabi_uidiv</name>
         <value>0x5a25</value>
         <object_component_ref idref="oc-410"/>
      </symbol>
      <symbol id="sm-a3f">
         <name>__aeabi_memset</name>
         <value>0x4eef</value>
         <object_component_ref idref="oc-ac"/>
      </symbol>
      <symbol id="sm-a40">
         <name>memset</name>
         <value>0x4ef5</value>
         <object_component_ref idref="oc-ac"/>
      </symbol>
      <symbol id="sm-a41">
         <name>__aeabi_memset8</name>
         <value>0x4eef</value>
         <object_component_ref idref="oc-ac"/>
      </symbol>
      <symbol id="sm-a42">
         <name>__aeabi_memset4</name>
         <value>0x4eef</value>
         <object_component_ref idref="oc-ac"/>
      </symbol>
      <symbol id="sm-a43">
         <name>__aeabi_memclr8</name>
         <value>0x4eed</value>
         <object_component_ref idref="oc-ac"/>
      </symbol>
      <symbol id="sm-a44">
         <name>__aeabi_memclr4</name>
         <value>0x4eed</value>
         <object_component_ref idref="oc-ac"/>
      </symbol>
      <symbol id="sm-a45">
         <name>__aeabi_memclr</name>
         <value>0x4eed</value>
         <object_component_ref idref="oc-ac"/>
      </symbol>
      <symbol id="sm-a5c">
         <name>__TI_zero_init</name>
         <value>0x62e1</value>
         <object_component_ref idref="oc-63"/>
      </symbol>
      <symbol id="sm-a73">
         <name>__TI_decompress_none</name>
         <value>0x62af</value>
         <object_component_ref idref="oc-1c"/>
      </symbol>
      <symbol id="sm-a96">
         <name>__TI_decompress_lzss</name>
         <value>0x52dd</value>
         <object_component_ref idref="oc-16"/>
      </symbol>
      <symbol id="sm-aab">
         <name>_sys_memory</name>
         <value>0x20001270</value>
         <object_component_ref idref="oc-25"/>
      </symbol>
      <symbol id="sm-ac1">
         <name>__aeabi_errno_addr</name>
         <value>0x6335</value>
         <object_component_ref idref="oc-58d"/>
      </symbol>
      <symbol id="sm-ac2">
         <name>errno</name>
         <value>0x200029d0</value>
         <object_component_ref idref="oc-66f"/>
      </symbol>
      <symbol id="sm-ad5">
         <name>__stack</name>
         <value>0x20000270</value>
         <object_component_ref idref="oc-28"/>
      </symbol>
      <symbol id="sm-ad6">
         <name>_c_int00_noargs</name>
         <value>0x5e21</value>
         <object_component_ref idref="oc-6f"/>
      </symbol>
      <symbol id="sm-c3b">
         <name>__TI_printfi</name>
         <value>0x26d</value>
         <object_component_ref idref="oc-43a"/>
      </symbol>
      <symbol id="sm-c45">
         <name>copysign</name>
         <value>0x60b3</value>
         <object_component_ref idref="oc-68a"/>
      </symbol>
      <symbol id="sm-c46">
         <name>copysignl</name>
         <value>0x60b3</value>
         <object_component_ref idref="oc-68a"/>
      </symbol>
      <symbol id="sm-c5c">
         <name>frexpl</name>
         <value>0x53ad</value>
         <object_component_ref idref="oc-659"/>
      </symbol>
      <symbol id="sm-c5d">
         <name>frexp</name>
         <value>0x53ad</value>
         <object_component_ref idref="oc-659"/>
      </symbol>
      <symbol id="sm-c76">
         <name>wcslen</name>
         <value>0x625d</value>
         <object_component_ref idref="oc-587"/>
      </symbol>
      <symbol id="sm-c80">
         <name>__aeabi_idiv0</name>
         <value>0x3a1b</value>
         <object_component_ref idref="oc-537"/>
      </symbol>
      <symbol id="sm-c81">
         <name>__aeabi_ldiv0</name>
         <value>0x3a1b</value>
         <object_component_ref idref="oc-537"/>
      </symbol>
      <symbol id="sm-c8e">
         <name>__aeabi_uldivmod</name>
         <value>0x4a1b</value>
         <object_component_ref idref="oc-631"/>
      </symbol>
      <symbol id="sm-cb6">
         <name>__TI_auto_init_nobinit_nopinit</name>
         <value>0x595d</value>
         <object_component_ref idref="oc-1a0"/>
      </symbol>
      <symbol id="sm-cc0">
         <name>_system_pre_init</name>
         <value>0x636b</value>
         <object_component_ref idref="oc-b2"/>
      </symbol>
      <symbol id="sm-ccc">
         <name>C$$EXIT</name>
         <value>0x636f</value>
         <object_component_ref idref="oc-194"/>
      </symbol>
      <symbol id="sm-ccd">
         <name>abort</name>
         <value>0x636f</value>
         <object_component_ref idref="oc-194"/>
      </symbol>
      <symbol id="sm-cdd">
         <name>__TI_ltoa</name>
         <value>0x5653</value>
         <object_component_ref idref="oc-638"/>
      </symbol>
      <symbol id="sm-cf4">
         <name>atoi</name>
         <value>0x58c9</value>
         <object_component_ref idref="oc-558"/>
      </symbol>
      <symbol id="sm-cff">
         <name>_ctypes_</name>
         <value>0x6378</value>
         <object_component_ref idref="oc-62c"/>
      </symbol>
      <symbol id="sm-d0f">
         <name>memccpy</name>
         <value>0x607d</value>
         <object_component_ref idref="oc-581"/>
      </symbol>
      <symbol id="sm-d1f">
         <name>strchr</name>
         <value>0x619b</value>
         <object_component_ref idref="oc-65f"/>
      </symbol>
      <symbol id="sm-d2d">
         <name>strlen</name>
         <value>0x6201</value>
         <object_component_ref idref="oc-552"/>
      </symbol>
      <symbol id="sm-d2e">
         <name>__TI_static_base__</name>
         <value>0x0</value>
      </symbol>
      <symbol id="sm-d31">
         <name>__mpu_init</name>
         <value>0x0</value>
      </symbol>
      <symbol id="sm-d32">
         <name>_system_post_cinit</name>
         <value>0x0</value>
      </symbol>
   </symbol_table>
   <title>Link successful</title>
</link_info>
