<?xml version="1.0" encoding="ISO-8859-1" ?>
<link_info>
   <banner>TI ARM Linker PC v20.2.5.LTS</banner>
   <copyright>Copyright (c) 1996-2018 Texas Instruments Incorporated</copyright>
   <link_time>0x623c661d</link_time>
   <link_errors>0x0</link_errors>
   <output_file>DroneProject.out</output_file>
   <entry_point>
      <name>_c_int00_noargs</name>
      <address>0xa651</address>
   </entry_point>
   <input_file_list>
      <input_file id="fl-2">
         <path>.\</path>
         <kind>object</kind>
         <file>main.obj</file>
         <name>main.obj</name>
      </input_file>
      <input_file id="fl-3">
         <path>.\</path>
         <kind>object</kind>
         <file>startup_ccs.obj</file>
         <name>startup_ccs.obj</name>
      </input_file>
      <input_file id="fl-4">
         <path>.\local_Include\BMP388\</path>
         <kind>object</kind>
         <file>BMP388.obj</file>
         <name>BMP388.obj</name>
      </input_file>
      <input_file id="fl-5">
         <path>.\local_Include\BMX160\</path>
         <kind>object</kind>
         <file>BMX160.obj</file>
         <name>BMX160.obj</name>
      </input_file>
      <input_file id="fl-6">
         <path>.\local_Include\BUZZER\</path>
         <kind>object</kind>
         <file>buzzer.obj</file>
         <name>buzzer.obj</name>
      </input_file>
      <input_file id="fl-7">
         <path>.\local_Include\</path>
         <kind>object</kind>
         <file>MPU9250.obj</file>
         <name>MPU9250.obj</name>
      </input_file>
      <input_file id="fl-8">
         <path>.\local_Include\</path>
         <kind>object</kind>
         <file>SampleTemplate.obj</file>
         <name>SampleTemplate.obj</name>
      </input_file>
      <input_file id="fl-9">
         <path>.\local_Include\</path>
         <kind>object</kind>
         <file>SysFlag.obj</file>
         <name>SysFlag.obj</name>
      </input_file>
      <input_file id="fl-a">
         <path>.\local_Include\</path>
         <kind>object</kind>
         <file>SysTick.obj</file>
         <name>SysTick.obj</name>
      </input_file>
      <input_file id="fl-b">
         <path>.\local_Include\</path>
         <kind>object</kind>
         <file>i2c.obj</file>
         <name>i2c.obj</name>
      </input_file>
      <input_file id="fl-c">
         <path>.\local_Include\</path>
         <kind>object</kind>
         <file>led.obj</file>
         <name>led.obj</name>
      </input_file>
      <input_file id="fl-d">
         <path>.\local_Include\</path>
         <kind>object</kind>
         <file>onBoardSwitch.obj</file>
         <name>onBoardSwitch.obj</name>
      </input_file>
      <input_file id="fl-e">
         <path>.\local_Include\</path>
         <kind>object</kind>
         <file>sysclk.obj</file>
         <name>sysclk.obj</name>
      </input_file>
      <input_file id="fl-f">
         <path>.\local_Include\</path>
         <kind>object</kind>
         <file>uart.obj</file>
         <name>uart.obj</name>
      </input_file>
      <input_file id="fl-10">
         <path>.\local_Include\MotorControl\</path>
         <kind>object</kind>
         <file>MotorControl.obj</file>
         <name>MotorControl.obj</name>
      </input_file>
      <input_file id="fl-11">
         <path>.\local_Include\OrangeRX\</path>
         <kind>object</kind>
         <file>OrangeRX.obj</file>
         <name>OrangeRX.obj</name>
      </input_file>
      <input_file id="fl-12">
         <path>.\local_Include\PID\</path>
         <kind>object</kind>
         <file>PID.obj</file>
         <name>PID.obj</name>
      </input_file>
      <input_file id="fl-13">
         <path>.\local_Include\PWM\</path>
         <kind>object</kind>
         <file>PWM.obj</file>
         <name>PWM.obj</name>
      </input_file>
      <input_file id="fl-14">
         <path>.\local_Include\SONAR\</path>
         <kind>object</kind>
         <file>SONAR.obj</file>
         <name>SONAR.obj</name>
      </input_file>
      <input_file id="fl-15">
         <path>.\local_Include\SystemAttitude\</path>
         <kind>object</kind>
         <file>LPF.obj</file>
         <name>LPF.obj</name>
      </input_file>
      <input_file id="fl-1a">
         <kind>object</kind>
         <file>&lt;internal&gt;</file>
         <name>&lt;internal&gt;</name>
      </input_file>
      <input_file id="fl-1b">
         <path>C:\ti\TivaWare_C_Series-2.2.0.295\driverlib\ccs\Debug\</path>
         <kind>archive</kind>
         <file>driverlib.lib</file>
         <name>gpio.obj</name>
      </input_file>
      <input_file id="fl-1c">
         <path>C:\ti\TivaWare_C_Series-2.2.0.295\driverlib\ccs\Debug\</path>
         <kind>archive</kind>
         <file>driverlib.lib</file>
         <name>i2c.obj</name>
      </input_file>
      <input_file id="fl-1d">
         <path>C:\ti\TivaWare_C_Series-2.2.0.295\driverlib\ccs\Debug\</path>
         <kind>archive</kind>
         <file>driverlib.lib</file>
         <name>interrupt.obj</name>
      </input_file>
      <input_file id="fl-1e">
         <path>C:\ti\TivaWare_C_Series-2.2.0.295\driverlib\ccs\Debug\</path>
         <kind>archive</kind>
         <file>driverlib.lib</file>
         <name>pwm.obj</name>
      </input_file>
      <input_file id="fl-1f">
         <path>C:\ti\TivaWare_C_Series-2.2.0.295\driverlib\ccs\Debug\</path>
         <kind>archive</kind>
         <file>driverlib.lib</file>
         <name>sysctl.obj</name>
      </input_file>
      <input_file id="fl-20">
         <path>C:\ti\TivaWare_C_Series-2.2.0.295\driverlib\ccs\Debug\</path>
         <kind>archive</kind>
         <file>driverlib.lib</file>
         <name>systick.obj</name>
      </input_file>
      <input_file id="fl-21">
         <path>C:\ti\TivaWare_C_Series-2.2.0.295\driverlib\ccs\Debug\</path>
         <kind>archive</kind>
         <file>driverlib.lib</file>
         <name>timer.obj</name>
      </input_file>
      <input_file id="fl-22">
         <path>C:\ti\TivaWare_C_Series-2.2.0.295\driverlib\ccs\Debug\</path>
         <kind>archive</kind>
         <file>driverlib.lib</file>
         <name>uart.obj</name>
      </input_file>
      <input_file id="fl-23">
         <path>C:\ti\TivaWare_C_Series-2.2.0.295\driverlib\ccs\Debug\</path>
         <kind>archive</kind>
         <file>driverlib.lib</file>
         <name>cpu.obj</name>
      </input_file>
      <input_file id="fl-d9">
         <path>C:\ti\ccs1040\ccs\tools\compiler\ti-cgt-arm_20.2.5.LTS\lib\</path>
         <kind>archive</kind>
         <file>rtsv7M4_T_le_v4SPD16_eabi.lib</file>
         <name>sprintf.c.obj</name>
      </input_file>
      <input_file id="fl-da">
         <path>C:\ti\ccs1040\ccs\tools\compiler\ti-cgt-arm_20.2.5.LTS\lib\</path>
         <kind>archive</kind>
         <file>rtsv7M4_T_le_v4SPD16_eabi.lib</file>
         <name>e_acos.c.obj</name>
      </input_file>
      <input_file id="fl-db">
         <path>C:\ti\ccs1040\ccs\tools\compiler\ti-cgt-arm_20.2.5.LTS\lib\</path>
         <kind>archive</kind>
         <file>rtsv7M4_T_le_v4SPD16_eabi.lib</file>
         <name>e_pow.c.obj</name>
      </input_file>
      <input_file id="fl-dc">
         <path>C:\ti\ccs1040\ccs\tools\compiler\ti-cgt-arm_20.2.5.LTS\lib\</path>
         <kind>archive</kind>
         <file>rtsv7M4_T_le_v4SPD16_eabi.lib</file>
         <name>e_sqrt.c.obj</name>
      </input_file>
      <input_file id="fl-dd">
         <path>C:\ti\ccs1040\ccs\tools\compiler\ti-cgt-arm_20.2.5.LTS\lib\</path>
         <kind>archive</kind>
         <file>rtsv7M4_T_le_v4SPD16_eabi.lib</file>
         <name>s_atan.c.obj</name>
      </input_file>
      <input_file id="fl-de">
         <path>C:\ti\ccs1040\ccs\tools\compiler\ti-cgt-arm_20.2.5.LTS\lib\</path>
         <kind>archive</kind>
         <file>rtsv7M4_T_le_v4SPD16_eabi.lib</file>
         <name>s_round.c.obj</name>
      </input_file>
      <input_file id="fl-df">
         <path>C:\ti\ccs1040\ccs\tools\compiler\ti-cgt-arm_20.2.5.LTS\lib\</path>
         <kind>archive</kind>
         <file>rtsv7M4_T_le_v4SPD16_eabi.lib</file>
         <name>s_scalbn.c.obj</name>
      </input_file>
      <input_file id="fl-e0">
         <path>C:\ti\ccs1040\ccs\tools\compiler\ti-cgt-arm_20.2.5.LTS\lib\</path>
         <kind>archive</kind>
         <file>rtsv7M4_T_le_v4SPD16_eabi.lib</file>
         <name>s_trunc.c.obj</name>
      </input_file>
      <input_file id="fl-e1">
         <path>C:\ti\ccs1040\ccs\tools\compiler\ti-cgt-arm_20.2.5.LTS\lib\</path>
         <kind>archive</kind>
         <file>rtsv7M4_T_le_v4SPD16_eabi.lib</file>
         <name>e_asinf.c.obj</name>
      </input_file>
      <input_file id="fl-e2">
         <path>C:\ti\ccs1040\ccs\tools\compiler\ti-cgt-arm_20.2.5.LTS\lib\</path>
         <kind>archive</kind>
         <file>rtsv7M4_T_le_v4SPD16_eabi.lib</file>
         <name>e_atan2f.c.obj</name>
      </input_file>
      <input_file id="fl-e3">
         <path>C:\ti\ccs1040\ccs\tools\compiler\ti-cgt-arm_20.2.5.LTS\lib\</path>
         <kind>archive</kind>
         <file>rtsv7M4_T_le_v4SPD16_eabi.lib</file>
         <name>s_atanf.c.obj</name>
      </input_file>
      <input_file id="fl-e4">
         <path>C:\ti\ccs1040\ccs\tools\compiler\ti-cgt-arm_20.2.5.LTS\lib\</path>
         <kind>archive</kind>
         <file>rtsv7M4_T_le_v4SPD16_eabi.lib</file>
         <name>s_cosf.c.obj</name>
      </input_file>
      <input_file id="fl-e5">
         <path>C:\ti\ccs1040\ccs\tools\compiler\ti-cgt-arm_20.2.5.LTS\lib\</path>
         <kind>archive</kind>
         <file>rtsv7M4_T_le_v4SPD16_eabi.lib</file>
         <name>s_sinf.c.obj</name>
      </input_file>
      <input_file id="fl-e6">
         <path>C:\ti\ccs1040\ccs\tools\compiler\ti-cgt-arm_20.2.5.LTS\lib\</path>
         <kind>archive</kind>
         <file>rtsv7M4_T_le_v4SPD16_eabi.lib</file>
         <name>s_tanf.c.obj</name>
      </input_file>
      <input_file id="fl-e7">
         <path>C:\ti\ccs1040\ccs\tools\compiler\ti-cgt-arm_20.2.5.LTS\lib\</path>
         <kind>archive</kind>
         <file>rtsv7M4_T_le_v4SPD16_eabi.lib</file>
         <name>fd_add_t2.asm.obj</name>
      </input_file>
      <input_file id="fl-e8">
         <path>C:\ti\ccs1040\ccs\tools\compiler\ti-cgt-arm_20.2.5.LTS\lib\</path>
         <kind>archive</kind>
         <file>rtsv7M4_T_le_v4SPD16_eabi.lib</file>
         <name>fd_cmp_t2.asm.obj</name>
      </input_file>
      <input_file id="fl-e9">
         <path>C:\ti\ccs1040\ccs\tools\compiler\ti-cgt-arm_20.2.5.LTS\lib\</path>
         <kind>archive</kind>
         <file>rtsv7M4_T_le_v4SPD16_eabi.lib</file>
         <name>fd_div_t2.asm.obj</name>
      </input_file>
      <input_file id="fl-ea">
         <path>C:\ti\ccs1040\ccs\tools\compiler\ti-cgt-arm_20.2.5.LTS\lib\</path>
         <kind>archive</kind>
         <file>rtsv7M4_T_le_v4SPD16_eabi.lib</file>
         <name>fd_mul_t2.asm.obj</name>
      </input_file>
      <input_file id="fl-eb">
         <path>C:\ti\ccs1040\ccs\tools\compiler\ti-cgt-arm_20.2.5.LTS\lib\</path>
         <kind>archive</kind>
         <file>rtsv7M4_T_le_v4SPD16_eabi.lib</file>
         <name>fd_toi_t2.asm.obj</name>
      </input_file>
      <input_file id="fl-ec">
         <path>C:\ti\ccs1040\ccs\tools\compiler\ti-cgt-arm_20.2.5.LTS\lib\</path>
         <kind>archive</kind>
         <file>rtsv7M4_T_le_v4SPD16_eabi.lib</file>
         <name>fd_tos_t2.asm.obj</name>
      </input_file>
      <input_file id="fl-ed">
         <path>C:\ti\ccs1040\ccs\tools\compiler\ti-cgt-arm_20.2.5.LTS\lib\</path>
         <kind>archive</kind>
         <file>rtsv7M4_T_le_v4SPD16_eabi.lib</file>
         <name>fs_tod_t2.asm.obj</name>
      </input_file>
      <input_file id="fl-ee">
         <path>C:\ti\ccs1040\ccs\tools\compiler\ti-cgt-arm_20.2.5.LTS\lib\</path>
         <kind>archive</kind>
         <file>rtsv7M4_T_le_v4SPD16_eabi.lib</file>
         <name>i_tofd_t2.asm.obj</name>
      </input_file>
      <input_file id="fl-ef">
         <path>C:\ti\ccs1040\ccs\tools\compiler\ti-cgt-arm_20.2.5.LTS\lib\</path>
         <kind>archive</kind>
         <file>rtsv7M4_T_le_v4SPD16_eabi.lib</file>
         <name>memcpy_t2.asm.obj</name>
      </input_file>
      <input_file id="fl-f0">
         <path>C:\ti\ccs1040\ccs\tools\compiler\ti-cgt-arm_20.2.5.LTS\lib\</path>
         <kind>archive</kind>
         <file>rtsv7M4_T_le_v4SPD16_eabi.lib</file>
         <name>u_tofd_t2.asm.obj</name>
      </input_file>
      <input_file id="fl-f1">
         <path>C:\ti\ccs1040\ccs\tools\compiler\ti-cgt-arm_20.2.5.LTS\lib\</path>
         <kind>archive</kind>
         <file>rtsv7M4_T_le_v4SPD16_eabi.lib</file>
         <name>u_divt2.asm.obj</name>
      </input_file>
      <input_file id="fl-f2">
         <path>C:\ti\ccs1040\ccs\tools\compiler\ti-cgt-arm_20.2.5.LTS\lib\</path>
         <kind>archive</kind>
         <file>rtsv7M4_T_le_v4SPD16_eabi.lib</file>
         <name>memset_t2.asm.obj</name>
      </input_file>
      <input_file id="fl-f3">
         <path>C:\ti\ccs1040\ccs\tools\compiler\ti-cgt-arm_20.2.5.LTS\lib\</path>
         <kind>archive</kind>
         <file>rtsv7M4_T_le_v4SPD16_eabi.lib</file>
         <name>copy_zero_init.c.obj</name>
      </input_file>
      <input_file id="fl-f4">
         <path>C:\ti\ccs1040\ccs\tools\compiler\ti-cgt-arm_20.2.5.LTS\lib\</path>
         <kind>archive</kind>
         <file>rtsv7M4_T_le_v4SPD16_eabi.lib</file>
         <name>copy_decompress_none.c.obj</name>
      </input_file>
      <input_file id="fl-f5">
         <path>C:\ti\ccs1040\ccs\tools\compiler\ti-cgt-arm_20.2.5.LTS\lib\</path>
         <kind>archive</kind>
         <file>rtsv7M4_T_le_v4SPD16_eabi.lib</file>
         <name>copy_decompress_lzss.c.obj</name>
      </input_file>
      <input_file id="fl-f6">
         <path>C:\ti\ccs1040\ccs\tools\compiler\ti-cgt-arm_20.2.5.LTS\lib\</path>
         <kind>archive</kind>
         <file>rtsv7M4_T_le_v4SPD16_eabi.lib</file>
         <name>memory.c.obj</name>
      </input_file>
      <input_file id="fl-f7">
         <path>C:\ti\ccs1040\ccs\tools\compiler\ti-cgt-arm_20.2.5.LTS\lib\</path>
         <kind>archive</kind>
         <file>rtsv7M4_T_le_v4SPD16_eabi.lib</file>
         <name>errno.c.obj</name>
      </input_file>
      <input_file id="fl-f8">
         <path>C:\ti\ccs1040\ccs\tools\compiler\ti-cgt-arm_20.2.5.LTS\lib\</path>
         <kind>archive</kind>
         <file>rtsv7M4_T_le_v4SPD16_eabi.lib</file>
         <name>boot_cortex_m.c.obj</name>
      </input_file>
      <input_file id="fl-f9">
         <path>C:\ti\ccs1040\ccs\tools\compiler\ti-cgt-arm_20.2.5.LTS\lib\</path>
         <kind>archive</kind>
         <file>rtsv7M4_T_le_v4SPD16_eabi.lib</file>
         <name>_printfi.c.obj</name>
      </input_file>
      <input_file id="fl-fa">
         <path>C:\ti\ccs1040\ccs\tools\compiler\ti-cgt-arm_20.2.5.LTS\lib\</path>
         <kind>archive</kind>
         <file>rtsv7M4_T_le_v4SPD16_eabi.lib</file>
         <name>s_copysign.c.obj</name>
      </input_file>
      <input_file id="fl-fb">
         <path>C:\ti\ccs1040\ccs\tools\compiler\ti-cgt-arm_20.2.5.LTS\lib\</path>
         <kind>archive</kind>
         <file>rtsv7M4_T_le_v4SPD16_eabi.lib</file>
         <name>s_floor.c.obj</name>
      </input_file>
      <input_file id="fl-fc">
         <path>C:\ti\ccs1040\ccs\tools\compiler\ti-cgt-arm_20.2.5.LTS\lib\</path>
         <kind>archive</kind>
         <file>rtsv7M4_T_le_v4SPD16_eabi.lib</file>
         <name>s_frexp.c.obj</name>
      </input_file>
      <input_file id="fl-fd">
         <path>C:\ti\ccs1040\ccs\tools\compiler\ti-cgt-arm_20.2.5.LTS\lib\</path>
         <kind>archive</kind>
         <file>rtsv7M4_T_le_v4SPD16_eabi.lib</file>
         <name>wcslen.c.obj</name>
      </input_file>
      <input_file id="fl-fe">
         <path>C:\ti\ccs1040\ccs\tools\compiler\ti-cgt-arm_20.2.5.LTS\lib\</path>
         <kind>archive</kind>
         <file>rtsv7M4_T_le_v4SPD16_eabi.lib</file>
         <name>div0.asm.obj</name>
      </input_file>
      <input_file id="fl-ff">
         <path>C:\ti\ccs1040\ccs\tools\compiler\ti-cgt-arm_20.2.5.LTS\lib\</path>
         <kind>archive</kind>
         <file>rtsv7M4_T_le_v4SPD16_eabi.lib</file>
         <name>ull_div_t2.asm.obj</name>
      </input_file>
      <input_file id="fl-100">
         <path>C:\ti\ccs1040\ccs\tools\compiler\ti-cgt-arm_20.2.5.LTS\lib\</path>
         <kind>archive</kind>
         <file>rtsv7M4_T_le_v4SPD16_eabi.lib</file>
         <name>autoinit.c.obj</name>
      </input_file>
      <input_file id="fl-101">
         <path>C:\ti\ccs1040\ccs\tools\compiler\ti-cgt-arm_20.2.5.LTS\lib\</path>
         <kind>archive</kind>
         <file>rtsv7M4_T_le_v4SPD16_eabi.lib</file>
         <name>pre_init.c.obj</name>
      </input_file>
      <input_file id="fl-102">
         <path>C:\ti\ccs1040\ccs\tools\compiler\ti-cgt-arm_20.2.5.LTS\lib\</path>
         <kind>archive</kind>
         <file>rtsv7M4_T_le_v4SPD16_eabi.lib</file>
         <name>cpy_tbl.c.obj</name>
      </input_file>
      <input_file id="fl-103">
         <path>C:\ti\ccs1040\ccs\tools\compiler\ti-cgt-arm_20.2.5.LTS\lib\</path>
         <kind>archive</kind>
         <file>rtsv7M4_T_le_v4SPD16_eabi.lib</file>
         <name>exit.c.obj</name>
      </input_file>
      <input_file id="fl-104">
         <path>C:\ti\ccs1040\ccs\tools\compiler\ti-cgt-arm_20.2.5.LTS\lib\</path>
         <kind>archive</kind>
         <file>rtsv7M4_T_le_v4SPD16_eabi.lib</file>
         <name>_lock.c.obj</name>
      </input_file>
      <input_file id="fl-105">
         <path>C:\ti\ccs1040\ccs\tools\compiler\ti-cgt-arm_20.2.5.LTS\lib\</path>
         <kind>archive</kind>
         <file>rtsv7M4_T_le_v4SPD16_eabi.lib</file>
         <name>_ltoa.c.obj</name>
      </input_file>
      <input_file id="fl-106">
         <path>C:\ti\ccs1040\ccs\tools\compiler\ti-cgt-arm_20.2.5.LTS\lib\</path>
         <kind>archive</kind>
         <file>rtsv7M4_T_le_v4SPD16_eabi.lib</file>
         <name>args_main.c.obj</name>
      </input_file>
      <input_file id="fl-107">
         <path>C:\ti\ccs1040\ccs\tools\compiler\ti-cgt-arm_20.2.5.LTS\lib\</path>
         <kind>archive</kind>
         <file>rtsv7M4_T_le_v4SPD16_eabi.lib</file>
         <name>atoi.c.obj</name>
      </input_file>
      <input_file id="fl-108">
         <path>C:\ti\ccs1040\ccs\tools\compiler\ti-cgt-arm_20.2.5.LTS\lib\</path>
         <kind>archive</kind>
         <file>rtsv7M4_T_le_v4SPD16_eabi.lib</file>
         <name>ctype.c.obj</name>
      </input_file>
      <input_file id="fl-109">
         <path>C:\ti\ccs1040\ccs\tools\compiler\ti-cgt-arm_20.2.5.LTS\lib\</path>
         <kind>archive</kind>
         <file>rtsv7M4_T_le_v4SPD16_eabi.lib</file>
         <name>memccpy.c.obj</name>
      </input_file>
      <input_file id="fl-10a">
         <path>C:\ti\ccs1040\ccs\tools\compiler\ti-cgt-arm_20.2.5.LTS\lib\</path>
         <kind>archive</kind>
         <file>rtsv7M4_T_le_v4SPD16_eabi.lib</file>
         <name>strchr.c.obj</name>
      </input_file>
      <input_file id="fl-10b">
         <path>C:\ti\ccs1040\ccs\tools\compiler\ti-cgt-arm_20.2.5.LTS\lib\</path>
         <kind>archive</kind>
         <file>rtsv7M4_T_le_v4SPD16_eabi.lib</file>
         <name>strlen.c.obj</name>
      </input_file>
   </input_file_list>
   <object_component_list>
      <object_component id="oc-13">
         <name>.intvecs</name>
         <load_address>0x0</load_address>
         <run_address>0x0</run_address>
         <size>0x26c</size>
         <input_file_ref idref="fl-3"/>
      </object_component>
      <object_component id="oc-521">
         <name>.text:__TI_printfi</name>
         <load_address>0x26c</load_address>
         <run_address>0x26c</run_address>
         <size>0xa4e</size>
         <input_file_ref idref="fl-f9"/>
      </object_component>
      <object_component id="oc-37">
         <name>.text:FaultISR</name>
         <load_address>0xcba</load_address>
         <run_address>0xcba</run_address>
         <size>0x2</size>
         <input_file_ref idref="fl-3"/>
      </object_component>
      <object_component id="oc-b8">
         <name>.text:main</name>
         <load_address>0xcbc</load_address>
         <run_address>0xcbc</run_address>
         <size>0x9ee</size>
         <input_file_ref idref="fl-2"/>
      </object_component>
      <object_component id="oc-3d">
         <name>.text:IntDefaultHandler</name>
         <load_address>0x16aa</load_address>
         <run_address>0x16aa</run_address>
         <size>0x2</size>
         <input_file_ref idref="fl-3"/>
      </object_component>
      <object_component id="oc-512">
         <name>.text:pow</name>
         <load_address>0x16ac</load_address>
         <run_address>0x16ac</run_address>
         <size>0x9d0</size>
         <input_file_ref idref="fl-db"/>
      </object_component>
      <object_component id="oc-2e9">
         <name>.text:Motor_ManMixer</name>
         <load_address>0x207c</load_address>
         <run_address>0x207c</run_address>
         <size>0x978</size>
         <input_file_ref idref="fl-13"/>
      </object_component>
      <object_component id="oc-722">
         <name>.text:BMX160_getAllData</name>
         <load_address>0x29f4</load_address>
         <run_address>0x29f4</run_address>
         <size>0x4f0</size>
         <input_file_ref idref="fl-5"/>
      </object_component>
      <object_component id="oc-142">
         <name>.text:flightControl_SM</name>
         <load_address>0x2ee4</load_address>
         <run_address>0x2ee4</run_address>
         <size>0x424</size>
         <input_file_ref idref="fl-10"/>
      </object_component>
      <object_component id="oc-74c">
         <name>.text:acos</name>
         <load_address>0x3308</load_address>
         <run_address>0x3308</run_address>
         <size>0x41c</size>
         <input_file_ref idref="fl-da"/>
      </object_component>
      <object_component id="oc-55f">
         <name>.text:BMX160_updateData</name>
         <load_address>0x3724</load_address>
         <run_address>0x3724</run_address>
         <size>0x3ac</size>
         <input_file_ref idref="fl-5"/>
      </object_component>
      <object_component id="oc-27c">
         <name>.text:UARTvprintf</name>
         <load_address>0x3ad0</load_address>
         <run_address>0x3ad0</run_address>
         <size>0x354</size>
         <input_file_ref idref="fl-2"/>
      </object_component>
      <object_component id="oc-7c8">
         <name>.text:BMP388_parse_calib_data</name>
         <load_address>0x3e24</load_address>
         <run_address>0x3e24</run_address>
         <size>0x31c</size>
         <input_file_ref idref="fl-4"/>
      </object_component>
      <object_component id="oc-746">
         <name>.text:atan</name>
         <load_address>0x4140</load_address>
         <run_address>0x4140</run_address>
         <size>0x2ec</size>
         <input_file_ref idref="fl-dd"/>
      </object_component>
      <object_component id="oc-26b">
         <name>.text:OrangeRX_Init</name>
         <load_address>0x442c</load_address>
         <run_address>0x442c</run_address>
         <size>0x2b0</size>
         <input_file_ref idref="fl-11"/>
      </object_component>
      <object_component id="oc-8d1">
         <name>.text:BMP388_compensate_pressure</name>
         <load_address>0x46dc</load_address>
         <run_address>0x46dc</run_address>
         <size>0x29a</size>
         <input_file_ref idref="fl-4"/>
      </object_component>
      <object_component id="oc-31">
         <name>.text:NmiSR</name>
         <load_address>0x4976</load_address>
         <run_address>0x4976</run_address>
         <size>0x2</size>
         <input_file_ref idref="fl-3"/>
      </object_component>
      <object_component id="oc-496">
         <name>.text:BMP388_begin</name>
         <load_address>0x4978</load_address>
         <run_address>0x4978</run_address>
         <size>0x270</size>
         <input_file_ref idref="fl-4"/>
      </object_component>
      <object_component id="oc-6f8">
         <name>.text:_pconv_a</name>
         <load_address>0x4be8</load_address>
         <run_address>0x4be8</run_address>
         <size>0x270</size>
         <input_file_ref idref="fl-f9"/>
      </object_component>
      <object_component id="oc-154">
         <name>.text:Motor_setDuty</name>
         <load_address>0x4e58</load_address>
         <run_address>0x4e58</run_address>
         <size>0x214</size>
         <input_file_ref idref="fl-13"/>
      </object_component>
      <object_component id="oc-660">
         <name>.text:BMP388_set_config</name>
         <load_address>0x506c</load_address>
         <run_address>0x506c</run_address>
         <size>0x201</size>
         <input_file_ref idref="fl-4"/>
      </object_component>
      <object_component id="oc-5b3">
         <name>.text:_nop</name>
         <load_address>0x526e</load_address>
         <run_address>0x526e</run_address>
         <size>0x2</size>
         <input_file_ref idref="fl-104"/>
      </object_component>
      <object_component id="oc-30c">
         <name>.text:OrangeRX_extractData</name>
         <load_address>0x5270</load_address>
         <run_address>0x5270</run_address>
         <size>0x1f8</size>
         <input_file_ref idref="fl-11"/>
      </object_component>
      <object_component id="oc-136">
         <name>.text:BMP388_showData</name>
         <load_address>0x5468</load_address>
         <run_address>0x5468</run_address>
         <size>0x1ec</size>
         <input_file_ref idref="fl-4"/>
      </object_component>
      <object_component id="oc-1a0">
         <name>.text:PWM_Init</name>
         <load_address>0x5654</load_address>
         <run_address>0x5654</run_address>
         <size>0x1e8</size>
         <input_file_ref idref="fl-13"/>
      </object_component>
      <object_component id="oc-49c">
         <name>.text:BMP388_user_i2c_read</name>
         <load_address>0x583c</load_address>
         <run_address>0x583c</run_address>
         <size>0x1dc</size>
         <input_file_ref idref="fl-4"/>
      </object_component>
      <object_component id="oc-2ef">
         <name>.text:PID_master_pid</name>
         <load_address>0x5a18</load_address>
         <run_address>0x5a18</run_address>
         <size>0x1d0</size>
         <input_file_ref idref="fl-12"/>
      </object_component>
      <object_component id="oc-6e6">
         <name>.text:_pconv_g</name>
         <load_address>0x5be8</load_address>
         <run_address>0x5be8</run_address>
         <size>0x1d0</size>
         <input_file_ref idref="fl-f9"/>
      </object_component>
      <object_component id="oc-126">
         <name>.text</name>
         <load_address>0x5db8</load_address>
         <run_address>0x5db8</run_address>
         <size>0x1b6</size>
         <input_file_ref idref="fl-e7"/>
      </object_component>
      <object_component id="oc-6a0">
         <name>.text</name>
         <load_address>0x5f6e</load_address>
         <run_address>0x5f6e</run_address>
         <size>0x2</size>
         <input_file_ref idref="fl-fe"/>
      </object_component>
      <object_component id="oc-2e5">
         <name>.text:BMP388_calibrate_SM</name>
         <load_address>0x5f70</load_address>
         <run_address>0x5f70</run_address>
         <size>0x1a0</size>
         <input_file_ref idref="fl-4"/>
      </object_component>
      <object_component id="oc-654">
         <name>.text:BMP388_reset</name>
         <load_address>0x6110</load_address>
         <run_address>0x6110</run_address>
         <size>0x1a0</size>
         <input_file_ref idref="fl-4"/>
      </object_component>
      <object_component id="oc-625">
         <name>.text:UARTStdioIntHandler</name>
         <load_address>0x62b0</load_address>
         <run_address>0x62b0</run_address>
         <size>0x188</size>
         <input_file_ref idref="fl-2"/>
      </object_component>
      <object_component id="oc-166">
         <name>.text:BMP388_calibrate</name>
         <load_address>0x6438</load_address>
         <run_address>0x6438</run_address>
         <size>0x174</size>
         <input_file_ref idref="fl-4"/>
      </object_component>
      <object_component id="oc-72e">
         <name>.text:asinf</name>
         <load_address>0x65ac</load_address>
         <run_address>0x65ac</run_address>
         <size>0x170</size>
         <input_file_ref idref="fl-e1"/>
      </object_component>
      <object_component id="oc-432">
         <name>.text:GPIOPadConfigSet</name>
         <load_address>0x671c</load_address>
         <run_address>0x671c</run_address>
         <size>0x16c</size>
         <input_file_ref idref="fl-1b"/>
      </object_component>
      <object_component id="oc-728">
         <name>.text:atan2f</name>
         <load_address>0x6888</load_address>
         <run_address>0x6888</run_address>
         <size>0x158</size>
         <input_file_ref idref="fl-e2"/>
      </object_component>
      <object_component id="oc-6b1">
         <name>.text:sqrt</name>
         <load_address>0x69e0</load_address>
         <run_address>0x69e0</run_address>
         <size>0x158</size>
         <input_file_ref idref="fl-dc"/>
      </object_component>
      <object_component id="oc-885">
         <name>.text:atanf</name>
         <load_address>0x6b38</load_address>
         <run_address>0x6b38</run_address>
         <size>0x150</size>
         <input_file_ref idref="fl-e3"/>
      </object_component>
      <object_component id="oc-160">
         <name>.text:I2C_AddressBruteForcer</name>
         <load_address>0x6c88</load_address>
         <run_address>0x6c88</run_address>
         <size>0x143</size>
         <input_file_ref idref="fl-b"/>
      </object_component>
      <object_component id="oc-6f2">
         <name>.text:_pconv_e</name>
         <load_address>0x6dcc</load_address>
         <run_address>0x6dcc</run_address>
         <size>0x13c</size>
         <input_file_ref idref="fl-f9"/>
      </object_component>
      <object_component id="oc-44b">
         <name>.text:UARTStdioConfig</name>
         <load_address>0x6f08</load_address>
         <run_address>0x6f08</run_address>
         <size>0x138</size>
         <input_file_ref idref="fl-2"/>
      </object_component>
      <object_component id="oc-121">
         <name>.text</name>
         <load_address>0x7040</load_address>
         <run_address>0x7040</run_address>
         <size>0x136</size>
         <input_file_ref idref="fl-e9"/>
      </object_component>
      <object_component id="oc-2a7">
         <name>.text:BMP388_readAltitude</name>
         <load_address>0x7178</load_address>
         <run_address>0x7178</run_address>
         <size>0x134</size>
         <input_file_ref idref="fl-4"/>
      </object_component>
      <object_component id="oc-15a">
         <name>.text:OrangeRX_showActData</name>
         <load_address>0x72ac</load_address>
         <run_address>0x72ac</run_address>
         <size>0x128</size>
         <input_file_ref idref="fl-11"/>
      </object_component>
      <object_component id="oc-84c">
         <name>.text:fcvt</name>
         <load_address>0x73d4</load_address>
         <run_address>0x73d4</run_address>
         <size>0x124</size>
         <input_file_ref idref="fl-f9"/>
      </object_component>
      <object_component id="oc-4a2">
         <name>.text:BMP388_user_i2c_write</name>
         <load_address>0x74f8</load_address>
         <run_address>0x74f8</run_address>
         <size>0x118</size>
         <input_file_ref idref="fl-4"/>
      </object_component>
      <object_component id="oc-f8">
         <name>.text:SysCtlClockGet</name>
         <load_address>0x7610</load_address>
         <run_address>0x7610</run_address>
         <size>0x118</size>
         <input_file_ref idref="fl-1f"/>
      </object_component>
      <object_component id="oc-4e7">
         <name>.text:UARTwrite</name>
         <load_address>0x7728</load_address>
         <run_address>0x7728</run_address>
         <size>0x114</size>
         <input_file_ref idref="fl-2"/>
      </object_component>
      <object_component id="oc-6c5">
         <name>.text:scalbn</name>
         <load_address>0x783c</load_address>
         <run_address>0x783c</run_address>
         <size>0x110</size>
         <input_file_ref idref="fl-df"/>
      </object_component>
      <object_component id="oc-6a9">
         <name>.text:BMP388_get_sensor_data</name>
         <load_address>0x794c</load_address>
         <run_address>0x794c</run_address>
         <size>0x10c</size>
         <input_file_ref idref="fl-4"/>
      </object_component>
      <object_component id="oc-259">
         <name>.text:BMX160_Init</name>
         <load_address>0x7a58</load_address>
         <run_address>0x7a58</run_address>
         <size>0x104</size>
         <input_file_ref idref="fl-5"/>
      </object_component>
      <object_component id="oc-7b9">
         <name>.text:I2C_writeSingleReg</name>
         <load_address>0x7b5c</load_address>
         <run_address>0x7b5c</run_address>
         <size>0x100</size>
         <input_file_ref idref="fl-b"/>
      </object_component>
      <object_component id="oc-632">
         <name>.text:aligned_alloc</name>
         <load_address>0x7c5c</load_address>
         <run_address>0x7c5c</run_address>
         <size>0x100</size>
         <input_file_ref idref="fl-f6"/>
      </object_component>
      <object_component id="oc-518">
         <name>.text</name>
         <load_address>0x7d5c</load_address>
         <run_address>0x7d5c</run_address>
         <size>0xfc</size>
         <input_file_ref idref="fl-ea"/>
      </object_component>
      <object_component id="oc-75b">
         <name>.text:floor</name>
         <load_address>0x7e58</load_address>
         <run_address>0x7e58</run_address>
         <size>0xf8</size>
         <input_file_ref idref="fl-fb"/>
      </object_component>
      <object_component id="oc-3f8">
         <name>.text:SysCtlClockSet</name>
         <load_address>0x7f50</load_address>
         <run_address>0x7f50</run_address>
         <size>0xf4</size>
         <input_file_ref idref="fl-1f"/>
      </object_component>
      <object_component id="oc-110">
         <name>.text:BUZZ_SM</name>
         <load_address>0x8044</load_address>
         <run_address>0x8044</run_address>
         <size>0xf0</size>
         <input_file_ref idref="fl-6"/>
      </object_component>
      <object_component id="oc-130">
         <name>.text:OrangeRX_receivedChannelReorganizer</name>
         <load_address>0x8134</load_address>
         <run_address>0x8134</run_address>
         <size>0xe4</size>
         <input_file_ref idref="fl-11"/>
      </object_component>
      <object_component id="oc-265">
         <name>.text:BMP388_Init</name>
         <load_address>0x8218</load_address>
         <run_address>0x8218</run_address>
         <size>0xe0</size>
         <input_file_ref idref="fl-4"/>
      </object_component>
      <object_component id="oc-64b">
         <name>.text:BMX160_setMagnConf</name>
         <load_address>0x82f8</load_address>
         <run_address>0x82f8</run_address>
         <size>0xd6</size>
         <input_file_ref idref="fl-5"/>
      </object_component>
      <object_component id="oc-57a">
         <name>.text:round</name>
         <load_address>0x83d0</load_address>
         <run_address>0x83d0</run_address>
         <size>0xc4</size>
         <input_file_ref idref="fl-de"/>
      </object_component>
      <object_component id="oc-484">
         <name>.text:BMX160_begin</name>
         <load_address>0x8494</load_address>
         <run_address>0x8494</run_address>
         <size>0xbe</size>
         <input_file_ref idref="fl-5"/>
      </object_component>
      <object_component id="oc-56f">
         <name>.text:trunc</name>
         <load_address>0x8554</load_address>
         <run_address>0x8554</run_address>
         <size>0xbc</size>
         <input_file_ref idref="fl-e0"/>
      </object_component>
      <object_component id="oc-740">
         <name>.text:cosf</name>
         <load_address>0x8610</load_address>
         <run_address>0x8610</run_address>
         <size>0xb4</size>
         <input_file_ref idref="fl-e4"/>
      </object_component>
      <object_component id="oc-6e0">
         <name>.text:_ltostr</name>
         <load_address>0x86c4</load_address>
         <run_address>0x86c4</run_address>
         <size>0xb1</size>
         <input_file_ref idref="fl-f9"/>
      </object_component>
      <object_component id="oc-2d3">
         <name>.text:LED_Drive</name>
         <load_address>0x8776</load_address>
         <run_address>0x8776</run_address>
         <size>0xb0</size>
         <input_file_ref idref="fl-c"/>
      </object_component>
      <object_component id="oc-804">
         <name>.text:BMP388_compensate_data</name>
         <load_address>0x8828</load_address>
         <run_address>0x8828</run_address>
         <size>0xad</size>
         <input_file_ref idref="fl-4"/>
      </object_component>
      <object_component id="oc-73a">
         <name>.text:tanf</name>
         <load_address>0x88d8</load_address>
         <run_address>0x88d8</run_address>
         <size>0xac</size>
         <input_file_ref idref="fl-e6"/>
      </object_component>
      <object_component id="oc-65a">
         <name>.text:BMP388_get_calib_data</name>
         <load_address>0x8984</load_address>
         <run_address>0x8984</run_address>
         <size>0xab</size>
         <input_file_ref idref="fl-4"/>
      </object_component>
      <object_component id="oc-7c1">
         <name>.text:BMP388_set_regs</name>
         <load_address>0x8a30</load_address>
         <run_address>0x8a30</run_address>
         <size>0xa4</size>
         <input_file_ref idref="fl-4"/>
      </object_component>
      <object_component id="oc-734">
         <name>.text:sinf</name>
         <load_address>0x8ad4</load_address>
         <run_address>0x8ad4</run_address>
         <size>0xa4</size>
         <input_file_ref idref="fl-e5"/>
      </object_component>
      <object_component id="oc-51">
         <name>.text</name>
         <load_address>0x8b78</load_address>
         <run_address>0x8b78</run_address>
         <size>0x9c</size>
         <input_file_ref idref="fl-ef"/>
      </object_component>
      <object_component id="oc-833">
         <name>.text</name>
         <load_address>0x8c14</load_address>
         <run_address>0x8c14</run_address>
         <size>0x96</size>
         <input_file_ref idref="fl-ff"/>
      </object_component>
      <object_component id="oc-63f">
         <name>.text:BMX160_softReset</name>
         <load_address>0x8cac</load_address>
         <run_address>0x8cac</run_address>
         <size>0x94</size>
         <input_file_ref idref="fl-5"/>
      </object_component>
      <object_component id="oc-696">
         <name>.text:UARTPrimeTransmit</name>
         <load_address>0x8d40</load_address>
         <run_address>0x8d40</run_address>
         <size>0x94</size>
         <input_file_ref idref="fl-2"/>
      </object_component>
      <object_component id="oc-24d">
         <name>.text:I2C0_Init</name>
         <load_address>0x8dd4</load_address>
         <run_address>0x8dd4</run_address>
         <size>0x8c</size>
         <input_file_ref idref="fl-b"/>
      </object_component>
      <object_component id="oc-8b1">
         <name>.text:BMX160_defaultParamSettg</name>
         <load_address>0x8e60</load_address>
         <run_address>0x8e60</run_address>
         <size>0x8a</size>
         <input_file_ref idref="fl-5"/>
      </object_component>
      <object_component id="oc-148">
         <name>.text:BMP388_get_regs</name>
         <load_address>0x8eec</load_address>
         <run_address>0x8eec</run_address>
         <size>0x88</size>
         <input_file_ref idref="fl-4"/>
      </object_component>
      <object_component id="oc-53b">
         <name>.text:__aeabi_cdcmple</name>
         <load_address>0x8f74</load_address>
         <run_address>0x8f74</run_address>
         <size>0x86</size>
         <input_file_ref idref="fl-e8"/>
      </object_component>
      <object_component id="oc-12b">
         <name>.text:__aeabi_cdrcmple</name>
         <load_address>0x8ffa</load_address>
         <run_address>0x8ffa</run_address>
         <size>0x86</size>
         <input_file_ref idref="fl-e8"/>
      </object_component>
      <object_component id="oc-1a6">
         <name>.text:PCF8574A_Read</name>
         <load_address>0x9080</load_address>
         <run_address>0x9080</run_address>
         <size>0x84</size>
         <input_file_ref idref="fl-b"/>
      </object_component>
      <object_component id="oc-247">
         <name>.text:UART0_STDIO_Init</name>
         <load_address>0x9104</load_address>
         <run_address>0x9104</run_address>
         <size>0x80</size>
         <input_file_ref idref="fl-f"/>
      </object_component>
      <object_component id="oc-ac">
         <name>.text</name>
         <load_address>0x9184</load_address>
         <run_address>0x9184</run_address>
         <size>0x7a</size>
         <input_file_ref idref="fl-f2"/>
      </object_component>
      <object_component id="oc-322">
         <name>.text:applyLPF</name>
         <load_address>0x9200</load_address>
         <run_address>0x9200</run_address>
         <size>0x74</size>
         <input_file_ref idref="fl-15"/>
      </object_component>
      <object_component id="oc-7a7">
         <name>.text:split</name>
         <load_address>0x9274</load_address>
         <run_address>0x9274</run_address>
         <size>0x70</size>
         <input_file_ref idref="fl-f6"/>
      </object_component>
      <object_component id="oc-8cb">
         <name>.text:BMP388_compensate_temperature</name>
         <load_address>0x92e4</load_address>
         <run_address>0x92e4</run_address>
         <size>0x6e</size>
         <input_file_ref idref="fl-4"/>
      </object_component>
      <object_component id="oc-845">
         <name>.text:_mcpy</name>
         <load_address>0x9352</load_address>
         <run_address>0x9352</run_address>
         <size>0x6e</size>
         <input_file_ref idref="fl-f9"/>
      </object_component>
      <object_component id="oc-2b2">
         <name>.text</name>
         <load_address>0x93c0</load_address>
         <run_address>0x93c0</run_address>
         <size>0x6e</size>
         <input_file_ref idref="fl-ec"/>
      </object_component>
      <object_component id="oc-7fe">
         <name>.text:BMP388_parse_sensor_data</name>
         <load_address>0x942e</load_address>
         <run_address>0x942e</run_address>
         <size>0x6c</size>
         <input_file_ref idref="fl-4"/>
      </object_component>
      <object_component id="oc-314">
         <name>.text:I2C_ReadByte</name>
         <load_address>0x949c</load_address>
         <run_address>0x949c</run_address>
         <size>0x6c</size>
         <input_file_ref idref="fl-b"/>
      </object_component>
      <object_component id="oc-2df">
         <name>.text:GetFlightMode</name>
         <load_address>0x9508</load_address>
         <run_address>0x9508</run_address>
         <size>0x68</size>
         <input_file_ref idref="fl-10"/>
      </object_component>
      <object_component id="oc-5fb">
         <name>.text:IntEnable</name>
         <load_address>0x9570</load_address>
         <run_address>0x9570</run_address>
         <size>0x68</size>
         <input_file_ref idref="fl-1d"/>
      </object_component>
      <object_component id="oc-16">
         <name>.text:decompress:lzss:__TI_decompress_lzss</name>
         <load_address>0x95d8</load_address>
         <run_address>0x95d8</run_address>
         <size>0x68</size>
         <input_file_ref idref="fl-f5"/>
      </object_component>
      <object_component id="oc-50c">
         <name>.text:BMP388_readTemperature</name>
         <load_address>0x9640</load_address>
         <run_address>0x9640</run_address>
         <size>0x66</size>
         <input_file_ref idref="fl-4"/>
      </object_component>
      <object_component id="oc-7e8">
         <name>.text:BMP388_Int_Handler</name>
         <load_address>0x96a8</load_address>
         <run_address>0x96a8</run_address>
         <size>0x64</size>
         <input_file_ref idref="fl-4"/>
      </object_component>
      <object_component id="oc-85a">
         <name>.text:frexp</name>
         <load_address>0x970c</load_address>
         <run_address>0x970c</run_address>
         <size>0x64</size>
         <input_file_ref idref="fl-fc"/>
      </object_component>
      <object_component id="oc-506">
         <name>.text:BMP388_readPressure</name>
         <load_address>0x9770</load_address>
         <run_address>0x9770</run_address>
         <size>0x63</size>
         <input_file_ref idref="fl-4"/>
      </object_component>
      <object_component id="oc-645">
         <name>.text:BMX160_writeBmxReg</name>
         <load_address>0x97d4</load_address>
         <run_address>0x97d4</run_address>
         <size>0x63</size>
         <input_file_ref idref="fl-5"/>
      </object_component>
      <object_component id="oc-4e1">
         <name>.text:__error__</name>
         <load_address>0x9838</load_address>
         <run_address>0x9838</run_address>
         <size>0x61</size>
         <input_file_ref idref="fl-2"/>
      </object_component>
      <object_component id="oc-1b5">
         <name>.text:PCF8574A_Write</name>
         <load_address>0x989c</load_address>
         <run_address>0x989c</run_address>
         <size>0x60</size>
         <input_file_ref idref="fl-b"/>
      </object_component>
      <object_component id="oc-1af">
         <name>.text:SONAR_Trigger</name>
         <load_address>0x98fc</load_address>
         <run_address>0x98fc</run_address>
         <size>0x60</size>
         <input_file_ref idref="fl-14"/>
      </object_component>
      <object_component id="oc-4b5">
         <name>.text:TimerConfigure</name>
         <load_address>0x995c</load_address>
         <run_address>0x995c</run_address>
         <size>0x60</size>
         <input_file_ref idref="fl-21"/>
      </object_component>
      <object_component id="oc-2cd">
         <name>.text:OrangeRX_isConnected</name>
         <load_address>0x99bc</load_address>
         <run_address>0x99bc</run_address>
         <size>0x5c</size>
         <input_file_ref idref="fl-11"/>
      </object_component>
      <object_component id="oc-7d6">
         <name>.text:GPIOIntTypeSet</name>
         <load_address>0x9a18</load_address>
         <run_address>0x9a18</run_address>
         <size>0x58</size>
         <input_file_ref idref="fl-1b"/>
      </object_component>
      <object_component id="oc-194">
         <name>.text:ORANGE_showState</name>
         <load_address>0x9a70</load_address>
         <run_address>0x9a70</run_address>
         <size>0x58</size>
         <input_file_ref idref="fl-11"/>
      </object_component>
      <object_component id="oc-347">
         <name>.text:I2C_readReg</name>
         <load_address>0x9ac8</load_address>
         <run_address>0x9ac8</run_address>
         <size>0x56</size>
         <input_file_ref idref="fl-b"/>
      </object_component>
      <object_component id="oc-6ec">
         <name>.text:_pconv_f</name>
         <load_address>0x9b1e</load_address>
         <run_address>0x9b1e</run_address>
         <size>0x56</size>
         <input_file_ref idref="fl-f9"/>
      </object_component>
      <object_component id="oc-182">
         <name>.text:BMP388_showState</name>
         <load_address>0x9b74</load_address>
         <run_address>0x9b74</run_address>
         <size>0x54</size>
         <input_file_ref idref="fl-4"/>
      </object_component>
      <object_component id="oc-17c">
         <name>.text:BMX160_showState</name>
         <load_address>0x9bc8</load_address>
         <run_address>0x9bc8</run_address>
         <size>0x54</size>
         <input_file_ref idref="fl-5"/>
      </object_component>
      <object_component id="oc-188">
         <name>.text:BUZZER_showState</name>
         <load_address>0x9c1c</load_address>
         <run_address>0x9c1c</run_address>
         <size>0x54</size>
         <input_file_ref idref="fl-6"/>
      </object_component>
      <object_component id="oc-839">
         <name>.text:__TI_ltoa</name>
         <load_address>0x9c70</load_address>
         <run_address>0x9c70</run_address>
         <size>0x54</size>
         <input_file_ref idref="fl-105"/>
      </object_component>
      <object_component id="oc-83f">
         <name>.text:_ecpy</name>
         <load_address>0x9cc4</load_address>
         <run_address>0x9cc4</run_address>
         <size>0x52</size>
         <input_file_ref idref="fl-f9"/>
      </object_component>
      <object_component id="oc-2d9">
         <name>.text:flightSafeLand</name>
         <load_address>0x9d18</load_address>
         <run_address>0x9d18</run_address>
         <size>0x50</size>
         <input_file_ref idref="fl-10"/>
      </object_component>
      <object_component id="oc-35c">
         <name>.text:GPIOPinConfigure</name>
         <load_address>0x9d68</load_address>
         <run_address>0x9d68</run_address>
         <size>0x4c</size>
         <input_file_ref idref="fl-1b"/>
      </object_component>
      <object_component id="oc-470">
         <name>.text:I2CMasterInitExpClk</name>
         <load_address>0x9db4</load_address>
         <run_address>0x9db4</run_address>
         <size>0x4c</size>
         <input_file_ref idref="fl-1c"/>
      </object_component>
      <object_component id="oc-176">
         <name>.text:I2C_showState</name>
         <load_address>0x9e00</load_address>
         <run_address>0x9e00</run_address>
         <size>0x4c</size>
         <input_file_ref idref="fl-b"/>
      </object_component>
      <object_component id="oc-18e">
         <name>.text:PWM_showState</name>
         <load_address>0x9e4c</load_address>
         <run_address>0x9e4c</run_address>
         <size>0x4c</size>
         <input_file_ref idref="fl-13"/>
      </object_component>
      <object_component id="oc-241">
         <name>.text:SWITCH_Init</name>
         <load_address>0x9e98</load_address>
         <run_address>0x9e98</run_address>
         <size>0x4c</size>
         <input_file_ref idref="fl-d"/>
      </object_component>
      <object_component id="oc-f2">
         <name>.text:SystemInitialize</name>
         <load_address>0x9ee4</load_address>
         <run_address>0x9ee4</run_address>
         <size>0x4c</size>
         <input_file_ref idref="fl-2"/>
      </object_component>
      <object_component id="oc-60a">
         <name>.text:UARTFlushTx</name>
         <load_address>0x9f30</load_address>
         <run_address>0x9f30</run_address>
         <size>0x4c</size>
         <input_file_ref idref="fl-2"/>
      </object_component>
      <object_component id="oc-680">
         <name>.text:_TimerIntNumberGet</name>
         <load_address>0x9f7c</load_address>
         <run_address>0x9f7c</run_address>
         <size>0x4c</size>
         <input_file_ref idref="fl-21"/>
      </object_component>
      <object_component id="oc-6da">
         <name>.text:atoi</name>
         <load_address>0x9fc8</load_address>
         <run_address>0x9fc8</run_address>
         <size>0x4c</size>
         <input_file_ref idref="fl-107"/>
      </object_component>
      <object_component id="oc-575">
         <name>.text</name>
         <load_address>0xa014</load_address>
         <run_address>0xa014</run_address>
         <size>0x48</size>
         <input_file_ref idref="fl-eb"/>
      </object_component>
      <object_component id="oc-476">
         <name>.text:I2CMasterGlitchFilterConfigSet</name>
         <load_address>0xa05c</load_address>
         <run_address>0xa05c</run_address>
         <size>0x44</size>
         <input_file_ref idref="fl-1c"/>
      </object_component>
      <object_component id="oc-8bd">
         <name>.text:_GPIOIntNumberGet</name>
         <load_address>0xa0a0</load_address>
         <run_address>0xa0a0</run_address>
         <size>0x44</size>
         <input_file_ref idref="fl-1b"/>
      </object_component>
      <object_component id="oc-1da">
         <name>.text:__TI_auto_init_nobinit_nopinit:__TI_auto_init_nobinit_nopinit</name>
         <load_address>0xa0e4</load_address>
         <run_address>0xa0e4</run_address>
         <size>0x44</size>
         <input_file_ref idref="fl-100"/>
      </object_component>
      <object_component id="oc-5f5">
         <name>.text:_UARTIntNumberGet</name>
         <load_address>0xa128</load_address>
         <run_address>0xa128</run_address>
         <size>0x40</size>
         <input_file_ref idref="fl-22"/>
      </object_component>
      <object_component id="oc-25f">
         <name>.text:init_Buzzer</name>
         <load_address>0xa168</load_address>
         <run_address>0xa168</run_address>
         <size>0x40</size>
         <input_file_ref idref="fl-6"/>
      </object_component>
      <object_component id="oc-4ed">
         <name>.text</name>
         <load_address>0xa1a8</load_address>
         <run_address>0xa1a8</run_address>
         <size>0x40</size>
         <input_file_ref idref="fl-f1"/>
      </object_component>
      <object_component id="oc-2b7">
         <name>.text:sprintf</name>
         <load_address>0xa1e8</load_address>
         <run_address>0xa1e8</run_address>
         <size>0x40</size>
         <input_file_ref idref="fl-d9"/>
      </object_component>
      <object_component id="oc-253">
         <name>.text:PCF8574A_Init</name>
         <load_address>0xa228</load_address>
         <run_address>0xa228</run_address>
         <size>0x3e</size>
         <input_file_ref idref="fl-b"/>
      </object_component>
      <object_component id="oc-852">
         <name>.text:_fcpy</name>
         <load_address>0xa266</load_address>
         <run_address>0xa266</run_address>
         <size>0x3e</size>
         <input_file_ref idref="fl-f9"/>
      </object_component>
      <object_component id="oc-13c">
         <name>.text:BUZZ_BUZZER</name>
         <load_address>0xa2a4</load_address>
         <run_address>0xa2a4</run_address>
         <size>0x3c</size>
         <input_file_ref idref="fl-6"/>
      </object_component>
      <object_component id="oc-690">
         <name>.text:IsBufferFull</name>
         <load_address>0xa2e0</load_address>
         <run_address>0xa2e0</run_address>
         <size>0x3c</size>
         <input_file_ref idref="fl-2"/>
      </object_component>
      <object_component id="oc-14e">
         <name>.text:UARTgetc</name>
         <load_address>0xa31c</load_address>
         <run_address>0xa31c</run_address>
         <size>0x3c</size>
         <input_file_ref idref="fl-2"/>
      </object_component>
      <object_component id="oc-66c">
         <name>.text:BMP388_read_all_regs</name>
         <load_address>0xa358</load_address>
         <run_address>0xa358</run_address>
         <size>0x3a</size>
         <input_file_ref idref="fl-4"/>
      </object_component>
      <object_component id="oc-666">
         <name>.text:BMP388_Int_Configure</name>
         <load_address>0xa394</load_address>
         <run_address>0xa394</run_address>
         <size>0x38</size>
         <input_file_ref idref="fl-4"/>
      </object_component>
      <object_component id="oc-41f">
         <name>.text:SysCtlPeripheralReady</name>
         <load_address>0xa3cc</load_address>
         <run_address>0xa3cc</run_address>
         <size>0x38</size>
         <input_file_ref idref="fl-1f"/>
      </object_component>
      <object_component id="oc-104">
         <name>.text:SysFlag_Check</name>
         <load_address>0xa404</load_address>
         <run_address>0xa404</run_address>
         <size>0x38</size>
         <input_file_ref idref="fl-9"/>
      </object_component>
      <object_component id="oc-45d">
         <name>.text:UART0_STDIO_IntHandler</name>
         <load_address>0xa43c</load_address>
         <run_address>0xa43c</run_address>
         <size>0x38</size>
         <input_file_ref idref="fl-f"/>
      </object_component>
      <object_component id="oc-2ad">
         <name>.text</name>
         <load_address>0xa474</load_address>
         <run_address>0xa474</run_address>
         <size>0x38</size>
         <input_file_ref idref="fl-ed"/>
      </object_component>
      <object_component id="oc-7b2">
         <name>.text:BMX160_softResetWorker</name>
         <load_address>0xa4ac</load_address>
         <run_address>0xa4ac</run_address>
         <size>0x36</size>
         <input_file_ref idref="fl-5"/>
      </object_component>
      <object_component id="oc-5e0">
         <name>.text:IntRegister</name>
         <load_address>0xa4e4</load_address>
         <run_address>0xa4e4</run_address>
         <size>0x34</size>
         <input_file_ref idref="fl-1d"/>
      </object_component>
      <object_component id="oc-54d">
         <name>.text:LED_ALL_FUNCTION</name>
         <load_address>0xa518</load_address>
         <run_address>0xa518</run_address>
         <size>0x34</size>
         <input_file_ref idref="fl-c"/>
      </object_component>
      <object_component id="oc-23b">
         <name>.text:LED_LEDInit</name>
         <load_address>0xa54c</load_address>
         <run_address>0xa54c</run_address>
         <size>0x34</size>
         <input_file_ref idref="fl-c"/>
      </object_component>
      <object_component id="oc-356">
         <name>.text:SysCtlPeripheralEnable</name>
         <load_address>0xa580</load_address>
         <run_address>0xa580</run_address>
         <size>0x34</size>
         <input_file_ref idref="fl-1f"/>
      </object_component>
      <object_component id="oc-10a">
         <name>.text:SysFlag_Clear</name>
         <load_address>0xa5b4</load_address>
         <run_address>0xa5b4</run_address>
         <size>0x34</size>
         <input_file_ref idref="fl-9"/>
      </object_component>
      <object_component id="oc-5e9">
         <name>.text:SysFlag_Set</name>
         <load_address>0xa5e8</load_address>
         <run_address>0xa5e8</run_address>
         <size>0x34</size>
         <input_file_ref idref="fl-9"/>
      </object_component>
      <object_component id="oc-604">
         <name>.text:UARTFlushRx</name>
         <load_address>0xa61c</load_address>
         <run_address>0xa61c</run_address>
         <size>0x34</size>
         <input_file_ref idref="fl-2"/>
      </object_component>
      <object_component id="oc-6f">
         <name>.text:_c_int00_noargs:_c_int00_noargs</name>
         <load_address>0xa650</load_address>
         <run_address>0xa650</run_address>
         <size>0x34</size>
         <input_file_ref idref="fl-f8"/>
      </object_component>
      <object_component id="oc-2c7">
         <name>.text:GetEStopState</name>
         <load_address>0xa684</load_address>
         <run_address>0xa684</run_address>
         <size>0x30</size>
         <input_file_ref idref="fl-10"/>
      </object_component>
      <object_component id="oc-6bd">
         <name>.text</name>
         <load_address>0xa6b4</load_address>
         <run_address>0xa6b4</run_address>
         <size>0x2e</size>
         <input_file_ref idref="fl-ee"/>
      </object_component>
      <object_component id="oc-28d">
         <name>.text:BUZZ_BUZZ</name>
         <load_address>0xa6e4</load_address>
         <run_address>0xa6e4</run_address>
         <size>0x2c</size>
         <input_file_ref idref="fl-6"/>
      </object_component>
      <object_component id="oc-42c">
         <name>.text:GPIODirModeSet</name>
         <load_address>0xa710</load_address>
         <run_address>0xa710</run_address>
         <size>0x2c</size>
         <input_file_ref idref="fl-1b"/>
      </object_component>
      <object_component id="oc-2f8">
         <name>.text:IsBufferEmpty</name>
         <load_address>0xa73c</load_address>
         <run_address>0xa73c</run_address>
         <size>0x2c</size>
         <input_file_ref idref="fl-2"/>
      </object_component>
      <object_component id="oc-541">
         <name>.text:LED_LED1</name>
         <load_address>0xa768</load_address>
         <run_address>0xa768</run_address>
         <size>0x2c</size>
         <input_file_ref idref="fl-c"/>
      </object_component>
      <object_component id="oc-1bb">
         <name>.text:LED_LED2</name>
         <load_address>0xa794</load_address>
         <run_address>0xa794</run_address>
         <size>0x2c</size>
         <input_file_ref idref="fl-c"/>
      </object_component>
      <object_component id="oc-547">
         <name>.text:LED_LED3</name>
         <load_address>0xa7c0</load_address>
         <run_address>0xa7c0</run_address>
         <size>0x2c</size>
         <input_file_ref idref="fl-c"/>
      </object_component>
      <object_component id="oc-457">
         <name>.text:UARTEchoSet</name>
         <load_address>0xa7ec</load_address>
         <run_address>0xa7ec</run_address>
         <size>0x2c</size>
         <input_file_ref idref="fl-2"/>
      </object_component>
      <object_component id="oc-7a1">
         <name>.text:free_list_insert</name>
         <load_address>0xa818</load_address>
         <run_address>0xa818</run_address>
         <size>0x28</size>
         <input_file_ref idref="fl-f6"/>
      </object_component>
      <object_component id="oc-19a">
         <name>.text:BMX160_readReg</name>
         <load_address>0xa840</load_address>
         <run_address>0xa840</run_address>
         <size>0x26</size>
         <input_file_ref idref="fl-5"/>
      </object_component>
      <object_component id="oc-31c">
         <name>.text:SYSTICK_Delay</name>
         <load_address>0xa866</load_address>
         <run_address>0xa866</run_address>
         <size>0x26</size>
         <input_file_ref idref="fl-a"/>
      </object_component>
      <object_component id="oc-1c1">
         <name>.text:SWITCH_SW1_Pressed</name>
         <load_address>0xa88c</load_address>
         <run_address>0xa88c</run_address>
         <size>0x24</size>
         <input_file_ref idref="fl-d"/>
      </object_component>
      <object_component id="oc-1c7">
         <name>.text:SWITCH_SW2_Pressed</name>
         <load_address>0xa8b0</load_address>
         <run_address>0xa8b0</run_address>
         <size>0x24</size>
         <input_file_ref idref="fl-d"/>
      </object_component>
      <object_component id="oc-fe">
         <name>.text:UARTprintf</name>
         <load_address>0xa8d4</load_address>
         <run_address>0xa8d4</run_address>
         <size>0x24</size>
         <input_file_ref idref="fl-2"/>
      </object_component>
      <object_component id="oc-639">
         <name>.text:BMX160_scan</name>
         <load_address>0xa8f8</load_address>
         <run_address>0xa8f8</run_address>
         <size>0x22</size>
         <input_file_ref idref="fl-5"/>
      </object_component>
      <object_component id="oc-368">
         <name>.text:PWMGenConfigure</name>
         <load_address>0xa91a</load_address>
         <run_address>0xa91a</run_address>
         <size>0x22</size>
         <input_file_ref idref="fl-1e"/>
      </object_component>
      <object_component id="oc-4d3">
         <name>.text:OrangeRX_IntHandler</name>
         <load_address>0xa93c</load_address>
         <run_address>0xa93c</run_address>
         <size>0x20</size>
         <input_file_ref idref="fl-11"/>
      </object_component>
      <object_component id="oc-22f">
         <name>.text:SysTick_Init</name>
         <load_address>0xa95c</load_address>
         <run_address>0xa95c</run_address>
         <size>0x20</size>
         <input_file_ref idref="fl-a"/>
      </object_component>
      <object_component id="oc-11c">
         <name>.text</name>
         <load_address>0xa97c</load_address>
         <run_address>0xa97c</run_address>
         <size>0x20</size>
         <input_file_ref idref="fl-f0"/>
      </object_component>
      <object_component id="oc-38c">
         <name>.text:PWMPulseWidthGet</name>
         <load_address>0xa99c</load_address>
         <run_address>0xa99c</run_address>
         <size>0x1e</size>
         <input_file_ref idref="fl-1e"/>
      </object_component>
      <object_component id="oc-302">
         <name>.text:PWMPulseWidthSet</name>
         <load_address>0xa9ba</load_address>
         <run_address>0xa9ba</run_address>
         <size>0x1e</size>
         <input_file_ref idref="fl-1e"/>
      </object_component>
      <object_component id="oc-405">
         <name>.text:SysTickIntRegister</name>
         <load_address>0xa9d8</load_address>
         <run_address>0xa9d8</run_address>
         <size>0x1c</size>
         <input_file_ref idref="fl-20"/>
      </object_component>
      <object_component id="oc-79b">
         <name>.text:free_list_remove</name>
         <load_address>0xa9f4</load_address>
         <run_address>0xa9f4</run_address>
         <size>0x1c</size>
         <input_file_ref idref="fl-f6"/>
      </object_component>
      <object_component id="oc-6fe">
         <name>.text:memccpy</name>
         <load_address>0xaa10</load_address>
         <run_address>0xaa10</run_address>
         <size>0x1c</size>
         <input_file_ref idref="fl-109"/>
      </object_component>
      <object_component id="oc-425">
         <name>.text:GPIOPinTypeGPIOOutput</name>
         <load_address>0xaa2c</load_address>
         <run_address>0xaa2c</run_address>
         <size>0x1a</size>
         <input_file_ref idref="fl-1b"/>
      </object_component>
      <object_component id="oc-818">
         <name>.text:copysign</name>
         <load_address>0xaa46</load_address>
         <run_address>0xaa46</run_address>
         <size>0x1a</size>
         <input_file_ref idref="fl-fa"/>
      </object_component>
      <object_component id="oc-490">
         <name>.text:BMP388_set_i2c_addr</name>
         <load_address>0xaa60</load_address>
         <run_address>0xaa60</run_address>
         <size>0x18</size>
         <input_file_ref idref="fl-4"/>
      </object_component>
      <object_component id="oc-7dc">
         <name>.text:GPIOIntRegister</name>
         <load_address>0xaa78</load_address>
         <run_address>0xaa78</run_address>
         <size>0x18</size>
         <input_file_ref idref="fl-1b"/>
      </object_component>
      <object_component id="oc-380">
         <name>.text:SysCtlPWMClockGet</name>
         <load_address>0xaa90</load_address>
         <run_address>0xaa90</run_address>
         <size>0x18</size>
         <input_file_ref idref="fl-1f"/>
      </object_component>
      <object_component id="oc-4c7">
         <name>.text:TimerIntRegister</name>
         <load_address>0xaaa8</load_address>
         <run_address>0xaaa8</run_address>
         <size>0x18</size>
         <input_file_ref idref="fl-21"/>
      </object_component>
      <object_component id="oc-43f">
         <name>.text:UARTIntRegister</name>
         <load_address>0xaac0</load_address>
         <run_address>0xaac0</run_address>
         <size>0x18</size>
         <input_file_ref idref="fl-22"/>
      </object_component>
      <object_component id="oc-527">
         <name>.text:_outs</name>
         <load_address>0xaad8</load_address>
         <run_address>0xaad8</run_address>
         <size>0x18</size>
         <input_file_ref idref="fl-d9"/>
      </object_component>
      <object_component id="oc-7d0">
         <name>.text:GPIOPinTypeGPIOInput</name>
         <load_address>0xaaf0</load_address>
         <run_address>0xaaf0</run_address>
         <size>0x16</size>
         <input_file_ref idref="fl-1b"/>
      </object_component>
      <object_component id="oc-46a">
         <name>.text:GPIOPinTypeI2C</name>
         <load_address>0xab06</load_address>
         <run_address>0xab06</run_address>
         <size>0x16</size>
         <input_file_ref idref="fl-1b"/>
      </object_component>
      <object_component id="oc-464">
         <name>.text:GPIOPinTypeI2CSCL</name>
         <load_address>0xab1c</load_address>
         <run_address>0xab1c</run_address>
         <size>0x16</size>
         <input_file_ref idref="fl-1b"/>
      </object_component>
      <object_component id="oc-362">
         <name>.text:GPIOPinTypePWM</name>
         <load_address>0xab32</load_address>
         <run_address>0xab32</run_address>
         <size>0x16</size>
         <input_file_ref idref="fl-1b"/>
      </object_component>
      <object_component id="oc-4af">
         <name>.text:GPIOPinTypeTimer</name>
         <load_address>0xab48</load_address>
         <run_address>0xab48</run_address>
         <size>0x16</size>
         <input_file_ref idref="fl-1b"/>
      </object_component>
      <object_component id="oc-439">
         <name>.text:GPIOPinTypeUART</name>
         <load_address>0xab5e</load_address>
         <run_address>0xab5e</run_address>
         <size>0x16</size>
         <input_file_ref idref="fl-1b"/>
      </object_component>
      <object_component id="oc-673">
         <name>.text:I2CMasterErr</name>
         <load_address>0xab74</load_address>
         <run_address>0xab74</run_address>
         <size>0x16</size>
         <input_file_ref idref="fl-1c"/>
      </object_component>
      <object_component id="oc-4c1">
         <name>.text:TimerControlEvent</name>
         <load_address>0xab8a</load_address>
         <run_address>0xab8a</run_address>
         <size>0x16</size>
         <input_file_ref idref="fl-21"/>
      </object_component>
      <object_component id="oc-860">
         <name>.text:strchr</name>
         <load_address>0xaba0</load_address>
         <run_address>0xaba0</run_address>
         <size>0x16</size>
         <input_file_ref idref="fl-10a"/>
      </object_component>
      <object_component id="oc-350">
         <name>.text:SysCtlPWMClockSet</name>
         <load_address>0xabb8</load_address>
         <run_address>0xabb8</run_address>
         <size>0x14</size>
         <input_file_ref idref="fl-1f"/>
      </object_component>
      <object_component id="oc-223">
         <name>.text:SysCtlResetCauseClear</name>
         <load_address>0xabcc</load_address>
         <run_address>0xabcc</run_address>
         <size>0x14</size>
         <input_file_ref idref="fl-1f"/>
      </object_component>
      <object_component id="oc-411">
         <name>.text:SysTickEnable</name>
         <load_address>0xabe0</load_address>
         <run_address>0xabe0</run_address>
         <size>0x14</size>
         <input_file_ref idref="fl-20"/>
      </object_component>
      <object_component id="oc-40b">
         <name>.text:SysTickIntEnable</name>
         <load_address>0xabf4</load_address>
         <run_address>0xabf4</run_address>
         <size>0x14</size>
         <input_file_ref idref="fl-20"/>
      </object_component>
      <object_component id="oc-6d4">
         <name>.text:strlen</name>
         <load_address>0xac08</load_address>
         <run_address>0xac08</run_address>
         <size>0x14</size>
         <input_file_ref idref="fl-10b"/>
      </object_component>
      <object_component id="oc-386">
         <name>.text:PWMGenPeriodGet</name>
         <load_address>0xac1c</load_address>
         <run_address>0xac1c</run_address>
         <size>0x12</size>
         <input_file_ref idref="fl-1e"/>
      </object_component>
      <object_component id="oc-374">
         <name>.text:PWMOutputState</name>
         <load_address>0xac2e</load_address>
         <run_address>0xac2e</run_address>
         <size>0x12</size>
         <input_file_ref idref="fl-1e"/>
      </object_component>
      <object_component id="oc-3b8">
         <name>.text:TimerLoadSet</name>
         <load_address>0xac40</load_address>
         <run_address>0xac40</run_address>
         <size>0x12</size>
         <input_file_ref idref="fl-21"/>
      </object_component>
      <object_component id="oc-4bb">
         <name>.text:TimerMatchSet</name>
         <load_address>0xac52</load_address>
         <run_address>0xac52</run_address>
         <size>0x12</size>
         <input_file_ref idref="fl-21"/>
      </object_component>
      <object_component id="oc-704">
         <name>.text:wcslen</name>
         <load_address>0xac64</load_address>
         <run_address>0xac64</run_address>
         <size>0x12</size>
         <input_file_ref idref="fl-fd"/>
      </object_component>
      <object_component id="oc-36e">
         <name>.text:PWMGenPeriodSet</name>
         <load_address>0xac76</load_address>
         <run_address>0xac76</run_address>
         <size>0x10</size>
         <input_file_ref idref="fl-1e"/>
      </object_component>
      <object_component id="oc-229">
         <name>.text:SysClk_Init</name>
         <load_address>0xac88</load_address>
         <run_address>0xac88</run_address>
         <size>0x10</size>
         <input_file_ref idref="fl-e"/>
      </object_component>
      <object_component id="oc-3ff">
         <name>.text:SysTickPeriodSet</name>
         <load_address>0xac98</load_address>
         <run_address>0xac98</run_address>
         <size>0x10</size>
         <input_file_ref idref="fl-20"/>
      </object_component>
      <object_component id="oc-3be">
         <name>.text:TimerEnable</name>
         <load_address>0xaca8</load_address>
         <run_address>0xaca8</run_address>
         <size>0xe</size>
         <input_file_ref idref="fl-21"/>
      </object_component>
      <object_component id="oc-1c">
         <name>.text:decompress:none:__TI_decompress_none</name>
         <load_address>0xacb6</load_address>
         <run_address>0xacb6</run_address>
         <size>0xe</size>
         <input_file_ref idref="fl-f4"/>
      </object_component>
      <object_component id="oc-4a8">
         <name>.text:BMP388_user_delay_ms</name>
         <load_address>0xacc4</load_address>
         <run_address>0xacc4</run_address>
         <size>0xc</size>
         <input_file_ref idref="fl-4"/>
      </object_component>
      <object_component id="oc-7e2">
         <name>.text:GPIOIntEnable</name>
         <load_address>0xacd0</load_address>
         <run_address>0xacd0</run_address>
         <size>0xc</size>
         <input_file_ref idref="fl-1b"/>
      </object_component>
      <object_component id="oc-37a">
         <name>.text:PWMGenEnable</name>
         <load_address>0xacdc</load_address>
         <run_address>0xacdc</run_address>
         <size>0xc</size>
         <input_file_ref idref="fl-1e"/>
      </object_component>
      <object_component id="oc-21d">
         <name>.text:SysCtlResetCauseGet</name>
         <load_address>0xace8</load_address>
         <run_address>0xace8</run_address>
         <size>0xc</size>
         <input_file_ref idref="fl-1f"/>
      </object_component>
      <object_component id="oc-235">
         <name>.text:SysFlag_Init</name>
         <load_address>0xacf4</load_address>
         <run_address>0xacf4</run_address>
         <size>0xc</size>
         <input_file_ref idref="fl-9"/>
      </object_component>
      <object_component id="oc-63">
         <name>.text:decompress:ZI:__TI_zero_init</name>
         <load_address>0xad00</load_address>
         <run_address>0xad00</run_address>
         <size>0xc</size>
         <input_file_ref idref="fl-f3"/>
      </object_component>
      <object_component id="oc-62a">
         <name>.text:I2CMasterEnable</name>
         <load_address>0xad0c</load_address>
         <run_address>0xad0c</run_address>
         <size>0xa</size>
         <input_file_ref idref="fl-1c"/>
      </object_component>
      <object_component id="oc-417">
         <name>.text:SysTick_IntHandler</name>
         <load_address>0xad16</load_address>
         <run_address>0xad16</run_address>
         <size>0xa</size>
         <input_file_ref idref="fl-a"/>
      </object_component>
      <object_component id="oc-116">
         <name>.text:TimerValueGet</name>
         <load_address>0xad20</load_address>
         <run_address>0xad20</run_address>
         <size>0xa</size>
         <input_file_ref idref="fl-21"/>
      </object_component>
      <object_component id="oc-61f">
         <name>.text:UARTIntStatus</name>
         <load_address>0xad2a</load_address>
         <run_address>0xad2a</run_address>
         <size>0xa</size>
         <input_file_ref idref="fl-22"/>
      </object_component>
      <object_component id="oc-52d">
         <name>.text:_outc</name>
         <load_address>0xad34</load_address>
         <run_address>0xad34</run_address>
         <size>0xa</size>
         <input_file_ref idref="fl-d9"/>
      </object_component>
      <object_component id="oc-3a3">
         <name>.text:I2CMasterBusy</name>
         <load_address>0xad3e</load_address>
         <run_address>0xad3e</run_address>
         <size>0x8</size>
         <input_file_ref idref="fl-1c"/>
      </object_component>
      <object_component id="oc-397">
         <name>.text:I2CMasterSlaveAddrSet</name>
         <load_address>0xad46</load_address>
         <run_address>0xad46</run_address>
         <size>0x8</size>
         <input_file_ref idref="fl-1c"/>
      </object_component>
      <object_component id="oc-4cd">
         <name>.text:TimerIntEnable</name>
         <load_address>0xad4e</load_address>
         <run_address>0xad4e</run_address>
         <size>0x8</size>
         <input_file_ref idref="fl-21"/>
      </object_component>
      <object_component id="oc-451">
         <name>.text:UARTIntEnable</name>
         <load_address>0xad56</load_address>
         <run_address>0xad56</run_address>
         <size>0x8</size>
         <input_file_ref idref="fl-22"/>
      </object_component>
      <object_component id="oc-6b7">
         <name>.text:__aeabi_errno_addr</name>
         <load_address>0xad60</load_address>
         <run_address>0xad60</run_address>
         <size>0x8</size>
         <input_file_ref idref="fl-f7"/>
      </object_component>
      <object_component id="oc-47e">
         <name>.text:malloc</name>
         <load_address>0xad68</load_address>
         <run_address>0xad68</run_address>
         <size>0x8</size>
         <input_file_ref idref="fl-f6"/>
      </object_component>
      <object_component id="oc-3cd">
         <name>.text:GPIOPinRead</name>
         <load_address>0xad70</load_address>
         <run_address>0xad70</run_address>
         <size>0x6</size>
         <input_file_ref idref="fl-1b"/>
      </object_component>
      <object_component id="oc-3b2">
         <name>.text:GPIOPinWrite</name>
         <load_address>0xad76</load_address>
         <run_address>0xad76</run_address>
         <size>0x6</size>
         <input_file_ref idref="fl-1b"/>
      </object_component>
      <object_component id="oc-2b">
         <name>.text:ResetISR</name>
         <load_address>0xad7c</load_address>
         <run_address>0xad7c</run_address>
         <size>0x6</size>
         <input_file_ref idref="fl-3"/>
      </object_component>
      <object_component id="oc-172">
         <name>.text:SysCtlDelay</name>
         <load_address>0xad82</load_address>
         <run_address>0xad82</run_address>
         <size>0x6</size>
         <input_file_ref idref="fl-1f"/>
      </object_component>
      <object_component id="oc-445">
         <name>.text:UARTClockSourceSet</name>
         <load_address>0xad88</load_address>
         <run_address>0xad88</run_address>
         <size>0x6</size>
         <input_file_ref idref="fl-22"/>
      </object_component>
      <object_component id="oc-39d">
         <name>.text:I2CMasterControl</name>
         <load_address>0xad8e</load_address>
         <run_address>0xad8e</run_address>
         <size>0x4</size>
         <input_file_ref idref="fl-1c"/>
      </object_component>
      <object_component id="oc-3a9">
         <name>.text:I2CMasterDataGet</name>
         <load_address>0xad92</load_address>
         <run_address>0xad92</run_address>
         <size>0x4</size>
         <input_file_ref idref="fl-1c"/>
      </object_component>
      <object_component id="oc-3c5">
         <name>.text:I2CMasterDataPut</name>
         <load_address>0xad96</load_address>
         <run_address>0xad96</run_address>
         <size>0x4</size>
         <input_file_ref idref="fl-1c"/>
      </object_component>
[...]
         <name>I2CMasterSlaveAddrSet</name>
         <value>0xad47</value>
         <object_component_ref idref="oc-397"/>
      </symbol>
      <symbol id="sm-b90">
         <name>I2CMasterDataGet</name>
         <value>0xad93</value>
         <object_component_ref idref="oc-3a9"/>
      </symbol>
      <symbol id="sm-b91">
         <name>I2CMasterErr</name>
         <value>0xab75</value>
         <object_component_ref idref="oc-673"/>
      </symbol>
      <symbol id="sm-b92">
         <name>I2CMasterControl</name>
         <value>0xad8f</value>
         <object_component_ref idref="oc-39d"/>
      </symbol>
      <symbol id="sm-b93">
         <name>I2CMasterBusy</name>
         <value>0xad3f</value>
         <object_component_ref idref="oc-3a3"/>
      </symbol>
      <symbol id="sm-b94">
         <name>I2CMasterEnable</name>
         <value>0xad0d</value>
         <object_component_ref idref="oc-62a"/>
      </symbol>
      <symbol id="sm-bc5">
         <name>IntEnable</name>
         <value>0x9571</value>
         <object_component_ref idref="oc-5fb"/>
      </symbol>
      <symbol id="sm-bc6">
         <name>IntRegister</name>
         <value>0xa4e5</value>
         <object_component_ref idref="oc-5e0"/>
      </symbol>
      <symbol id="sm-bc7">
         <name>g_pfnRAMVectors</name>
         <value>0x20000000</value>
         <object_component_ref idref="oc-77c"/>
      </symbol>
      <symbol id="sm-c04">
         <name>PWMGenPeriodSet</name>
         <value>0xac77</value>
         <object_component_ref idref="oc-36e"/>
      </symbol>
      <symbol id="sm-c05">
         <name>PWMPulseWidthSet</name>
         <value>0xa9bb</value>
         <object_component_ref idref="oc-302"/>
      </symbol>
      <symbol id="sm-c06">
         <name>PWMGenPeriodGet</name>
         <value>0xac1d</value>
         <object_component_ref idref="oc-386"/>
      </symbol>
      <symbol id="sm-c07">
         <name>PWMOutputState</name>
         <value>0xac2f</value>
         <object_component_ref idref="oc-374"/>
      </symbol>
      <symbol id="sm-c08">
         <name>PWMGenEnable</name>
         <value>0xacdd</value>
         <object_component_ref idref="oc-37a"/>
      </symbol>
      <symbol id="sm-c09">
         <name>PWMGenConfigure</name>
         <value>0xa91b</value>
         <object_component_ref idref="oc-368"/>
      </symbol>
      <symbol id="sm-c0a">
         <name>PWMPulseWidthGet</name>
         <value>0xa99d</value>
         <object_component_ref idref="oc-38c"/>
      </symbol>
      <symbol id="sm-c90">
         <name>SysCtlClockSet</name>
         <value>0x7f51</value>
         <object_component_ref idref="oc-3f8"/>
      </symbol>
      <symbol id="sm-c91">
         <name>SysCtlResetCauseGet</name>
         <value>0xace9</value>
         <object_component_ref idref="oc-21d"/>
      </symbol>
      <symbol id="sm-c92">
         <name>SysCtlPWMClockGet</name>
         <value>0xaa91</value>
         <object_component_ref idref="oc-380"/>
      </symbol>
      <symbol id="sm-c93">
         <name>SysCtlDelay</name>
         <value>0xad83</value>
         <object_component_ref idref="oc-172"/>
      </symbol>
      <symbol id="sm-c94">
         <name>SysCtlPeripheralEnable</name>
         <value>0xa581</value>
         <object_component_ref idref="oc-356"/>
      </symbol>
      <symbol id="sm-c95">
         <name>SysCtlClockGet</name>
         <value>0x7611</value>
         <object_component_ref idref="oc-f8"/>
      </symbol>
      <symbol id="sm-c96">
         <name>SysCtlPWMClockSet</name>
         <value>0xabb9</value>
         <object_component_ref idref="oc-350"/>
      </symbol>
      <symbol id="sm-c97">
         <name>SysCtlPeripheralReady</name>
         <value>0xa3cd</value>
         <object_component_ref idref="oc-41f"/>
      </symbol>
      <symbol id="sm-c98">
         <name>SysCtlResetCauseClear</name>
         <value>0xabcd</value>
         <object_component_ref idref="oc-223"/>
      </symbol>
      <symbol id="sm-cc5">
         <name>SysTickEnable</name>
         <value>0xabe1</value>
         <object_component_ref idref="oc-411"/>
      </symbol>
      <symbol id="sm-cc6">
         <name>SysTickIntRegister</name>
         <value>0xa9d9</value>
         <object_component_ref idref="oc-405"/>
      </symbol>
      <symbol id="sm-cc7">
         <name>SysTickIntEnable</name>
         <value>0xabf5</value>
         <object_component_ref idref="oc-40b"/>
      </symbol>
      <symbol id="sm-cc8">
         <name>SysTickPeriodSet</name>
         <value>0xac99</value>
         <object_component_ref idref="oc-3ff"/>
      </symbol>
      <symbol id="sm-d3b">
         <name>TimerMatchSet</name>
         <value>0xac53</value>
         <object_component_ref idref="oc-4bb"/>
      </symbol>
      <symbol id="sm-d3c">
         <name>TimerLoadSet</name>
         <value>0xac41</value>
         <object_component_ref idref="oc-3b8"/>
      </symbol>
      <symbol id="sm-d3d">
         <name>TimerIntRegister</name>
         <value>0xaaa9</value>
         <object_component_ref idref="oc-4c7"/>
      </symbol>
      <symbol id="sm-d3e">
         <name>TimerEnable</name>
         <value>0xaca9</value>
         <object_component_ref idref="oc-3be"/>
      </symbol>
      <symbol id="sm-d3f">
         <name>TimerValueGet</name>
         <value>0xad21</value>
         <object_component_ref idref="oc-116"/>
      </symbol>
      <symbol id="sm-d40">
         <name>TimerIntEnable</name>
         <value>0xad4f</value>
         <object_component_ref idref="oc-4cd"/>
      </symbol>
      <symbol id="sm-d41">
         <name>TimerConfigure</name>
         <value>0x995d</value>
         <object_component_ref idref="oc-4b5"/>
      </symbol>
      <symbol id="sm-d42">
         <name>TimerControlEvent</name>
         <value>0xab8b</value>
         <object_component_ref idref="oc-4c1"/>
      </symbol>
      <symbol id="sm-d43">
         <name>TimerIntClear</name>
         <value>0xad9b</value>
         <object_component_ref idref="oc-688"/>
      </symbol>
      <symbol id="sm-d87">
         <name>UARTIntEnable</name>
         <value>0xad57</value>
         <object_component_ref idref="oc-451"/>
      </symbol>
      <symbol id="sm-d88">
         <name>UARTClockSourceSet</name>
         <value>0xad89</value>
         <object_component_ref idref="oc-445"/>
      </symbol>
      <symbol id="sm-d89">
         <name>UARTIntStatus</name>
         <value>0xad2b</value>
         <object_component_ref idref="oc-61f"/>
      </symbol>
      <symbol id="sm-d8a">
         <name>UARTIntRegister</name>
         <value>0xaac1</value>
         <object_component_ref idref="oc-43f"/>
      </symbol>
      <symbol id="sm-db2">
         <name>sprintf</name>
         <value>0xa1e9</value>
         <object_component_ref idref="oc-2b7"/>
      </symbol>
      <symbol id="sm-dee">
         <name>acosl</name>
         <value>0x3309</value>
         <object_component_ref idref="oc-74c"/>
      </symbol>
      <symbol id="sm-def">
         <name>acos</name>
         <value>0x3309</value>
         <object_component_ref idref="oc-74c"/>
      </symbol>
      <symbol id="sm-e7b">
         <name>pow</name>
         <value>0x16ad</value>
         <object_component_ref idref="oc-512"/>
      </symbol>
      <symbol id="sm-e7c">
         <name>powl</name>
         <value>0x16ad</value>
         <object_component_ref idref="oc-512"/>
      </symbol>
      <symbol id="sm-e9e">
         <name>sqrtl</name>
         <value>0x69e1</value>
         <object_component_ref idref="oc-6b1"/>
      </symbol>
      <symbol id="sm-e9f">
         <name>sqrt</name>
         <value>0x69e1</value>
         <object_component_ref idref="oc-6b1"/>
      </symbol>
      <symbol id="sm-ed5">
         <name>atanl</name>
         <value>0x4141</value>
         <object_component_ref idref="oc-746"/>
      </symbol>
      <symbol id="sm-ed6">
         <name>atan</name>
         <value>0x4141</value>
         <object_component_ref idref="oc-746"/>
      </symbol>
      <symbol id="sm-eee">
         <name>roundl</name>
         <value>0x83d1</value>
         <object_component_ref idref="oc-57a"/>
      </symbol>
      <symbol id="sm-eef">
         <name>round</name>
         <value>0x83d1</value>
         <object_component_ref idref="oc-57a"/>
      </symbol>
      <symbol id="sm-f16">
         <name>scalbn</name>
         <value>0x783d</value>
         <object_component_ref idref="oc-6c5"/>
      </symbol>
      <symbol id="sm-f17">
         <name>scalbnl</name>
         <value>0x783d</value>
         <object_component_ref idref="oc-6c5"/>
      </symbol>
      <symbol id="sm-f18">
         <name>ldexpl</name>
         <value>0x783d</value>
         <object_component_ref idref="oc-6c5"/>
      </symbol>
      <symbol id="sm-f19">
         <name>ldexp</name>
         <value>0x783d</value>
         <object_component_ref idref="oc-6c5"/>
      </symbol>
      <symbol id="sm-f31">
         <name>trunc</name>
         <value>0x8555</value>
         <object_component_ref idref="oc-56f"/>
      </symbol>
      <symbol id="sm-f32">
         <name>truncl</name>
         <value>0x8555</value>
         <object_component_ref idref="oc-56f"/>
      </symbol>
      <symbol id="sm-f61">
         <name>asinf</name>
         <value>0x65ad</value>
         <object_component_ref idref="oc-72e"/>
      </symbol>
      <symbol id="sm-f93">
         <name>atan2f</name>
         <value>0x6889</value>
         <object_component_ref idref="oc-728"/>
      </symbol>
      <symbol id="sm-fc0">
         <name>atanf</name>
         <value>0x6b39</value>
         <object_component_ref idref="oc-885"/>
      </symbol>
      <symbol id="sm-fd4">
         <name>cosf</name>
         <value>0x8611</value>
         <object_component_ref idref="oc-740"/>
      </symbol>
      <symbol id="sm-fe6">
         <name>sinf</name>
         <value>0x8ad5</value>
         <object_component_ref idref="oc-734"/>
      </symbol>
      <symbol id="sm-ffc">
         <name>tanf</name>
         <value>0x88d9</value>
         <object_component_ref idref="oc-73a"/>
      </symbol>
      <symbol id="sm-1013">
         <name>__aeabi_dsub</name>
         <value>0x5db9</value>
         <object_component_ref idref="oc-126"/>
      </symbol>
      <symbol id="sm-1014">
         <name>__aeabi_dadd</name>
         <value>0x5dc3</value>
         <object_component_ref idref="oc-126"/>
      </symbol>
      <symbol id="sm-1036">
         <name>__aeabi_cdcmpeq</name>
         <value>0x8f75</value>
         <object_component_ref idref="oc-53b"/>
      </symbol>
      <symbol id="sm-1037">
         <name>__aeabi_cdcmple</name>
         <value>0x8f75</value>
         <object_component_ref idref="oc-53b"/>
      </symbol>
      <symbol id="sm-1038">
         <name>__aeabi_cdrcmple</name>
         <value>0x8ffb</value>
         <object_component_ref idref="oc-12b"/>
      </symbol>
      <symbol id="sm-104c">
         <name>__aeabi_ddiv</name>
         <value>0x7041</value>
         <object_component_ref idref="oc-121"/>
      </symbol>
      <symbol id="sm-1057">
         <name>__aeabi_dmul</name>
         <value>0x7d5d</value>
         <object_component_ref idref="oc-518"/>
      </symbol>
      <symbol id="sm-1061">
         <name>__aeabi_d2iz</name>
         <value>0xa015</value>
         <object_component_ref idref="oc-575"/>
      </symbol>
      <symbol id="sm-106d">
         <name>__aeabi_d2f</name>
         <value>0x93c1</value>
         <object_component_ref idref="oc-2b2"/>
      </symbol>
      <symbol id="sm-1078">
         <name>__aeabi_f2d</name>
         <value>0xa475</value>
         <object_component_ref idref="oc-2ad"/>
      </symbol>
      <symbol id="sm-1082">
         <name>__aeabi_i2d</name>
         <value>0xa6b5</value>
         <object_component_ref idref="oc-6bd"/>
      </symbol>
      <symbol id="sm-109d">
         <name>memcpy</name>
         <value>0x8b79</value>
         <object_component_ref idref="oc-51"/>
      </symbol>
      <symbol id="sm-109e">
         <name>__aeabi_memcpy</name>
         <value>0x8b79</value>
         <object_component_ref idref="oc-51"/>
      </symbol>
      <symbol id="sm-109f">
         <name>__aeabi_memcpy8</name>
         <value>0x8b79</value>
         <object_component_ref idref="oc-51"/>
      </symbol>
      <symbol id="sm-10a0">
         <name>__aeabi_memcpy4</name>
         <value>0x8b79</value>
         <object_component_ref idref="oc-51"/>
      </symbol>
      <symbol id="sm-10aa">
         <name>__aeabi_ui2d</name>
         <value>0xa97d</value>
         <object_component_ref idref="oc-11c"/>
      </symbol>
      <symbol id="sm-10b9">
         <name>__aeabi_uidivmod</name>
         <value>0xa1a9</value>
         <object_component_ref idref="oc-4ed"/>
      </symbol>
      <symbol id="sm-10ba">
         <name>__aeabi_uidiv</name>
         <value>0xa1a9</value>
         <object_component_ref idref="oc-4ed"/>
      </symbol>
      <symbol id="sm-10c9">
         <name>__aeabi_memset</name>
         <value>0x9187</value>
         <object_component_ref idref="oc-ac"/>
      </symbol>
      <symbol id="sm-10ca">
         <name>memset</name>
         <value>0x918d</value>
         <object_component_ref idref="oc-ac"/>
      </symbol>
      <symbol id="sm-10cb">
         <name>__aeabi_memset8</name>
         <value>0x9187</value>
         <object_component_ref idref="oc-ac"/>
      </symbol>
      <symbol id="sm-10cc">
         <name>__aeabi_memset4</name>
         <value>0x9187</value>
         <object_component_ref idref="oc-ac"/>
      </symbol>
      <symbol id="sm-10cd">
         <name>__aeabi_memclr8</name>
         <value>0x9185</value>
         <object_component_ref idref="oc-ac"/>
      </symbol>
      <symbol id="sm-10ce">
         <name>__aeabi_memclr4</name>
         <value>0x9185</value>
         <object_component_ref idref="oc-ac"/>
      </symbol>
      <symbol id="sm-10cf">
         <name>__aeabi_memclr</name>
         <value>0x9185</value>
         <object_component_ref idref="oc-ac"/>
      </symbol>
      <symbol id="sm-10e6">
         <name>__TI_zero_init</name>
         <value>0xad01</value>
         <object_component_ref idref="oc-63"/>
      </symbol>
      <symbol id="sm-10fd">
         <name>__TI_decompress_none</name>
         <value>0xacb7</value>
         <object_component_ref idref="oc-1c"/>
      </symbol>
      <symbol id="sm-1120">
         <name>__TI_decompress_lzss</name>
         <value>0x95d9</value>
         <object_component_ref idref="oc-16"/>
      </symbol>
      <symbol id="sm-118e">
         <name>_sys_memory</name>
         <value>0x20001270</value>
         <object_component_ref idref="oc-25"/>
      </symbol>
      <symbol id="sm-118f">
         <name>memalign</name>
         <value>0x7c5d</value>
         <object_component_ref idref="oc-632"/>
      </symbol>
      <symbol id="sm-1190">
         <name>malloc</name>
         <value>0xad69</value>
         <object_component_ref idref="oc-47e"/>
      </symbol>
      <symbol id="sm-1191">
         <name>aligned_alloc</name>
         <value>0x7c5d</value>
         <object_component_ref idref="oc-632"/>
      </symbol>
      <symbol id="sm-11a7">
         <name>__aeabi_errno_addr</name>
         <value>0xad61</value>
         <object_component_ref idref="oc-6b7"/>
      </symbol>
      <symbol id="sm-11a8">
         <name>errno</name>
         <value>0x20002c3c</value>
         <object_component_ref idref="oc-810"/>
      </symbol>
      <symbol id="sm-11bb">
         <name>__stack</name>
         <value>0x20000270</value>
         <object_component_ref idref="oc-28"/>
      </symbol>
      <symbol id="sm-11bc">
         <name>_c_int00_noargs</name>
         <value>0xa651</value>
         <object_component_ref idref="oc-6f"/>
      </symbol>
      <symbol id="sm-1321">
         <name>__TI_printfi</name>
         <value>0x26d</value>
         <object_component_ref idref="oc-521"/>
      </symbol>
      <symbol id="sm-132b">
         <name>copysign</name>
         <value>0xaa47</value>
         <object_component_ref idref="oc-818"/>
      </symbol>
      <symbol id="sm-132c">
         <name>copysignl</name>
         <value>0xaa47</value>
         <object_component_ref idref="oc-818"/>
      </symbol>
      <symbol id="sm-1349">
         <name>floorl</name>
         <value>0x7e59</value>
         <object_component_ref idref="oc-75b"/>
      </symbol>
      <symbol id="sm-134a">
         <name>floor</name>
         <value>0x7e59</value>
         <object_component_ref idref="oc-75b"/>
      </symbol>
      <symbol id="sm-1360">
         <name>frexpl</name>
         <value>0x970d</value>
         <object_component_ref idref="oc-85a"/>
      </symbol>
      <symbol id="sm-1361">
         <name>frexp</name>
         <value>0x970d</value>
         <object_component_ref idref="oc-85a"/>
      </symbol>
      <symbol id="sm-137a">
         <name>wcslen</name>
         <value>0xac65</value>
         <object_component_ref idref="oc-704"/>
      </symbol>
      <symbol id="sm-1384">
         <name>__aeabi_idiv0</name>
         <value>0x5f6f</value>
         <object_component_ref idref="oc-6a0"/>
      </symbol>
      <symbol id="sm-1385">
         <name>__aeabi_ldiv0</name>
         <value>0x5f6f</value>
         <object_component_ref idref="oc-6a0"/>
      </symbol>
      <symbol id="sm-1392">
         <name>__aeabi_uldivmod</name>
         <value>0x8c15</value>
         <object_component_ref idref="oc-833"/>
      </symbol>
      <symbol id="sm-13ba">
         <name>__TI_auto_init_nobinit_nopinit</name>
         <value>0xa0e5</value>
         <object_component_ref idref="oc-1da"/>
      </symbol>
      <symbol id="sm-13c4">
         <name>_system_pre_init</name>
         <value>0xad9f</value>
         <object_component_ref idref="oc-b2"/>
      </symbol>
      <symbol id="sm-13d0">
         <name>C$$EXIT</name>
         <value>0xada3</value>
         <object_component_ref idref="oc-1ce"/>
      </symbol>
      <symbol id="sm-13d1">
         <name>abort</name>
         <value>0xada3</value>
         <object_component_ref idref="oc-1ce"/>
      </symbol>
      <symbol id="sm-13e6">
         <name>_nop</name>
         <value>0x526f</value>
         <object_component_ref idref="oc-5b3"/>
      </symbol>
      <symbol id="sm-13e7">
         <name>_lock</name>
         <value>0x20002c20</value>
         <object_component_ref idref="oc-3d9"/>
      </symbol>
      <symbol id="sm-13e8">
         <name>_unlock</name>
         <value>0x20002c24</value>
         <object_component_ref idref="oc-3d9"/>
      </symbol>
      <symbol id="sm-13f7">
         <name>__TI_ltoa</name>
         <value>0x9c71</value>
         <object_component_ref idref="oc-839"/>
      </symbol>
      <symbol id="sm-140e">
         <name>atoi</name>
         <value>0x9fc9</value>
         <object_component_ref idref="oc-6da"/>
      </symbol>
      <symbol id="sm-1419">
         <name>_ctypes_</name>
         <value>0xada8</value>
         <object_component_ref idref="oc-82e"/>
      </symbol>
      <symbol id="sm-1429">
         <name>memccpy</name>
         <value>0xaa11</value>
         <object_component_ref idref="oc-6fe"/>
      </symbol>
      <symbol id="sm-1439">
         <name>strchr</name>
         <value>0xaba1</value>
         <object_component_ref idref="oc-860"/>
      </symbol>
      <symbol id="sm-1447">
         <name>strlen</name>
         <value>0xac09</value>
         <object_component_ref idref="oc-6d4"/>
      </symbol>
      <symbol id="sm-1448">
         <name>__TI_static_base__</name>
         <value>0x0</value>
      </symbol>
      <symbol id="sm-144b">
         <name>__mpu_init</name>
         <value>0x0</value>
      </symbol>
      <symbol id="sm-144c">
         <name>_system_post_cinit</name>
         <value>0x0</value>
      </symbol>
   </symbol_table>
   <title>Link successful</title>
</link_info>
