<?xml version="1.0" encoding="ISO-8859-1" ?>
<link_info>
   <banner>TI ARM Linker PC v20.2.5.LTS</banner>
   <copyright>Copyright (c) 1996-2018 Texas Instruments Incorporated</copyright>
   <link_time>0x62392212</link_time>
   <link_errors>0x3</link_errors>
   <output_file>DroneProject.out</output_file>
   <entry_point>
      <name>_c_int00_noargs</name>
      <address>0x5a99</address>
   </entry_point>
   <input_file_list>
      <input_file id="fl-2">
         <path>.\</path>
         <kind>object</kind>
         <file>main.obj</file>
         <name>main.obj</name>
      </input_file>
      <input_file id="fl-3">
         <path>.\</path>
         <kind>object</kind>
         <file>startup_ccs.obj</file>
         <name>startup_ccs.obj</name>
      </input_file>
      <input_file id="fl-4">
         <path>..\Debug__TI\</path>
         <kind>object</kind>
         <file>tm4c123gh6pm_startup_ccs.obj</file>
         <name>tm4c123gh6pm_startup_ccs.obj</name>
      </input_file>
      <input_file id="fl-5">
         <path>.\local_Include\BMP388\</path>
         <kind>object</kind>
         <file>BMP388.obj</file>
         <name>BMP388.obj</name>
      </input_file>
      <input_file id="fl-6">
         <path>.\local_Include\BMX160\</path>
         <kind>object</kind>
         <file>BMX160.obj</file>
         <name>BMX160.obj</name>
      </input_file>
      <input_file id="fl-7">
         <path>.\local_Include\BUZZER\</path>
         <kind>object</kind>
         <file>buzzer.obj</file>
         <name>buzzer.obj</name>
      </input_file>
      <input_file id="fl-8">
         <path>.\local_Include\</path>
         <kind>object</kind>
         <file>MPU9250.obj</file>
         <name>MPU9250.obj</name>
      </input_file>
      <input_file id="fl-9">
         <path>.\local_Include\</path>
         <kind>object</kind>
         <file>SampleTemplate.obj</file>
         <name>SampleTemplate.obj</name>
      </input_file>
      <input_file id="fl-a">
         <path>.\local_Include\</path>
         <kind>object</kind>
         <file>SysFlag.obj</file>
         <name>SysFlag.obj</name>
      </input_file>
      <input_file id="fl-b">
         <path>.\local_Include\</path>
         <kind>object</kind>
         <file>SysTick.obj</file>
         <name>SysTick.obj</name>
      </input_file>
      <input_file id="fl-c">
         <path>.\local_Include\</path>
         <kind>object</kind>
         <file>i2c.obj</file>
         <name>i2c.obj</name>
      </input_file>
      <input_file id="fl-d">
         <path>.\local_Include\</path>
         <kind>object</kind>
         <file>led.obj</file>
         <name>led.obj</name>
      </input_file>
      <input_file id="fl-e">
         <path>.\local_Include\</path>
         <kind>object</kind>
         <file>onBoardSwitch.obj</file>
         <name>onBoardSwitch.obj</name>
      </input_file>
      <input_file id="fl-f">
         <path>.\local_Include\</path>
         <kind>object</kind>
         <file>sysclk.obj</file>
         <name>sysclk.obj</name>
      </input_file>
      <input_file id="fl-10">
         <path>.\local_Include\</path>
         <kind>object</kind>
         <file>uart.obj</file>
         <name>uart.obj</name>
      </input_file>
      <input_file id="fl-11">
         <path>.\local_Include\MotorControl\</path>
         <kind>object</kind>
         <file>MotorControl.obj</file>
         <name>MotorControl.obj</name>
      </input_file>
      <input_file id="fl-12">
         <path>.\local_Include\OrangeRX\</path>
         <kind>object</kind>
         <file>OrangeRX.obj</file>
         <name>OrangeRX.obj</name>
      </input_file>
      <input_file id="fl-13">
         <path>.\local_Include\PID\</path>
         <kind>object</kind>
         <file>PID.obj</file>
         <name>PID.obj</name>
      </input_file>
      <input_file id="fl-14">
         <path>.\local_Include\PWM\</path>
         <kind>object</kind>
         <file>PWM.obj</file>
         <name>PWM.obj</name>
      </input_file>
      <input_file id="fl-15">
         <path>.\local_Include\SONAR\</path>
         <kind>object</kind>
         <file>SONAR.obj</file>
         <name>SONAR.obj</name>
      </input_file>
      <input_file id="fl-16">
         <path>.\local_Include\SystemAttitude\</path>
         <kind>object</kind>
         <file>LPF.obj</file>
         <name>LPF.obj</name>
      </input_file>
      <input_file id="fl-1b">
         <kind>object</kind>
         <file>&lt;internal&gt;</file>
         <name>&lt;internal&gt;</name>
      </input_file>
      <input_file id="fl-1c">
         <path>C:\ti\TivaWare_C_Series-2.2.0.295\driverlib\ccs\Debug\</path>
         <kind>archive</kind>
         <file>driverlib.lib</file>
         <name>gpio.obj</name>
      </input_file>
      <input_file id="fl-1d">
         <path>C:\ti\TivaWare_C_Series-2.2.0.295\driverlib\ccs\Debug\</path>
         <kind>archive</kind>
         <file>driverlib.lib</file>
         <name>i2c.obj</name>
      </input_file>
      <input_file id="fl-1e">
         <path>C:\ti\TivaWare_C_Series-2.2.0.295\driverlib\ccs\Debug\</path>
         <kind>archive</kind>
         <file>driverlib.lib</file>
         <name>interrupt.obj</name>
      </input_file>
      <input_file id="fl-1f">
         <path>C:\ti\TivaWare_C_Series-2.2.0.295\driverlib\ccs\Debug\</path>
         <kind>archive</kind>
         <file>driverlib.lib</file>
         <name>pwm.obj</name>
      </input_file>
      <input_file id="fl-20">
         <path>C:\ti\TivaWare_C_Series-2.2.0.295\driverlib\ccs\Debug\</path>
         <kind>archive</kind>
         <file>driverlib.lib</file>
         <name>sysctl.obj</name>
      </input_file>
      <input_file id="fl-21">
         <path>C:\ti\TivaWare_C_Series-2.2.0.295\driverlib\ccs\Debug\</path>
         <kind>archive</kind>
         <file>driverlib.lib</file>
         <name>systick.obj</name>
      </input_file>
      <input_file id="fl-22">
         <path>C:\ti\TivaWare_C_Series-2.2.0.295\driverlib\ccs\Debug\</path>
         <kind>archive</kind>
         <file>driverlib.lib</file>
         <name>timer.obj</name>
      </input_file>
      <input_file id="fl-23">
         <path>C:\ti\TivaWare_C_Series-2.2.0.295\driverlib\ccs\Debug\</path>
         <kind>archive</kind>
         <file>driverlib.lib</file>
         <name>uart.obj</name>
      </input_file>
      <input_file id="fl-24">
         <path>C:\ti\TivaWare_C_Series-2.2.0.295\driverlib\ccs\Debug\</path>
         <kind>archive</kind>
         <file>driverlib.lib</file>
         <name>cpu.obj</name>
      </input_file>
      <input_file id="fl-da">
         <path>C:\ti\ccs1040\ccs\tools\compiler\ti-cgt-arm_20.2.5.LTS\lib\</path>
         <kind>archive</kind>
         <file>rtsv7M4_T_le_v4SPD16_eabi.lib</file>
         <name>sprintf.c.obj</name>
      </input_file>
      <input_file id="fl-db">
         <path>C:\ti\ccs1040\ccs\tools\compiler\ti-cgt-arm_20.2.5.LTS\lib\</path>
         <kind>archive</kind>
         <file>rtsv7M4_T_le_v4SPD16_eabi.lib</file>
         <name>e_pow.c.obj</name>
      </input_file>
      <input_file id="fl-dc">
         <path>C:\ti\ccs1040\ccs\tools\compiler\ti-cgt-arm_20.2.5.LTS\lib\</path>
         <kind>archive</kind>
         <file>rtsv7M4_T_le_v4SPD16_eabi.lib</file>
         <name>e_sqrt.c.obj</name>
      </input_file>
      <input_file id="fl-dd">
         <path>C:\ti\ccs1040\ccs\tools\compiler\ti-cgt-arm_20.2.5.LTS\lib\</path>
         <kind>archive</kind>
         <file>rtsv7M4_T_le_v4SPD16_eabi.lib</file>
         <name>s_round.c.obj</name>
      </input_file>
      <input_file id="fl-de">
         <path>C:\ti\ccs1040\ccs\tools\compiler\ti-cgt-arm_20.2.5.LTS\lib\</path>
         <kind>archive</kind>
         <file>rtsv7M4_T_le_v4SPD16_eabi.lib</file>
         <name>s_scalbn.c.obj</name>
      </input_file>
      <input_file id="fl-df">
         <path>C:\ti\ccs1040\ccs\tools\compiler\ti-cgt-arm_20.2.5.LTS\lib\</path>
         <kind>archive</kind>
         <file>rtsv7M4_T_le_v4SPD16_eabi.lib</file>
         <name>s_trunc.c.obj</name>
      </input_file>
      <input_file id="fl-e0">
         <path>C:\ti\ccs1040\ccs\tools\compiler\ti-cgt-arm_20.2.5.LTS\lib\</path>
         <kind>archive</kind>
         <file>rtsv7M4_T_le_v4SPD16_eabi.lib</file>
         <name>fd_add_t2.asm.obj</name>
      </input_file>
      <input_file id="fl-e1">
         <path>C:\ti\ccs1040\ccs\tools\compiler\ti-cgt-arm_20.2.5.LTS\lib\</path>
         <kind>archive</kind>
         <file>rtsv7M4_T_le_v4SPD16_eabi.lib</file>
         <name>fd_cmp_t2.asm.obj</name>
      </input_file>
      <input_file id="fl-e2">
         <path>C:\ti\ccs1040\ccs\tools\compiler\ti-cgt-arm_20.2.5.LTS\lib\</path>
         <kind>archive</kind>
         <file>rtsv7M4_T_le_v4SPD16_eabi.lib</file>
         <name>fd_div_t2.asm.obj</name>
      </input_file>
      <input_file id="fl-e3">
         <path>C:\ti\ccs1040\ccs\tools\compiler\ti-cgt-arm_20.2.5.LTS\lib\</path>
         <kind>archive</kind>
         <file>rtsv7M4_T_le_v4SPD16_eabi.lib</file>
         <name>fd_mul_t2.asm.obj</name>
      </input_file>
      <input_file id="fl-e4">
         <path>C:\ti\ccs1040\ccs\tools\compiler\ti-cgt-arm_20.2.5.LTS\lib\</path>
         <kind>archive</kind>
         <file>rtsv7M4_T_le_v4SPD16_eabi.lib</file>
         <name>fd_toi_t2.asm.obj</name>
      </input_file>
      <input_file id="fl-e5">
         <path>C:\ti\ccs1040\ccs\tools\compiler\ti-cgt-arm_20.2.5.LTS\lib\</path>
         <kind>archive</kind>
         <file>rtsv7M4_T_le_v4SPD16_eabi.lib</file>
         <name>fd_tos_t2.asm.obj</name>
      </input_file>
      <input_file id="fl-e6">
         <path>C:\ti\ccs1040\ccs\tools\compiler\ti-cgt-arm_20.2.5.LTS\lib\</path>
         <kind>archive</kind>
         <file>rtsv7M4_T_le_v4SPD16_eabi.lib</file>
         <name>fs_tod_t2.asm.obj</name>
      </input_file>
      <input_file id="fl-e7">
         <path>C:\ti\ccs1040\ccs\tools\compiler\ti-cgt-arm_20.2.5.LTS\lib\</path>
         <kind>archive</kind>
         <file>rtsv7M4_T_le_v4SPD16_eabi.lib</file>
         <name>i_tofd_t2.asm.obj</name>
      </input_file>
      <input_file id="fl-e8">
         <path>C:\ti\ccs1040\ccs\tools\compiler\ti-cgt-arm_20.2.5.LTS\lib\</path>
         <kind>archive</kind>
         <file>rtsv7M4_T_le_v4SPD16_eabi.lib</file>
         <name>memcpy_t2.asm.obj</name>
      </input_file>
      <input_file id="fl-e9">
         <path>C:\ti\ccs1040\ccs\tools\compiler\ti-cgt-arm_20.2.5.LTS\lib\</path>
         <kind>archive</kind>
         <file>rtsv7M4_T_le_v4SPD16_eabi.lib</file>
         <name>u_tofd_t2.asm.obj</name>
      </input_file>
      <input_file id="fl-ea">
         <path>C:\ti\ccs1040\ccs\tools\compiler\ti-cgt-arm_20.2.5.LTS\lib\</path>
         <kind>archive</kind>
         <file>rtsv7M4_T_le_v4SPD16_eabi.lib</file>
         <name>u_divt2.asm.obj</name>
      </input_file>
      <input_file id="fl-eb">
         <path>C:\ti\ccs1040\ccs\tools\compiler\ti-cgt-arm_20.2.5.LTS\lib\</path>
         <kind>archive</kind>
         <file>rtsv7M4_T_le_v4SPD16_eabi.lib</file>
         <name>memset_t2.asm.obj</name>
      </input_file>
      <input_file id="fl-ec">
         <path>C:\ti\ccs1040\ccs\tools\compiler\ti-cgt-arm_20.2.5.LTS\lib\</path>
         <kind>archive</kind>
         <file>rtsv7M4_T_le_v4SPD16_eabi.lib</file>
         <name>copy_zero_init.c.obj</name>
      </input_file>
      <input_file id="fl-ed">
         <path>C:\ti\ccs1040\ccs\tools\compiler\ti-cgt-arm_20.2.5.LTS\lib\</path>
         <kind>archive</kind>
         <file>rtsv7M4_T_le_v4SPD16_eabi.lib</file>
         <name>copy_decompress_none.c.obj</name>
      </input_file>
      <input_file id="fl-ee">
         <path>C:\ti\ccs1040\ccs\tools\compiler\ti-cgt-arm_20.2.5.LTS\lib\</path>
         <kind>archive</kind>
         <file>rtsv7M4_T_le_v4SPD16_eabi.lib</file>
         <name>copy_decompress_lzss.c.obj</name>
      </input_file>
      <input_file id="fl-ef">
         <path>C:\ti\ccs1040\ccs\tools\compiler\ti-cgt-arm_20.2.5.LTS\lib\</path>
         <kind>archive</kind>
         <file>rtsv7M4_T_le_v4SPD16_eabi.lib</file>
         <name>memory.c.obj</name>
      </input_file>
      <input_file id="fl-f0">
         <path>C:\ti\ccs1040\ccs\tools\compiler\ti-cgt-arm_20.2.5.LTS\lib\</path>
         <kind>archive</kind>
         <file>rtsv7M4_T_le_v4SPD16_eabi.lib</file>
         <name>errno.c.obj</name>
      </input_file>
      <input_file id="fl-f1">
         <path>C:\ti\ccs1040\ccs\tools\compiler\ti-cgt-arm_20.2.5.LTS\lib\</path>
         <kind>archive</kind>
         <file>rtsv7M4_T_le_v4SPD16_eabi.lib</file>
         <name>boot_cortex_m.c.obj</name>
      </input_file>
      <input_file id="fl-f2">
         <path>C:\ti\ccs1040\ccs\tools\compiler\ti-cgt-arm_20.2.5.LTS\lib\</path>
         <kind>archive</kind>
         <file>rtsv7M4_T_le_v4SPD16_eabi.lib</file>
         <name>_printfi.c.obj</name>
      </input_file>
      <input_file id="fl-f3">
         <path>C:\ti\ccs1040\ccs\tools\compiler\ti-cgt-arm_20.2.5.LTS\lib\</path>
         <kind>archive</kind>
         <file>rtsv7M4_T_le_v4SPD16_eabi.lib</file>
         <name>s_copysign.c.obj</name>
      </input_file>
      <input_file id="fl-f4">
         <path>C:\ti\ccs1040\ccs\tools\compiler\ti-cgt-arm_20.2.5.LTS\lib\</path>
         <kind>archive</kind>
         <file>rtsv7M4_T_le_v4SPD16_eabi.lib</file>
         <name>s_floor.c.obj</name>
      </input_file>
      <input_file id="fl-f5">
         <path>C:\ti\ccs1040\ccs\tools\compiler\ti-cgt-arm_20.2.5.LTS\lib\</path>
         <kind>archive</kind>
         <file>rtsv7M4_T_le_v4SPD16_eabi.lib</file>
         <name>s_frexp.c.obj</name>
      </input_file>
      <input_file id="fl-f6">
         <path>C:\ti\ccs1040\ccs\tools\compiler\ti-cgt-arm_20.2.5.LTS\lib\</path>
         <kind>archive</kind>
         <file>rtsv7M4_T_le_v4SPD16_eabi.lib</file>
         <name>wcslen.c.obj</name>
      </input_file>
      <input_file id="fl-f7">
         <path>C:\ti\ccs1040\ccs\tools\compiler\ti-cgt-arm_20.2.5.LTS\lib\</path>
         <kind>archive</kind>
         <file>rtsv7M4_T_le_v4SPD16_eabi.lib</file>
         <name>div0.asm.obj</name>
      </input_file>
      <input_file id="fl-f8">
         <path>C:\ti\ccs1040\ccs\tools\compiler\ti-cgt-arm_20.2.5.LTS\lib\</path>
         <kind>archive</kind>
         <file>rtsv7M4_T_le_v4SPD16_eabi.lib</file>
         <name>ull_div_t2.asm.obj</name>
      </input_file>
      <input_file id="fl-f9">
         <path>C:\ti\ccs1040\ccs\tools\compiler\ti-cgt-arm_20.2.5.LTS\lib\</path>
         <kind>archive</kind>
         <file>rtsv7M4_T_le_v4SPD16_eabi.lib</file>
         <name>autoinit.c.obj</name>
      </input_file>
      <input_file id="fl-fa">
         <path>C:\ti\ccs1040\ccs\tools\compiler\ti-cgt-arm_20.2.5.LTS\lib\</path>
         <kind>archive</kind>
         <file>rtsv7M4_T_le_v4SPD16_eabi.lib</file>
         <name>pre_init.c.obj</name>
      </input_file>
      <input_file id="fl-fb">
         <path>C:\ti\ccs1040\ccs\tools\compiler\ti-cgt-arm_20.2.5.LTS\lib\</path>
         <kind>archive</kind>
         <file>rtsv7M4_T_le_v4SPD16_eabi.lib</file>
         <name>cpy_tbl.c.obj</name>
      </input_file>
      <input_file id="fl-fc">
         <path>C:\ti\ccs1040\ccs\tools\compiler\ti-cgt-arm_20.2.5.LTS\lib\</path>
         <kind>archive</kind>
         <file>rtsv7M4_T_le_v4SPD16_eabi.lib</file>
         <name>exit.c.obj</name>
      </input_file>
      <input_file id="fl-fd">
         <path>C:\ti\ccs1040\ccs\tools\compiler\ti-cgt-arm_20.2.5.LTS\lib\</path>
         <kind>archive</kind>
         <file>rtsv7M4_T_le_v4SPD16_eabi.lib</file>
         <name>_lock.c.obj</name>
      </input_file>
      <input_file id="fl-fe">
         <path>C:\ti\ccs1040\ccs\tools\compiler\ti-cgt-arm_20.2.5.LTS\lib\</path>
         <kind>archive</kind>
         <file>rtsv7M4_T_le_v4SPD16_eabi.lib</file>
         <name>_ltoa.c.obj</name>
      </input_file>
      <input_file id="fl-ff">
         <path>C:\ti\ccs1040\ccs\tools\compiler\ti-cgt-arm_20.2.5.LTS\lib\</path>
         <kind>archive</kind>
         <file>rtsv7M4_T_le_v4SPD16_eabi.lib</file>
         <name>args_main.c.obj</name>
      </input_file>
      <input_file id="fl-100">
         <path>C:\ti\ccs1040\ccs\tools\compiler\ti-cgt-arm_20.2.5.LTS\lib\</path>
         <kind>archive</kind>
         <file>rtsv7M4_T_le_v4SPD16_eabi.lib</file>
         <name>atoi.c.obj</name>
      </input_file>
      <input_file id="fl-101">
         <path>C:\ti\ccs1040\ccs\tools\compiler\ti-cgt-arm_20.2.5.LTS\lib\</path>
         <kind>archive</kind>
         <file>rtsv7M4_T_le_v4SPD16_eabi.lib</file>
         <name>ctype.c.obj</name>
      </input_file>
      <input_file id="fl-102">
         <path>C:\ti\ccs1040\ccs\tools\compiler\ti-cgt-arm_20.2.5.LTS\lib\</path>
         <kind>archive</kind>
         <file>rtsv7M4_T_le_v4SPD16_eabi.lib</file>
         <name>memccpy.c.obj</name>
      </input_file>
      <input_file id="fl-103">
         <path>C:\ti\ccs1040\ccs\tools\compiler\ti-cgt-arm_20.2.5.LTS\lib\</path>
         <kind>archive</kind>
         <file>rtsv7M4_T_le_v4SPD16_eabi.lib</file>
         <name>strchr.c.obj</name>
      </input_file>
      <input_file id="fl-104">
         <path>C:\ti\ccs1040\ccs\tools\compiler\ti-cgt-arm_20.2.5.LTS\lib\</path>
         <kind>archive</kind>
         <file>rtsv7M4_T_le_v4SPD16_eabi.lib</file>
         <name>strlen.c.obj</name>
      </input_file>
   </input_file_list>
   <object_component_list>
      <object_component id="oc-13">
         <name>.intvecs</name>
         <load_address>0x0</load_address>
         <run_address>0x0</run_address>
         <size>0x26c</size>
         <input_file_ref idref="fl-3"/>
      </object_component>
      <object_component id="oc-4a6">
         <name>.text:__TI_printfi</name>
         <load_address>0x26c</load_address>
         <run_address>0x26c</run_address>
         <size>0xa4e</size>
         <input_file_ref idref="fl-f2"/>
      </object_component>
      <object_component id="oc-13c">
         <name>.text:BMX160_showData</name>
         <load_address>0xcba</load_address>
         <run_address>0xcba</run_address>
         <size>0x2</size>
         <input_file_ref idref="fl-6"/>
      </object_component>
      <object_component id="oc-498">
         <name>.text:pow</name>
         <load_address>0xcbc</load_address>
         <run_address>0xcbc</run_address>
         <size>0x9d0</size>
         <input_file_ref idref="fl-db"/>
      </object_component>
      <object_component id="oc-b8">
         <name>.text:main</name>
         <load_address>0x168c</load_address>
         <run_address>0x168c</run_address>
         <size>0x611</size>
         <input_file_ref idref="fl-2"/>
      </object_component>
      <object_component id="oc-37">
         <name>.text:FaultISR</name>
         <load_address>0x1c9e</load_address>
         <run_address>0x1c9e</run_address>
         <size>0x2</size>
         <input_file_ref idref="fl-3"/>
      </object_component>
      <object_component id="oc-64b">
         <name>.text:_pconv_a</name>
         <load_address>0x1ca0</load_address>
         <run_address>0x1ca0</run_address>
         <size>0x270</size>
         <input_file_ref idref="fl-f2"/>
      </object_component>
      <object_component id="oc-25d">
         <name>.text:OrangeRX_Init</name>
         <load_address>0x1f10</load_address>
         <run_address>0x1f10</run_address>
         <size>0x250</size>
         <input_file_ref idref="fl-12"/>
      </object_component>
      <object_component id="oc-6df">
         <name>.text:BMP388_parse_calib_data</name>
         <load_address>0x2160</load_address>
         <run_address>0x2160</run_address>
         <size>0x220</size>
         <input_file_ref idref="fl-5"/>
      </object_component>
      <object_component id="oc-7c9">
         <name>.text:BMP388_compensate_pressure</name>
         <load_address>0x2380</load_address>
         <run_address>0x2380</run_address>
         <size>0x1ee</size>
         <input_file_ref idref="fl-5"/>
      </object_component>
      <object_component id="oc-3d">
         <name>.text:IntDefaultHandler</name>
         <load_address>0x256e</load_address>
         <run_address>0x256e</run_address>
         <size>0x2</size>
         <input_file_ref idref="fl-3"/>
      </object_component>
      <object_component id="oc-26e">
         <name>.text:UARTvprintf</name>
         <load_address>0x2570</load_address>
         <run_address>0x2570</run_address>
         <size>0x1ee</size>
         <input_file_ref idref="fl-2"/>
      </object_component>
      <object_component id="oc-31">
         <name>.text:NmiSR</name>
         <load_address>0x275e</load_address>
         <run_address>0x275e</run_address>
         <size>0x2</size>
         <input_file_ref idref="fl-3"/>
      </object_component>
      <object_component id="oc-639">
         <name>.text:_pconv_g</name>
         <load_address>0x2760</load_address>
         <run_address>0x2760</run_address>
         <size>0x1d0</size>
         <input_file_ref idref="fl-f2"/>
      </object_component>
      <object_component id="oc-1a2">
         <name>.text:PWM_Init</name>
         <load_address>0x2930</load_address>
         <run_address>0x2930</run_address>
         <size>0x1bc</size>
         <input_file_ref idref="fl-14"/>
      </object_component>
      <object_component id="oc-126">
         <name>.text</name>
         <load_address>0x2aec</load_address>
         <run_address>0x2aec</run_address>
         <size>0x1b6</size>
         <input_file_ref idref="fl-e0"/>
      </object_component>
      <object_component id="oc-52c">
         <name>.text:_nop</name>
         <load_address>0x2ca2</load_address>
         <run_address>0x2ca2</run_address>
         <size>0x2</size>
         <input_file_ref idref="fl-fd"/>
      </object_component>
      <object_component id="oc-136">
         <name>.text:BMP388_showData</name>
         <load_address>0x2ca4</load_address>
         <run_address>0x2ca4</run_address>
         <size>0x16c</size>
         <input_file_ref idref="fl-5"/>
      </object_component>
      <object_component id="oc-3c4">
         <name>.text:GPIOPadConfigSet</name>
         <load_address>0x2e10</load_address>
         <run_address>0x2e10</run_address>
         <size>0x16c</size>
         <input_file_ref idref="fl-1c"/>
      </object_component>
      <object_component id="oc-604">
         <name>.text:sqrt</name>
         <load_address>0x2f7c</load_address>
         <run_address>0x2f7c</run_address>
         <size>0x158</size>
         <input_file_ref idref="fl-dc"/>
      </object_component>
      <object_component id="oc-2fb">
         <name>.text:OrangeRX_extractData</name>
         <load_address>0x30d4</load_address>
         <run_address>0x30d4</run_address>
         <size>0x144</size>
         <input_file_ref idref="fl-12"/>
      </object_component>
      <object_component id="oc-645">
         <name>.text:_pconv_e</name>
         <load_address>0x3218</load_address>
         <run_address>0x3218</run_address>
         <size>0x13c</size>
         <input_file_ref idref="fl-f2"/>
      </object_component>
      <object_component id="oc-121">
         <name>.text</name>
         <load_address>0x3354</load_address>
         <run_address>0x3354</run_address>
         <size>0x136</size>
         <input_file_ref idref="fl-e2"/>
      </object_component>
      <object_component id="oc-5f6">
         <name>.text</name>
         <load_address>0x348a</load_address>
         <run_address>0x348a</run_address>
         <size>0x2</size>
         <input_file_ref idref="fl-f7"/>
      </object_component>
      <object_component id="oc-75f">
         <name>.text:fcvt</name>
         <load_address>0x348c</load_address>
         <run_address>0x348c</run_address>
         <size>0x124</size>
         <input_file_ref idref="fl-f2"/>
      </object_component>
      <object_component id="oc-f8">
         <name>.text:SysCtlClockGet</name>
         <load_address>0x35b0</load_address>
         <run_address>0x35b0</run_address>
         <size>0x118</size>
         <input_file_ref idref="fl-20"/>
      </object_component>
      <object_component id="oc-618">
         <name>.text:scalbn</name>
         <load_address>0x36c8</load_address>
         <run_address>0x36c8</run_address>
         <size>0x110</size>
         <input_file_ref idref="fl-de"/>
      </object_component>
      <object_component id="oc-431">
         <name>.text:BMP388_user_i2c_read</name>
         <load_address>0x37d8</load_address>
         <run_address>0x37d8</run_address>
         <size>0x104</size>
         <input_file_ref idref="fl-5"/>
      </object_component>
      <object_component id="oc-196">
         <name>.text:OrangeRX_showActData</name>
         <load_address>0x38dc</load_address>
         <run_address>0x38dc</run_address>
         <size>0x104</size>
         <input_file_ref idref="fl-12"/>
      </object_component>
      <object_component id="oc-599">
         <name>.text:aligned_alloc</name>
         <load_address>0x39e0</load_address>
         <run_address>0x39e0</run_address>
         <size>0x100</size>
         <input_file_ref idref="fl-ef"/>
      </object_component>
      <object_component id="oc-49e">
         <name>.text</name>
         <load_address>0x3ae0</load_address>
         <run_address>0x3ae0</run_address>
         <size>0xfc</size>
         <input_file_ref idref="fl-e3"/>
      </object_component>
      <object_component id="oc-67a">
         <name>.text:floor</name>
         <load_address>0x3bdc</load_address>
         <run_address>0x3bdc</run_address>
         <size>0xf8</size>
         <input_file_ref idref="fl-f4"/>
      </object_component>
      <object_component id="oc-38a">
         <name>.text:SysCtlClockSet</name>
         <load_address>0x3cd4</load_address>
         <run_address>0x3cd4</run_address>
         <size>0xf4</size>
         <input_file_ref idref="fl-20"/>
      </object_component>
      <object_component id="oc-190">
         <name>.text:I2C_AddressBruteForcer</name>
         <load_address>0x3dc8</load_address>
         <run_address>0x3dc8</run_address>
         <size>0xe3</size>
         <input_file_ref idref="fl-c"/>
      </object_component>
      <object_component id="oc-14e">
         <name>.text:Motor_setDuty</name>
         <load_address>0x3eac</load_address>
         <run_address>0x3eac</run_address>
         <size>0xe0</size>
         <input_file_ref idref="fl-14"/>
      </object_component>
      <object_component id="oc-50c">
         <name>.text:round</name>
         <load_address>0x3f8c</load_address>
         <run_address>0x3f8c</run_address>
         <size>0xc4</size>
         <input_file_ref idref="fl-dd"/>
      </object_component>
      <object_component id="oc-18a">
         <name>.text:BMP388_calibrate</name>
         <load_address>0x4050</load_address>
         <run_address>0x4050</run_address>
         <size>0xbc</size>
         <input_file_ref idref="fl-5"/>
      </object_component>
      <object_component id="oc-299">
         <name>.text:BMP388_readAltitude</name>
         <load_address>0x410c</load_address>
         <run_address>0x410c</run_address>
         <size>0xbc</size>
         <input_file_ref idref="fl-5"/>
      </object_component>
      <object_component id="oc-110">
         <name>.text:BUZZ_SM</name>
         <load_address>0x41c8</load_address>
         <run_address>0x41c8</run_address>
         <size>0xbc</size>
         <input_file_ref idref="fl-7"/>
      </object_component>
      <object_component id="oc-501">
         <name>.text:trunc</name>
         <load_address>0x4284</load_address>
         <run_address>0x4284</run_address>
         <size>0xbc</size>
         <input_file_ref idref="fl-df"/>
      </object_component>
      <object_component id="oc-633">
         <name>.text:_ltostr</name>
         <load_address>0x4340</load_address>
         <run_address>0x4340</run_address>
         <size>0xb1</size>
         <input_file_ref idref="fl-f2"/>
      </object_component>
      <object_component id="oc-51">
         <name>.text</name>
         <load_address>0x43f2</load_address>
         <run_address>0x43f2</run_address>
         <size>0x9c</size>
         <input_file_ref idref="fl-e8"/>
      </object_component>
      <object_component id="oc-746">
         <name>.text</name>
         <load_address>0x448e</load_address>
         <run_address>0x448e</run_address>
         <size>0x96</size>
         <input_file_ref idref="fl-f8"/>
      </object_component>
      <object_component id="oc-5c7">
         <name>.text:BMP388_set_config</name>
         <load_address>0x4524</load_address>
         <run_address>0x4524</run_address>
         <size>0x90</size>
         <input_file_ref idref="fl-5"/>
      </object_component>
      <object_component id="oc-4fc">
         <name>.text:__aeabi_cdcmple</name>
         <load_address>0x45b4</load_address>
         <run_address>0x45b4</run_address>
         <size>0x86</size>
         <input_file_ref idref="fl-e1"/>
      </object_component>
      <object_component id="oc-12b">
         <name>.text:__aeabi_cdrcmple</name>
         <load_address>0x463a</load_address>
         <run_address>0x463a</run_address>
         <size>0x86</size>
         <input_file_ref idref="fl-e1"/>
      </object_component>
      <object_component id="oc-239">
         <name>.text:UART0_STDIO_Init</name>
         <load_address>0x46c0</load_address>
         <run_address>0x46c0</run_address>
         <size>0x84</size>
         <input_file_ref idref="fl-10"/>
      </object_component>
      <object_component id="oc-5b2">
         <name>.text:BMX160_setMagnConf</name>
         <load_address>0x4744</load_address>
         <run_address>0x4744</run_address>
         <size>0x80</size>
         <input_file_ref idref="fl-6"/>
      </object_component>
      <object_component id="oc-24b">
         <name>.text:BMX160_Init</name>
         <load_address>0x47c4</load_address>
         <run_address>0x47c4</run_address>
         <size>0x7c</size>
         <input_file_ref idref="fl-6"/>
      </object_component>
      <object_component id="oc-ac">
         <name>.text</name>
         <load_address>0x4840</load_address>
         <run_address>0x4840</run_address>
         <size>0x7a</size>
         <input_file_ref idref="fl-eb"/>
      </object_component>
      <object_component id="oc-42b">
         <name>.text:BMP388_begin</name>
         <load_address>0x48bc</load_address>
         <run_address>0x48bc</run_address>
         <size>0x74</size>
         <input_file_ref idref="fl-5"/>
      </object_component>
      <object_component id="oc-5bb">
         <name>.text:BMP388_reset</name>
         <load_address>0x4930</load_address>
         <run_address>0x4930</run_address>
         <size>0x74</size>
         <input_file_ref idref="fl-5"/>
      </object_component>
      <object_component id="oc-130">
         <name>.text:OrangeRX_receivedChannelReorganizer</name>
         <load_address>0x49a4</load_address>
         <run_address>0x49a4</run_address>
         <size>0x74</size>
         <input_file_ref idref="fl-12"/>
      </object_component>
      <object_component id="oc-437">
         <name>.text:BMP388_user_i2c_write</name>
         <load_address>0x4a18</load_address>
         <run_address>0x4a18</run_address>
         <size>0x70</size>
         <input_file_ref idref="fl-5"/>
      </object_component>
      <object_component id="oc-6be">
         <name>.text:split</name>
         <load_address>0x4a88</load_address>
         <run_address>0x4a88</run_address>
         <size>0x70</size>
         <input_file_ref idref="fl-ef"/>
      </object_component>
      <object_component id="oc-758">
         <name>.text:_mcpy</name>
         <load_address>0x4af8</load_address>
         <run_address>0x4af8</run_address>
         <size>0x6e</size>
         <input_file_ref idref="fl-f2"/>
      </object_component>
      <object_component id="oc-2a4">
         <name>.text</name>
         <load_address>0x4b66</load_address>
         <run_address>0x4b66</run_address>
         <size>0x6e</size>
         <input_file_ref idref="fl-e5"/>
      </object_component>
      <object_component id="oc-23f">
         <name>.text:I2C0_Init</name>
         <load_address>0x4bd4</load_address>
         <run_address>0x4bd4</run_address>
         <size>0x6c</size>
         <input_file_ref idref="fl-c"/>
      </object_component>
      <object_component id="oc-7a9">
         <name>.text:BMX160_defaultParamSettg</name>
         <load_address>0x4c40</load_address>
         <run_address>0x4c40</run_address>
         <size>0x6a</size>
         <input_file_ref idref="fl-6"/>
      </object_component>
      <object_component id="oc-575">
         <name>.text:IntEnable</name>
         <load_address>0x4cac</load_address>
         <run_address>0x4cac</run_address>
         <size>0x68</size>
         <input_file_ref idref="fl-1e"/>
      </object_component>
      <object_component id="oc-16">
         <name>.text:decompress:lzss:__TI_decompress_lzss</name>
         <load_address>0x4d14</load_address>
         <run_address>0x4d14</run_address>
         <size>0x68</size>
         <input_file_ref idref="fl-ee"/>
      </object_component>
      <object_component id="oc-19c">
         <name>.text:SONAR_Trigger</name>
         <load_address>0x4d7c</load_address>
         <run_address>0x4d7c</run_address>
         <size>0x64</size>
         <input_file_ref idref="fl-15"/>
      </object_component>
      <object_component id="oc-76d">
         <name>.text:frexp</name>
         <load_address>0x4de0</load_address>
         <run_address>0x4de0</run_address>
         <size>0x64</size>
         <input_file_ref idref="fl-f5"/>
      </object_component>
      <object_component id="oc-5fc">
         <name>.text:BMP388_get_sensor_data</name>
         <load_address>0x4e44</load_address>
         <run_address>0x4e44</run_address>
         <size>0x60</size>
         <input_file_ref idref="fl-5"/>
      </object_component>
      <object_component id="oc-444">
         <name>.text:TimerConfigure</name>
         <load_address>0x4ea4</load_address>
         <run_address>0x4ea4</run_address>
         <size>0x60</size>
         <input_file_ref idref="fl-22"/>
      </object_component>
      <object_component id="oc-3dd">
         <name>.text:UARTStdioConfig</name>
         <load_address>0x4f04</load_address>
         <run_address>0x4f04</run_address>
         <size>0x60</size>
         <input_file_ref idref="fl-2"/>
      </object_component>
      <object_component id="oc-6d0">
         <name>.text:I2C_writeSingleReg</name>
         <load_address>0x4f64</load_address>
         <run_address>0x4f64</run_address>
         <size>0x5c</size>
         <input_file_ref idref="fl-c"/>
      </object_component>
      <object_component id="oc-7c3">
         <name>.text:BMP388_compensate_temperature</name>
         <load_address>0x4fc0</load_address>
         <run_address>0x4fc0</run_address>
         <size>0x5a</size>
         <input_file_ref idref="fl-5"/>
      </object_component>
      <object_component id="oc-6ed">
         <name>.text:GPIOIntTypeSet</name>
         <load_address>0x501a</load_address>
         <run_address>0x501a</run_address>
         <size>0x58</size>
         <input_file_ref idref="fl-1c"/>
      </object_component>
      <object_component id="oc-2f3">
         <name>.text:I2C_ReadByte</name>
         <load_address>0x5074</load_address>
         <run_address>0x5074</run_address>
         <size>0x58</size>
         <input_file_ref idref="fl-c"/>
      </object_component>
      <object_component id="oc-63f">
         <name>.text:_pconv_f</name>
         <load_address>0x50cc</load_address>
         <run_address>0x50cc</run_address>
         <size>0x56</size>
         <input_file_ref idref="fl-f2"/>
      </object_component>
      <object_component id="oc-74c">
         <name>.text:__TI_ltoa</name>
         <load_address>0x5122</load_address>
         <run_address>0x5122</run_address>
         <size>0x54</size>
         <input_file_ref idref="fl-fe"/>
      </object_component>
      <object_component id="oc-752">
         <name>.text:_ecpy</name>
         <load_address>0x5176</load_address>
         <run_address>0x5176</run_address>
         <size>0x52</size>
         <input_file_ref idref="fl-f2"/>
      </object_component>
      <object_component id="oc-470">
         <name>.text:UARTwrite</name>
         <load_address>0x51c8</load_address>
         <run_address>0x51c8</run_address>
         <size>0x50</size>
         <input_file_ref idref="fl-2"/>
      </object_component>
      <object_component id="oc-323">
         <name>.text:GPIOPinConfigure</name>
         <load_address>0x5218</load_address>
         <run_address>0x5218</run_address>
         <size>0x4c</size>
         <input_file_ref idref="fl-1c"/>
      </object_component>
      <object_component id="oc-3fc">
         <name>.text:I2CMasterInitExpClk</name>
         <load_address>0x5264</load_address>
         <run_address>0x5264</run_address>
         <size>0x4c</size>
         <input_file_ref idref="fl-1d"/>
      </object_component>
      <object_component id="oc-184">
         <name>.text:ORANGE_showState</name>
         <load_address>0x52b0</load_address>
         <run_address>0x52b0</run_address>
         <size>0x4c</size>
         <input_file_ref idref="fl-12"/>
      </object_component>
      <object_component id="oc-5e6">
         <name>.text:_TimerIntNumberGet</name>
         <load_address>0x52fc</load_address>
         <run_address>0x52fc</run_address>
         <size>0x4c</size>
         <input_file_ref idref="fl-22"/>
      </object_component>
      <object_component id="oc-62d">
         <name>.text:atoi</name>
         <load_address>0x5348</load_address>
         <run_address>0x5348</run_address>
         <size>0x4c</size>
         <input_file_ref idref="fl-100"/>
      </object_component>
      <object_component id="oc-717">
         <name>.text:BMP388_compensate_data</name>
         <load_address>0x5394</load_address>
         <run_address>0x5394</run_address>
         <size>0x4a</size>
         <input_file_ref idref="fl-5"/>
      </object_component>
      <object_component id="oc-416">
         <name>.text:BMX160_begin</name>
         <load_address>0x53de</load_address>
         <run_address>0x53de</run_address>
         <size>0x4a</size>
         <input_file_ref idref="fl-6"/>
      </object_component>
      <object_component id="oc-172">
         <name>.text:BMP388_showState</name>
         <load_address>0x5428</load_address>
         <run_address>0x5428</run_address>
         <size>0x48</size>
         <input_file_ref idref="fl-5"/>
      </object_component>
      <object_component id="oc-16c">
         <name>.text:BMX160_showState</name>
         <load_address>0x5470</load_address>
         <run_address>0x5470</run_address>
         <size>0x48</size>
         <input_file_ref idref="fl-6"/>
      </object_component>
      <object_component id="oc-178">
         <name>.text:BUZZER_showState</name>
         <load_address>0x54b8</load_address>
         <run_address>0x54b8</run_address>
         <size>0x48</size>
         <input_file_ref idref="fl-7"/>
      </object_component>
      <object_component id="oc-f2">
         <name>.text:SystemInitialize</name>
         <load_address>0x5500</load_address>
         <run_address>0x5500</run_address>
         <size>0x48</size>
         <input_file_ref idref="fl-2"/>
      </object_component>
      <object_component id="oc-507">
         <name>.text</name>
         <load_address>0x5548</load_address>
         <run_address>0x5548</run_address>
         <size>0x48</size>
         <input_file_ref idref="fl-e4"/>
      </object_component>
      <object_component id="oc-402">
         <name>.text:I2CMasterGlitchFilterConfigSet</name>
         <load_address>0x5590</load_address>
         <run_address>0x5590</run_address>
         <size>0x44</size>
         <input_file_ref idref="fl-1d"/>
      </object_component>
      <object_component id="oc-233">
         <name>.text:SWITCH_Init</name>
         <load_address>0x55d4</load_address>
         <run_address>0x55d4</run_address>
         <size>0x44</size>
         <input_file_ref idref="fl-e"/>
      </object_component>
      <object_component id="oc-7b5">
         <name>.text:_GPIOIntNumberGet</name>
         <load_address>0x5618</load_address>
         <run_address>0x5618</run_address>
         <size>0x44</size>
         <input_file_ref idref="fl-1c"/>
      </object_component>
      <object_component id="oc-1c7">
         <name>.text:__TI_auto_init_nobinit_nopinit:__TI_auto_init_nobinit_nopinit</name>
         <load_address>0x565c</load_address>
         <run_address>0x565c</run_address>
         <size>0x44</size>
         <input_file_ref idref="fl-f9"/>
      </object_component>
      <object_component id="oc-257">
         <name>.text:BMP388_Init</name>
         <load_address>0x56a0</load_address>
         <run_address>0x56a0</run_address>
         <size>0x40</size>
         <input_file_ref idref="fl-5"/>
      </object_component>
      <object_component id="oc-166">
         <name>.text:I2C_showState</name>
         <load_address>0x56e0</load_address>
         <run_address>0x56e0</run_address>
         <size>0x40</size>
         <input_file_ref idref="fl-c"/>
      </object_component>
      <object_component id="oc-17e">
         <name>.text:PWM_showState</name>
         <load_address>0x5720</load_address>
         <run_address>0x5720</run_address>
         <size>0x40</size>
         <input_file_ref idref="fl-14"/>
      </object_component>
      <object_component id="oc-56f">
         <name>.text:_UARTIntNumberGet</name>
         <load_address>0x5760</load_address>
         <run_address>0x5760</run_address>
         <size>0x40</size>
         <input_file_ref idref="fl-23"/>
      </object_component>
      <object_component id="oc-251">
         <name>.text:init_Buzzer</name>
         <load_address>0x57a0</load_address>
         <run_address>0x57a0</run_address>
         <size>0x40</size>
         <input_file_ref idref="fl-7"/>
      </object_component>
      <object_component id="oc-476">
         <name>.text</name>
         <load_address>0x57e0</load_address>
         <run_address>0x57e0</run_address>
         <size>0x40</size>
         <input_file_ref idref="fl-ea"/>
      </object_component>
      <object_component id="oc-2a9">
         <name>.text:sprintf</name>
         <load_address>0x5820</load_address>
         <run_address>0x5820</run_address>
         <size>0x40</size>
         <input_file_ref idref="fl-da"/>
      </object_component>
      <object_component id="oc-765">
         <name>.text:_fcpy</name>
         <load_address>0x5860</load_address>
         <run_address>0x5860</run_address>
         <size>0x3e</size>
         <input_file_ref idref="fl-f2"/>
      </object_component>
      <object_component id="oc-5cd">
         <name>.text:BMP388_Int_Configure</name>
         <load_address>0x58a0</load_address>
         <run_address>0x58a0</run_address>
         <size>0x3c</size>
         <input_file_ref idref="fl-5"/>
      </object_component>
      <object_component id="oc-409">
         <name>.text:PCF8574A_Write</name>
         <load_address>0x58dc</load_address>
         <run_address>0x58dc</run_address>
         <size>0x3c</size>
         <input_file_ref idref="fl-c"/>
      </object_component>
      <object_component id="oc-6d8">
         <name>.text:BMP388_set_regs</name>
         <load_address>0x5918</load_address>
         <run_address>0x5918</run_address>
         <size>0x38</size>
         <input_file_ref idref="fl-5"/>
      </object_component>
      <object_component id="oc-22d">
         <name>.text:LED_LEDInit</name>
         <load_address>0x5950</load_address>
         <run_address>0x5950</run_address>
         <size>0x38</size>
         <input_file_ref idref="fl-d"/>
      </object_component>
      <object_component id="oc-3b1">
         <name>.text:SysCtlPeripheralReady</name>
         <load_address>0x5988</load_address>
         <run_address>0x5988</run_address>
         <size>0x38</size>
         <input_file_ref idref="fl-20"/>
      </object_component>
      <object_component id="oc-2e6">
         <name>.text:applyLPF</name>
         <load_address>0x59c0</load_address>
         <run_address>0x59c0</run_address>
         <size>0x38</size>
         <input_file_ref idref="fl-16"/>
      </object_component>
      <object_component id="oc-29f">
         <name>.text</name>
         <load_address>0x59f8</load_address>
         <run_address>0x59f8</run_address>
         <size>0x38</size>
         <input_file_ref idref="fl-e6"/>
      </object_component>
      <object_component id="oc-55a">
         <name>.text:IntRegister</name>
         <load_address>0x5a30</load_address>
         <run_address>0x5a30</run_address>
         <size>0x34</size>
         <input_file_ref idref="fl-1e"/>
      </object_component>
      <object_component id="oc-31d">
         <name>.text:SysCtlPeripheralEnable</name>
         <load_address>0x5a64</load_address>
         <run_address>0x5a64</run_address>
         <size>0x34</size>
         <input_file_ref idref="fl-20"/>
      </object_component>
      <object_component id="oc-6f">
         <name>.text:_c_int00_noargs:_c_int00_noargs</name>
         <load_address>0x5a98</load_address>
         <run_address>0x5a98</run_address>
         <size>0x34</size>
         <input_file_ref idref="fl-f1"/>
      </object_component>
      <object_component id="oc-5c1">
         <name>.text:BMP388_get_calib_data</name>
         <load_address>0x5acc</load_address>
         <run_address>0x5acc</run_address>
         <size>0x30</size>
         <input_file_ref idref="fl-5"/>
      </object_component>
      <object_component id="oc-610">
         <name>.text</name>
         <load_address>0x5afc</load_address>
         <run_address>0x5afc</run_address>
         <size>0x2e</size>
         <input_file_ref idref="fl-e7"/>
      </object_component>
      <object_component id="oc-142">
         <name>.text:BMP388_get_regs</name>
         <load_address>0x5b2c</load_address>
         <run_address>0x5b2c</run_address>
         <size>0x2c</size>
         <input_file_ref idref="fl-5"/>
      </object_component>
      <object_component id="oc-3be">
         <name>.text:GPIODirModeSet</name>
         <load_address>0x5b58</load_address>
         <run_address>0x5b58</run_address>
         <size>0x2c</size>
         <input_file_ref idref="fl-1c"/>
      </object_component>
      <object_component id="oc-3e9">
         <name>.text:UART0_STDIO_IntHandler</name>
         <load_address>0x5b84</load_address>
         <run_address>0x5b84</run_address>
         <size>0x2c</size>
         <input_file_ref idref="fl-10"/>
      </object_component>
      <object_component id="oc-48c">
         <name>.text:BMP388_readPressure</name>
         <load_address>0x5bb0</load_address>
         <run_address>0x5bb0</run_address>
         <size>0x28</size>
         <input_file_ref idref="fl-5"/>
      </object_component>
      <object_component id="oc-492">
         <name>.text:BMP388_readTemperature</name>
         <load_address>0x5bd8</load_address>
         <run_address>0x5bd8</run_address>
         <size>0x28</size>
         <input_file_ref idref="fl-5"/>
      </object_component>
      <object_component id="oc-2cb">
         <name>.text:I2C_readReg</name>
         <load_address>0x5c00</load_address>
         <run_address>0x5c00</run_address>
         <size>0x28</size>
         <input_file_ref idref="fl-c"/>
      </object_component>
      <object_component id="oc-104">
         <name>.text:SysFlag_Check</name>
         <load_address>0x5c28</load_address>
         <run_address>0x5c28</run_address>
         <size>0x28</size>
         <input_file_ref idref="fl-a"/>
      </object_component>
      <object_component id="oc-6b8">
         <name>.text:free_list_insert</name>
         <load_address>0x5c50</load_address>
         <run_address>0x5c50</run_address>
         <size>0x28</size>
         <input_file_ref idref="fl-ef"/>
      </object_component>
      <object_component id="oc-6c9">
         <name>.text:BMX160_softResetWorker</name>
         <load_address>0x5c78</load_address>
         <run_address>0x5c78</run_address>
         <size>0x26</size>
         <input_file_ref idref="fl-6"/>
      </object_component>
      <object_component id="oc-711">
         <name>.text:BMP388_parse_sensor_data</name>
         <load_address>0x5c9e</load_address>
         <run_address>0x5c9e</run_address>
         <size>0x24</size>
         <input_file_ref idref="fl-5"/>
      </object_component>
      <object_component id="oc-1ae">
         <name>.text:BUZZ_BUZZER</name>
         <load_address>0x5cc4</load_address>
         <run_address>0x5cc4</run_address>
         <size>0x24</size>
         <input_file_ref idref="fl-7"/>
      </object_component>
      <object_component id="oc-10a">
         <name>.text:SysFlag_Clear</name>
         <load_address>0x5ce8</load_address>
         <run_address>0x5ce8</run_address>
         <size>0x24</size>
         <input_file_ref idref="fl-a"/>
      </object_component>
      <object_component id="oc-563">
         <name>.text:SysFlag_Set</name>
         <load_address>0x5d0c</load_address>
         <run_address>0x5d0c</run_address>
         <size>0x24</size>
         <input_file_ref idref="fl-a"/>
      </object_component>
      <object_component id="oc-32f">
         <name>.text:PWMGenConfigure</name>
         <load_address>0x5d30</load_address>
         <run_address>0x5d30</run_address>
         <size>0x22</size>
         <input_file_ref idref="fl-1f"/>
      </object_component>
      <object_component id="oc-5a0">
         <name>.text:BMX160_scan</name>
         <load_address>0x5d52</load_address>
         <run_address>0x5d52</run_address>
         <size>0x20</size>
         <input_file_ref idref="fl-6"/>
      </object_component>
      <object_component id="oc-462">
         <name>.text:OrangeRX_IntHandler</name>
         <load_address>0x5d74</load_address>
         <run_address>0x5d74</run_address>
         <size>0x20</size>
         <input_file_ref idref="fl-12"/>
      </object_component>
      <object_component id="oc-221">
         <name>.text:SysTick_Init</name>
         <load_address>0x5d94</load_address>
         <run_address>0x5d94</run_address>
         <size>0x20</size>
         <input_file_ref idref="fl-b"/>
      </object_component>
      <object_component id="oc-11c">
         <name>.text</name>
         <load_address>0x5db4</load_address>
         <run_address>0x5db4</run_address>
         <size>0x20</size>
         <input_file_ref idref="fl-e9"/>
      </object_component>
      <object_component id="oc-5d3">
         <name>.text:BMP388_read_all_regs</name>
         <load_address>0x5dd4</load_address>
         <run_address>0x5dd4</run_address>
         <size>0x1e</size>
         <input_file_ref idref="fl-5"/>
      </object_component>
      <object_component id="oc-353">
         <name>.text:PWMPulseWidthGet</name>
         <load_address>0x5df2</load_address>
         <run_address>0x5df2</run_address>
         <size>0x1e</size>
         <input_file_ref idref="fl-1f"/>
      </object_component>
      <object_component id="oc-2b9">
         <name>.text:PWMPulseWidthSet</name>
         <load_address>0x5e10</load_address>
         <run_address>0x5e10</run_address>
         <size>0x1e</size>
         <input_file_ref idref="fl-1f"/>
      </object_component>
      <object_component id="oc-6ff">
         <name>.text:BMP388_Int_Handler</name>
         <load_address>0x5e2e</load_address>
         <run_address>0x5e2e</run_address>
         <size>0x1c</size>
         <input_file_ref idref="fl-5"/>
      </object_component>
      <object_component id="oc-2e0">
         <name>.text:SYSTICK_Delay</name>
         <load_address>0x5e4a</load_address>
         <run_address>0x5e4a</run_address>
         <size>0x1c</size>
         <input_file_ref idref="fl-b"/>
      </object_component>
      <object_component id="oc-397">
         <name>.text:SysTickIntRegister</name>
         <load_address>0x5e68</load_address>
         <run_address>0x5e68</run_address>
         <size>0x1c</size>
         <input_file_ref idref="fl-21"/>
      </object_component>
      <object_component id="oc-148">
         <name>.text:UARTgetc</name>
         <load_address>0x5e84</load_address>
         <run_address>0x5e84</run_address>
         <size>0x1c</size>
         <input_file_ref idref="fl-2"/>
      </object_component>
      <object_component id="oc-6b2">
         <name>.text:free_list_remove</name>
         <load_address>0x5ea0</load_address>
         <run_address>0x5ea0</run_address>
         <size>0x1c</size>
         <input_file_ref idref="fl-ef"/>
      </object_component>
      <object_component id="oc-651">
         <name>.text:memccpy</name>
         <load_address>0x5ebc</load_address>
         <run_address>0x5ebc</run_address>
         <size>0x1c</size>
         <input_file_ref idref="fl-102"/>
      </object_component>
      <object_component id="oc-3b7">
         <name>.text:GPIOPinTypeGPIOOutput</name>
         <load_address>0x5ed8</load_address>
         <run_address>0x5ed8</run_address>
         <size>0x1a</size>
         <input_file_ref idref="fl-1c"/>
      </object_component>
      <object_component id="oc-fe">
         <name>.text:UARTprintf</name>
         <load_address>0x5ef2</load_address>
         <run_address>0x5ef2</run_address>
         <size>0x1a</size>
         <input_file_ref idref="fl-2"/>
      </object_component>
      <object_component id="oc-72b">
         <name>.text:copysign</name>
         <load_address>0x5f0c</load_address>
         <run_address>0x5f0c</run_address>
         <size>0x1a</size>
         <input_file_ref idref="fl-f3"/>
      </object_component>
      <object_component id="oc-5a6">
         <name>.text:BMX160_softReset</name>
         <load_address>0x5f28</load_address>
         <run_address>0x5f28</run_address>
         <size>0x18</size>
         <input_file_ref idref="fl-6"/>
      </object_component>
      <object_component id="oc-27f">
         <name>.text:BUZZ_BUZZ</name>
         <load_address>0x5f40</load_address>
         <run_address>0x5f40</run_address>
         <size>0x18</size>
         <input_file_ref idref="fl-7"/>
      </object_component>
      <object_component id="oc-6f3">
         <name>.text:GPIOIntRegister</name>
         <load_address>0x5f58</load_address>
         <run_address>0x5f58</run_address>
         <size>0x18</size>
         <input_file_ref idref="fl-1c"/>
      </object_component>
      <object_component id="oc-1a8">
         <name>.text:SWITCH_SW1_Pressed</name>
         <load_address>0x5f70</load_address>
         <run_address>0x5f70</run_address>
         <size>0x18</size>
         <input_file_ref idref="fl-e"/>
      </object_component>
      <object_component id="oc-1b4">
         <name>.text:SWITCH_SW2_Pressed</name>
         <load_address>0x5f88</load_address>
         <run_address>0x5f88</run_address>
         <size>0x18</size>
         <input_file_ref idref="fl-e"/>
      </object_component>
      <object_component id="oc-347">
         <name>.text:SysCtlPWMClockGet</name>
         <load_address>0x5fa0</load_address>
         <run_address>0x5fa0</run_address>
         <size>0x18</size>
         <input_file_ref idref="fl-20"/>
      </object_component>
      <object_component id="oc-456">
         <name>.text:TimerIntRegister</name>
         <load_address>0x5fb8</load_address>
         <run_address>0x5fb8</run_address>
         <size>0x18</size>
         <input_file_ref idref="fl-22"/>
      </object_component>
      <object_component id="oc-3d1">
         <name>.text:UARTIntRegister</name>
         <load_address>0x5fd0</load_address>
         <run_address>0x5fd0</run_address>
         <size>0x18</size>
         <input_file_ref idref="fl-23"/>
      </object_component>
      <object_component id="oc-4ac">
         <name>.text:_outs</name>
         <load_address>0x5fe8</load_address>
         <run_address>0x5fe8</run_address>
         <size>0x18</size>
         <input_file_ref idref="fl-da"/>
      </object_component>
      <object_component id="oc-6e7">
         <name>.text:GPIOPinTypeGPIOInput</name>
         <load_address>0x6000</load_address>
         <run_address>0x6000</run_address>
         <size>0x16</size>
         <input_file_ref idref="fl-1c"/>
      </object_component>
      <object_component id="oc-3f6">
         <name>.text:GPIOPinTypeI2C</name>
         <load_address>0x6016</load_address>
         <run_address>0x6016</run_address>
         <size>0x16</size>
         <input_file_ref idref="fl-1c"/>
      </object_component>
      <object_component id="oc-3f0">
         <name>.text:GPIOPinTypeI2CSCL</name>
         <load_address>0x602c</load_address>
         <run_address>0x602c</run_address>
         <size>0x16</size>
         <input_file_ref idref="fl-1c"/>
      </object_component>
      <object_component id="oc-329">
         <name>.text:GPIOPinTypePWM</name>
         <load_address>0x6042</load_address>
         <run_address>0x6042</run_address>
         <size>0x16</size>
         <input_file_ref idref="fl-1c"/>
      </object_component>
      <object_component id="oc-43e">
         <name>.text:GPIOPinTypeTimer</name>
         <load_address>0x6058</load_address>
         <run_address>0x6058</run_address>
         <size>0x16</size>
         <input_file_ref idref="fl-1c"/>
      </object_component>
      <object_component id="oc-3cb">
         <name>.text:GPIOPinTypeUART</name>
         <load_address>0x606e</load_address>
         <run_address>0x606e</run_address>
         <size>0x16</size>
         <input_file_ref idref="fl-1c"/>
      </object_component>
      <object_component id="oc-5da">
         <name>.text:I2CMasterErr</name>
         <load_address>0x6084</load_address>
         <run_address>0x6084</run_address>
         <size>0x16</size>
         <input_file_ref idref="fl-1d"/>
      </object_component>
      <object_component id="oc-450">
         <name>.text:TimerControlEvent</name>
         <load_address>0x609a</load_address>
         <run_address>0x609a</run_address>
         <size>0x16</size>
         <input_file_ref idref="fl-22"/>
      </object_component>
      <object_component id="oc-773">
         <name>.text:strchr</name>
         <load_address>0x60b0</load_address>
         <run_address>0x60b0</run_address>
         <size>0x16</size>
         <input_file_ref idref="fl-103"/>
      </object_component>
      <object_component id="oc-317">
         <name>.text:SysCtlPWMClockSet</name>
         <load_address>0x60c8</load_address>
         <run_address>0x60c8</run_address>
         <size>0x14</size>
         <input_file_ref idref="fl-20"/>
      </object_component>
      <object_component id="oc-215">
         <name>.text:SysCtlResetCauseClear</name>
         <load_address>0x60dc</load_address>
         <run_address>0x60dc</run_address>
         <size>0x14</size>
         <input_file_ref idref="fl-20"/>
      </object_component>
      <object_component id="oc-3a3">
         <name>.text:SysTickEnable</name>
         <load_address>0x60f0</load_address>
         <run_address>0x60f0</run_address>
         <size>0x14</size>
         <input_file_ref idref="fl-21"/>
      </object_component>
      <object_component id="oc-39d">
         <name>.text:SysTickIntEnable</name>
         <load_address>0x6104</load_address>
         <run_address>0x6104</run_address>
         <size>0x14</size>
         <input_file_ref idref="fl-21"/>
      </object_component>
      <object_component id="oc-627">
         <name>.text:strlen</name>
         <load_address>0x6118</load_address>
         <run_address>0x6118</run_address>
         <size>0x14</size>
         <input_file_ref idref="fl-104"/>
      </object_component>
      <object_component id="oc-160">
         <name>.text:BMX160_readReg</name>
         <load_address>0x612c</load_address>
         <run_address>0x612c</run_address>
         <size>0x12</size>
         <input_file_ref idref="fl-6"/>
      </object_component>
      <object_component id="oc-34d">
         <name>.text:PWMGenPeriodGet</name>
         <load_address>0x613e</load_address>
         <run_address>0x613e</run_address>
         <size>0x12</size>
         <input_file_ref idref="fl-1f"/>
      </object_component>
      <object_component id="oc-33b">
         <name>.text:PWMOutputState</name>
         <load_address>0x6150</load_address>
         <run_address>0x6150</run_address>
         <size>0x12</size>
         <input_file_ref idref="fl-1f"/>
      </object_component>
      <object_component id="oc-309">
         <name>.text:TimerLoadSet</name>
         <load_address>0x6162</load_address>
         <run_address>0x6162</run_address>
         <size>0x12</size>
         <input_file_ref idref="fl-22"/>
      </object_component>
      <object_component id="oc-44a">
         <name>.text:TimerMatchSet</name>
         <load_address>0x6174</load_address>
         <run_address>0x6174</run_address>
         <size>0x12</size>
         <input_file_ref idref="fl-22"/>
      </object_component>
      <object_component id="oc-657">
         <name>.text:wcslen</name>
         <load_address>0x6186</load_address>
         <run_address>0x6186</run_address>
         <size>0x12</size>
         <input_file_ref idref="fl-f6"/>
      </object_component>
      <object_component id="oc-335">
         <name>.text:PWMGenPeriodSet</name>
         <load_address>0x6198</load_address>
         <run_address>0x6198</run_address>
         <size>0x10</size>
         <input_file_ref idref="fl-1f"/>
      </object_component>
      <object_component id="oc-391">
         <name>.text:SysTickPeriodSet</name>
         <load_address>0x61a8</load_address>
         <run_address>0x61a8</run_address>
         <size>0x10</size>
         <input_file_ref idref="fl-21"/>
      </object_component>
      <object_component id="oc-30f">
         <name>.text:TimerEnable</name>
         <load_address>0x61b8</load_address>
         <run_address>0x61b8</run_address>
         <size>0xe</size>
         <input_file_ref idref="fl-22"/>
      </object_component>
      <object_component id="oc-1c">
         <name>.text:decompress:none:__TI_decompress_none</name>
         <load_address>0x61c6</load_address>
         <run_address>0x61c6</run_address>
         <size>0xe</size>
         <input_file_ref idref="fl-ed"/>
      </object_component>
      <object_component id="oc-425">
         <name>.text:BMP388_set_i2c_addr</name>
         <load_address>0x61d4</load_address>
         <run_address>0x61d4</run_address>
         <size>0xc</size>
         <input_file_ref idref="fl-5"/>
      </object_component>
      <object_component id="oc-5ac">
         <name>.text:BMX160_writeBmxReg</name>
         <load_address>0x61e0</load_address>
         <run_address>0x61e0</run_address>
         <size>0xc</size>
         <input_file_ref idref="fl-6"/>
      </object_component>
      <object_component id="oc-6f9">
         <name>.text:GPIOIntEnable</name>
         <load_address>0x61ec</load_address>
         <run_address>0x61ec</run_address>
         <size>0xc</size>
         <input_file_ref idref="fl-1c"/>
      </object_component>
      <object_component id="oc-341">
         <name>.text:PWMGenEnable</name>
         <load_address>0x61f8</load_address>
         <run_address>0x61f8</run_address>
         <size>0xc</size>
         <input_file_ref idref="fl-1f"/>
      </object_component>
      <object_component id="oc-21b">
         <name>.text:SysClk_Init</name>
         <load_address>0x6204</load_address>
         <run_address>0x6204</run_address>
         <size>0xc</size>
         <input_file_ref idref="fl-f"/>
      </object_component>
      <object_component id="oc-20f">
         <name>.text:SysCtlResetCauseGet</name>
         <load_address>0x6210</load_address>
         <run_address>0x6210</run_address>
         <size>0xc</size>
         <input_file_ref idref="fl-20"/>
      </object_component>
      <object_component id="oc-227">
         <name>.text:SysFlag_Init</name>
         <load_address>0x621c</load_address>
         <run_address>0x621c</run_address>
         <size>0xc</size>
         <input_file_ref idref="fl-a"/>
      </object_component>
      <object_component id="oc-63">
         <name>.text:decompress:ZI:__TI_zero_init</name>
         <load_address>0x6228</load_address>
         <run_address>0x6228</run_address>
         <size>0xc</size>
         <input_file_ref idref="fl-ec"/>
      </object_component>
      <object_component id="oc-58f">
         <name>.text:I2CMasterEnable</name>
         <load_address>0x6234</load_address>
         <run_address>0x6234</run_address>
         <size>0xa</size>
         <input_file_ref idref="fl-1d"/>
      </object_component>
      <object_component id="oc-116">
         <name>.text:TimerValueGet</name>
         <load_address>0x623e</load_address>
         <run_address>0x623e</run_address>
         <size>0xa</size>
         <input_file_ref idref="fl-22"/>
      </object_component>
      <object_component id="oc-586">
         <name>.text:UARTIntStatus</name>
         <load_address>0x6248</load_address>
         <run_address>0x6248</run_address>
         <size>0xa</size>
         <input_file_ref idref="fl-23"/>
      </object_component>
      <object_component id="oc-4b2">
         <name>.text:_outc</name>
         <load_address>0x6252</load_address>
         <run_address>0x6252</run_address>
         <size>0xa</size>
         <input_file_ref idref="fl-da"/>
      </object_component>
      <object_component id="oc-4ed">
         <name>.text:I2CMasterBusy</name>
         <load_address>0x625c</load_address>
         <run_address>0x625c</run_address>
         <size>0x8</size>
         <input_file_ref idref="fl-1d"/>
      </object_component>
      <object_component id="oc-4db">
         <name>.text:I2CMasterSlaveAddrSet</name>
         <load_address>0x6264</load_address>
         <run_address>0x6264</run_address>
         <size>0x8</size>
         <input_file_ref idref="fl-1d"/>
      </object_component>
      <object_component id="oc-245">
         <name>.text:PCF8574A_Init</name>
         <load_address>0x626c</load_address>
         <run_address>0x626c</run_address>
         <size>0x8</size>
         <input_file_ref idref="fl-c"/>
      </object_component>
      <object_component id="oc-45c">
         <name>.text:TimerIntEnable</name>
         <load_address>0x6274</load_address>
         <run_address>0x6274</run_address>
         <size>0x8</size>
         <input_file_ref idref="fl-22"/>
      </object_component>
      <object_component id="oc-3e3">
         <name>.text:UARTIntEnable</name>
         <load_address>0x627c</load_address>
         <run_address>0x627c</run_address>
         <size>0x8</size>
         <input_file_ref idref="fl-23"/>
      </object_component>
      <object_component id="oc-60a">
         <name>.text:__aeabi_errno_addr</name>
         <load_address>0x6284</load_address>
         <run_address>0x6284</run_address>
         <size>0x8</size>
         <input_file_ref idref="fl-f0"/>
      </object_component>
      <object_component id="oc-410">
         <name>.text:malloc</name>
         <load_address>0x628c</load_address>
         <run_address>0x628c</run_address>
         <size>0x8</size>
         <input_file_ref idref="fl-ef"/>
      </object_component>
      <object_component id="oc-35e">
         <name>.text:GPIOPinRead</name>
         <load_address>0x6294</load_address>
         <run_address>0x6294</run_address>
         <size>0x6</size>
         <input_file_ref idref="fl-1c"/>
      </object_component>
      <object_component id="oc-303">
         <name>.text:GPIOPinWrite</name>
         <load_address>0x629a</load_address>
         <run_address>0x629a</run_address>
         <size>0x6</size>
         <input_file_ref idref="fl-1c"/>
      </object_component>
      <object_component id="oc-2b">
         <name>.text:ResetISR</name>
         <load_address>0x62a0</load_address>
         <run_address>0x62a0</run_address>
         <size>0x6</size>
         <input_file_ref idref="fl-3"/>
      </object_component>
      <object_component id="oc-556">
         <name>.text:SysCtlDelay</name>
         <load_address>0x62a6</load_address>
         <run_address>0x62a6</run_address>
         <size>0x6</size>
         <input_file_ref idref="fl-20"/>
      </object_component>
      <object_component id="oc-3a9">
         <name>.text:SysTick_IntHandler</name>
         <load_address>0x62ac</load_address>
         <run_address>0x62ac</run_address>
         <size>0x6</size>
         <input_file_ref idref="fl-b"/>
      </object_component>
      <object_component id="oc-3d7">
         <name>.text:UARTClockSourceSet</name>
         <load_address>0x62b2</load_address>
         <run_address>0x62b2</run_address>
         <size>0x6</size>
         <input_file_ref idref="fl-23"/>
      </object_component>
      <object_component id="oc-4e7">
         <name>.text:I2CMasterControl</name>
         <load_address>0x62b8</load_address>
         <run_address>0x62b8</run_address>
         <size>0x4</size>
         <input_file_ref idref="fl-1d"/>
      </object_component>
      <object_component id="oc-4f3">
         <name>.text:I2CMasterDataGet</name>
         <load_address>0x62bc</load_address>
         <run_address>0x62bc</run_address>
         <size>0x4</size>
         <input_file_ref idref="fl-1d"/>
      </object_component>
      <object_component id="oc-4e1">
         <name>.text:I2CMasterDataPut</name>
         <load_address>0x62c0</load_address>
         <run_address>0x62c0</run_address>
         <size>0x4</size>
         <input_file_ref idref="fl-1d"/>
      </object_component>
      <object_component id="oc-5ee">
         <name>.text:TimerIntClear</name>
         <load_address>0x62c4</load_address>
         <run_address>0x62c4</run_address>
         <size>0x4</size>
         <input_file_ref idref="fl-22"/>
      </object_component>
      <object_component id="oc-b2">
         <name>.text:_system_pre_init</name>
         <load_address>0x62c8</load_address>
         <run_address>0x62c8</run_address>
         <size>0x4</size>
         <input_file_ref idref="fl-fa"/>
      </object_component>
      <object_component id="oc-1bb">
         <name>.text:abort:abort</name>
         <load_address>0x62cc</load_address>
         <run_address>0x62cc</run_address>
         <size>0x4</size>
         <input_file_ref idref="fl-fc"/>
      </object_component>
      <object_component id="oc-741">
         <name>.const:.string:_ctypes_</name>
         <load_address>0x62d0</load_address>
         <run_address>0x62d0</run_address>
         <size>0x101</size>
         <input_file_ref idref="fl-101"/>
      </object_component>
      <object_component id="oc-806">
         <name>.const:g_ppui32GPIOIntMapSnowflake</name>
         <load_address>0x63d4</load_address>
         <run_address>0x63d4</run_address>
         <size>0xd8</size>
         <input_file_ref idref="fl-1c"/>
      </object_component>
      <object_component id="oc-803">
         <name>.const:g_ppui32GPIOIntMapBlizzard</name>
         <load_address>0x64ac</load_address>
         <run_address>0x64ac</run_address>
         <size>0xc0</size>
         <input_file_ref idref="fl-1c"/>
      </object_component>
      <object_component id="oc-51b">
         <name>.const:g_pui32GPIOBaseAddrs</name>
         <load_address>0x656c</load_address>
         <run_address>0x656c</run_address>
         <size>0x90</size>
         <input_file_ref idref="fl-1c"/>
      </object_component>
      <object_component id="oc-265">
         <name>.const:g_pui32Xtals</name>
         <load_address>0x65fc</load_address>
         <run_address>0x65fc</run_address>
         <size>0x6c</size>
         <input_file_ref idref="fl-20"/>
      </object_component>
      <object_component id="oc-708">
         <name>.const:g_ppui32TimerIntMap</name>
         <load_address>0x6668</load_address>
         <run_address>0x6668</run_address>
         <size>0x60</size>
         <input_file_ref idref="fl-22"/>
      </object_component>
      <object_component id="oc-70b">
         <name>.const:g_ppui32TimerIntMapSnowflake</name>
         <load_address>0x66c8</load_address>
         <run_address>0x66c8</run_address>
         <size>0x40</size>
         <input_file_ref idref="fl-22"/>
      </object_component>
      <object_component id="oc-69d">
         <name>.const:g_ppui32UARTIntMap</name>
         <load_address>0x6708</load_address>
         <run_address>0x6708</run_address>
         <size>0x40</size>
         <input_file_ref idref="fl-23"/>
      </object_component>
      <object_component id="oc-6a0">
         <name>.const:g_ppui32UARTIntMapSnowflake</name>
         <load_address>0x6748</load_address>
         <run_address>0x6748</run_address>
         <size>0x40</size>
         <input_file_ref idref="fl-23"/>
      </object_component>
      <object_component id="oc-615">
         <name>.const:$O1$$</name>
         <load_address>0x6788</load_address>
         <run_address>0x6788</run_address>
         <size>0x30</size>
         <input_file_ref idref="fl-db"/>
      </object_component>
      <object_component id="oc-6a4">
         <name>.const:g_pui32EnRegs</name>
         <load_address>0x67b8</load_address>
         <run_address>0x67b8</run_address>
         <size>0x14</size>
         <input_file_ref idref="fl-1e"/>
      </object_component>
      <object_component id="oc-581">
         <name>.const:g_ui32UARTBase</name>
         <load_address>0x67cc</load_address>
         <run_address>0x67cc</run_address>
         <size>0xc</size>
         <input_file_ref idref="fl-2"/>
      </object_component>
      <object_component id="oc-57e">
         <name>.const:g_ui32UARTPeriph</name>
         <load_address>0x67d8</load_address>
         <run_address>0x67d8</run_address>
         <size>0xc</size>
         <input_file_ref idref="fl-2"/>
      </object_component>
      <object_component id="oc-71d">
         <name>.const:$P$T0$3</name>
         <load_address>0x67e4</load_address>
         <run_address>0x67e4</run_address>
         <size>0x8</size>
         <input_file_ref idref="fl-5"/>
      </object_component>
      <object_component id="oc-848">
         <name>.cinit..data.load</name>
         <load_address>0x67f0</load_address>
         <run_address>0x67f0</run_address>
         <size>0x2c</size>
      </object_component>
      <object_component id="oc-845">
         <name>__TI_handler_table</name>
         <load_address>0x681c</load_address>
         <run_address>0x681c</run_address>
         <size>0xc</size>
      </object_component>
      <object_component id="oc-849">
         <name>.cinit..bss.load</name>
         <load_address>0x6828</load_address>
         <run_address>0x6828</run_address>
         <size>0x8</size>
      </object_component>
      <object_component id="oc-847">
         <name>.cinit..vtable.load</name>
         <load_address>0x6830</load_address>
         <run_address>0x6830</run_address>
         <size>0x8</size>
      </object_component>
      <object_component id="oc-846">
         <name>__TI_cinit_table</name>
         <load_address>0x6838</load_address>
         <run_address>0x6838</run_address>
         <size>0x18</size>
      </object_component>
      <object_component id="oc-697">
         <name>.vtable</name>
         <uninitialized>true</uninitialized>
         <run_address>0x20000000</run_address>
         <size>0x26c</size>
         <input_file_ref idref="fl-1e"/>
      </object_component>
      <object_component id="oc-15a">
         <name>.data</name>
         <load_address>0x20000880</load_address>
         <run_address>0x20000880</run_address>
         <size>0x1a</size>
         <input_file_ref idref="fl-2"/>
      </object_component>
      <object_component id="oc-2af">
         <name>.data</name>
         <load_address>0x200008c0</load_address>
         <run_address>0x200008c0</run_address>
         <size>0xc</size>
         <input_file_ref idref="fl-5"/>
      </object_component>
      <object_component id="oc-2d8">
         <name>.data</name>
         <load_address>0x2000089c</load_address>
         <run_address>0x2000089c</run_address>
         <size>0x14</size>
         <input_file_ref idref="fl-6"/>
      </object_component>
      <object_component id="oc-288">
         <name>.data</name>
         <load_address>0x200008dc</load_address>
         <run_address>0x200008dc</run_address>
         <size>0x4</size>
         <input_file_ref idref="fl-7"/>
      </object_component>
      <object_component id="oc-2d4">
         <name>.data</name>
         <load_address>0x200008e7</load_address>
         <run_address>0x200008e7</run_address>
         <size>0x1</size>
         <input_file_ref idref="fl-c"/>
      </object_component>
      <object_component id="oc-295">
         <name>.data</name>
         <load_address>0x200008e4</load_address>
         <run_address>0x200008e4</run_address>
         <size>0x3</size>
         <input_file_ref idref="fl-12"/>
      </object_component>
      <object_component id="oc-157">
         <name>.data</name>
         <load_address>0x2000089a</load_address>
         <run_address>0x2000089a</run_address>
         <size>0x2</size>
         <input_file_ref idref="fl-14"/>
      </object_component>
      <object_component id="oc-359">
         <name>.data:Channel_Tune_Variable</name>
         <load_address>0x200008b0</load_address>
         <run_address>0x200008b0</run_address>
         <size>0x10</size>
         <input_file_ref idref="fl-14"/>
      </object_component>
      <object_component id="oc-6c4">
         <name>.data:$O1$$</name>
         <load_address>0x200008d4</load_address>
         <run_address>0x200008d4</run_address>
         <size>0x8</size>
         <input_file_ref idref="fl-ef"/>
      </object_component>
      <object_component id="oc-723">
         <name>.data</name>
         <load_address>0x200008e0</load_address>
         <run_address>0x200008e0</run_address>
         <size>0x4</size>
         <input_file_ref idref="fl-f0"/>
      </object_component>
      <object_component id="oc-36b">
         <name>.data:$O1$$</name>
         <load_address>0x200008cc</load_address>
         <run_address>0x200008cc</run_address>
         <size>0x8</size>
         <input_file_ref idref="fl-fd"/>
      </object_component>
      <object_component id="oc-2ec">
         <name>.bss:BMP388_calib$1</name>
         <uninitialized>true</uninitialized>
         <run_address>0x20000648</run_address>
         <size>0x8</size>
         <input_file_ref idref="fl-5"/>
      </object_component>
      <object_component id="oc-28b">
         <name>.bss</name>
         <uninitialized>true</uninitialized>
         <run_address>0x20000650</run_address>
         <size>0x4</size>
         <input_file_ref idref="fl-7"/>
      </object_component>
      <object_component id="oc-263">
         <name>.common:resetCause</name>
         <uninitialized>true</uninitialized>
         <run_address>0x2000066c</run_address>
         <size>0x4</size>
      </object_component>
      <object_component id="oc-2b6">
         <name>.common:dev</name>
         <uninitialized>true</uninitialized>
         <run_address>0x20000520</run_address>
         <size>0xd0</size>
      </object_component>
      <object_component id="oc-5b9">
         <name>.common:BMP388_addr</name>
         <uninitialized>true</uninitialized>
         <run_address>0x20000673</run_address>
         <size>0x1</size>
      </object_component>
      <object_component id="oc-41c">
         <name>.common:Obmx160</name>
         <uninitialized>true</uninitialized>
         <run_address>0x20000658</run_address>
         <size>0x4</size>
      </object_component>
      <object_component id="oc-41f">
[...]
         <name>GPIOPinWrite</name>
         <value>0x629b</value>
         <object_component_ref idref="oc-303"/>
      </symbol>
      <symbol id="sm-729">
         <name>GPIOPadConfigSet</name>
         <value>0x2e11</value>
         <object_component_ref idref="oc-3c4"/>
      </symbol>
      <symbol id="sm-72a">
         <name>GPIOPinTypeTimer</name>
         <value>0x6059</value>
         <object_component_ref idref="oc-43e"/>
      </symbol>
      <symbol id="sm-785">
         <name>I2CMasterDataPut</name>
         <value>0x62c1</value>
         <object_component_ref idref="oc-4e1"/>
      </symbol>
      <symbol id="sm-786">
         <name>I2CMasterGlitchFilterConfigSet</name>
         <value>0x5591</value>
         <object_component_ref idref="oc-402"/>
      </symbol>
      <symbol id="sm-787">
         <name>I2CMasterInitExpClk</name>
         <value>0x5265</value>
         <object_component_ref idref="oc-3fc"/>
      </symbol>
      <symbol id="sm-788">
         <name>I2CMasterSlaveAddrSet</name>
         <value>0x6265</value>
         <object_component_ref idref="oc-4db"/>
      </symbol>
      <symbol id="sm-789">
         <name>I2CMasterDataGet</name>
         <value>0x62bd</value>
         <object_component_ref idref="oc-4f3"/>
      </symbol>
      <symbol id="sm-78a">
         <name>I2CMasterErr</name>
         <value>0x6085</value>
         <object_component_ref idref="oc-5da"/>
      </symbol>
      <symbol id="sm-78b">
         <name>I2CMasterControl</name>
         <value>0x62b9</value>
         <object_component_ref idref="oc-4e7"/>
      </symbol>
      <symbol id="sm-78c">
         <name>I2CMasterBusy</name>
         <value>0x625d</value>
         <object_component_ref idref="oc-4ed"/>
      </symbol>
      <symbol id="sm-78d">
         <name>I2CMasterEnable</name>
         <value>0x6235</value>
         <object_component_ref idref="oc-58f"/>
      </symbol>
      <symbol id="sm-7be">
         <name>IntEnable</name>
         <value>0x4cad</value>
         <object_component_ref idref="oc-575"/>
      </symbol>
      <symbol id="sm-7bf">
         <name>IntRegister</name>
         <value>0x5a31</value>
         <object_component_ref idref="oc-55a"/>
      </symbol>
      <symbol id="sm-7c0">
         <name>g_pfnRAMVectors</name>
         <value>0x20000000</value>
         <object_component_ref idref="oc-697"/>
      </symbol>
      <symbol id="sm-7fd">
         <name>PWMGenPeriodSet</name>
         <value>0x6199</value>
         <object_component_ref idref="oc-335"/>
      </symbol>
      <symbol id="sm-7fe">
         <name>PWMPulseWidthSet</name>
         <value>0x5e11</value>
         <object_component_ref idref="oc-2b9"/>
      </symbol>
      <symbol id="sm-7ff">
         <name>PWMGenPeriodGet</name>
         <value>0x613f</value>
         <object_component_ref idref="oc-34d"/>
      </symbol>
      <symbol id="sm-800">
         <name>PWMOutputState</name>
         <value>0x6151</value>
         <object_component_ref idref="oc-33b"/>
      </symbol>
      <symbol id="sm-801">
         <name>PWMGenEnable</name>
         <value>0x61f9</value>
         <object_component_ref idref="oc-341"/>
      </symbol>
      <symbol id="sm-802">
         <name>PWMGenConfigure</name>
         <value>0x5d31</value>
         <object_component_ref idref="oc-32f"/>
      </symbol>
      <symbol id="sm-803">
         <name>PWMPulseWidthGet</name>
         <value>0x5df3</value>
         <object_component_ref idref="oc-353"/>
      </symbol>
      <symbol id="sm-889">
         <name>SysCtlClockSet</name>
         <value>0x3cd5</value>
         <object_component_ref idref="oc-38a"/>
      </symbol>
      <symbol id="sm-88a">
         <name>SysCtlResetCauseGet</name>
         <value>0x6211</value>
         <object_component_ref idref="oc-20f"/>
      </symbol>
      <symbol id="sm-88b">
         <name>SysCtlPWMClockGet</name>
         <value>0x5fa1</value>
         <object_component_ref idref="oc-347"/>
      </symbol>
      <symbol id="sm-88c">
         <name>SysCtlDelay</name>
         <value>0x62a7</value>
         <object_component_ref idref="oc-556"/>
      </symbol>
      <symbol id="sm-88d">
         <name>SysCtlPeripheralEnable</name>
         <value>0x5a65</value>
         <object_component_ref idref="oc-31d"/>
      </symbol>
      <symbol id="sm-88e">
         <name>SysCtlClockGet</name>
         <value>0x35b1</value>
         <object_component_ref idref="oc-f8"/>
      </symbol>
      <symbol id="sm-88f">
         <name>SysCtlPWMClockSet</name>
         <value>0x60c9</value>
         <object_component_ref idref="oc-317"/>
      </symbol>
      <symbol id="sm-890">
         <name>SysCtlPeripheralReady</name>
         <value>0x5989</value>
         <object_component_ref idref="oc-3b1"/>
      </symbol>
      <symbol id="sm-891">
         <name>SysCtlResetCauseClear</name>
         <value>0x60dd</value>
         <object_component_ref idref="oc-215"/>
      </symbol>
      <symbol id="sm-8be">
         <name>SysTickEnable</name>
         <value>0x60f1</value>
         <object_component_ref idref="oc-3a3"/>
      </symbol>
      <symbol id="sm-8bf">
         <name>SysTickIntRegister</name>
         <value>0x5e69</value>
         <object_component_ref idref="oc-397"/>
      </symbol>
      <symbol id="sm-8c0">
         <name>SysTickIntEnable</name>
         <value>0x6105</value>
         <object_component_ref idref="oc-39d"/>
      </symbol>
      <symbol id="sm-8c1">
         <name>SysTickPeriodSet</name>
         <value>0x61a9</value>
         <object_component_ref idref="oc-391"/>
      </symbol>
      <symbol id="sm-934">
         <name>TimerMatchSet</name>
         <value>0x6175</value>
         <object_component_ref idref="oc-44a"/>
      </symbol>
      <symbol id="sm-935">
         <name>TimerLoadSet</name>
         <value>0x6163</value>
         <object_component_ref idref="oc-309"/>
      </symbol>
      <symbol id="sm-936">
         <name>TimerIntRegister</name>
         <value>0x5fb9</value>
         <object_component_ref idref="oc-456"/>
      </symbol>
      <symbol id="sm-937">
         <name>TimerEnable</name>
         <value>0x61b9</value>
         <object_component_ref idref="oc-30f"/>
      </symbol>
      <symbol id="sm-938">
         <name>TimerValueGet</name>
         <value>0x623f</value>
         <object_component_ref idref="oc-116"/>
      </symbol>
      <symbol id="sm-939">
         <name>TimerIntEnable</name>
         <value>0x6275</value>
         <object_component_ref idref="oc-45c"/>
      </symbol>
      <symbol id="sm-93a">
         <name>TimerConfigure</name>
         <value>0x4ea5</value>
         <object_component_ref idref="oc-444"/>
      </symbol>
      <symbol id="sm-93b">
         <name>TimerControlEvent</name>
         <value>0x609b</value>
         <object_component_ref idref="oc-450"/>
      </symbol>
      <symbol id="sm-93c">
         <name>TimerIntClear</name>
         <value>0x62c5</value>
         <object_component_ref idref="oc-5ee"/>
      </symbol>
      <symbol id="sm-980">
         <name>UARTIntEnable</name>
         <value>0x627d</value>
         <object_component_ref idref="oc-3e3"/>
      </symbol>
      <symbol id="sm-981">
         <name>UARTClockSourceSet</name>
         <value>0x62b3</value>
         <object_component_ref idref="oc-3d7"/>
      </symbol>
      <symbol id="sm-982">
         <name>UARTIntStatus</name>
         <value>0x6249</value>
         <object_component_ref idref="oc-586"/>
      </symbol>
      <symbol id="sm-983">
         <name>UARTIntRegister</name>
         <value>0x5fd1</value>
         <object_component_ref idref="oc-3d1"/>
      </symbol>
      <symbol id="sm-9ab">
         <name>sprintf</name>
         <value>0x5821</value>
         <object_component_ref idref="oc-2a9"/>
      </symbol>
      <symbol id="sm-a41">
         <name>pow</name>
         <value>0xcbd</value>
         <object_component_ref idref="oc-498"/>
      </symbol>
      <symbol id="sm-a42">
         <name>powl</name>
         <value>0xcbd</value>
         <object_component_ref idref="oc-498"/>
      </symbol>
      <symbol id="sm-a64">
         <name>sqrtl</name>
         <value>0x2f7d</value>
         <object_component_ref idref="oc-604"/>
      </symbol>
      <symbol id="sm-a65">
         <name>sqrt</name>
         <value>0x2f7d</value>
         <object_component_ref idref="oc-604"/>
      </symbol>
      <symbol id="sm-a7d">
         <name>roundl</name>
         <value>0x3f8d</value>
         <object_component_ref idref="oc-50c"/>
      </symbol>
      <symbol id="sm-a7e">
         <name>round</name>
         <value>0x3f8d</value>
         <object_component_ref idref="oc-50c"/>
      </symbol>
      <symbol id="sm-aa5">
         <name>scalbn</name>
         <value>0x36c9</value>
         <object_component_ref idref="oc-618"/>
      </symbol>
      <symbol id="sm-aa6">
         <name>scalbnl</name>
         <value>0x36c9</value>
         <object_component_ref idref="oc-618"/>
      </symbol>
      <symbol id="sm-aa7">
         <name>ldexpl</name>
         <value>0x36c9</value>
         <object_component_ref idref="oc-618"/>
      </symbol>
      <symbol id="sm-aa8">
         <name>ldexp</name>
         <value>0x36c9</value>
         <object_component_ref idref="oc-618"/>
      </symbol>
      <symbol id="sm-ac0">
         <name>trunc</name>
         <value>0x4285</value>
         <object_component_ref idref="oc-501"/>
      </symbol>
      <symbol id="sm-ac1">
         <name>truncl</name>
         <value>0x4285</value>
         <object_component_ref idref="oc-501"/>
      </symbol>
      <symbol id="sm-ad8">
         <name>__aeabi_dsub</name>
         <value>0x2aed</value>
         <object_component_ref idref="oc-126"/>
      </symbol>
      <symbol id="sm-ad9">
         <name>__aeabi_dadd</name>
         <value>0x2af7</value>
         <object_component_ref idref="oc-126"/>
      </symbol>
      <symbol id="sm-afb">
         <name>__aeabi_cdcmpeq</name>
         <value>0x45b5</value>
         <object_component_ref idref="oc-4fc"/>
      </symbol>
      <symbol id="sm-afc">
         <name>__aeabi_cdcmple</name>
         <value>0x45b5</value>
         <object_component_ref idref="oc-4fc"/>
      </symbol>
      <symbol id="sm-afd">
         <name>__aeabi_cdrcmple</name>
         <value>0x463b</value>
         <object_component_ref idref="oc-12b"/>
      </symbol>
      <symbol id="sm-b11">
         <name>__aeabi_ddiv</name>
         <value>0x3355</value>
         <object_component_ref idref="oc-121"/>
      </symbol>
      <symbol id="sm-b1c">
         <name>__aeabi_dmul</name>
         <value>0x3ae1</value>
         <object_component_ref idref="oc-49e"/>
      </symbol>
      <symbol id="sm-b26">
         <name>__aeabi_d2iz</name>
         <value>0x5549</value>
         <object_component_ref idref="oc-507"/>
      </symbol>
      <symbol id="sm-b32">
         <name>__aeabi_d2f</name>
         <value>0x4b67</value>
         <object_component_ref idref="oc-2a4"/>
      </symbol>
      <symbol id="sm-b3d">
         <name>__aeabi_f2d</name>
         <value>0x59f9</value>
         <object_component_ref idref="oc-29f"/>
      </symbol>
      <symbol id="sm-b47">
         <name>__aeabi_i2d</name>
         <value>0x5afd</value>
         <object_component_ref idref="oc-610"/>
      </symbol>
      <symbol id="sm-b62">
         <name>memcpy</name>
         <value>0x43f3</value>
         <object_component_ref idref="oc-51"/>
      </symbol>
      <symbol id="sm-b63">
         <name>__aeabi_memcpy</name>
         <value>0x43f3</value>
         <object_component_ref idref="oc-51"/>
      </symbol>
      <symbol id="sm-b64">
         <name>__aeabi_memcpy8</name>
         <value>0x43f3</value>
         <object_component_ref idref="oc-51"/>
      </symbol>
      <symbol id="sm-b65">
         <name>__aeabi_memcpy4</name>
         <value>0x43f3</value>
         <object_component_ref idref="oc-51"/>
      </symbol>
      <symbol id="sm-b6f">
         <name>__aeabi_ui2d</name>
         <value>0x5db5</value>
         <object_component_ref idref="oc-11c"/>
      </symbol>
      <symbol id="sm-b7e">
         <name>__aeabi_uidivmod</name>
         <value>0x57e1</value>
         <object_component_ref idref="oc-476"/>
      </symbol>
      <symbol id="sm-b7f">
         <name>__aeabi_uidiv</name>
         <value>0x57e1</value>
         <object_component_ref idref="oc-476"/>
      </symbol>
      <symbol id="sm-b8e">
         <name>__aeabi_memset</name>
         <value>0x4843</value>
         <object_component_ref idref="oc-ac"/>
      </symbol>
      <symbol id="sm-b8f">
         <name>memset</name>
         <value>0x4849</value>
         <object_component_ref idref="oc-ac"/>
      </symbol>
      <symbol id="sm-b90">
         <name>__aeabi_memset8</name>
         <value>0x4843</value>
         <object_component_ref idref="oc-ac"/>
      </symbol>
      <symbol id="sm-b91">
         <name>__aeabi_memset4</name>
         <value>0x4843</value>
         <object_component_ref idref="oc-ac"/>
      </symbol>
      <symbol id="sm-b92">
         <name>__aeabi_memclr8</name>
         <value>0x4841</value>
         <object_component_ref idref="oc-ac"/>
      </symbol>
      <symbol id="sm-b93">
         <name>__aeabi_memclr4</name>
         <value>0x4841</value>
         <object_component_ref idref="oc-ac"/>
      </symbol>
      <symbol id="sm-b94">
         <name>__aeabi_memclr</name>
         <value>0x4841</value>
         <object_component_ref idref="oc-ac"/>
      </symbol>
      <symbol id="sm-bab">
         <name>__TI_zero_init</name>
         <value>0x6229</value>
         <object_component_ref idref="oc-63"/>
      </symbol>
      <symbol id="sm-bc2">
         <name>__TI_decompress_none</name>
         <value>0x61c7</value>
         <object_component_ref idref="oc-1c"/>
      </symbol>
      <symbol id="sm-be5">
         <name>__TI_decompress_lzss</name>
         <value>0x4d15</value>
         <object_component_ref idref="oc-16"/>
      </symbol>
      <symbol id="sm-c53">
         <name>_sys_memory</name>
         <value>0x200008e8</value>
         <object_component_ref idref="oc-25"/>
      </symbol>
      <symbol id="sm-c54">
         <name>memalign</name>
         <value>0x39e1</value>
         <object_component_ref idref="oc-599"/>
      </symbol>
      <symbol id="sm-c55">
         <name>malloc</name>
         <value>0x628d</value>
         <object_component_ref idref="oc-410"/>
      </symbol>
      <symbol id="sm-c56">
         <name>aligned_alloc</name>
         <value>0x39e1</value>
         <object_component_ref idref="oc-599"/>
      </symbol>
      <symbol id="sm-c6c">
         <name>__aeabi_errno_addr</name>
         <value>0x6285</value>
         <object_component_ref idref="oc-60a"/>
      </symbol>
      <symbol id="sm-c6d">
         <name>errno</name>
         <value>0x200008e0</value>
         <object_component_ref idref="oc-723"/>
      </symbol>
      <symbol id="sm-c80">
         <name>__stack</name>
         <value>0x20000680</value>
         <object_component_ref idref="oc-28"/>
      </symbol>
      <symbol id="sm-c81">
         <name>_c_int00_noargs</name>
         <value>0x5a99</value>
         <object_component_ref idref="oc-6f"/>
      </symbol>
      <symbol id="sm-de6">
         <name>__TI_printfi</name>
         <value>0x26d</value>
         <object_component_ref idref="oc-4a6"/>
      </symbol>
      <symbol id="sm-df0">
         <name>copysign</name>
         <value>0x5f0d</value>
         <object_component_ref idref="oc-72b"/>
      </symbol>
      <symbol id="sm-df1">
         <name>copysignl</name>
         <value>0x5f0d</value>
         <object_component_ref idref="oc-72b"/>
      </symbol>
      <symbol id="sm-e0e">
         <name>floorl</name>
         <value>0x3bdd</value>
         <object_component_ref idref="oc-67a"/>
      </symbol>
      <symbol id="sm-e0f">
         <name>floor</name>
         <value>0x3bdd</value>
         <object_component_ref idref="oc-67a"/>
      </symbol>
      <symbol id="sm-e25">
         <name>frexpl</name>
         <value>0x4de1</value>
         <object_component_ref idref="oc-76d"/>
      </symbol>
      <symbol id="sm-e26">
         <name>frexp</name>
         <value>0x4de1</value>
         <object_component_ref idref="oc-76d"/>
      </symbol>
      <symbol id="sm-e3f">
         <name>wcslen</name>
         <value>0x6187</value>
         <object_component_ref idref="oc-657"/>
      </symbol>
      <symbol id="sm-e49">
         <name>__aeabi_idiv0</name>
         <value>0x348b</value>
         <object_component_ref idref="oc-5f6"/>
      </symbol>
      <symbol id="sm-e4a">
         <name>__aeabi_ldiv0</name>
         <value>0x348b</value>
         <object_component_ref idref="oc-5f6"/>
      </symbol>
      <symbol id="sm-e57">
         <name>__aeabi_uldivmod</name>
         <value>0x448f</value>
         <object_component_ref idref="oc-746"/>
      </symbol>
      <symbol id="sm-e7f">
         <name>__TI_auto_init_nobinit_nopinit</name>
         <value>0x565d</value>
         <object_component_ref idref="oc-1c7"/>
      </symbol>
      <symbol id="sm-e89">
         <name>_system_pre_init</name>
         <value>0x62c9</value>
         <object_component_ref idref="oc-b2"/>
      </symbol>
      <symbol id="sm-e95">
         <name>C$$EXIT</name>
         <value>0x62cd</value>
         <object_component_ref idref="oc-1bb"/>
      </symbol>
      <symbol id="sm-e96">
         <name>abort</name>
         <value>0x62cd</value>
         <object_component_ref idref="oc-1bb"/>
      </symbol>
      <symbol id="sm-eab">
         <name>_nop</name>
         <value>0x2ca3</value>
         <object_component_ref idref="oc-52c"/>
      </symbol>
      <symbol id="sm-eac">
         <name>_lock</name>
         <value>0x200008cc</value>
         <object_component_ref idref="oc-36b"/>
      </symbol>
      <symbol id="sm-ead">
         <name>_unlock</name>
         <value>0x200008d0</value>
         <object_component_ref idref="oc-36b"/>
      </symbol>
      <symbol id="sm-ebc">
         <name>__TI_ltoa</name>
         <value>0x5123</value>
         <object_component_ref idref="oc-74c"/>
      </symbol>
      <symbol id="sm-ed3">
         <name>atoi</name>
         <value>0x5349</value>
         <object_component_ref idref="oc-62d"/>
      </symbol>
      <symbol id="sm-ede">
         <name>_ctypes_</name>
         <value>0x62d0</value>
         <object_component_ref idref="oc-741"/>
      </symbol>
      <symbol id="sm-eee">
         <name>memccpy</name>
         <value>0x5ebd</value>
         <object_component_ref idref="oc-651"/>
      </symbol>
      <symbol id="sm-efe">
         <name>strchr</name>
         <value>0x60b1</value>
         <object_component_ref idref="oc-773"/>
      </symbol>
      <symbol id="sm-f0c">
         <name>strlen</name>
         <value>0x6119</value>
         <object_component_ref idref="oc-627"/>
      </symbol>
      <symbol id="sm-f0d">
         <name>__TI_static_base__</name>
         <value>0x0</value>
      </symbol>
      <symbol id="sm-f10">
         <name>bsxlite_get_version</name>
         <value>0x0</value>
      </symbol>
      <symbol id="sm-f11">
         <name>bsxlite_init</name>
         <value>0x0</value>
      </symbol>
      <symbol id="sm-f12">
         <name>UARTStdioIntHandler</name>
         <value>0x0</value>
      </symbol>
      <symbol id="sm-f13">
         <name>UARTEchoSet</name>
         <value>0x0</value>
      </symbol>
      <symbol id="sm-f14">
         <name>__mpu_init</name>
         <value>0x0</value>
      </symbol>
      <symbol id="sm-f15">
         <name>_system_post_cinit</name>
         <value>0x0</value>
      </symbol>
      <symbol id="sm-f16">
         <name>BMP388_user_delay_ms</name>
         <value>0x5e4b</value>
      </symbol>
   </symbol_table>
   <title>Link errors: red sections failed placement</title>
</link_info>
